============================= test session starts =============================
collecting ... collected 48 items

tests\test_nodes.py::TestInputRouter::test_text_input_sets_text_type PASSED [  2%]
tests\test_nodes.py::TestInputRouter::test_image_path_sets_image_type PASSED [  4%]
tests\test_nodes.py::TestInputRouter::test_audio_prefix_sets_voice_type PASSED [  6%]
tests\test_nodes.py::TestInputRouter::test_image_takes_priority_over_audio PASSED [  8%]
tests\test_nodes.py::TestInputRouter::test_empty_input_defaults_to_text PASSED [ 10%]
tests\test_nodes.py::TestFoodParser::test_parses_two_eggs_and_rice FAILED [ 12%]
tests\test_nodes.py::TestFoodParser::test_quantities_same_length_as_foods FAILED [ 14%]
tests\test_nodes.py::TestFoodParser::test_empty_raw_input_sets_error PASSED [ 16%]
tests\test_nodes.py::TestFoodParser::test_confidence_scores_all_one_for_text FAILED [ 18%]
tests\test_nodes.py::TestNutritionLookup::test_egg_returns_positive_nutrition PASSED [ 20%]
tests\test_nodes.py::TestNutritionLookup::test_scales_by_quantity PASSED [ 22%]
tests\test_nodes.py::TestNutritionLookup::test_fallback_when_all_zeros FAILED [ 25%]
tests\test_nodes.py::TestNutritionLookup::test_no_api_key_sets_error PASSED [ 27%]
tests\test_nodes.py::TestNutritionLookup::test_empty_foods_sets_error PASSED [ 29%]
tests\test_nodes.py::TestGoalAnalyzer::test_calculates_deficits_correctly PASSED [ 31%]
tests\test_nodes.py::TestGoalAnalyzer::test_empty_user_id_sets_error PASSED [ 33%]
tests\test_nodes.py::TestGoalAnalyzer::test_uses_defaults_when_no_goal_row PASSED [ 35%]
tests\test_nodes.py::TestRecommender::test_returns_non_empty_recommendation FAILED [ 37%]
tests\test_nodes.py::TestRecommender::test_dashboard_data_populated FAILED [ 39%]
tests\test_nodes.py::TestRecommender::test_llm_error_sets_state_error FAILED [ 41%]
tests\test_nodes.py::TestSttNode::test_missing_audio_path_sets_error PASSED [ 43%]
tests\test_nodes.py::TestSttNode::test_nonexistent_file_sets_error PASSED [ 45%]
tests\test_nodes.py::TestSttNode::test_dict_result_extracted_correctly FAILED [ 47%]
tests\test_nodes.py::TestSttNode::test_list_result_joined_correctly FAILED [ 50%]
tests\test_nodes.py::TestImageDetector::test_missing_image_path_sets_error PASSED [ 52%]
tests\test_nodes.py::TestImageDetector::test_nonexistent_file_sets_error PASSED [ 54%]
tests\test_nodes.py::TestImageDetector::test_model_unavailable_returns_unknown_fallback FAILED [ 56%]
tests\test_routes.py::TestLogMeal::test_log_meal_text_returns_200 ERROR  [ 58%]
tests\test_routes.py::TestLogMeal::test_log_meal_nutrition_structure ERROR [ 60%]
tests\test_routes.py::TestLogMeal::test_log_meal_missing_user_id_fails ERROR [ 62%]
tests\test_routes.py::TestLogExercise::test_running_30_minutes_returns_positive_calories ERROR [ 64%]
tests\test_routes.py::TestLogExercise::test_walking_returns_less_than_running ERROR [ 66%]
tests\test_routes.py::TestLogExercise::test_unknown_exercise_returns_400 ERROR [ 68%]
tests\test_routes.py::TestLogExercise::test_yoga_returns_200 ERROR       [ 70%]
tests\test_routes.py::TestCalculateGoals::test_valid_inputs_return_200 ERROR [ 72%]
tests\test_routes.py::TestCalculateGoals::test_calorie_goal_greater_than_1000 ERROR [ 75%]
tests\test_routes.py::TestCalculateGoals::test_response_has_all_macro_keys ERROR [ 77%]
tests\test_routes.py::TestCalculateGoals::test_missing_required_field_returns_422 ERROR [ 79%]
tests\test_routes.py::TestLeaderboard::test_leaderboard_returns_200 ERROR [ 81%]
tests\test_routes.py::TestLeaderboard::test_leaderboard_returns_list ERROR [ 83%]
tests\test_routes.py::TestLeaderboard::test_leaderboard_entries_have_required_fields ERROR [ 85%]
tests\test_routes.py::TestLeaderboard::test_leaderboard_sorted_descending ERROR [ 87%]
tests\test_routes.py::TestDailySummary::test_returns_200_with_valid_user ERROR [ 89%]
tests\test_routes.py::TestDailySummary::test_response_has_date_and_log_keys ERROR [ 91%]
tests\test_routes.py::TestDailySummary::test_missing_user_id_returns_422 ERROR [ 93%]
tests\test_routes.py::TestSuggestions::test_returns_200_with_valid_user ERROR [ 95%]
tests\test_routes.py::TestSuggestions::test_response_has_expected_keys ERROR [ 97%]
tests\test_routes.py::TestSuggestions::test_missing_user_id_returns_422 ERROR [100%]

=================================== ERRORS ====================================
________ ERROR at setup of TestLogMeal.test_log_meal_text_returns_200 _________

    @pytest.fixture
    def client():
        """TestClient with mocked Supabase and mocked LangGraph pipeline."""
        mock_sb = _make_mock_supabase()
    
        # Mock nutrition_graph.invoke for /log-meal
        mock_graph_result = {
            "nutrition": {"calories": 350.0, "protein": 18.0, "carbs": 58.0, "fat": 8.0},
            "recommendation": "Try dal and roti for dinner!",
        }
        mock_graph = MagicMock()
        mock_graph.invoke.return_value = mock_graph_result
    
>       with patch("main.get_supabase_client", return_value=mock_sb):
             ^^^^^^^^^^^^^^^^^^^^^^^^^^^^^^^^^^^^^^^^^^^^^^^^^^^^^^^

tests\test_routes.py:95: 
_ _ _ _ _ _ _ _ _ _ _ _ _ _ _ _ _ _ _ _ _ _ _ _ _ _ _ _ _ _ _ _ _ _ _ _ _ _ _ _

self = <unittest.mock._patch object at 0x00000246C2A04130>

    def __enter__(self):
        """Perform the patch."""
        if self.is_started:
            raise RuntimeError("Patch is already started")
    
        new, spec, spec_set = self.new, self.spec, self.spec_set
        autospec, kwargs = self.autospec, self.kwargs
        new_callable = self.new_callable
>       self.target = self.getter()
                      ^^^^^^^^^^^^^

C:\Python313\Lib\unittest\mock.py:1479: 
_ _ _ _ _ _ _ _ _ _ _ _ _ _ _ _ _ _ _ _ _ _ _ _ _ _ _ _ _ _ _ _ _ _ _ _ _ _ _ _

name = 'main'

    def resolve_name(name):
        """
        Resolve a name to an object.
    
        It is expected that `name` will be a string in one of the following
        formats, where W is shorthand for a valid Python identifier and dot stands
        for a literal period in these pseudo-regexes:
    
        W(.W)*
        W(.W)*:(W(.W)*)?
    
        The first form is intended for backward compatibility only. It assumes that
        some part of the dotted name is a package, and the rest is an object
        somewhere within that package, possibly nested inside other objects.
        Because the place where the package stops and the object hierarchy starts
        can't be inferred by inspection, repeated attempts to import must be done
        with this form.
    
        In the second form, the caller makes the division point clear through the
        provision of a single colon: the dotted name to the left of the colon is a
        package to be imported, and the dotted name to the right is the object
        hierarchy within that package. Only one import is needed in this form. If
        it ends with the colon, then a module object is returned.
    
        The function will return an object (which might be a module), or raise one
        of the following exceptions:
    
        ValueError - if `name` isn't in a recognised format
        ImportError - if an import failed when it shouldn't have
        AttributeError - if a failure occurred when traversing the object hierarchy
                         within the imported package to get to the desired object.
        """
        global _NAME_PATTERN
        if _NAME_PATTERN is None:
            # Lazy import to speedup Python startup time
            import re
            dotted_words = r'(?!\d)(\w+)(\.(?!\d)(\w+))*'
            _NAME_PATTERN = re.compile(f'^(?P<pkg>{dotted_words})'
                                       f'(?P<cln>:(?P<obj>{dotted_words})?)?$',
                                       re.UNICODE)
    
        m = _NAME_PATTERN.match(name)
        if not m:
            raise ValueError(f'invalid format: {name!r}')
        gd = m.groupdict()
        if gd.get('cln'):
            # there is a colon - a one-step import is all that's needed
            mod = importlib.import_module(gd['pkg'])
            parts = gd.get('obj')
            parts = parts.split('.') if parts else []
        else:
            # no colon - have to iterate to find the package boundary
            parts = name.split('.')
            modname = parts.pop(0)
            # first part *must* be a module/package.
>           mod = importlib.import_module(modname)
                  ^^^^^^^^^^^^^^^^^^^^^^^^^^^^^^^^

C:\Python313\Lib\pkgutil.py:513: 
_ _ _ _ _ _ _ _ _ _ _ _ _ _ _ _ _ _ _ _ _ _ _ _ _ _ _ _ _ _ _ _ _ _ _ _ _ _ _ _

name = 'main', package = None

    def import_module(name, package=None):
        """Import a module.
    
        The 'package' argument is required when performing a relative import. It
        specifies the package to use as the anchor point from which to resolve the
        relative import to an absolute import.
    
        """
        level = 0
        if name.startswith('.'):
            if not package:
                raise TypeError("the 'package' argument is required to perform a "
                                f"relative import for {name!r}")
            for character in name:
                if character != '.':
                    break
                level += 1
>       return _bootstrap._gcd_import(name[level:], package, level)
               ^^^^^^^^^^^^^^^^^^^^^^^^^^^^^^^^^^^^^^^^^^^^^^^^^^^^

C:\Python313\Lib\importlib\__init__.py:88: 
_ _ _ _ _ _ _ _ _ _ _ _ _ _ _ _ _ _ _ _ _ _ _ _ _ _ _ _ _ _ _ _ _ _ _ _ _ _ _ _

name = 'main', package = None, level = 0

>   ???

<frozen importlib._bootstrap>:1387: 
_ _ _ _ _ _ _ _ _ _ _ _ _ _ _ _ _ _ _ _ _ _ _ _ _ _ _ _ _ _ _ _ _ _ _ _ _ _ _ _

name = 'main', import_ = <function _gcd_import at 0x00000246FDE604A0>

>   ???

<frozen importlib._bootstrap>:1360: 
_ _ _ _ _ _ _ _ _ _ _ _ _ _ _ _ _ _ _ _ _ _ _ _ _ _ _ _ _ _ _ _ _ _ _ _ _ _ _ _

name = 'main', import_ = <function _gcd_import at 0x00000246FDE604A0>

>   ???

<frozen importlib._bootstrap>:1331: 
_ _ _ _ _ _ _ _ _ _ _ _ _ _ _ _ _ _ _ _ _ _ _ _ _ _ _ _ _ _ _ _ _ _ _ _ _ _ _ _

spec = ModuleSpec(name='main', loader=<_frozen_importlib_external.SourceFileLoader object at 0x00000246C293C7D0>, origin='E:\\My Projects\\Nutrition app\\nutrition-tracker\\backend\\main.py')

>   ???

<frozen importlib._bootstrap>:935: 
_ _ _ _ _ _ _ _ _ _ _ _ _ _ _ _ _ _ _ _ _ _ _ _ _ _ _ _ _ _ _ _ _ _ _ _ _ _ _ _

self = <_frozen_importlib_external.SourceFileLoader object at 0x00000246C293C7D0>
module = <module 'main' from 'E:\\My Projects\\Nutrition app\\nutrition-tracker\\backend\\main.py'>

>   ???

<frozen importlib._bootstrap_external>:1026: 
_ _ _ _ _ _ _ _ _ _ _ _ _ _ _ _ _ _ _ _ _ _ _ _ _ _ _ _ _ _ _ _ _ _ _ _ _ _ _ _

f = <built-in function exec>
args = (<code object <module> at 0x00000246BF532360, file "E:\My Projects\Nutrition app\nutrition-tracker\backend\main.py", l...RSMiddleware'>, 'FastAPI': <class 'fastapi.applications.FastAPI'>, 'File': <function File at 0x00000246837B4AE0>, ...})
kwds = {}

>   ???

<frozen importlib._bootstrap>:488: 
_ _ _ _ _ _ _ _ _ _ _ _ _ _ _ _ _ _ _ _ _ _ _ _ _ _ _ _ _ _ _ _ _ _ _ _ _ _ _ _

    """
    Main entry point for the Nutrition Tracker API (FastAPI).
    
    Routes defined here:
      POST /log-meal          û Accepts text/image input, runs nutrition_graph, returns nutrition+recommendation
      POST /log-exercise      û Logs an exercise session and returns kcal burned via MET-based formula
      GET  /daily-summary     û Returns today's daily_logs row joined with daily_goals for a user
      GET  /leaderboard       û Returns all six users ranked by today's calorie intake (desc)
      POST /calculate-goals   û Computes macro/calorie goals via MifflinûSt Jeor and upserts to daily_goals
      GET  /suggestions       û Returns the latest recommendation stored in daily_logs for a user
    
    Supabase project reference: hyejucwqghkujckoshbr
    """
    
    import os
    import io
    import math
    import tempfile
    from datetime import date
    from typing import Optional
    
    from fastapi import FastAPI, HTTPException, UploadFile, File, Form, Query
    from fastapi.middleware.cors import CORSMiddleware
    from pydantic import BaseModel
    from dotenv import load_dotenv
    
    # \u2500\u2500 Load environment variables \u2500\u2500\u2500\u2500\u2500\u2500\u2500\u2500\u2500\u2500\u2500\u2500\u2500\u2500\u2500\u2500\u2500\u2500\u2500\u2500\u2500\u2500\u2500\u2500\u2500\u2500\u2500\u2500\u2500\u2500\u2500\u2500\u2500\u2500\u2500\u2500\u2500\u2500\u2500\u2500\u2500\u2500\u2500\u2500\u2500\u2500\u2500\u2500\u2500
    _dotenv_path = os.path.join(os.path.dirname(__file__), ".env")
    load_dotenv(dotenv_path=_dotenv_path)
    
    # \u2500\u2500 Supabase client \u2500\u2500\u2500\u2500\u2500\u2500\u2500\u2500\u2500\u2500\u2500\u2500\u2500\u2500\u2500\u2500\u2500\u2500\u2500\u2500\u2500\u2500\u2500\u2500\u2500\u2500\u2500\u2500\u2500\u2500\u2500\u2500\u2500\u2500\u2500\u2500\u2500\u2500\u2500\u2500\u2500\u2500\u2500\u2500\u2500\u2500\u2500\u2500\u2500\u2500\u2500\u2500\u2500\u2500\u2500\u2500\u2500\u2500\u2500\u2500
    from database.supabase_client import get_supabase_client
    
    # \u2500\u2500 LangGraph nutrition pipeline \u2500\u2500\u2500\u2500\u2500\u2500\u2500\u2500\u2500\u2500\u2500\u2500\u2500\u2500\u2500\u2500\u2500\u2500\u2500\u2500\u2500\u2500\u2500\u2500\u2500\u2500\u2500\u2500\u2500\u2500\u2500\u2500\u2500\u2500\u2500\u2500\u2500\u2500\u2500\u2500\u2500\u2500\u2500\u2500\u2500\u2500\u2500
    from agents.graph import nutrition_graph
    from agents.state import default_nutrition_state
    
    # \u2500\u2500 FastAPI app \u2500\u2500\u2500\u2500\u2500\u2500\u2500\u2500\u2500\u2500\u2500\u2500\u2500\u2500\u2500\u2500\u2500\u2500\u2500\u2500\u2500\u2500\u2500\u2500\u2500\u2500\u2500\u2500\u2500\u2500\u2500\u2500\u2500\u2500\u2500\u2500\u2500\u2500\u2500\u2500\u2500\u2500\u2500\u2500\u2500\u2500\u2500\u2500\u2500\u2500\u2500\u2500\u2500\u2500\u2500\u2500\u2500\u2500\u2500\u2500\u2500\u2500\u2500\u2500
    app = FastAPI(
        title="Nutrition Tracker API",
        description=(
            "Backend API for the AI-powered Nutrition Tracker. "
            "Handles meal logging via LangGraph, exercise tracking, "
            "daily summaries, leaderboards, goal calculation, and suggestion retrieval. "
            "Supabase project: hyejucwqghkujckoshbr"
        ),
        version="1.0.0",
    )
    
    # \u2500\u2500 CORS (local prototype \u2014 allow everything) \u2500\u2500\u2500\u2500\u2500\u2500\u2500\u2500\u2500\u2500\u2500\u2500\u2500\u2500\u2500\u2500\u2500\u2500\u2500\u2500\u2500\u2500\u2500\u2500\u2500\u2500\u2500\u2500\u2500\u2500\u2500\u2500\u2500\u2500
    app.add_middleware(
        CORSMiddleware,
        allow_origins=["*"],
        allow_credentials=True,
        allow_methods=["*"],
        allow_headers=["*"],
    )
    
    # \u2500\u2500 Global: preloaded Keras food-classifier model \u2500\u2500\u2500\u2500\u2500\u2500\u2500\u2500\u2500\u2500\u2500\u2500\u2500\u2500\u2500\u2500\u2500\u2500\u2500\u2500\u2500\u2500\u2500\u2500\u2500\u2500\u2500\u2500\u2500\u2500
    _food_classifier = None   # set during startup; None when model file is absent
    
    
    @app.on_event("startup")
    async def startup_event():
        """
        Runs once when the server boots.
        1. Ensures .env is loaded (redundant but defensive).
        2. Preloads the Keras food-classifier so the first request doesn't pay the
           cold-start penalty.  If the model file is missing, a warning is printed
           and the server continues ù routes that don't use the classifier still work.
        """
        global _food_classifier
    
        load_dotenv(dotenv_path=_dotenv_path)
    
        model_path = os.path.join(os.path.dirname(__file__), "models", "food_classifier.keras")
        if os.path.exists(model_path):
            try:
                import tensorflow as tf  # imported lazily so the app starts without TF if unneeded
                _food_classifier = tf.keras.models.load_model(model_path)
                print(f"[startup] Food classifier loaded from '{model_path}'.")
            except Exception as exc:
                print(f"[startup] WARNING û could not load food classifier: {exc}")
        else:
            print(
                f"[startup] WARNING û model file not found at '{model_path}'. "
                "Image-based food classification will be unavailable."
            )
    
    
    # \u2550\u2550\u2550\u2550\u2550\u2550\u2550\u2550\u2550\u2550\u2550\u2550\u2550\u2550\u2550\u2550\u2550\u2550\u2550\u2550\u2550\u2550\u2550\u2550\u2550\u2550\u2550\u2550\u2550\u2550\u2550\u2550\u2550\u2550\u2550\u2550\u2550\u2550\u2550\u2550\u2550\u2550\u2550\u2550\u2550\u2550\u2550\u2550\u2550\u2550\u2550\u2550\u2550\u2550\u2550\u2550\u2550\u2550\u2550\u2550\u2550\u2550\u2550\u2550\u2550\u2550\u2550\u2550\u2550\u2550\u2550\u2550\u2550\u2550\u2550\u2550\u2550\u2550
    # Route 1 û POST /log-meal
    # \u2550\u2550\u2550\u2550\u2550\u2550\u2550\u2550\u2550\u2550\u2550\u2550\u2550\u2550\u2550\u2550\u2550\u2550\u2550\u2550\u2550\u2550\u2550\u2550\u2550\u2550\u2550\u2550\u2550\u2550\u2550\u2550\u2550\u2550\u2550\u2550\u2550\u2550\u2550\u2550\u2550\u2550\u2550\u2550\u2550\u2550\u2550\u2550\u2550\u2550\u2550\u2550\u2550\u2550\u2550\u2550\u2550\u2550\u2550\u2550\u2550\u2550\u2550\u2550\u2550\u2550\u2550\u2550\u2550\u2550\u2550\u2550\u2550\u2550\u2550\u2550\u2550\u2550
    
>   @app.post("/log-meal", summary="Log a meal via text and/or image")
     ^^^^^^^^^^^^^^^^^^^^^^^^^^^^^^^^^^^^^^^^^^^^^^^^^^^^^^^^^^^^^^^^^

main.py:95: 
_ _ _ _ _ _ _ _ _ _ _ _ _ _ _ _ _ _ _ _ _ _ _ _ _ _ _ _ _ _ _ _ _ _ _ _ _ _ _ _

func = <function log_meal at 0x00000246C364E0C0>

    def decorator(func: DecoratedCallable) -> DecoratedCallable:
>       self.add_api_route(
            path,
            func,
            response_model=response_model,
            status_code=status_code,
            tags=tags,
            dependencies=dependencies,
            summary=summary,
            description=description,
            response_description=response_description,
            responses=responses,
            deprecated=deprecated,
            methods=methods,
            operation_id=operation_id,
            response_model_include=response_model_include,
            response_model_exclude=response_model_exclude,
            response_model_by_alias=response_model_by_alias,
            response_model_exclude_unset=response_model_exclude_unset,
            response_model_exclude_defaults=response_model_exclude_defaults,
            response_model_exclude_none=response_model_exclude_none,
            include_in_schema=include_in_schema,
            response_class=response_class,
            name=name,
            callbacks=callbacks,
            openapi_extra=openapi_extra,
            generate_unique_id_function=generate_unique_id_function,
        )

C:\Users\lenovo\AppData\Roaming\Python\Python313\site-packages\fastapi\routing.py:1125: 
_ _ _ _ _ _ _ _ _ _ _ _ _ _ _ _ _ _ _ _ _ _ _ _ _ _ _ _ _ _ _ _ _ _ _ _ _ _ _ _

self = <fastapi.routing.APIRouter object at 0x00000246C315F750>
path = '/log-meal', endpoint = <function log_meal at 0x00000246C364E0C0>

    def add_api_route(
        self,
        path: str,
        endpoint: Callable[..., Any],
        *,
        response_model: Any = Default(None),
        status_code: int | None = None,
        tags: list[str | Enum] | None = None,
        dependencies: Sequence[params.Depends] | None = None,
        summary: str | None = None,
        description: str | None = None,
        response_description: str = "Successful Response",
        responses: dict[int | str, dict[str, Any]] | None = None,
        deprecated: bool | None = None,
        methods: set[str] | list[str] | None = None,
        operation_id: str | None = None,
        response_model_include: IncEx | None = None,
        response_model_exclude: IncEx | None = None,
        response_model_by_alias: bool = True,
        response_model_exclude_unset: bool = False,
        response_model_exclude_defaults: bool = False,
        response_model_exclude_none: bool = False,
        include_in_schema: bool = True,
        response_class: type[Response] | DefaultPlaceholder = Default(JSONResponse),
        name: str | None = None,
        route_class_override: type[APIRoute] | None = None,
        callbacks: list[BaseRoute] | None = None,
        openapi_extra: dict[str, Any] | None = None,
        generate_unique_id_function: Callable[[APIRoute], str]
        | DefaultPlaceholder = Default(generate_unique_id),
    ) -> None:
        route_class = route_class_override or self.route_class
        responses = responses or {}
        combined_responses = {**self.responses, **responses}
        current_response_class = get_value_or_default(
            response_class, self.default_response_class
        )
        current_tags = self.tags.copy()
        if tags:
            current_tags.extend(tags)
        current_dependencies = self.dependencies.copy()
        if dependencies:
            current_dependencies.extend(dependencies)
        current_callbacks = self.callbacks.copy()
        if callbacks:
            current_callbacks.extend(callbacks)
        current_generate_unique_id = get_value_or_default(
            generate_unique_id_function, self.generate_unique_id_function
        )
>       route = route_class(
            self.prefix + path,
            endpoint=endpoint,
            response_model=response_model,
            status_code=status_code,
            tags=current_tags,
            dependencies=current_dependencies,
            summary=summary,
            description=description,
            response_description=response_description,
            responses=combined_responses,
            deprecated=deprecated or self.deprecated,
            methods=methods,
            operation_id=operation_id,
            response_model_include=response_model_include,
            response_model_exclude=response_model_exclude,
            response_model_by_alias=response_model_by_alias,
            response_model_exclude_unset=response_model_exclude_unset,
            response_model_exclude_defaults=response_model_exclude_defaults,
            response_model_exclude_none=response_model_exclude_none,
            include_in_schema=include_in_schema and self.include_in_schema,
            response_class=current_response_class,
            name=name,
            dependency_overrides_provider=self.dependency_overrides_provider,
            callbacks=current_callbacks,
            openapi_extra=openapi_extra,
            generate_unique_id_function=current_generate_unique_id,
        )

C:\Users\lenovo\AppData\Roaming\Python\Python313\site-packages\fastapi\routing.py:1064: 
_ _ _ _ _ _ _ _ _ _ _ _ _ _ _ _ _ _ _ _ _ _ _ _ _ _ _ _ _ _ _ _ _ _ _ _ _ _ _ _

self = APIRoute(path='/log-meal', name='log_meal', methods=['POST'])
path = '/log-meal', endpoint = <function log_meal at 0x00000246C364E0C0>

    def __init__(
        self,
        path: str,
        endpoint: Callable[..., Any],
        *,
        response_model: Any = Default(None),
        status_code: int | None = None,
        tags: list[str | Enum] | None = None,
        dependencies: Sequence[params.Depends] | None = None,
        summary: str | None = None,
        description: str | None = None,
        response_description: str = "Successful Response",
        responses: dict[int | str, dict[str, Any]] | None = None,
        deprecated: bool | None = None,
        name: str | None = None,
        methods: set[str] | list[str] | None = None,
        operation_id: str | None = None,
        response_model_include: IncEx | None = None,
        response_model_exclude: IncEx | None = None,
        response_model_by_alias: bool = True,
        response_model_exclude_unset: bool = False,
        response_model_exclude_defaults: bool = False,
        response_model_exclude_none: bool = False,
        include_in_schema: bool = True,
        response_class: type[Response] | DefaultPlaceholder = Default(JSONResponse),
        dependency_overrides_provider: Any | None = None,
        callbacks: list[BaseRoute] | None = None,
        openapi_extra: dict[str, Any] | None = None,
        generate_unique_id_function: Callable[["APIRoute"], str]
        | DefaultPlaceholder = Default(generate_unique_id),
    ) -> None:
        self.path = path
        self.endpoint = endpoint
        if isinstance(response_model, DefaultPlaceholder):
            return_annotation = get_typed_return_annotation(endpoint)
            if lenient_issubclass(return_annotation, Response):
                response_model = None
            else:
                response_model = return_annotation
        self.response_model = response_model
        self.summary = summary
        self.response_description = response_description
        self.deprecated = deprecated
        self.operation_id = operation_id
        self.response_model_include = response_model_include
        self.response_model_exclude = response_model_exclude
        self.response_model_by_alias = response_model_by_alias
        self.response_model_exclude_unset = response_model_exclude_unset
        self.response_model_exclude_defaults = response_model_exclude_defaults
        self.response_model_exclude_none = response_model_exclude_none
        self.include_in_schema = include_in_schema
        self.response_class = response_class
        self.dependency_overrides_provider = dependency_overrides_provider
        self.callbacks = callbacks
        self.openapi_extra = openapi_extra
        self.generate_unique_id_function = generate_unique_id_function
        self.tags = tags or []
        self.responses = responses or {}
        self.name = get_name(endpoint) if name is None else name
        self.path_regex, self.path_format, self.param_convertors = compile_path(path)
        if methods is None:
            methods = ["GET"]
        self.methods: set[str] = {method.upper() for method in methods}
        if isinstance(generate_unique_id_function, DefaultPlaceholder):
            current_generate_unique_id: Callable[[APIRoute], str] = (
                generate_unique_id_function.value
            )
        else:
            current_generate_unique_id = generate_unique_id_function
        self.unique_id = self.operation_id or current_generate_unique_id(self)
        # normalize enums e.g. http.HTTPStatus
        if isinstance(status_code, IntEnum):
            status_code = int(status_code)
        self.status_code = status_code
        if self.response_model:
            assert is_body_allowed_for_status_code(status_code), (
                f"Status code {status_code} must not have a response body"
            )
            response_name = "Response_" + self.unique_id
            self.response_field = create_model_field(
                name=response_name,
                type_=self.response_model,
                mode="serialization",
            )
        else:
            self.response_field = None  # type: ignore
        self.dependencies = list(dependencies or [])
        self.description = description or inspect.cleandoc(self.endpoint.__doc__ or "")
        # if a "form feed" character (page break) is found in the description text,
        # truncate description text to the content preceding the first "form feed"
        self.description = self.description.split("\f")[0].strip()
        response_fields = {}
        for additional_status_code, response in self.responses.items():
            assert isinstance(response, dict), "An additional response must be a dict"
            model = response.get("model")
            if model:
                assert is_body_allowed_for_status_code(additional_status_code), (
                    f"Status code {additional_status_code} must not have a response body"
                )
                response_name = f"Response_{additional_status_code}_{self.unique_id}"
                response_field = create_model_field(
                    name=response_name, type_=model, mode="serialization"
                )
                response_fields[additional_status_code] = response_field
        if response_fields:
            self.response_fields: dict[int | str, ModelField] = response_fields
        else:
            self.response_fields = {}
    
        assert callable(endpoint), "An endpoint must be a callable"
>       self.dependant = get_dependant(
            path=self.path_format, call=self.endpoint, scope="function"
        )

C:\Users\lenovo\AppData\Roaming\Python\Python313\site-packages\fastapi\routing.py:665: 
_ _ _ _ _ _ _ _ _ _ _ _ _ _ _ _ _ _ _ _ _ _ _ _ _ _ _ _ _ _ _ _ _ _ _ _ _ _ _ _

    def get_dependant(
        *,
        path: str,
        call: Callable[..., Any],
        name: str | None = None,
        own_oauth_scopes: list[str] | None = None,
        parent_oauth_scopes: list[str] | None = None,
        use_cache: bool = True,
        scope: Literal["function", "request"] | None = None,
    ) -> Dependant:
        dependant = Dependant(
            call=call,
            name=name,
            path=path,
            use_cache=use_cache,
            scope=scope,
            own_oauth_scopes=own_oauth_scopes,
            parent_oauth_scopes=parent_oauth_scopes,
        )
        current_scopes = (parent_oauth_scopes or []) + (own_oauth_scopes or [])
        path_param_names = get_path_param_names(path)
        endpoint_signature = get_typed_signature(call)
        signature_params = endpoint_signature.parameters
        for param_name, param in signature_params.items():
            is_path_param = param_name in path_param_names
>           param_details = analyze_param(
                param_name=param_name,
                annotation=param.annotation,
                value=param.default,
                is_path_param=is_path_param,
            )

C:\Users\lenovo\AppData\Roaming\Python\Python313\site-packages\fastapi\dependencies\utils.py:279: 
_ _ _ _ _ _ _ _ _ _ _ _ _ _ _ _ _ _ _ _ _ _ _ _ _ _ _ _ _ _ _ _ _ _ _ _ _ _ _ _

    def analyze_param(
        *,
        param_name: str,
        annotation: Any,
        value: Any,
        is_path_param: bool,
    ) -> ParamDetails:
        field_info = None
        depends = None
        type_annotation: Any = Any
        use_annotation: Any = Any
        if is_typealiastype(annotation):
            # unpack in case PEP 695 type syntax is used
            annotation = annotation.__value__
        if annotation is not inspect.Signature.empty:
            use_annotation = annotation
            type_annotation = annotation
        # Extract Annotated info
        if get_origin(use_annotation) is Annotated:
            annotated_args = get_args(annotation)
            type_annotation = annotated_args[0]
            fastapi_annotations = [
                arg
                for arg in annotated_args[1:]
                if isinstance(arg, (FieldInfo, params.Depends))
            ]
            fastapi_specific_annotations = [
                arg
                for arg in fastapi_annotations
                if isinstance(
                    arg,
                    (
                        params.Param,
                        params.Body,
                        params.Depends,
                    ),
                )
            ]
            if fastapi_specific_annotations:
                fastapi_annotation: FieldInfo | params.Depends | None = (
                    fastapi_specific_annotations[-1]
                )
            else:
                fastapi_annotation = None
            # Set default for Annotated FieldInfo
            if isinstance(fastapi_annotation, FieldInfo):
                # Copy `field_info` because we mutate `field_info.default` below.
                field_info = copy_field_info(
                    field_info=fastapi_annotation,
                    annotation=use_annotation,
                )
                assert (
                    field_info.default == Undefined or field_info.default == RequiredParam
                ), (
                    f"`{field_info.__class__.__name__}` default value cannot be set in"
                    f" `Annotated` for {param_name!r}. Set the default value with `=` instead."
                )
                if value is not inspect.Signature.empty:
                    assert not is_path_param, "Path parameters cannot have default values"
                    field_info.default = value
                else:
                    field_info.default = RequiredParam
            # Get Annotated Depends
            elif isinstance(fastapi_annotation, params.Depends):
                depends = fastapi_annotation
        # Get Depends from default value
        if isinstance(value, params.Depends):
            assert depends is None, (
                "Cannot specify `Depends` in `Annotated` and default value"
                f" together for {param_name!r}"
            )
            assert field_info is None, (
                "Cannot specify a FastAPI annotation in `Annotated` and `Depends` as a"
                f" default value together for {param_name!r}"
            )
            depends = value
        # Get FieldInfo from default value
        elif isinstance(value, FieldInfo):
            assert field_info is None, (
                "Cannot specify FastAPI annotations in `Annotated` and default value"
                f" together for {param_name!r}"
            )
            field_info = value
            if isinstance(field_info, FieldInfo):
                field_info.annotation = type_annotation
    
        # Get Depends from type annotation
        if depends is not None and depends.dependency is None:
            # Copy `depends` before mutating it
            depends = copy(depends)
            depends = dataclasses.replace(depends, dependency=type_annotation)
    
        # Handle non-param type annotations like Request
        # Only apply special handling when there's no explicit Depends - if there's a Depends,
        # the dependency will be called and its return value used instead of the special injection
        if depends is None and lenient_issubclass(
            type_annotation,
            (
                Request,
                WebSocket,
                HTTPConnection,
                Response,
                StarletteBackgroundTasks,
                SecurityScopes,
            ),
        ):
            assert field_info is None, (
                f"Cannot specify FastAPI annotation for type {type_annotation!r}"
            )
        # Handle default assignations, neither field_info nor depends was not found in Annotated nor default value
        elif field_info is None and depends is None:
            default_value = value if value is not inspect.Signature.empty else RequiredParam
            if is_path_param:
                # We might check here that `default_value is RequiredParam`, but the fact is that the same
                # parameter might sometimes be a path parameter and sometimes not. See
                # `tests/test_infer_param_optionality.py` for an example.
                field_info = params.Path(annotation=use_annotation)
            elif is_uploadfile_or_nonable_uploadfile_annotation(
                type_annotation
            ) or is_uploadfile_sequence_annotation(type_annotation):
                field_info = params.File(annotation=use_annotation, default=default_value)
            elif not field_annotation_is_scalar(annotation=type_annotation):
                field_info = params.Body(annotation=use_annotation, default=default_value)
            else:
                field_info = params.Query(annotation=use_annotation, default=default_value)
    
        field = None
        # It's a field_info, not a dependency
        if field_info is not None:
            # Handle field_info.in_
            if is_path_param:
                assert isinstance(field_info, params.Path), (
                    f"Cannot use `{field_info.__class__.__name__}` for path param"
                    f" {param_name!r}"
                )
            elif (
                isinstance(field_info, params.Param)
                and getattr(field_info, "in_", None) is None
            ):
                field_info.in_ = params.ParamTypes.query
            use_annotation_from_field_info = use_annotation
            if isinstance(field_info, params.Form):
>               ensure_multipart_is_installed()

C:\Users\lenovo\AppData\Roaming\Python\Python313\site-packages\fastapi\dependencies\utils.py:502: 
_ _ _ _ _ _ _ _ _ _ _ _ _ _ _ _ _ _ _ _ _ _ _ _ _ _ _ _ _ _ _ _ _ _ _ _ _ _ _ _

    def ensure_multipart_is_installed() -> None:
        try:
            from python_multipart import __version__
    
            # Import an attribute that can be mocked/deleted in testing
            assert __version__ > "0.0.12"
        except (ImportError, AssertionError):
            try:
                # __version__ is available in both multiparts, and can be mocked
                from multipart import __version__  # type: ignore[no-redef,import-untyped]
    
                assert __version__
                try:
                    # parse_options_header is only available in the right multipart
                    from multipart.multipart import (  # type: ignore[import-untyped]
                        parse_options_header,
                    )
    
                    assert parse_options_header
                except ImportError:
                    logger.error(multipart_incorrect_install_error)
                    raise RuntimeError(multipart_incorrect_install_error) from None
            except ImportError:
                logger.error(multipart_not_installed_error)
>               raise RuntimeError(multipart_not_installed_error) from None
E               RuntimeError: Form data requires "python-multipart" to be installed. 
E               You can install "python-multipart" with: 
E               
E               pip install python-multipart

C:\Users\lenovo\AppData\Roaming\Python\Python313\site-packages\fastapi\dependencies\utils.py:108: RuntimeError
----------------------------- Captured log setup ------------------------------
ERROR    fastapi:utils.py:107 Form data requires "python-multipart" to be installed. 
You can install "python-multipart" with: 

pip install python-multipart
_______ ERROR at setup of TestLogMeal.test_log_meal_nutrition_structure _______

    @pytest.fixture
    def client():
        """TestClient with mocked Supabase and mocked LangGraph pipeline."""
        mock_sb = _make_mock_supabase()
    
        # Mock nutrition_graph.invoke for /log-meal
        mock_graph_result = {
            "nutrition": {"calories": 350.0, "protein": 18.0, "carbs": 58.0, "fat": 8.0},
            "recommendation": "Try dal and roti for dinner!",
        }
        mock_graph = MagicMock()
        mock_graph.invoke.return_value = mock_graph_result
    
>       with patch("main.get_supabase_client", return_value=mock_sb):
             ^^^^^^^^^^^^^^^^^^^^^^^^^^^^^^^^^^^^^^^^^^^^^^^^^^^^^^^

tests\test_routes.py:95: 
_ _ _ _ _ _ _ _ _ _ _ _ _ _ _ _ _ _ _ _ _ _ _ _ _ _ _ _ _ _ _ _ _ _ _ _ _ _ _ _

self = <unittest.mock._patch object at 0x00000246C4C8BBD0>

    def __enter__(self):
        """Perform the patch."""
        if self.is_started:
            raise RuntimeError("Patch is already started")
    
        new, spec, spec_set = self.new, self.spec, self.spec_set
        autospec, kwargs = self.autospec, self.kwargs
        new_callable = self.new_callable
>       self.target = self.getter()
                      ^^^^^^^^^^^^^

C:\Python313\Lib\unittest\mock.py:1479: 
_ _ _ _ _ _ _ _ _ _ _ _ _ _ _ _ _ _ _ _ _ _ _ _ _ _ _ _ _ _ _ _ _ _ _ _ _ _ _ _

name = 'main'

    def resolve_name(name):
        """
        Resolve a name to an object.
    
        It is expected that `name` will be a string in one of the following
        formats, where W is shorthand for a valid Python identifier and dot stands
        for a literal period in these pseudo-regexes:
    
        W(.W)*
        W(.W)*:(W(.W)*)?
    
        The first form is intended for backward compatibility only. It assumes that
        some part of the dotted name is a package, and the rest is an object
        somewhere within that package, possibly nested inside other objects.
        Because the place where the package stops and the object hierarchy starts
        can't be inferred by inspection, repeated attempts to import must be done
        with this form.
    
        In the second form, the caller makes the division point clear through the
        provision of a single colon: the dotted name to the left of the colon is a
        package to be imported, and the dotted name to the right is the object
        hierarchy within that package. Only one import is needed in this form. If
        it ends with the colon, then a module object is returned.
    
        The function will return an object (which might be a module), or raise one
        of the following exceptions:
    
        ValueError - if `name` isn't in a recognised format
        ImportError - if an import failed when it shouldn't have
        AttributeError - if a failure occurred when traversing the object hierarchy
                         within the imported package to get to the desired object.
        """
        global _NAME_PATTERN
        if _NAME_PATTERN is None:
            # Lazy import to speedup Python startup time
            import re
            dotted_words = r'(?!\d)(\w+)(\.(?!\d)(\w+))*'
            _NAME_PATTERN = re.compile(f'^(?P<pkg>{dotted_words})'
                                       f'(?P<cln>:(?P<obj>{dotted_words})?)?$',
                                       re.UNICODE)
    
        m = _NAME_PATTERN.match(name)
        if not m:
            raise ValueError(f'invalid format: {name!r}')
        gd = m.groupdict()
        if gd.get('cln'):
            # there is a colon - a one-step import is all that's needed
            mod = importlib.import_module(gd['pkg'])
            parts = gd.get('obj')
            parts = parts.split('.') if parts else []
        else:
            # no colon - have to iterate to find the package boundary
            parts = name.split('.')
            modname = parts.pop(0)
            # first part *must* be a module/package.
>           mod = importlib.import_module(modname)
                  ^^^^^^^^^^^^^^^^^^^^^^^^^^^^^^^^

C:\Python313\Lib\pkgutil.py:513: 
_ _ _ _ _ _ _ _ _ _ _ _ _ _ _ _ _ _ _ _ _ _ _ _ _ _ _ _ _ _ _ _ _ _ _ _ _ _ _ _

name = 'main', package = None

    def import_module(name, package=None):
        """Import a module.
    
        The 'package' argument is required when performing a relative import. It
        specifies the package to use as the anchor point from which to resolve the
        relative import to an absolute import.
    
        """
        level = 0
        if name.startswith('.'):
            if not package:
                raise TypeError("the 'package' argument is required to perform a "
                                f"relative import for {name!r}")
            for character in name:
                if character != '.':
                    break
                level += 1
>       return _bootstrap._gcd_import(name[level:], package, level)
               ^^^^^^^^^^^^^^^^^^^^^^^^^^^^^^^^^^^^^^^^^^^^^^^^^^^^

C:\Python313\Lib\importlib\__init__.py:88: 
_ _ _ _ _ _ _ _ _ _ _ _ _ _ _ _ _ _ _ _ _ _ _ _ _ _ _ _ _ _ _ _ _ _ _ _ _ _ _ _

name = 'main', package = None, level = 0

>   ???

<frozen importlib._bootstrap>:1387: 
_ _ _ _ _ _ _ _ _ _ _ _ _ _ _ _ _ _ _ _ _ _ _ _ _ _ _ _ _ _ _ _ _ _ _ _ _ _ _ _

name = 'main', import_ = <function _gcd_import at 0x00000246FDE604A0>

>   ???

<frozen importlib._bootstrap>:1360: 
_ _ _ _ _ _ _ _ _ _ _ _ _ _ _ _ _ _ _ _ _ _ _ _ _ _ _ _ _ _ _ _ _ _ _ _ _ _ _ _

name = 'main', import_ = <function _gcd_import at 0x00000246FDE604A0>

>   ???

<frozen importlib._bootstrap>:1331: 
_ _ _ _ _ _ _ _ _ _ _ _ _ _ _ _ _ _ _ _ _ _ _ _ _ _ _ _ _ _ _ _ _ _ _ _ _ _ _ _

spec = ModuleSpec(name='main', loader=<_frozen_importlib_external.SourceFileLoader object at 0x00000246C36F96D0>, origin='E:\\My Projects\\Nutrition app\\nutrition-tracker\\backend\\main.py')

>   ???

<frozen importlib._bootstrap>:935: 
_ _ _ _ _ _ _ _ _ _ _ _ _ _ _ _ _ _ _ _ _ _ _ _ _ _ _ _ _ _ _ _ _ _ _ _ _ _ _ _

self = <_frozen_importlib_external.SourceFileLoader object at 0x00000246C36F96D0>
module = <module 'main' from 'E:\\My Projects\\Nutrition app\\nutrition-tracker\\backend\\main.py'>

>   ???

<frozen importlib._bootstrap_external>:1026: 
_ _ _ _ _ _ _ _ _ _ _ _ _ _ _ _ _ _ _ _ _ _ _ _ _ _ _ _ _ _ _ _ _ _ _ _ _ _ _ _

f = <built-in function exec>
args = (<code object <module> at 0x00000246BF53E8B0, file "E:\My Projects\Nutrition app\nutrition-tracker\backend\main.py", l...RSMiddleware'>, 'FastAPI': <class 'fastapi.applications.FastAPI'>, 'File': <function File at 0x00000246837B4AE0>, ...})
kwds = {}

>   ???

<frozen importlib._bootstrap>:488: 
_ _ _ _ _ _ _ _ _ _ _ _ _ _ _ _ _ _ _ _ _ _ _ _ _ _ _ _ _ _ _ _ _ _ _ _ _ _ _ _

    """
    Main entry point for the Nutrition Tracker API (FastAPI).
    
    Routes defined here:
      POST /log-meal          û Accepts text/image input, runs nutrition_graph, returns nutrition+recommendation
      POST /log-exercise      û Logs an exercise session and returns kcal burned via MET-based formula
      GET  /daily-summary     û Returns today's daily_logs row joined with daily_goals for a user
      GET  /leaderboard       û Returns all six users ranked by today's calorie intake (desc)
      POST /calculate-goals   û Computes macro/calorie goals via MifflinûSt Jeor and upserts to daily_goals
      GET  /suggestions       û Returns the latest recommendation stored in daily_logs for a user
    
    Supabase project reference: hyejucwqghkujckoshbr
    """
    
    import os
    import io
    import math
    import tempfile
    from datetime import date
    from typing import Optional
    
    from fastapi import FastAPI, HTTPException, UploadFile, File, Form, Query
    from fastapi.middleware.cors import CORSMiddleware
    from pydantic import BaseModel
    from dotenv import load_dotenv
    
    # \u2500\u2500 Load environment variables \u2500\u2500\u2500\u2500\u2500\u2500\u2500\u2500\u2500\u2500\u2500\u2500\u2500\u2500\u2500\u2500\u2500\u2500\u2500\u2500\u2500\u2500\u2500\u2500\u2500\u2500\u2500\u2500\u2500\u2500\u2500\u2500\u2500\u2500\u2500\u2500\u2500\u2500\u2500\u2500\u2500\u2500\u2500\u2500\u2500\u2500\u2500\u2500\u2500
    _dotenv_path = os.path.join(os.path.dirname(__file__), ".env")
    load_dotenv(dotenv_path=_dotenv_path)
    
    # \u2500\u2500 Supabase client \u2500\u2500\u2500\u2500\u2500\u2500\u2500\u2500\u2500\u2500\u2500\u2500\u2500\u2500\u2500\u2500\u2500\u2500\u2500\u2500\u2500\u2500\u2500\u2500\u2500\u2500\u2500\u2500\u2500\u2500\u2500\u2500\u2500\u2500\u2500\u2500\u2500\u2500\u2500\u2500\u2500\u2500\u2500\u2500\u2500\u2500\u2500\u2500\u2500\u2500\u2500\u2500\u2500\u2500\u2500\u2500\u2500\u2500\u2500\u2500
    from database.supabase_client import get_supabase_client
    
    # \u2500\u2500 LangGraph nutrition pipeline \u2500\u2500\u2500\u2500\u2500\u2500\u2500\u2500\u2500\u2500\u2500\u2500\u2500\u2500\u2500\u2500\u2500\u2500\u2500\u2500\u2500\u2500\u2500\u2500\u2500\u2500\u2500\u2500\u2500\u2500\u2500\u2500\u2500\u2500\u2500\u2500\u2500\u2500\u2500\u2500\u2500\u2500\u2500\u2500\u2500\u2500\u2500
    from agents.graph import nutrition_graph
    from agents.state import default_nutrition_state
    
    # \u2500\u2500 FastAPI app \u2500\u2500\u2500\u2500\u2500\u2500\u2500\u2500\u2500\u2500\u2500\u2500\u2500\u2500\u2500\u2500\u2500\u2500\u2500\u2500\u2500\u2500\u2500\u2500\u2500\u2500\u2500\u2500\u2500\u2500\u2500\u2500\u2500\u2500\u2500\u2500\u2500\u2500\u2500\u2500\u2500\u2500\u2500\u2500\u2500\u2500\u2500\u2500\u2500\u2500\u2500\u2500\u2500\u2500\u2500\u2500\u2500\u2500\u2500\u2500\u2500\u2500\u2500\u2500
    app = FastAPI(
        title="Nutrition Tracker API",
        description=(
            "Backend API for the AI-powered Nutrition Tracker. "
            "Handles meal logging via LangGraph, exercise tracking, "
            "daily summaries, leaderboards, goal calculation, and suggestion retrieval. "
            "Supabase project: hyejucwqghkujckoshbr"
        ),
        version="1.0.0",
    )
    
    # \u2500\u2500 CORS (local prototype \u2014 allow everything) \u2500\u2500\u2500\u2500\u2500\u2500\u2500\u2500\u2500\u2500\u2500\u2500\u2500\u2500\u2500\u2500\u2500\u2500\u2500\u2500\u2500\u2500\u2500\u2500\u2500\u2500\u2500\u2500\u2500\u2500\u2500\u2500\u2500\u2500
    app.add_middleware(
        CORSMiddleware,
        allow_origins=["*"],
        allow_credentials=True,
        allow_methods=["*"],
        allow_headers=["*"],
    )
    
    # \u2500\u2500 Global: preloaded Keras food-classifier model \u2500\u2500\u2500\u2500\u2500\u2500\u2500\u2500\u2500\u2500\u2500\u2500\u2500\u2500\u2500\u2500\u2500\u2500\u2500\u2500\u2500\u2500\u2500\u2500\u2500\u2500\u2500\u2500\u2500\u2500
    _food_classifier = None   # set during startup; None when model file is absent
    
    
    @app.on_event("startup")
    async def startup_event():
        """
        Runs once when the server boots.
        1. Ensures .env is loaded (redundant but defensive).
        2. Preloads the Keras food-classifier so the first request doesn't pay the
           cold-start penalty.  If the model file is missing, a warning is printed
           and the server continues ù routes that don't use the classifier still work.
        """
        global _food_classifier
    
        load_dotenv(dotenv_path=_dotenv_path)
    
        model_path = os.path.join(os.path.dirname(__file__), "models", "food_classifier.keras")
        if os.path.exists(model_path):
            try:
                import tensorflow as tf  # imported lazily so the app starts without TF if unneeded
                _food_classifier = tf.keras.models.load_model(model_path)
                print(f"[startup] Food classifier loaded from '{model_path}'.")
            except Exception as exc:
                print(f"[startup] WARNING û could not load food classifier: {exc}")
        else:
            print(
                f"[startup] WARNING û model file not found at '{model_path}'. "
                "Image-based food classification will be unavailable."
            )
    
    
    # \u2550\u2550\u2550\u2550\u2550\u2550\u2550\u2550\u2550\u2550\u2550\u2550\u2550\u2550\u2550\u2550\u2550\u2550\u2550\u2550\u2550\u2550\u2550\u2550\u2550\u2550\u2550\u2550\u2550\u2550\u2550\u2550\u2550\u2550\u2550\u2550\u2550\u2550\u2550\u2550\u2550\u2550\u2550\u2550\u2550\u2550\u2550\u2550\u2550\u2550\u2550\u2550\u2550\u2550\u2550\u2550\u2550\u2550\u2550\u2550\u2550\u2550\u2550\u2550\u2550\u2550\u2550\u2550\u2550\u2550\u2550\u2550\u2550\u2550\u2550\u2550\u2550\u2550
    # Route 1 û POST /log-meal
    # \u2550\u2550\u2550\u2550\u2550\u2550\u2550\u2550\u2550\u2550\u2550\u2550\u2550\u2550\u2550\u2550\u2550\u2550\u2550\u2550\u2550\u2550\u2550\u2550\u2550\u2550\u2550\u2550\u2550\u2550\u2550\u2550\u2550\u2550\u2550\u2550\u2550\u2550\u2550\u2550\u2550\u2550\u2550\u2550\u2550\u2550\u2550\u2550\u2550\u2550\u2550\u2550\u2550\u2550\u2550\u2550\u2550\u2550\u2550\u2550\u2550\u2550\u2550\u2550\u2550\u2550\u2550\u2550\u2550\u2550\u2550\u2550\u2550\u2550\u2550\u2550\u2550\u2550
    
>   @app.post("/log-meal", summary="Log a meal via text and/or image")
     ^^^^^^^^^^^^^^^^^^^^^^^^^^^^^^^^^^^^^^^^^^^^^^^^^^^^^^^^^^^^^^^^^

main.py:95: 
_ _ _ _ _ _ _ _ _ _ _ _ _ _ _ _ _ _ _ _ _ _ _ _ _ _ _ _ _ _ _ _ _ _ _ _ _ _ _ _

func = <function log_meal at 0x00000246C4BE7F60>

    def decorator(func: DecoratedCallable) -> DecoratedCallable:
>       self.add_api_route(
            path,
            func,
            response_model=response_model,
            status_code=status_code,
            tags=tags,
            dependencies=dependencies,
            summary=summary,
            description=description,
            response_description=response_description,
            responses=responses,
            deprecated=deprecated,
            methods=methods,
            operation_id=operation_id,
            response_model_include=response_model_include,
            response_model_exclude=response_model_exclude,
            response_model_by_alias=response_model_by_alias,
            response_model_exclude_unset=response_model_exclude_unset,
            response_model_exclude_defaults=response_model_exclude_defaults,
            response_model_exclude_none=response_model_exclude_none,
            include_in_schema=include_in_schema,
            response_class=response_class,
            name=name,
            callbacks=callbacks,
            openapi_extra=openapi_extra,
            generate_unique_id_function=generate_unique_id_function,
        )

C:\Users\lenovo\AppData\Roaming\Python\Python313\site-packages\fastapi\routing.py:1125: 
_ _ _ _ _ _ _ _ _ _ _ _ _ _ _ _ _ _ _ _ _ _ _ _ _ _ _ _ _ _ _ _ _ _ _ _ _ _ _ _

self = <fastapi.routing.APIRouter object at 0x00000246C35176F0>
path = '/log-meal', endpoint = <function log_meal at 0x00000246C4BE7F60>

    def add_api_route(
        self,
        path: str,
        endpoint: Callable[..., Any],
        *,
        response_model: Any = Default(None),
        status_code: int | None = None,
        tags: list[str | Enum] | None = None,
        dependencies: Sequence[params.Depends] | None = None,
        summary: str | None = None,
        description: str | None = None,
        response_description: str = "Successful Response",
        responses: dict[int | str, dict[str, Any]] | None = None,
        deprecated: bool | None = None,
        methods: set[str] | list[str] | None = None,
        operation_id: str | None = None,
        response_model_include: IncEx | None = None,
        response_model_exclude: IncEx | None = None,
        response_model_by_alias: bool = True,
        response_model_exclude_unset: bool = False,
        response_model_exclude_defaults: bool = False,
        response_model_exclude_none: bool = False,
        include_in_schema: bool = True,
        response_class: type[Response] | DefaultPlaceholder = Default(JSONResponse),
        name: str | None = None,
        route_class_override: type[APIRoute] | None = None,
        callbacks: list[BaseRoute] | None = None,
        openapi_extra: dict[str, Any] | None = None,
        generate_unique_id_function: Callable[[APIRoute], str]
        | DefaultPlaceholder = Default(generate_unique_id),
    ) -> None:
        route_class = route_class_override or self.route_class
        responses = responses or {}
        combined_responses = {**self.responses, **responses}
        current_response_class = get_value_or_default(
            response_class, self.default_response_class
        )
        current_tags = self.tags.copy()
        if tags:
            current_tags.extend(tags)
        current_dependencies = self.dependencies.copy()
        if dependencies:
            current_dependencies.extend(dependencies)
        current_callbacks = self.callbacks.copy()
        if callbacks:
            current_callbacks.extend(callbacks)
        current_generate_unique_id = get_value_or_default(
            generate_unique_id_function, self.generate_unique_id_function
        )
>       route = route_class(
            self.prefix + path,
            endpoint=endpoint,
            response_model=response_model,
            status_code=status_code,
            tags=current_tags,
            dependencies=current_dependencies,
            summary=summary,
            description=description,
            response_description=response_description,
            responses=combined_responses,
            deprecated=deprecated or self.deprecated,
            methods=methods,
            operation_id=operation_id,
            response_model_include=response_model_include,
            response_model_exclude=response_model_exclude,
            response_model_by_alias=response_model_by_alias,
            response_model_exclude_unset=response_model_exclude_unset,
            response_model_exclude_defaults=response_model_exclude_defaults,
            response_model_exclude_none=response_model_exclude_none,
            include_in_schema=include_in_schema and self.include_in_schema,
            response_class=current_response_class,
            name=name,
            dependency_overrides_provider=self.dependency_overrides_provider,
            callbacks=current_callbacks,
            openapi_extra=openapi_extra,
            generate_unique_id_function=current_generate_unique_id,
        )

C:\Users\lenovo\AppData\Roaming\Python\Python313\site-packages\fastapi\routing.py:1064: 
_ _ _ _ _ _ _ _ _ _ _ _ _ _ _ _ _ _ _ _ _ _ _ _ _ _ _ _ _ _ _ _ _ _ _ _ _ _ _ _

self = APIRoute(path='/log-meal', name='log_meal', methods=['POST'])
path = '/log-meal', endpoint = <function log_meal at 0x00000246C4BE7F60>

    def __init__(
        self,
        path: str,
        endpoint: Callable[..., Any],
        *,
        response_model: Any = Default(None),
        status_code: int | None = None,
        tags: list[str | Enum] | None = None,
        dependencies: Sequence[params.Depends] | None = None,
        summary: str | None = None,
        description: str | None = None,
        response_description: str = "Successful Response",
        responses: dict[int | str, dict[str, Any]] | None = None,
        deprecated: bool | None = None,
        name: str | None = None,
        methods: set[str] | list[str] | None = None,
        operation_id: str | None = None,
        response_model_include: IncEx | None = None,
        response_model_exclude: IncEx | None = None,
        response_model_by_alias: bool = True,
        response_model_exclude_unset: bool = False,
        response_model_exclude_defaults: bool = False,
        response_model_exclude_none: bool = False,
        include_in_schema: bool = True,
        response_class: type[Response] | DefaultPlaceholder = Default(JSONResponse),
        dependency_overrides_provider: Any | None = None,
        callbacks: list[BaseRoute] | None = None,
        openapi_extra: dict[str, Any] | None = None,
        generate_unique_id_function: Callable[["APIRoute"], str]
        | DefaultPlaceholder = Default(generate_unique_id),
    ) -> None:
        self.path = path
        self.endpoint = endpoint
        if isinstance(response_model, DefaultPlaceholder):
            return_annotation = get_typed_return_annotation(endpoint)
            if lenient_issubclass(return_annotation, Response):
                response_model = None
            else:
                response_model = return_annotation
        self.response_model = response_model
        self.summary = summary
        self.response_description = response_description
        self.deprecated = deprecated
        self.operation_id = operation_id
        self.response_model_include = response_model_include
        self.response_model_exclude = response_model_exclude
        self.response_model_by_alias = response_model_by_alias
        self.response_model_exclude_unset = response_model_exclude_unset
        self.response_model_exclude_defaults = response_model_exclude_defaults
        self.response_model_exclude_none = response_model_exclude_none
        self.include_in_schema = include_in_schema
        self.response_class = response_class
        self.dependency_overrides_provider = dependency_overrides_provider
        self.callbacks = callbacks
        self.openapi_extra = openapi_extra
        self.generate_unique_id_function = generate_unique_id_function
        self.tags = tags or []
        self.responses = responses or {}
        self.name = get_name(endpoint) if name is None else name
        self.path_regex, self.path_format, self.param_convertors = compile_path(path)
        if methods is None:
            methods = ["GET"]
        self.methods: set[str] = {method.upper() for method in methods}
        if isinstance(generate_unique_id_function, DefaultPlaceholder):
            current_generate_unique_id: Callable[[APIRoute], str] = (
                generate_unique_id_function.value
            )
        else:
            current_generate_unique_id = generate_unique_id_function
        self.unique_id = self.operation_id or current_generate_unique_id(self)
        # normalize enums e.g. http.HTTPStatus
        if isinstance(status_code, IntEnum):
            status_code = int(status_code)
        self.status_code = status_code
        if self.response_model:
            assert is_body_allowed_for_status_code(status_code), (
                f"Status code {status_code} must not have a response body"
            )
            response_name = "Response_" + self.unique_id
            self.response_field = create_model_field(
                name=response_name,
                type_=self.response_model,
                mode="serialization",
            )
        else:
            self.response_field = None  # type: ignore
        self.dependencies = list(dependencies or [])
        self.description = description or inspect.cleandoc(self.endpoint.__doc__ or "")
        # if a "form feed" character (page break) is found in the description text,
        # truncate description text to the content preceding the first "form feed"
        self.description = self.description.split("\f")[0].strip()
        response_fields = {}
        for additional_status_code, response in self.responses.items():
            assert isinstance(response, dict), "An additional response must be a dict"
            model = response.get("model")
            if model:
                assert is_body_allowed_for_status_code(additional_status_code), (
                    f"Status code {additional_status_code} must not have a response body"
                )
                response_name = f"Response_{additional_status_code}_{self.unique_id}"
                response_field = create_model_field(
                    name=response_name, type_=model, mode="serialization"
                )
                response_fields[additional_status_code] = response_field
        if response_fields:
            self.response_fields: dict[int | str, ModelField] = response_fields
        else:
            self.response_fields = {}
    
        assert callable(endpoint), "An endpoint must be a callable"
>       self.dependant = get_dependant(
            path=self.path_format, call=self.endpoint, scope="function"
        )

C:\Users\lenovo\AppData\Roaming\Python\Python313\site-packages\fastapi\routing.py:665: 
_ _ _ _ _ _ _ _ _ _ _ _ _ _ _ _ _ _ _ _ _ _ _ _ _ _ _ _ _ _ _ _ _ _ _ _ _ _ _ _

    def get_dependant(
        *,
        path: str,
        call: Callable[..., Any],
        name: str | None = None,
        own_oauth_scopes: list[str] | None = None,
        parent_oauth_scopes: list[str] | None = None,
        use_cache: bool = True,
        scope: Literal["function", "request"] | None = None,
    ) -> Dependant:
        dependant = Dependant(
            call=call,
            name=name,
            path=path,
            use_cache=use_cache,
            scope=scope,
            own_oauth_scopes=own_oauth_scopes,
            parent_oauth_scopes=parent_oauth_scopes,
        )
        current_scopes = (parent_oauth_scopes or []) + (own_oauth_scopes or [])
        path_param_names = get_path_param_names(path)
        endpoint_signature = get_typed_signature(call)
        signature_params = endpoint_signature.parameters
        for param_name, param in signature_params.items():
            is_path_param = param_name in path_param_names
>           param_details = analyze_param(
                param_name=param_name,
                annotation=param.annotation,
                value=param.default,
                is_path_param=is_path_param,
            )

C:\Users\lenovo\AppData\Roaming\Python\Python313\site-packages\fastapi\dependencies\utils.py:279: 
_ _ _ _ _ _ _ _ _ _ _ _ _ _ _ _ _ _ _ _ _ _ _ _ _ _ _ _ _ _ _ _ _ _ _ _ _ _ _ _

    def analyze_param(
        *,
        param_name: str,
        annotation: Any,
        value: Any,
        is_path_param: bool,
    ) -> ParamDetails:
        field_info = None
        depends = None
        type_annotation: Any = Any
        use_annotation: Any = Any
        if is_typealiastype(annotation):
            # unpack in case PEP 695 type syntax is used
            annotation = annotation.__value__
        if annotation is not inspect.Signature.empty:
            use_annotation = annotation
            type_annotation = annotation
        # Extract Annotated info
        if get_origin(use_annotation) is Annotated:
            annotated_args = get_args(annotation)
            type_annotation = annotated_args[0]
            fastapi_annotations = [
                arg
                for arg in annotated_args[1:]
                if isinstance(arg, (FieldInfo, params.Depends))
            ]
            fastapi_specific_annotations = [
                arg
                for arg in fastapi_annotations
                if isinstance(
                    arg,
                    (
                        params.Param,
                        params.Body,
                        params.Depends,
                    ),
                )
            ]
            if fastapi_specific_annotations:
                fastapi_annotation: FieldInfo | params.Depends | None = (
                    fastapi_specific_annotations[-1]
                )
            else:
                fastapi_annotation = None
            # Set default for Annotated FieldInfo
            if isinstance(fastapi_annotation, FieldInfo):
                # Copy `field_info` because we mutate `field_info.default` below.
                field_info = copy_field_info(
                    field_info=fastapi_annotation,
                    annotation=use_annotation,
                )
                assert (
                    field_info.default == Undefined or field_info.default == RequiredParam
                ), (
                    f"`{field_info.__class__.__name__}` default value cannot be set in"
                    f" `Annotated` for {param_name!r}. Set the default value with `=` instead."
                )
                if value is not inspect.Signature.empty:
                    assert not is_path_param, "Path parameters cannot have default values"
                    field_info.default = value
                else:
                    field_info.default = RequiredParam
            # Get Annotated Depends
            elif isinstance(fastapi_annotation, params.Depends):
                depends = fastapi_annotation
        # Get Depends from default value
        if isinstance(value, params.Depends):
            assert depends is None, (
                "Cannot specify `Depends` in `Annotated` and default value"
                f" together for {param_name!r}"
            )
            assert field_info is None, (
                "Cannot specify a FastAPI annotation in `Annotated` and `Depends` as a"
                f" default value together for {param_name!r}"
            )
            depends = value
        # Get FieldInfo from default value
        elif isinstance(value, FieldInfo):
            assert field_info is None, (
                "Cannot specify FastAPI annotations in `Annotated` and default value"
                f" together for {param_name!r}"
            )
            field_info = value
            if isinstance(field_info, FieldInfo):
                field_info.annotation = type_annotation
    
        # Get Depends from type annotation
        if depends is not None and depends.dependency is None:
            # Copy `depends` before mutating it
            depends = copy(depends)
            depends = dataclasses.replace(depends, dependency=type_annotation)
    
        # Handle non-param type annotations like Request
        # Only apply special handling when there's no explicit Depends - if there's a Depends,
        # the dependency will be called and its return value used instead of the special injection
        if depends is None and lenient_issubclass(
            type_annotation,
            (
                Request,
                WebSocket,
                HTTPConnection,
                Response,
                StarletteBackgroundTasks,
                SecurityScopes,
            ),
        ):
            assert field_info is None, (
                f"Cannot specify FastAPI annotation for type {type_annotation!r}"
            )
        # Handle default assignations, neither field_info nor depends was not found in Annotated nor default value
        elif field_info is None and depends is None:
            default_value = value if value is not inspect.Signature.empty else RequiredParam
            if is_path_param:
                # We might check here that `default_value is RequiredParam`, but the fact is that the same
                # parameter might sometimes be a path parameter and sometimes not. See
                # `tests/test_infer_param_optionality.py` for an example.
                field_info = params.Path(annotation=use_annotation)
            elif is_uploadfile_or_nonable_uploadfile_annotation(
                type_annotation
            ) or is_uploadfile_sequence_annotation(type_annotation):
                field_info = params.File(annotation=use_annotation, default=default_value)
            elif not field_annotation_is_scalar(annotation=type_annotation):
                field_info = params.Body(annotation=use_annotation, default=default_value)
            else:
                field_info = params.Query(annotation=use_annotation, default=default_value)
    
        field = None
        # It's a field_info, not a dependency
        if field_info is not None:
            # Handle field_info.in_
            if is_path_param:
                assert isinstance(field_info, params.Path), (
                    f"Cannot use `{field_info.__class__.__name__}` for path param"
                    f" {param_name!r}"
                )
            elif (
                isinstance(field_info, params.Param)
                and getattr(field_info, "in_", None) is None
            ):
                field_info.in_ = params.ParamTypes.query
            use_annotation_from_field_info = use_annotation
            if isinstance(field_info, params.Form):
>               ensure_multipart_is_installed()

C:\Users\lenovo\AppData\Roaming\Python\Python313\site-packages\fastapi\dependencies\utils.py:502: 
_ _ _ _ _ _ _ _ _ _ _ _ _ _ _ _ _ _ _ _ _ _ _ _ _ _ _ _ _ _ _ _ _ _ _ _ _ _ _ _

    def ensure_multipart_is_installed() -> None:
        try:
            from python_multipart import __version__
    
            # Import an attribute that can be mocked/deleted in testing
            assert __version__ > "0.0.12"
        except (ImportError, AssertionError):
            try:
                # __version__ is available in both multiparts, and can be mocked
                from multipart import __version__  # type: ignore[no-redef,import-untyped]
    
                assert __version__
                try:
                    # parse_options_header is only available in the right multipart
                    from multipart.multipart import (  # type: ignore[import-untyped]
                        parse_options_header,
                    )
    
                    assert parse_options_header
                except ImportError:
                    logger.error(multipart_incorrect_install_error)
                    raise RuntimeError(multipart_incorrect_install_error) from None
            except ImportError:
                logger.error(multipart_not_installed_error)
>               raise RuntimeError(multipart_not_installed_error) from None
E               RuntimeError: Form data requires "python-multipart" to be installed. 
E               You can install "python-multipart" with: 
E               
E               pip install python-multipart

C:\Users\lenovo\AppData\Roaming\Python\Python313\site-packages\fastapi\dependencies\utils.py:108: RuntimeError
----------------------------- Captured log setup ------------------------------
ERROR    fastapi:utils.py:107 Form data requires "python-multipart" to be installed. 
You can install "python-multipart" with: 

pip install python-multipart
______ ERROR at setup of TestLogMeal.test_log_meal_missing_user_id_fails ______

    @pytest.fixture
    def client():
        """TestClient with mocked Supabase and mocked LangGraph pipeline."""
        mock_sb = _make_mock_supabase()
    
        # Mock nutrition_graph.invoke for /log-meal
        mock_graph_result = {
            "nutrition": {"calories": 350.0, "protein": 18.0, "carbs": 58.0, "fat": 8.0},
            "recommendation": "Try dal and roti for dinner!",
        }
        mock_graph = MagicMock()
        mock_graph.invoke.return_value = mock_graph_result
    
>       with patch("main.get_supabase_client", return_value=mock_sb):
             ^^^^^^^^^^^^^^^^^^^^^^^^^^^^^^^^^^^^^^^^^^^^^^^^^^^^^^^

tests\test_routes.py:95: 
_ _ _ _ _ _ _ _ _ _ _ _ _ _ _ _ _ _ _ _ _ _ _ _ _ _ _ _ _ _ _ _ _ _ _ _ _ _ _ _

self = <unittest.mock._patch object at 0x00000246C4C8B5B0>

    def __enter__(self):
        """Perform the patch."""
        if self.is_started:
            raise RuntimeError("Patch is already started")
    
        new, spec, spec_set = self.new, self.spec, self.spec_set
        autospec, kwargs = self.autospec, self.kwargs
        new_callable = self.new_callable
>       self.target = self.getter()
                      ^^^^^^^^^^^^^

C:\Python313\Lib\unittest\mock.py:1479: 
_ _ _ _ _ _ _ _ _ _ _ _ _ _ _ _ _ _ _ _ _ _ _ _ _ _ _ _ _ _ _ _ _ _ _ _ _ _ _ _

name = 'main'

    def resolve_name(name):
        """
        Resolve a name to an object.
    
        It is expected that `name` will be a string in one of the following
        formats, where W is shorthand for a valid Python identifier and dot stands
        for a literal period in these pseudo-regexes:
    
        W(.W)*
        W(.W)*:(W(.W)*)?
    
        The first form is intended for backward compatibility only. It assumes that
        some part of the dotted name is a package, and the rest is an object
        somewhere within that package, possibly nested inside other objects.
        Because the place where the package stops and the object hierarchy starts
        can't be inferred by inspection, repeated attempts to import must be done
        with this form.
    
        In the second form, the caller makes the division point clear through the
        provision of a single colon: the dotted name to the left of the colon is a
        package to be imported, and the dotted name to the right is the object
        hierarchy within that package. Only one import is needed in this form. If
        it ends with the colon, then a module object is returned.
    
        The function will return an object (which might be a module), or raise one
        of the following exceptions:
    
        ValueError - if `name` isn't in a recognised format
        ImportError - if an import failed when it shouldn't have
        AttributeError - if a failure occurred when traversing the object hierarchy
                         within the imported package to get to the desired object.
        """
        global _NAME_PATTERN
        if _NAME_PATTERN is None:
            # Lazy import to speedup Python startup time
            import re
            dotted_words = r'(?!\d)(\w+)(\.(?!\d)(\w+))*'
            _NAME_PATTERN = re.compile(f'^(?P<pkg>{dotted_words})'
                                       f'(?P<cln>:(?P<obj>{dotted_words})?)?$',
                                       re.UNICODE)
    
        m = _NAME_PATTERN.match(name)
        if not m:
            raise ValueError(f'invalid format: {name!r}')
        gd = m.groupdict()
        if gd.get('cln'):
            # there is a colon - a one-step import is all that's needed
            mod = importlib.import_module(gd['pkg'])
            parts = gd.get('obj')
            parts = parts.split('.') if parts else []
        else:
            # no colon - have to iterate to find the package boundary
            parts = name.split('.')
            modname = parts.pop(0)
            # first part *must* be a module/package.
>           mod = importlib.import_module(modname)
                  ^^^^^^^^^^^^^^^^^^^^^^^^^^^^^^^^

C:\Python313\Lib\pkgutil.py:513: 
_ _ _ _ _ _ _ _ _ _ _ _ _ _ _ _ _ _ _ _ _ _ _ _ _ _ _ _ _ _ _ _ _ _ _ _ _ _ _ _

name = 'main', package = None

    def import_module(name, package=None):
        """Import a module.
    
        The 'package' argument is required when performing a relative import. It
        specifies the package to use as the anchor point from which to resolve the
        relative import to an absolute import.
    
        """
        level = 0
        if name.startswith('.'):
            if not package:
                raise TypeError("the 'package' argument is required to perform a "
                                f"relative import for {name!r}")
            for character in name:
                if character != '.':
                    break
                level += 1
>       return _bootstrap._gcd_import(name[level:], package, level)
               ^^^^^^^^^^^^^^^^^^^^^^^^^^^^^^^^^^^^^^^^^^^^^^^^^^^^

C:\Python313\Lib\importlib\__init__.py:88: 
_ _ _ _ _ _ _ _ _ _ _ _ _ _ _ _ _ _ _ _ _ _ _ _ _ _ _ _ _ _ _ _ _ _ _ _ _ _ _ _

name = 'main', package = None, level = 0

>   ???

<frozen importlib._bootstrap>:1387: 
_ _ _ _ _ _ _ _ _ _ _ _ _ _ _ _ _ _ _ _ _ _ _ _ _ _ _ _ _ _ _ _ _ _ _ _ _ _ _ _

name = 'main', import_ = <function _gcd_import at 0x00000246FDE604A0>

>   ???

<frozen importlib._bootstrap>:1360: 
_ _ _ _ _ _ _ _ _ _ _ _ _ _ _ _ _ _ _ _ _ _ _ _ _ _ _ _ _ _ _ _ _ _ _ _ _ _ _ _

name = 'main', import_ = <function _gcd_import at 0x00000246FDE604A0>

>   ???

<frozen importlib._bootstrap>:1331: 
_ _ _ _ _ _ _ _ _ _ _ _ _ _ _ _ _ _ _ _ _ _ _ _ _ _ _ _ _ _ _ _ _ _ _ _ _ _ _ _

spec = ModuleSpec(name='main', loader=<_frozen_importlib_external.SourceFileLoader object at 0x00000246C36BCE30>, origin='E:\\My Projects\\Nutrition app\\nutrition-tracker\\backend\\main.py')

>   ???

<frozen importlib._bootstrap>:935: 
_ _ _ _ _ _ _ _ _ _ _ _ _ _ _ _ _ _ _ _ _ _ _ _ _ _ _ _ _ _ _ _ _ _ _ _ _ _ _ _

self = <_frozen_importlib_external.SourceFileLoader object at 0x00000246C36BCE30>
module = <module 'main' from 'E:\\My Projects\\Nutrition app\\nutrition-tracker\\backend\\main.py'>

>   ???

<frozen importlib._bootstrap_external>:1026: 
_ _ _ _ _ _ _ _ _ _ _ _ _ _ _ _ _ _ _ _ _ _ _ _ _ _ _ _ _ _ _ _ _ _ _ _ _ _ _ _

f = <built-in function exec>
args = (<code object <module> at 0x00000246BF53FBF0, file "E:\My Projects\Nutrition app\nutrition-tracker\backend\main.py", l...RSMiddleware'>, 'FastAPI': <class 'fastapi.applications.FastAPI'>, 'File': <function File at 0x00000246837B4AE0>, ...})
kwds = {}

>   ???

<frozen importlib._bootstrap>:488: 
_ _ _ _ _ _ _ _ _ _ _ _ _ _ _ _ _ _ _ _ _ _ _ _ _ _ _ _ _ _ _ _ _ _ _ _ _ _ _ _

    """
    Main entry point for the Nutrition Tracker API (FastAPI).
    
    Routes defined here:
      POST /log-meal          û Accepts text/image input, runs nutrition_graph, returns nutrition+recommendation
      POST /log-exercise      û Logs an exercise session and returns kcal burned via MET-based formula
      GET  /daily-summary     û Returns today's daily_logs row joined with daily_goals for a user
      GET  /leaderboard       û Returns all six users ranked by today's calorie intake (desc)
      POST /calculate-goals   û Computes macro/calorie goals via MifflinûSt Jeor and upserts to daily_goals
      GET  /suggestions       û Returns the latest recommendation stored in daily_logs for a user
    
    Supabase project reference: hyejucwqghkujckoshbr
    """
    
    import os
    import io
    import math
    import tempfile
    from datetime import date
    from typing import Optional
    
    from fastapi import FastAPI, HTTPException, UploadFile, File, Form, Query
    from fastapi.middleware.cors import CORSMiddleware
    from pydantic import BaseModel
    from dotenv import load_dotenv
    
    # \u2500\u2500 Load environment variables \u2500\u2500\u2500\u2500\u2500\u2500\u2500\u2500\u2500\u2500\u2500\u2500\u2500\u2500\u2500\u2500\u2500\u2500\u2500\u2500\u2500\u2500\u2500\u2500\u2500\u2500\u2500\u2500\u2500\u2500\u2500\u2500\u2500\u2500\u2500\u2500\u2500\u2500\u2500\u2500\u2500\u2500\u2500\u2500\u2500\u2500\u2500\u2500\u2500
    _dotenv_path = os.path.join(os.path.dirname(__file__), ".env")
    load_dotenv(dotenv_path=_dotenv_path)
    
    # \u2500\u2500 Supabase client \u2500\u2500\u2500\u2500\u2500\u2500\u2500\u2500\u2500\u2500\u2500\u2500\u2500\u2500\u2500\u2500\u2500\u2500\u2500\u2500\u2500\u2500\u2500\u2500\u2500\u2500\u2500\u2500\u2500\u2500\u2500\u2500\u2500\u2500\u2500\u2500\u2500\u2500\u2500\u2500\u2500\u2500\u2500\u2500\u2500\u2500\u2500\u2500\u2500\u2500\u2500\u2500\u2500\u2500\u2500\u2500\u2500\u2500\u2500\u2500
    from database.supabase_client import get_supabase_client
    
    # \u2500\u2500 LangGraph nutrition pipeline \u2500\u2500\u2500\u2500\u2500\u2500\u2500\u2500\u2500\u2500\u2500\u2500\u2500\u2500\u2500\u2500\u2500\u2500\u2500\u2500\u2500\u2500\u2500\u2500\u2500\u2500\u2500\u2500\u2500\u2500\u2500\u2500\u2500\u2500\u2500\u2500\u2500\u2500\u2500\u2500\u2500\u2500\u2500\u2500\u2500\u2500\u2500
    from agents.graph import nutrition_graph
    from agents.state import default_nutrition_state
    
    # \u2500\u2500 FastAPI app \u2500\u2500\u2500\u2500\u2500\u2500\u2500\u2500\u2500\u2500\u2500\u2500\u2500\u2500\u2500\u2500\u2500\u2500\u2500\u2500\u2500\u2500\u2500\u2500\u2500\u2500\u2500\u2500\u2500\u2500\u2500\u2500\u2500\u2500\u2500\u2500\u2500\u2500\u2500\u2500\u2500\u2500\u2500\u2500\u2500\u2500\u2500\u2500\u2500\u2500\u2500\u2500\u2500\u2500\u2500\u2500\u2500\u2500\u2500\u2500\u2500\u2500\u2500\u2500
    app = FastAPI(
        title="Nutrition Tracker API",
        description=(
            "Backend API for the AI-powered Nutrition Tracker. "
            "Handles meal logging via LangGraph, exercise tracking, "
            "daily summaries, leaderboards, goal calculation, and suggestion retrieval. "
            "Supabase project: hyejucwqghkujckoshbr"
        ),
        version="1.0.0",
    )
    
    # \u2500\u2500 CORS (local prototype \u2014 allow everything) \u2500\u2500\u2500\u2500\u2500\u2500\u2500\u2500\u2500\u2500\u2500\u2500\u2500\u2500\u2500\u2500\u2500\u2500\u2500\u2500\u2500\u2500\u2500\u2500\u2500\u2500\u2500\u2500\u2500\u2500\u2500\u2500\u2500\u2500
    app.add_middleware(
        CORSMiddleware,
        allow_origins=["*"],
        allow_credentials=True,
        allow_methods=["*"],
        allow_headers=["*"],
    )
    
    # \u2500\u2500 Global: preloaded Keras food-classifier model \u2500\u2500\u2500\u2500\u2500\u2500\u2500\u2500\u2500\u2500\u2500\u2500\u2500\u2500\u2500\u2500\u2500\u2500\u2500\u2500\u2500\u2500\u2500\u2500\u2500\u2500\u2500\u2500\u2500\u2500
    _food_classifier = None   # set during startup; None when model file is absent
    
    
    @app.on_event("startup")
    async def startup_event():
        """
        Runs once when the server boots.
        1. Ensures .env is loaded (redundant but defensive).
        2. Preloads the Keras food-classifier so the first request doesn't pay the
           cold-start penalty.  If the model file is missing, a warning is printed
           and the server continues ù routes that don't use the classifier still work.
        """
        global _food_classifier
    
        load_dotenv(dotenv_path=_dotenv_path)
    
        model_path = os.path.join(os.path.dirname(__file__), "models", "food_classifier.keras")
        if os.path.exists(model_path):
            try:
                import tensorflow as tf  # imported lazily so the app starts without TF if unneeded
                _food_classifier = tf.keras.models.load_model(model_path)
                print(f"[startup] Food classifier loaded from '{model_path}'.")
            except Exception as exc:
                print(f"[startup] WARNING û could not load food classifier: {exc}")
        else:
            print(
                f"[startup] WARNING û model file not found at '{model_path}'. "
                "Image-based food classification will be unavailable."
            )
    
    
    # \u2550\u2550\u2550\u2550\u2550\u2550\u2550\u2550\u2550\u2550\u2550\u2550\u2550\u2550\u2550\u2550\u2550\u2550\u2550\u2550\u2550\u2550\u2550\u2550\u2550\u2550\u2550\u2550\u2550\u2550\u2550\u2550\u2550\u2550\u2550\u2550\u2550\u2550\u2550\u2550\u2550\u2550\u2550\u2550\u2550\u2550\u2550\u2550\u2550\u2550\u2550\u2550\u2550\u2550\u2550\u2550\u2550\u2550\u2550\u2550\u2550\u2550\u2550\u2550\u2550\u2550\u2550\u2550\u2550\u2550\u2550\u2550\u2550\u2550\u2550\u2550\u2550\u2550
    # Route 1 û POST /log-meal
    # \u2550\u2550\u2550\u2550\u2550\u2550\u2550\u2550\u2550\u2550\u2550\u2550\u2550\u2550\u2550\u2550\u2550\u2550\u2550\u2550\u2550\u2550\u2550\u2550\u2550\u2550\u2550\u2550\u2550\u2550\u2550\u2550\u2550\u2550\u2550\u2550\u2550\u2550\u2550\u2550\u2550\u2550\u2550\u2550\u2550\u2550\u2550\u2550\u2550\u2550\u2550\u2550\u2550\u2550\u2550\u2550\u2550\u2550\u2550\u2550\u2550\u2550\u2550\u2550\u2550\u2550\u2550\u2550\u2550\u2550\u2550\u2550\u2550\u2550\u2550\u2550\u2550\u2550
    
>   @app.post("/log-meal", summary="Log a meal via text and/or image")
     ^^^^^^^^^^^^^^^^^^^^^^^^^^^^^^^^^^^^^^^^^^^^^^^^^^^^^^^^^^^^^^^^^

main.py:95: 
_ _ _ _ _ _ _ _ _ _ _ _ _ _ _ _ _ _ _ _ _ _ _ _ _ _ _ _ _ _ _ _ _ _ _ _ _ _ _ _

func = <function log_meal at 0x00000246C36B8C20>

    def decorator(func: DecoratedCallable) -> DecoratedCallable:
>       self.add_api_route(
            path,
            func,
            response_model=response_model,
            status_code=status_code,
            tags=tags,
            dependencies=dependencies,
            summary=summary,
            description=description,
            response_description=response_description,
            responses=responses,
            deprecated=deprecated,
            methods=methods,
            operation_id=operation_id,
            response_model_include=response_model_include,
            response_model_exclude=response_model_exclude,
            response_model_by_alias=response_model_by_alias,
            response_model_exclude_unset=response_model_exclude_unset,
            response_model_exclude_defaults=response_model_exclude_defaults,
            response_model_exclude_none=response_model_exclude_none,
            include_in_schema=include_in_schema,
            response_class=response_class,
            name=name,
            callbacks=callbacks,
            openapi_extra=openapi_extra,
            generate_unique_id_function=generate_unique_id_function,
        )

C:\Users\lenovo\AppData\Roaming\Python\Python313\site-packages\fastapi\routing.py:1125: 
_ _ _ _ _ _ _ _ _ _ _ _ _ _ _ _ _ _ _ _ _ _ _ _ _ _ _ _ _ _ _ _ _ _ _ _ _ _ _ _

self = <fastapi.routing.APIRouter object at 0x00000246C4B18290>
path = '/log-meal', endpoint = <function log_meal at 0x00000246C36B8C20>

    def add_api_route(
        self,
        path: str,
        endpoint: Callable[..., Any],
        *,
        response_model: Any = Default(None),
        status_code: int | None = None,
        tags: list[str | Enum] | None = None,
        dependencies: Sequence[params.Depends] | None = None,
        summary: str | None = None,
        description: str | None = None,
        response_description: str = "Successful Response",
        responses: dict[int | str, dict[str, Any]] | None = None,
        deprecated: bool | None = None,
        methods: set[str] | list[str] | None = None,
        operation_id: str | None = None,
        response_model_include: IncEx | None = None,
        response_model_exclude: IncEx | None = None,
        response_model_by_alias: bool = True,
        response_model_exclude_unset: bool = False,
        response_model_exclude_defaults: bool = False,
        response_model_exclude_none: bool = False,
        include_in_schema: bool = True,
        response_class: type[Response] | DefaultPlaceholder = Default(JSONResponse),
        name: str | None = None,
        route_class_override: type[APIRoute] | None = None,
        callbacks: list[BaseRoute] | None = None,
        openapi_extra: dict[str, Any] | None = None,
        generate_unique_id_function: Callable[[APIRoute], str]
        | DefaultPlaceholder = Default(generate_unique_id),
    ) -> None:
        route_class = route_class_override or self.route_class
        responses = responses or {}
        combined_responses = {**self.responses, **responses}
        current_response_class = get_value_or_default(
            response_class, self.default_response_class
        )
        current_tags = self.tags.copy()
        if tags:
            current_tags.extend(tags)
        current_dependencies = self.dependencies.copy()
        if dependencies:
            current_dependencies.extend(dependencies)
        current_callbacks = self.callbacks.copy()
        if callbacks:
            current_callbacks.extend(callbacks)
        current_generate_unique_id = get_value_or_default(
            generate_unique_id_function, self.generate_unique_id_function
        )
>       route = route_class(
            self.prefix + path,
            endpoint=endpoint,
            response_model=response_model,
            status_code=status_code,
            tags=current_tags,
            dependencies=current_dependencies,
            summary=summary,
            description=description,
            response_description=response_description,
            responses=combined_responses,
            deprecated=deprecated or self.deprecated,
            methods=methods,
            operation_id=operation_id,
            response_model_include=response_model_include,
            response_model_exclude=response_model_exclude,
            response_model_by_alias=response_model_by_alias,
            response_model_exclude_unset=response_model_exclude_unset,
            response_model_exclude_defaults=response_model_exclude_defaults,
            response_model_exclude_none=response_model_exclude_none,
            include_in_schema=include_in_schema and self.include_in_schema,
            response_class=current_response_class,
            name=name,
            dependency_overrides_provider=self.dependency_overrides_provider,
            callbacks=current_callbacks,
            openapi_extra=openapi_extra,
            generate_unique_id_function=current_generate_unique_id,
        )

C:\Users\lenovo\AppData\Roaming\Python\Python313\site-packages\fastapi\routing.py:1064: 
_ _ _ _ _ _ _ _ _ _ _ _ _ _ _ _ _ _ _ _ _ _ _ _ _ _ _ _ _ _ _ _ _ _ _ _ _ _ _ _

self = APIRoute(path='/log-meal', name='log_meal', methods=['POST'])
path = '/log-meal', endpoint = <function log_meal at 0x00000246C36B8C20>

    def __init__(
        self,
        path: str,
        endpoint: Callable[..., Any],
        *,
        response_model: Any = Default(None),
        status_code: int | None = None,
        tags: list[str | Enum] | None = None,
        dependencies: Sequence[params.Depends] | None = None,
        summary: str | None = None,
        description: str | None = None,
        response_description: str = "Successful Response",
        responses: dict[int | str, dict[str, Any]] | None = None,
        deprecated: bool | None = None,
        name: str | None = None,
        methods: set[str] | list[str] | None = None,
        operation_id: str | None = None,
        response_model_include: IncEx | None = None,
        response_model_exclude: IncEx | None = None,
        response_model_by_alias: bool = True,
        response_model_exclude_unset: bool = False,
        response_model_exclude_defaults: bool = False,
        response_model_exclude_none: bool = False,
        include_in_schema: bool = True,
        response_class: type[Response] | DefaultPlaceholder = Default(JSONResponse),
        dependency_overrides_provider: Any | None = None,
        callbacks: list[BaseRoute] | None = None,
        openapi_extra: dict[str, Any] | None = None,
        generate_unique_id_function: Callable[["APIRoute"], str]
        | DefaultPlaceholder = Default(generate_unique_id),
    ) -> None:
        self.path = path
        self.endpoint = endpoint
        if isinstance(response_model, DefaultPlaceholder):
            return_annotation = get_typed_return_annotation(endpoint)
            if lenient_issubclass(return_annotation, Response):
                response_model = None
            else:
                response_model = return_annotation
        self.response_model = response_model
        self.summary = summary
        self.response_description = response_description
        self.deprecated = deprecated
        self.operation_id = operation_id
        self.response_model_include = response_model_include
        self.response_model_exclude = response_model_exclude
        self.response_model_by_alias = response_model_by_alias
        self.response_model_exclude_unset = response_model_exclude_unset
        self.response_model_exclude_defaults = response_model_exclude_defaults
        self.response_model_exclude_none = response_model_exclude_none
        self.include_in_schema = include_in_schema
        self.response_class = response_class
        self.dependency_overrides_provider = dependency_overrides_provider
        self.callbacks = callbacks
        self.openapi_extra = openapi_extra
        self.generate_unique_id_function = generate_unique_id_function
        self.tags = tags or []
        self.responses = responses or {}
        self.name = get_name(endpoint) if name is None else name
        self.path_regex, self.path_format, self.param_convertors = compile_path(path)
        if methods is None:
            methods = ["GET"]
        self.methods: set[str] = {method.upper() for method in methods}
        if isinstance(generate_unique_id_function, DefaultPlaceholder):
            current_generate_unique_id: Callable[[APIRoute], str] = (
                generate_unique_id_function.value
            )
        else:
            current_generate_unique_id = generate_unique_id_function
        self.unique_id = self.operation_id or current_generate_unique_id(self)
        # normalize enums e.g. http.HTTPStatus
        if isinstance(status_code, IntEnum):
            status_code = int(status_code)
        self.status_code = status_code
        if self.response_model:
            assert is_body_allowed_for_status_code(status_code), (
                f"Status code {status_code} must not have a response body"
            )
            response_name = "Response_" + self.unique_id
            self.response_field = create_model_field(
                name=response_name,
                type_=self.response_model,
                mode="serialization",
            )
        else:
            self.response_field = None  # type: ignore
        self.dependencies = list(dependencies or [])
        self.description = description or inspect.cleandoc(self.endpoint.__doc__ or "")
        # if a "form feed" character (page break) is found in the description text,
        # truncate description text to the content preceding the first "form feed"
        self.description = self.description.split("\f")[0].strip()
        response_fields = {}
        for additional_status_code, response in self.responses.items():
            assert isinstance(response, dict), "An additional response must be a dict"
            model = response.get("model")
            if model:
                assert is_body_allowed_for_status_code(additional_status_code), (
                    f"Status code {additional_status_code} must not have a response body"
                )
                response_name = f"Response_{additional_status_code}_{self.unique_id}"
                response_field = create_model_field(
                    name=response_name, type_=model, mode="serialization"
                )
                response_fields[additional_status_code] = response_field
        if response_fields:
            self.response_fields: dict[int | str, ModelField] = response_fields
        else:
            self.response_fields = {}
    
        assert callable(endpoint), "An endpoint must be a callable"
>       self.dependant = get_dependant(
            path=self.path_format, call=self.endpoint, scope="function"
        )

C:\Users\lenovo\AppData\Roaming\Python\Python313\site-packages\fastapi\routing.py:665: 
_ _ _ _ _ _ _ _ _ _ _ _ _ _ _ _ _ _ _ _ _ _ _ _ _ _ _ _ _ _ _ _ _ _ _ _ _ _ _ _

    def get_dependant(
        *,
        path: str,
        call: Callable[..., Any],
        name: str | None = None,
        own_oauth_scopes: list[str] | None = None,
        parent_oauth_scopes: list[str] | None = None,
        use_cache: bool = True,
        scope: Literal["function", "request"] | None = None,
    ) -> Dependant:
        dependant = Dependant(
            call=call,
            name=name,
            path=path,
            use_cache=use_cache,
            scope=scope,
            own_oauth_scopes=own_oauth_scopes,
            parent_oauth_scopes=parent_oauth_scopes,
        )
        current_scopes = (parent_oauth_scopes or []) + (own_oauth_scopes or [])
        path_param_names = get_path_param_names(path)
        endpoint_signature = get_typed_signature(call)
        signature_params = endpoint_signature.parameters
        for param_name, param in signature_params.items():
            is_path_param = param_name in path_param_names
>           param_details = analyze_param(
                param_name=param_name,
                annotation=param.annotation,
                value=param.default,
                is_path_param=is_path_param,
            )

C:\Users\lenovo\AppData\Roaming\Python\Python313\site-packages\fastapi\dependencies\utils.py:279: 
_ _ _ _ _ _ _ _ _ _ _ _ _ _ _ _ _ _ _ _ _ _ _ _ _ _ _ _ _ _ _ _ _ _ _ _ _ _ _ _

    def analyze_param(
        *,
        param_name: str,
        annotation: Any,
        value: Any,
        is_path_param: bool,
    ) -> ParamDetails:
        field_info = None
        depends = None
        type_annotation: Any = Any
        use_annotation: Any = Any
        if is_typealiastype(annotation):
            # unpack in case PEP 695 type syntax is used
            annotation = annotation.__value__
        if annotation is not inspect.Signature.empty:
            use_annotation = annotation
            type_annotation = annotation
        # Extract Annotated info
        if get_origin(use_annotation) is Annotated:
            annotated_args = get_args(annotation)
            type_annotation = annotated_args[0]
            fastapi_annotations = [
                arg
                for arg in annotated_args[1:]
                if isinstance(arg, (FieldInfo, params.Depends))
            ]
            fastapi_specific_annotations = [
                arg
                for arg in fastapi_annotations
                if isinstance(
                    arg,
                    (
                        params.Param,
                        params.Body,
                        params.Depends,
                    ),
                )
            ]
            if fastapi_specific_annotations:
                fastapi_annotation: FieldInfo | params.Depends | None = (
                    fastapi_specific_annotations[-1]
                )
            else:
                fastapi_annotation = None
            # Set default for Annotated FieldInfo
            if isinstance(fastapi_annotation, FieldInfo):
                # Copy `field_info` because we mutate `field_info.default` below.
                field_info = copy_field_info(
                    field_info=fastapi_annotation,
                    annotation=use_annotation,
                )
                assert (
                    field_info.default == Undefined or field_info.default == RequiredParam
                ), (
                    f"`{field_info.__class__.__name__}` default value cannot be set in"
                    f" `Annotated` for {param_name!r}. Set the default value with `=` instead."
                )
                if value is not inspect.Signature.empty:
                    assert not is_path_param, "Path parameters cannot have default values"
                    field_info.default = value
                else:
                    field_info.default = RequiredParam
            # Get Annotated Depends
            elif isinstance(fastapi_annotation, params.Depends):
                depends = fastapi_annotation
        # Get Depends from default value
        if isinstance(value, params.Depends):
            assert depends is None, (
                "Cannot specify `Depends` in `Annotated` and default value"
                f" together for {param_name!r}"
            )
            assert field_info is None, (
                "Cannot specify a FastAPI annotation in `Annotated` and `Depends` as a"
                f" default value together for {param_name!r}"
            )
            depends = value
        # Get FieldInfo from default value
        elif isinstance(value, FieldInfo):
            assert field_info is None, (
                "Cannot specify FastAPI annotations in `Annotated` and default value"
                f" together for {param_name!r}"
            )
            field_info = value
            if isinstance(field_info, FieldInfo):
                field_info.annotation = type_annotation
    
        # Get Depends from type annotation
        if depends is not None and depends.dependency is None:
            # Copy `depends` before mutating it
            depends = copy(depends)
            depends = dataclasses.replace(depends, dependency=type_annotation)
    
        # Handle non-param type annotations like Request
        # Only apply special handling when there's no explicit Depends - if there's a Depends,
        # the dependency will be called and its return value used instead of the special injection
        if depends is None and lenient_issubclass(
            type_annotation,
            (
                Request,
                WebSocket,
                HTTPConnection,
                Response,
                StarletteBackgroundTasks,
                SecurityScopes,
            ),
        ):
            assert field_info is None, (
                f"Cannot specify FastAPI annotation for type {type_annotation!r}"
            )
        # Handle default assignations, neither field_info nor depends was not found in Annotated nor default value
        elif field_info is None and depends is None:
            default_value = value if value is not inspect.Signature.empty else RequiredParam
            if is_path_param:
                # We might check here that `default_value is RequiredParam`, but the fact is that the same
                # parameter might sometimes be a path parameter and sometimes not. See
                # `tests/test_infer_param_optionality.py` for an example.
                field_info = params.Path(annotation=use_annotation)
            elif is_uploadfile_or_nonable_uploadfile_annotation(
                type_annotation
            ) or is_uploadfile_sequence_annotation(type_annotation):
                field_info = params.File(annotation=use_annotation, default=default_value)
            elif not field_annotation_is_scalar(annotation=type_annotation):
                field_info = params.Body(annotation=use_annotation, default=default_value)
            else:
                field_info = params.Query(annotation=use_annotation, default=default_value)
    
        field = None
        # It's a field_info, not a dependency
        if field_info is not None:
            # Handle field_info.in_
            if is_path_param:
                assert isinstance(field_info, params.Path), (
                    f"Cannot use `{field_info.__class__.__name__}` for path param"
                    f" {param_name!r}"
                )
            elif (
                isinstance(field_info, params.Param)
                and getattr(field_info, "in_", None) is None
            ):
                field_info.in_ = params.ParamTypes.query
            use_annotation_from_field_info = use_annotation
            if isinstance(field_info, params.Form):
>               ensure_multipart_is_installed()

C:\Users\lenovo\AppData\Roaming\Python\Python313\site-packages\fastapi\dependencies\utils.py:502: 
_ _ _ _ _ _ _ _ _ _ _ _ _ _ _ _ _ _ _ _ _ _ _ _ _ _ _ _ _ _ _ _ _ _ _ _ _ _ _ _

    def ensure_multipart_is_installed() -> None:
        try:
            from python_multipart import __version__
    
            # Import an attribute that can be mocked/deleted in testing
            assert __version__ > "0.0.12"
        except (ImportError, AssertionError):
            try:
                # __version__ is available in both multiparts, and can be mocked
                from multipart import __version__  # type: ignore[no-redef,import-untyped]
    
                assert __version__
                try:
                    # parse_options_header is only available in the right multipart
                    from multipart.multipart import (  # type: ignore[import-untyped]
                        parse_options_header,
                    )
    
                    assert parse_options_header
                except ImportError:
                    logger.error(multipart_incorrect_install_error)
                    raise RuntimeError(multipart_incorrect_install_error) from None
            except ImportError:
                logger.error(multipart_not_installed_error)
>               raise RuntimeError(multipart_not_installed_error) from None
E               RuntimeError: Form data requires "python-multipart" to be installed. 
E               You can install "python-multipart" with: 
E               
E               pip install python-multipart

C:\Users\lenovo\AppData\Roaming\Python\Python313\site-packages\fastapi\dependencies\utils.py:108: RuntimeError
----------------------------- Captured log setup ------------------------------
ERROR    fastapi:utils.py:107 Form data requires "python-multipart" to be installed. 
You can install "python-multipart" with: 

pip install python-multipart
_ ERROR at setup of TestLogExercise.test_running_30_minutes_returns_positive_calories _

    @pytest.fixture
    def client():
        """TestClient with mocked Supabase and mocked LangGraph pipeline."""
        mock_sb = _make_mock_supabase()
    
        # Mock nutrition_graph.invoke for /log-meal
        mock_graph_result = {
            "nutrition": {"calories": 350.0, "protein": 18.0, "carbs": 58.0, "fat": 8.0},
            "recommendation": "Try dal and roti for dinner!",
        }
        mock_graph = MagicMock()
        mock_graph.invoke.return_value = mock_graph_result
    
>       with patch("main.get_supabase_client", return_value=mock_sb):
             ^^^^^^^^^^^^^^^^^^^^^^^^^^^^^^^^^^^^^^^^^^^^^^^^^^^^^^^

tests\test_routes.py:95: 
_ _ _ _ _ _ _ _ _ _ _ _ _ _ _ _ _ _ _ _ _ _ _ _ _ _ _ _ _ _ _ _ _ _ _ _ _ _ _ _

self = <unittest.mock._patch object at 0x00000246C4C899B0>

    def __enter__(self):
        """Perform the patch."""
        if self.is_started:
            raise RuntimeError("Patch is already started")
    
        new, spec, spec_set = self.new, self.spec, self.spec_set
        autospec, kwargs = self.autospec, self.kwargs
        new_callable = self.new_callable
>       self.target = self.getter()
                      ^^^^^^^^^^^^^

C:\Python313\Lib\unittest\mock.py:1479: 
_ _ _ _ _ _ _ _ _ _ _ _ _ _ _ _ _ _ _ _ _ _ _ _ _ _ _ _ _ _ _ _ _ _ _ _ _ _ _ _

name = 'main'

    def resolve_name(name):
        """
        Resolve a name to an object.
    
        It is expected that `name` will be a string in one of the following
        formats, where W is shorthand for a valid Python identifier and dot stands
        for a literal period in these pseudo-regexes:
    
        W(.W)*
        W(.W)*:(W(.W)*)?
    
        The first form is intended for backward compatibility only. It assumes that
        some part of the dotted name is a package, and the rest is an object
        somewhere within that package, possibly nested inside other objects.
        Because the place where the package stops and the object hierarchy starts
        can't be inferred by inspection, repeated attempts to import must be done
        with this form.
    
        In the second form, the caller makes the division point clear through the
        provision of a single colon: the dotted name to the left of the colon is a
        package to be imported, and the dotted name to the right is the object
        hierarchy within that package. Only one import is needed in this form. If
        it ends with the colon, then a module object is returned.
    
        The function will return an object (which might be a module), or raise one
        of the following exceptions:
    
        ValueError - if `name` isn't in a recognised format
        ImportError - if an import failed when it shouldn't have
        AttributeError - if a failure occurred when traversing the object hierarchy
                         within the imported package to get to the desired object.
        """
        global _NAME_PATTERN
        if _NAME_PATTERN is None:
            # Lazy import to speedup Python startup time
            import re
            dotted_words = r'(?!\d)(\w+)(\.(?!\d)(\w+))*'
            _NAME_PATTERN = re.compile(f'^(?P<pkg>{dotted_words})'
                                       f'(?P<cln>:(?P<obj>{dotted_words})?)?$',
                                       re.UNICODE)
    
        m = _NAME_PATTERN.match(name)
        if not m:
            raise ValueError(f'invalid format: {name!r}')
        gd = m.groupdict()
        if gd.get('cln'):
            # there is a colon - a one-step import is all that's needed
            mod = importlib.import_module(gd['pkg'])
            parts = gd.get('obj')
            parts = parts.split('.') if parts else []
        else:
            # no colon - have to iterate to find the package boundary
            parts = name.split('.')
            modname = parts.pop(0)
            # first part *must* be a module/package.
>           mod = importlib.import_module(modname)
                  ^^^^^^^^^^^^^^^^^^^^^^^^^^^^^^^^

C:\Python313\Lib\pkgutil.py:513: 
_ _ _ _ _ _ _ _ _ _ _ _ _ _ _ _ _ _ _ _ _ _ _ _ _ _ _ _ _ _ _ _ _ _ _ _ _ _ _ _

name = 'main', package = None

    def import_module(name, package=None):
        """Import a module.
    
        The 'package' argument is required when performing a relative import. It
        specifies the package to use as the anchor point from which to resolve the
        relative import to an absolute import.
    
        """
        level = 0
        if name.startswith('.'):
            if not package:
                raise TypeError("the 'package' argument is required to perform a "
                                f"relative import for {name!r}")
            for character in name:
                if character != '.':
                    break
                level += 1
>       return _bootstrap._gcd_import(name[level:], package, level)
               ^^^^^^^^^^^^^^^^^^^^^^^^^^^^^^^^^^^^^^^^^^^^^^^^^^^^

C:\Python313\Lib\importlib\__init__.py:88: 
_ _ _ _ _ _ _ _ _ _ _ _ _ _ _ _ _ _ _ _ _ _ _ _ _ _ _ _ _ _ _ _ _ _ _ _ _ _ _ _

name = 'main', package = None, level = 0

>   ???

<frozen importlib._bootstrap>:1387: 
_ _ _ _ _ _ _ _ _ _ _ _ _ _ _ _ _ _ _ _ _ _ _ _ _ _ _ _ _ _ _ _ _ _ _ _ _ _ _ _

name = 'main', import_ = <function _gcd_import at 0x00000246FDE604A0>

>   ???

<frozen importlib._bootstrap>:1360: 
_ _ _ _ _ _ _ _ _ _ _ _ _ _ _ _ _ _ _ _ _ _ _ _ _ _ _ _ _ _ _ _ _ _ _ _ _ _ _ _

name = 'main', import_ = <function _gcd_import at 0x00000246FDE604A0>

>   ???

<frozen importlib._bootstrap>:1331: 
_ _ _ _ _ _ _ _ _ _ _ _ _ _ _ _ _ _ _ _ _ _ _ _ _ _ _ _ _ _ _ _ _ _ _ _ _ _ _ _

spec = ModuleSpec(name='main', loader=<_frozen_importlib_external.SourceFileLoader object at 0x00000246C367CBF0>, origin='E:\\My Projects\\Nutrition app\\nutrition-tracker\\backend\\main.py')

>   ???

<frozen importlib._bootstrap>:935: 
_ _ _ _ _ _ _ _ _ _ _ _ _ _ _ _ _ _ _ _ _ _ _ _ _ _ _ _ _ _ _ _ _ _ _ _ _ _ _ _

self = <_frozen_importlib_external.SourceFileLoader object at 0x00000246C367CBF0>
module = <module 'main' from 'E:\\My Projects\\Nutrition app\\nutrition-tracker\\backend\\main.py'>

>   ???

<frozen importlib._bootstrap_external>:1026: 
_ _ _ _ _ _ _ _ _ _ _ _ _ _ _ _ _ _ _ _ _ _ _ _ _ _ _ _ _ _ _ _ _ _ _ _ _ _ _ _

f = <built-in function exec>
args = (<code object <module> at 0x00000246BF53C700, file "E:\My Projects\Nutrition app\nutrition-tracker\backend\main.py", l...RSMiddleware'>, 'FastAPI': <class 'fastapi.applications.FastAPI'>, 'File': <function File at 0x00000246837B4AE0>, ...})
kwds = {}

>   ???

<frozen importlib._bootstrap>:488: 
_ _ _ _ _ _ _ _ _ _ _ _ _ _ _ _ _ _ _ _ _ _ _ _ _ _ _ _ _ _ _ _ _ _ _ _ _ _ _ _

    """
    Main entry point for the Nutrition Tracker API (FastAPI).
    
    Routes defined here:
      POST /log-meal          û Accepts text/image input, runs nutrition_graph, returns nutrition+recommendation
      POST /log-exercise      û Logs an exercise session and returns kcal burned via MET-based formula
      GET  /daily-summary     û Returns today's daily_logs row joined with daily_goals for a user
      GET  /leaderboard       û Returns all six users ranked by today's calorie intake (desc)
      POST /calculate-goals   û Computes macro/calorie goals via MifflinûSt Jeor and upserts to daily_goals
      GET  /suggestions       û Returns the latest recommendation stored in daily_logs for a user
    
    Supabase project reference: hyejucwqghkujckoshbr
    """
    
    import os
    import io
    import math
    import tempfile
    from datetime import date
    from typing import Optional
    
    from fastapi import FastAPI, HTTPException, UploadFile, File, Form, Query
    from fastapi.middleware.cors import CORSMiddleware
    from pydantic import BaseModel
    from dotenv import load_dotenv
    
    # \u2500\u2500 Load environment variables \u2500\u2500\u2500\u2500\u2500\u2500\u2500\u2500\u2500\u2500\u2500\u2500\u2500\u2500\u2500\u2500\u2500\u2500\u2500\u2500\u2500\u2500\u2500\u2500\u2500\u2500\u2500\u2500\u2500\u2500\u2500\u2500\u2500\u2500\u2500\u2500\u2500\u2500\u2500\u2500\u2500\u2500\u2500\u2500\u2500\u2500\u2500\u2500\u2500
    _dotenv_path = os.path.join(os.path.dirname(__file__), ".env")
    load_dotenv(dotenv_path=_dotenv_path)
    
    # \u2500\u2500 Supabase client \u2500\u2500\u2500\u2500\u2500\u2500\u2500\u2500\u2500\u2500\u2500\u2500\u2500\u2500\u2500\u2500\u2500\u2500\u2500\u2500\u2500\u2500\u2500\u2500\u2500\u2500\u2500\u2500\u2500\u2500\u2500\u2500\u2500\u2500\u2500\u2500\u2500\u2500\u2500\u2500\u2500\u2500\u2500\u2500\u2500\u2500\u2500\u2500\u2500\u2500\u2500\u2500\u2500\u2500\u2500\u2500\u2500\u2500\u2500\u2500
    from database.supabase_client import get_supabase_client
    
    # \u2500\u2500 LangGraph nutrition pipeline \u2500\u2500\u2500\u2500\u2500\u2500\u2500\u2500\u2500\u2500\u2500\u2500\u2500\u2500\u2500\u2500\u2500\u2500\u2500\u2500\u2500\u2500\u2500\u2500\u2500\u2500\u2500\u2500\u2500\u2500\u2500\u2500\u2500\u2500\u2500\u2500\u2500\u2500\u2500\u2500\u2500\u2500\u2500\u2500\u2500\u2500\u2500
    from agents.graph import nutrition_graph
    from agents.state import default_nutrition_state
    
    # \u2500\u2500 FastAPI app \u2500\u2500\u2500\u2500\u2500\u2500\u2500\u2500\u2500\u2500\u2500\u2500\u2500\u2500\u2500\u2500\u2500\u2500\u2500\u2500\u2500\u2500\u2500\u2500\u2500\u2500\u2500\u2500\u2500\u2500\u2500\u2500\u2500\u2500\u2500\u2500\u2500\u2500\u2500\u2500\u2500\u2500\u2500\u2500\u2500\u2500\u2500\u2500\u2500\u2500\u2500\u2500\u2500\u2500\u2500\u2500\u2500\u2500\u2500\u2500\u2500\u2500\u2500\u2500
    app = FastAPI(
        title="Nutrition Tracker API",
        description=(
            "Backend API for the AI-powered Nutrition Tracker. "
            "Handles meal logging via LangGraph, exercise tracking, "
            "daily summaries, leaderboards, goal calculation, and suggestion retrieval. "
            "Supabase project: hyejucwqghkujckoshbr"
        ),
        version="1.0.0",
    )
    
    # \u2500\u2500 CORS (local prototype \u2014 allow everything) \u2500\u2500\u2500\u2500\u2500\u2500\u2500\u2500\u2500\u2500\u2500\u2500\u2500\u2500\u2500\u2500\u2500\u2500\u2500\u2500\u2500\u2500\u2500\u2500\u2500\u2500\u2500\u2500\u2500\u2500\u2500\u2500\u2500\u2500
    app.add_middleware(
        CORSMiddleware,
        allow_origins=["*"],
        allow_credentials=True,
        allow_methods=["*"],
        allow_headers=["*"],
    )
    
    # \u2500\u2500 Global: preloaded Keras food-classifier model \u2500\u2500\u2500\u2500\u2500\u2500\u2500\u2500\u2500\u2500\u2500\u2500\u2500\u2500\u2500\u2500\u2500\u2500\u2500\u2500\u2500\u2500\u2500\u2500\u2500\u2500\u2500\u2500\u2500\u2500
    _food_classifier = None   # set during startup; None when model file is absent
    
    
    @app.on_event("startup")
    async def startup_event():
        """
        Runs once when the server boots.
        1. Ensures .env is loaded (redundant but defensive).
        2. Preloads the Keras food-classifier so the first request doesn't pay the
           cold-start penalty.  If the model file is missing, a warning is printed
           and the server continues ù routes that don't use the classifier still work.
        """
        global _food_classifier
    
        load_dotenv(dotenv_path=_dotenv_path)
    
        model_path = os.path.join(os.path.dirname(__file__), "models", "food_classifier.keras")
        if os.path.exists(model_path):
            try:
                import tensorflow as tf  # imported lazily so the app starts without TF if unneeded
                _food_classifier = tf.keras.models.load_model(model_path)
                print(f"[startup] Food classifier loaded from '{model_path}'.")
            except Exception as exc:
                print(f"[startup] WARNING û could not load food classifier: {exc}")
        else:
            print(
                f"[startup] WARNING û model file not found at '{model_path}'. "
                "Image-based food classification will be unavailable."
            )
    
    
    # \u2550\u2550\u2550\u2550\u2550\u2550\u2550\u2550\u2550\u2550\u2550\u2550\u2550\u2550\u2550\u2550\u2550\u2550\u2550\u2550\u2550\u2550\u2550\u2550\u2550\u2550\u2550\u2550\u2550\u2550\u2550\u2550\u2550\u2550\u2550\u2550\u2550\u2550\u2550\u2550\u2550\u2550\u2550\u2550\u2550\u2550\u2550\u2550\u2550\u2550\u2550\u2550\u2550\u2550\u2550\u2550\u2550\u2550\u2550\u2550\u2550\u2550\u2550\u2550\u2550\u2550\u2550\u2550\u2550\u2550\u2550\u2550\u2550\u2550\u2550\u2550\u2550\u2550
    # Route 1 û POST /log-meal
    # \u2550\u2550\u2550\u2550\u2550\u2550\u2550\u2550\u2550\u2550\u2550\u2550\u2550\u2550\u2550\u2550\u2550\u2550\u2550\u2550\u2550\u2550\u2550\u2550\u2550\u2550\u2550\u2550\u2550\u2550\u2550\u2550\u2550\u2550\u2550\u2550\u2550\u2550\u2550\u2550\u2550\u2550\u2550\u2550\u2550\u2550\u2550\u2550\u2550\u2550\u2550\u2550\u2550\u2550\u2550\u2550\u2550\u2550\u2550\u2550\u2550\u2550\u2550\u2550\u2550\u2550\u2550\u2550\u2550\u2550\u2550\u2550\u2550\u2550\u2550\u2550\u2550\u2550
    
>   @app.post("/log-meal", summary="Log a meal via text and/or image")
     ^^^^^^^^^^^^^^^^^^^^^^^^^^^^^^^^^^^^^^^^^^^^^^^^^^^^^^^^^^^^^^^^^

main.py:95: 
_ _ _ _ _ _ _ _ _ _ _ _ _ _ _ _ _ _ _ _ _ _ _ _ _ _ _ _ _ _ _ _ _ _ _ _ _ _ _ _

func = <function log_meal at 0x00000246C36B8040>

    def decorator(func: DecoratedCallable) -> DecoratedCallable:
>       self.add_api_route(
            path,
            func,
            response_model=response_model,
            status_code=status_code,
            tags=tags,
            dependencies=dependencies,
            summary=summary,
            description=description,
            response_description=response_description,
            responses=responses,
            deprecated=deprecated,
            methods=methods,
            operation_id=operation_id,
            response_model_include=response_model_include,
            response_model_exclude=response_model_exclude,
            response_model_by_alias=response_model_by_alias,
            response_model_exclude_unset=response_model_exclude_unset,
            response_model_exclude_defaults=response_model_exclude_defaults,
            response_model_exclude_none=response_model_exclude_none,
            include_in_schema=include_in_schema,
            response_class=response_class,
            name=name,
            callbacks=callbacks,
            openapi_extra=openapi_extra,
            generate_unique_id_function=generate_unique_id_function,
        )

C:\Users\lenovo\AppData\Roaming\Python\Python313\site-packages\fastapi\routing.py:1125: 
_ _ _ _ _ _ _ _ _ _ _ _ _ _ _ _ _ _ _ _ _ _ _ _ _ _ _ _ _ _ _ _ _ _ _ _ _ _ _ _

self = <fastapi.routing.APIRouter object at 0x00000246C3632BE0>
path = '/log-meal', endpoint = <function log_meal at 0x00000246C36B8040>

    def add_api_route(
        self,
        path: str,
        endpoint: Callable[..., Any],
        *,
        response_model: Any = Default(None),
        status_code: int | None = None,
        tags: list[str | Enum] | None = None,
        dependencies: Sequence[params.Depends] | None = None,
        summary: str | None = None,
        description: str | None = None,
        response_description: str = "Successful Response",
        responses: dict[int | str, dict[str, Any]] | None = None,
        deprecated: bool | None = None,
        methods: set[str] | list[str] | None = None,
        operation_id: str | None = None,
        response_model_include: IncEx | None = None,
        response_model_exclude: IncEx | None = None,
        response_model_by_alias: bool = True,
        response_model_exclude_unset: bool = False,
        response_model_exclude_defaults: bool = False,
        response_model_exclude_none: bool = False,
        include_in_schema: bool = True,
        response_class: type[Response] | DefaultPlaceholder = Default(JSONResponse),
        name: str | None = None,
        route_class_override: type[APIRoute] | None = None,
        callbacks: list[BaseRoute] | None = None,
        openapi_extra: dict[str, Any] | None = None,
        generate_unique_id_function: Callable[[APIRoute], str]
        | DefaultPlaceholder = Default(generate_unique_id),
    ) -> None:
        route_class = route_class_override or self.route_class
        responses = responses or {}
        combined_responses = {**self.responses, **responses}
        current_response_class = get_value_or_default(
            response_class, self.default_response_class
        )
        current_tags = self.tags.copy()
        if tags:
            current_tags.extend(tags)
        current_dependencies = self.dependencies.copy()
        if dependencies:
            current_dependencies.extend(dependencies)
        current_callbacks = self.callbacks.copy()
        if callbacks:
            current_callbacks.extend(callbacks)
        current_generate_unique_id = get_value_or_default(
            generate_unique_id_function, self.generate_unique_id_function
        )
>       route = route_class(
            self.prefix + path,
            endpoint=endpoint,
            response_model=response_model,
            status_code=status_code,
            tags=current_tags,
            dependencies=current_dependencies,
            summary=summary,
            description=description,
            response_description=response_description,
            responses=combined_responses,
            deprecated=deprecated or self.deprecated,
            methods=methods,
            operation_id=operation_id,
            response_model_include=response_model_include,
            response_model_exclude=response_model_exclude,
            response_model_by_alias=response_model_by_alias,
            response_model_exclude_unset=response_model_exclude_unset,
            response_model_exclude_defaults=response_model_exclude_defaults,
            response_model_exclude_none=response_model_exclude_none,
            include_in_schema=include_in_schema and self.include_in_schema,
            response_class=current_response_class,
            name=name,
            dependency_overrides_provider=self.dependency_overrides_provider,
            callbacks=current_callbacks,
            openapi_extra=openapi_extra,
            generate_unique_id_function=current_generate_unique_id,
        )

C:\Users\lenovo\AppData\Roaming\Python\Python313\site-packages\fastapi\routing.py:1064: 
_ _ _ _ _ _ _ _ _ _ _ _ _ _ _ _ _ _ _ _ _ _ _ _ _ _ _ _ _ _ _ _ _ _ _ _ _ _ _ _

self = APIRoute(path='/log-meal', name='log_meal', methods=['POST'])
path = '/log-meal', endpoint = <function log_meal at 0x00000246C36B8040>

    def __init__(
        self,
        path: str,
        endpoint: Callable[..., Any],
        *,
        response_model: Any = Default(None),
        status_code: int | None = None,
        tags: list[str | Enum] | None = None,
        dependencies: Sequence[params.Depends] | None = None,
        summary: str | None = None,
        description: str | None = None,
        response_description: str = "Successful Response",
        responses: dict[int | str, dict[str, Any]] | None = None,
        deprecated: bool | None = None,
        name: str | None = None,
        methods: set[str] | list[str] | None = None,
        operation_id: str | None = None,
        response_model_include: IncEx | None = None,
        response_model_exclude: IncEx | None = None,
        response_model_by_alias: bool = True,
        response_model_exclude_unset: bool = False,
        response_model_exclude_defaults: bool = False,
        response_model_exclude_none: bool = False,
        include_in_schema: bool = True,
        response_class: type[Response] | DefaultPlaceholder = Default(JSONResponse),
        dependency_overrides_provider: Any | None = None,
        callbacks: list[BaseRoute] | None = None,
        openapi_extra: dict[str, Any] | None = None,
        generate_unique_id_function: Callable[["APIRoute"], str]
        | DefaultPlaceholder = Default(generate_unique_id),
    ) -> None:
        self.path = path
        self.endpoint = endpoint
        if isinstance(response_model, DefaultPlaceholder):
            return_annotation = get_typed_return_annotation(endpoint)
            if lenient_issubclass(return_annotation, Response):
                response_model = None
            else:
                response_model = return_annotation
        self.response_model = response_model
        self.summary = summary
        self.response_description = response_description
        self.deprecated = deprecated
        self.operation_id = operation_id
        self.response_model_include = response_model_include
        self.response_model_exclude = response_model_exclude
        self.response_model_by_alias = response_model_by_alias
        self.response_model_exclude_unset = response_model_exclude_unset
        self.response_model_exclude_defaults = response_model_exclude_defaults
        self.response_model_exclude_none = response_model_exclude_none
        self.include_in_schema = include_in_schema
        self.response_class = response_class
        self.dependency_overrides_provider = dependency_overrides_provider
        self.callbacks = callbacks
        self.openapi_extra = openapi_extra
        self.generate_unique_id_function = generate_unique_id_function
        self.tags = tags or []
        self.responses = responses or {}
        self.name = get_name(endpoint) if name is None else name
        self.path_regex, self.path_format, self.param_convertors = compile_path(path)
        if methods is None:
            methods = ["GET"]
        self.methods: set[str] = {method.upper() for method in methods}
        if isinstance(generate_unique_id_function, DefaultPlaceholder):
            current_generate_unique_id: Callable[[APIRoute], str] = (
                generate_unique_id_function.value
            )
        else:
            current_generate_unique_id = generate_unique_id_function
        self.unique_id = self.operation_id or current_generate_unique_id(self)
        # normalize enums e.g. http.HTTPStatus
        if isinstance(status_code, IntEnum):
            status_code = int(status_code)
        self.status_code = status_code
        if self.response_model:
            assert is_body_allowed_for_status_code(status_code), (
                f"Status code {status_code} must not have a response body"
            )
            response_name = "Response_" + self.unique_id
            self.response_field = create_model_field(
                name=response_name,
                type_=self.response_model,
                mode="serialization",
            )
        else:
            self.response_field = None  # type: ignore
        self.dependencies = list(dependencies or [])
        self.description = description or inspect.cleandoc(self.endpoint.__doc__ or "")
        # if a "form feed" character (page break) is found in the description text,
        # truncate description text to the content preceding the first "form feed"
        self.description = self.description.split("\f")[0].strip()
        response_fields = {}
        for additional_status_code, response in self.responses.items():
            assert isinstance(response, dict), "An additional response must be a dict"
            model = response.get("model")
            if model:
                assert is_body_allowed_for_status_code(additional_status_code), (
                    f"Status code {additional_status_code} must not have a response body"
                )
                response_name = f"Response_{additional_status_code}_{self.unique_id}"
                response_field = create_model_field(
                    name=response_name, type_=model, mode="serialization"
                )
                response_fields[additional_status_code] = response_field
        if response_fields:
            self.response_fields: dict[int | str, ModelField] = response_fields
        else:
            self.response_fields = {}
    
        assert callable(endpoint), "An endpoint must be a callable"
>       self.dependant = get_dependant(
            path=self.path_format, call=self.endpoint, scope="function"
        )

C:\Users\lenovo\AppData\Roaming\Python\Python313\site-packages\fastapi\routing.py:665: 
_ _ _ _ _ _ _ _ _ _ _ _ _ _ _ _ _ _ _ _ _ _ _ _ _ _ _ _ _ _ _ _ _ _ _ _ _ _ _ _

    def get_dependant(
        *,
        path: str,
        call: Callable[..., Any],
        name: str | None = None,
        own_oauth_scopes: list[str] | None = None,
        parent_oauth_scopes: list[str] | None = None,
        use_cache: bool = True,
        scope: Literal["function", "request"] | None = None,
    ) -> Dependant:
        dependant = Dependant(
            call=call,
            name=name,
            path=path,
            use_cache=use_cache,
            scope=scope,
            own_oauth_scopes=own_oauth_scopes,
            parent_oauth_scopes=parent_oauth_scopes,
        )
        current_scopes = (parent_oauth_scopes or []) + (own_oauth_scopes or [])
        path_param_names = get_path_param_names(path)
        endpoint_signature = get_typed_signature(call)
        signature_params = endpoint_signature.parameters
        for param_name, param in signature_params.items():
            is_path_param = param_name in path_param_names
>           param_details = analyze_param(
                param_name=param_name,
                annotation=param.annotation,
                value=param.default,
                is_path_param=is_path_param,
            )

C:\Users\lenovo\AppData\Roaming\Python\Python313\site-packages\fastapi\dependencies\utils.py:279: 
_ _ _ _ _ _ _ _ _ _ _ _ _ _ _ _ _ _ _ _ _ _ _ _ _ _ _ _ _ _ _ _ _ _ _ _ _ _ _ _

    def analyze_param(
        *,
        param_name: str,
        annotation: Any,
        value: Any,
        is_path_param: bool,
    ) -> ParamDetails:
        field_info = None
        depends = None
        type_annotation: Any = Any
        use_annotation: Any = Any
        if is_typealiastype(annotation):
            # unpack in case PEP 695 type syntax is used
            annotation = annotation.__value__
        if annotation is not inspect.Signature.empty:
            use_annotation = annotation
            type_annotation = annotation
        # Extract Annotated info
        if get_origin(use_annotation) is Annotated:
            annotated_args = get_args(annotation)
            type_annotation = annotated_args[0]
            fastapi_annotations = [
                arg
                for arg in annotated_args[1:]
                if isinstance(arg, (FieldInfo, params.Depends))
            ]
            fastapi_specific_annotations = [
                arg
                for arg in fastapi_annotations
                if isinstance(
                    arg,
                    (
                        params.Param,
                        params.Body,
                        params.Depends,
                    ),
                )
            ]
            if fastapi_specific_annotations:
                fastapi_annotation: FieldInfo | params.Depends | None = (
                    fastapi_specific_annotations[-1]
                )
            else:
                fastapi_annotation = None
            # Set default for Annotated FieldInfo
            if isinstance(fastapi_annotation, FieldInfo):
                # Copy `field_info` because we mutate `field_info.default` below.
                field_info = copy_field_info(
                    field_info=fastapi_annotation,
                    annotation=use_annotation,
                )
                assert (
                    field_info.default == Undefined or field_info.default == RequiredParam
                ), (
                    f"`{field_info.__class__.__name__}` default value cannot be set in"
                    f" `Annotated` for {param_name!r}. Set the default value with `=` instead."
                )
                if value is not inspect.Signature.empty:
                    assert not is_path_param, "Path parameters cannot have default values"
                    field_info.default = value
                else:
                    field_info.default = RequiredParam
            # Get Annotated Depends
            elif isinstance(fastapi_annotation, params.Depends):
                depends = fastapi_annotation
        # Get Depends from default value
        if isinstance(value, params.Depends):
            assert depends is None, (
                "Cannot specify `Depends` in `Annotated` and default value"
                f" together for {param_name!r}"
            )
            assert field_info is None, (
                "Cannot specify a FastAPI annotation in `Annotated` and `Depends` as a"
                f" default value together for {param_name!r}"
            )
            depends = value
        # Get FieldInfo from default value
        elif isinstance(value, FieldInfo):
            assert field_info is None, (
                "Cannot specify FastAPI annotations in `Annotated` and default value"
                f" together for {param_name!r}"
            )
            field_info = value
            if isinstance(field_info, FieldInfo):
                field_info.annotation = type_annotation
    
        # Get Depends from type annotation
        if depends is not None and depends.dependency is None:
            # Copy `depends` before mutating it
            depends = copy(depends)
            depends = dataclasses.replace(depends, dependency=type_annotation)
    
        # Handle non-param type annotations like Request
        # Only apply special handling when there's no explicit Depends - if there's a Depends,
        # the dependency will be called and its return value used instead of the special injection
        if depends is None and lenient_issubclass(
            type_annotation,
            (
                Request,
                WebSocket,
                HTTPConnection,
                Response,
                StarletteBackgroundTasks,
                SecurityScopes,
            ),
        ):
            assert field_info is None, (
                f"Cannot specify FastAPI annotation for type {type_annotation!r}"
            )
        # Handle default assignations, neither field_info nor depends was not found in Annotated nor default value
        elif field_info is None and depends is None:
            default_value = value if value is not inspect.Signature.empty else RequiredParam
            if is_path_param:
                # We might check here that `default_value is RequiredParam`, but the fact is that the same
                # parameter might sometimes be a path parameter and sometimes not. See
                # `tests/test_infer_param_optionality.py` for an example.
                field_info = params.Path(annotation=use_annotation)
            elif is_uploadfile_or_nonable_uploadfile_annotation(
                type_annotation
            ) or is_uploadfile_sequence_annotation(type_annotation):
                field_info = params.File(annotation=use_annotation, default=default_value)
            elif not field_annotation_is_scalar(annotation=type_annotation):
                field_info = params.Body(annotation=use_annotation, default=default_value)
            else:
                field_info = params.Query(annotation=use_annotation, default=default_value)
    
        field = None
        # It's a field_info, not a dependency
        if field_info is not None:
            # Handle field_info.in_
            if is_path_param:
                assert isinstance(field_info, params.Path), (
                    f"Cannot use `{field_info.__class__.__name__}` for path param"
                    f" {param_name!r}"
                )
            elif (
                isinstance(field_info, params.Param)
                and getattr(field_info, "in_", None) is None
            ):
                field_info.in_ = params.ParamTypes.query
            use_annotation_from_field_info = use_annotation
            if isinstance(field_info, params.Form):
>               ensure_multipart_is_installed()

C:\Users\lenovo\AppData\Roaming\Python\Python313\site-packages\fastapi\dependencies\utils.py:502: 
_ _ _ _ _ _ _ _ _ _ _ _ _ _ _ _ _ _ _ _ _ _ _ _ _ _ _ _ _ _ _ _ _ _ _ _ _ _ _ _

    def ensure_multipart_is_installed() -> None:
        try:
            from python_multipart import __version__
    
            # Import an attribute that can be mocked/deleted in testing
            assert __version__ > "0.0.12"
        except (ImportError, AssertionError):
            try:
                # __version__ is available in both multiparts, and can be mocked
                from multipart import __version__  # type: ignore[no-redef,import-untyped]
    
                assert __version__
                try:
                    # parse_options_header is only available in the right multipart
                    from multipart.multipart import (  # type: ignore[import-untyped]
                        parse_options_header,
                    )
    
                    assert parse_options_header
                except ImportError:
                    logger.error(multipart_incorrect_install_error)
                    raise RuntimeError(multipart_incorrect_install_error) from None
            except ImportError:
                logger.error(multipart_not_installed_error)
>               raise RuntimeError(multipart_not_installed_error) from None
E               RuntimeError: Form data requires "python-multipart" to be installed. 
E               You can install "python-multipart" with: 
E               
E               pip install python-multipart

C:\Users\lenovo\AppData\Roaming\Python\Python313\site-packages\fastapi\dependencies\utils.py:108: RuntimeError
----------------------------- Captured log setup ------------------------------
ERROR    fastapi:utils.py:107 Form data requires "python-multipart" to be installed. 
You can install "python-multipart" with: 

pip install python-multipart
__ ERROR at setup of TestLogExercise.test_walking_returns_less_than_running ___

    @pytest.fixture
    def client():
        """TestClient with mocked Supabase and mocked LangGraph pipeline."""
        mock_sb = _make_mock_supabase()
    
        # Mock nutrition_graph.invoke for /log-meal
        mock_graph_result = {
            "nutrition": {"calories": 350.0, "protein": 18.0, "carbs": 58.0, "fat": 8.0},
            "recommendation": "Try dal and roti for dinner!",
        }
        mock_graph = MagicMock()
        mock_graph.invoke.return_value = mock_graph_result
    
>       with patch("main.get_supabase_client", return_value=mock_sb):
             ^^^^^^^^^^^^^^^^^^^^^^^^^^^^^^^^^^^^^^^^^^^^^^^^^^^^^^^

tests\test_routes.py:95: 
_ _ _ _ _ _ _ _ _ _ _ _ _ _ _ _ _ _ _ _ _ _ _ _ _ _ _ _ _ _ _ _ _ _ _ _ _ _ _ _

self = <unittest.mock._patch object at 0x00000246C3706890>

    def __enter__(self):
        """Perform the patch."""
        if self.is_started:
            raise RuntimeError("Patch is already started")
    
        new, spec, spec_set = self.new, self.spec, self.spec_set
        autospec, kwargs = self.autospec, self.kwargs
        new_callable = self.new_callable
>       self.target = self.getter()
                      ^^^^^^^^^^^^^

C:\Python313\Lib\unittest\mock.py:1479: 
_ _ _ _ _ _ _ _ _ _ _ _ _ _ _ _ _ _ _ _ _ _ _ _ _ _ _ _ _ _ _ _ _ _ _ _ _ _ _ _

name = 'main'

    def resolve_name(name):
        """
        Resolve a name to an object.
    
        It is expected that `name` will be a string in one of the following
        formats, where W is shorthand for a valid Python identifier and dot stands
        for a literal period in these pseudo-regexes:
    
        W(.W)*
        W(.W)*:(W(.W)*)?
    
        The first form is intended for backward compatibility only. It assumes that
        some part of the dotted name is a package, and the rest is an object
        somewhere within that package, possibly nested inside other objects.
        Because the place where the package stops and the object hierarchy starts
        can't be inferred by inspection, repeated attempts to import must be done
        with this form.
    
        In the second form, the caller makes the division point clear through the
        provision of a single colon: the dotted name to the left of the colon is a
        package to be imported, and the dotted name to the right is the object
        hierarchy within that package. Only one import is needed in this form. If
        it ends with the colon, then a module object is returned.
    
        The function will return an object (which might be a module), or raise one
        of the following exceptions:
    
        ValueError - if `name` isn't in a recognised format
        ImportError - if an import failed when it shouldn't have
        AttributeError - if a failure occurred when traversing the object hierarchy
                         within the imported package to get to the desired object.
        """
        global _NAME_PATTERN
        if _NAME_PATTERN is None:
            # Lazy import to speedup Python startup time
            import re
            dotted_words = r'(?!\d)(\w+)(\.(?!\d)(\w+))*'
            _NAME_PATTERN = re.compile(f'^(?P<pkg>{dotted_words})'
                                       f'(?P<cln>:(?P<obj>{dotted_words})?)?$',
                                       re.UNICODE)
    
        m = _NAME_PATTERN.match(name)
        if not m:
            raise ValueError(f'invalid format: {name!r}')
        gd = m.groupdict()
        if gd.get('cln'):
            # there is a colon - a one-step import is all that's needed
            mod = importlib.import_module(gd['pkg'])
            parts = gd.get('obj')
            parts = parts.split('.') if parts else []
        else:
            # no colon - have to iterate to find the package boundary
            parts = name.split('.')
            modname = parts.pop(0)
            # first part *must* be a module/package.
>           mod = importlib.import_module(modname)
                  ^^^^^^^^^^^^^^^^^^^^^^^^^^^^^^^^

C:\Python313\Lib\pkgutil.py:513: 
_ _ _ _ _ _ _ _ _ _ _ _ _ _ _ _ _ _ _ _ _ _ _ _ _ _ _ _ _ _ _ _ _ _ _ _ _ _ _ _

name = 'main', package = None

    def import_module(name, package=None):
        """Import a module.
    
        The 'package' argument is required when performing a relative import. It
        specifies the package to use as the anchor point from which to resolve the
        relative import to an absolute import.
    
        """
        level = 0
        if name.startswith('.'):
            if not package:
                raise TypeError("the 'package' argument is required to perform a "
                                f"relative import for {name!r}")
            for character in name:
                if character != '.':
                    break
                level += 1
>       return _bootstrap._gcd_import(name[level:], package, level)
               ^^^^^^^^^^^^^^^^^^^^^^^^^^^^^^^^^^^^^^^^^^^^^^^^^^^^

C:\Python313\Lib\importlib\__init__.py:88: 
_ _ _ _ _ _ _ _ _ _ _ _ _ _ _ _ _ _ _ _ _ _ _ _ _ _ _ _ _ _ _ _ _ _ _ _ _ _ _ _

name = 'main', package = None, level = 0

>   ???

<frozen importlib._bootstrap>:1387: 
_ _ _ _ _ _ _ _ _ _ _ _ _ _ _ _ _ _ _ _ _ _ _ _ _ _ _ _ _ _ _ _ _ _ _ _ _ _ _ _

name = 'main', import_ = <function _gcd_import at 0x00000246FDE604A0>

>   ???

<frozen importlib._bootstrap>:1360: 
_ _ _ _ _ _ _ _ _ _ _ _ _ _ _ _ _ _ _ _ _ _ _ _ _ _ _ _ _ _ _ _ _ _ _ _ _ _ _ _

name = 'main', import_ = <function _gcd_import at 0x00000246FDE604A0>

>   ???

<frozen importlib._bootstrap>:1331: 
_ _ _ _ _ _ _ _ _ _ _ _ _ _ _ _ _ _ _ _ _ _ _ _ _ _ _ _ _ _ _ _ _ _ _ _ _ _ _ _

spec = ModuleSpec(name='main', loader=<_frozen_importlib_external.SourceFileLoader object at 0x00000246C36781D0>, origin='E:\\My Projects\\Nutrition app\\nutrition-tracker\\backend\\main.py')

>   ???

<frozen importlib._bootstrap>:935: 
_ _ _ _ _ _ _ _ _ _ _ _ _ _ _ _ _ _ _ _ _ _ _ _ _ _ _ _ _ _ _ _ _ _ _ _ _ _ _ _

self = <_frozen_importlib_external.SourceFileLoader object at 0x00000246C36781D0>
module = <module 'main' from 'E:\\My Projects\\Nutrition app\\nutrition-tracker\\backend\\main.py'>

>   ???

<frozen importlib._bootstrap_external>:1026: 
_ _ _ _ _ _ _ _ _ _ _ _ _ _ _ _ _ _ _ _ _ _ _ _ _ _ _ _ _ _ _ _ _ _ _ _ _ _ _ _

f = <built-in function exec>
args = (<code object <module> at 0x00000246BF53E8B0, file "E:\My Projects\Nutrition app\nutrition-tracker\backend\main.py", l...RSMiddleware'>, 'FastAPI': <class 'fastapi.applications.FastAPI'>, 'File': <function File at 0x00000246837B4AE0>, ...})
kwds = {}

>   ???

<frozen importlib._bootstrap>:488: 
_ _ _ _ _ _ _ _ _ _ _ _ _ _ _ _ _ _ _ _ _ _ _ _ _ _ _ _ _ _ _ _ _ _ _ _ _ _ _ _

    """
    Main entry point for the Nutrition Tracker API (FastAPI).
    
    Routes defined here:
      POST /log-meal          û Accepts text/image input, runs nutrition_graph, returns nutrition+recommendation
      POST /log-exercise      û Logs an exercise session and returns kcal burned via MET-based formula
      GET  /daily-summary     û Returns today's daily_logs row joined with daily_goals for a user
      GET  /leaderboard       û Returns all six users ranked by today's calorie intake (desc)
      POST /calculate-goals   û Computes macro/calorie goals via MifflinûSt Jeor and upserts to daily_goals
      GET  /suggestions       û Returns the latest recommendation stored in daily_logs for a user
    
    Supabase project reference: hyejucwqghkujckoshbr
    """
    
    import os
    import io
    import math
    import tempfile
    from datetime import date
    from typing import Optional
    
    from fastapi import FastAPI, HTTPException, UploadFile, File, Form, Query
    from fastapi.middleware.cors import CORSMiddleware
    from pydantic import BaseModel
    from dotenv import load_dotenv
    
    # \u2500\u2500 Load environment variables \u2500\u2500\u2500\u2500\u2500\u2500\u2500\u2500\u2500\u2500\u2500\u2500\u2500\u2500\u2500\u2500\u2500\u2500\u2500\u2500\u2500\u2500\u2500\u2500\u2500\u2500\u2500\u2500\u2500\u2500\u2500\u2500\u2500\u2500\u2500\u2500\u2500\u2500\u2500\u2500\u2500\u2500\u2500\u2500\u2500\u2500\u2500\u2500\u2500
    _dotenv_path = os.path.join(os.path.dirname(__file__), ".env")
    load_dotenv(dotenv_path=_dotenv_path)
    
    # \u2500\u2500 Supabase client \u2500\u2500\u2500\u2500\u2500\u2500\u2500\u2500\u2500\u2500\u2500\u2500\u2500\u2500\u2500\u2500\u2500\u2500\u2500\u2500\u2500\u2500\u2500\u2500\u2500\u2500\u2500\u2500\u2500\u2500\u2500\u2500\u2500\u2500\u2500\u2500\u2500\u2500\u2500\u2500\u2500\u2500\u2500\u2500\u2500\u2500\u2500\u2500\u2500\u2500\u2500\u2500\u2500\u2500\u2500\u2500\u2500\u2500\u2500\u2500
    from database.supabase_client import get_supabase_client
    
    # \u2500\u2500 LangGraph nutrition pipeline \u2500\u2500\u2500\u2500\u2500\u2500\u2500\u2500\u2500\u2500\u2500\u2500\u2500\u2500\u2500\u2500\u2500\u2500\u2500\u2500\u2500\u2500\u2500\u2500\u2500\u2500\u2500\u2500\u2500\u2500\u2500\u2500\u2500\u2500\u2500\u2500\u2500\u2500\u2500\u2500\u2500\u2500\u2500\u2500\u2500\u2500\u2500
    from agents.graph import nutrition_graph
    from agents.state import default_nutrition_state
    
    # \u2500\u2500 FastAPI app \u2500\u2500\u2500\u2500\u2500\u2500\u2500\u2500\u2500\u2500\u2500\u2500\u2500\u2500\u2500\u2500\u2500\u2500\u2500\u2500\u2500\u2500\u2500\u2500\u2500\u2500\u2500\u2500\u2500\u2500\u2500\u2500\u2500\u2500\u2500\u2500\u2500\u2500\u2500\u2500\u2500\u2500\u2500\u2500\u2500\u2500\u2500\u2500\u2500\u2500\u2500\u2500\u2500\u2500\u2500\u2500\u2500\u2500\u2500\u2500\u2500\u2500\u2500\u2500
    app = FastAPI(
        title="Nutrition Tracker API",
        description=(
            "Backend API for the AI-powered Nutrition Tracker. "
            "Handles meal logging via LangGraph, exercise tracking, "
            "daily summaries, leaderboards, goal calculation, and suggestion retrieval. "
            "Supabase project: hyejucwqghkujckoshbr"
        ),
        version="1.0.0",
    )
    
    # \u2500\u2500 CORS (local prototype \u2014 allow everything) \u2500\u2500\u2500\u2500\u2500\u2500\u2500\u2500\u2500\u2500\u2500\u2500\u2500\u2500\u2500\u2500\u2500\u2500\u2500\u2500\u2500\u2500\u2500\u2500\u2500\u2500\u2500\u2500\u2500\u2500\u2500\u2500\u2500\u2500
    app.add_middleware(
        CORSMiddleware,
        allow_origins=["*"],
        allow_credentials=True,
        allow_methods=["*"],
        allow_headers=["*"],
    )
    
    # \u2500\u2500 Global: preloaded Keras food-classifier model \u2500\u2500\u2500\u2500\u2500\u2500\u2500\u2500\u2500\u2500\u2500\u2500\u2500\u2500\u2500\u2500\u2500\u2500\u2500\u2500\u2500\u2500\u2500\u2500\u2500\u2500\u2500\u2500\u2500\u2500
    _food_classifier = None   # set during startup; None when model file is absent
    
    
    @app.on_event("startup")
    async def startup_event():
        """
        Runs once when the server boots.
        1. Ensures .env is loaded (redundant but defensive).
        2. Preloads the Keras food-classifier so the first request doesn't pay the
           cold-start penalty.  If the model file is missing, a warning is printed
           and the server continues ù routes that don't use the classifier still work.
        """
        global _food_classifier
    
        load_dotenv(dotenv_path=_dotenv_path)
    
        model_path = os.path.join(os.path.dirname(__file__), "models", "food_classifier.keras")
        if os.path.exists(model_path):
            try:
                import tensorflow as tf  # imported lazily so the app starts without TF if unneeded
                _food_classifier = tf.keras.models.load_model(model_path)
                print(f"[startup] Food classifier loaded from '{model_path}'.")
            except Exception as exc:
                print(f"[startup] WARNING û could not load food classifier: {exc}")
        else:
            print(
                f"[startup] WARNING û model file not found at '{model_path}'. "
                "Image-based food classification will be unavailable."
            )
    
    
    # \u2550\u2550\u2550\u2550\u2550\u2550\u2550\u2550\u2550\u2550\u2550\u2550\u2550\u2550\u2550\u2550\u2550\u2550\u2550\u2550\u2550\u2550\u2550\u2550\u2550\u2550\u2550\u2550\u2550\u2550\u2550\u2550\u2550\u2550\u2550\u2550\u2550\u2550\u2550\u2550\u2550\u2550\u2550\u2550\u2550\u2550\u2550\u2550\u2550\u2550\u2550\u2550\u2550\u2550\u2550\u2550\u2550\u2550\u2550\u2550\u2550\u2550\u2550\u2550\u2550\u2550\u2550\u2550\u2550\u2550\u2550\u2550\u2550\u2550\u2550\u2550\u2550\u2550
    # Route 1 û POST /log-meal
    # \u2550\u2550\u2550\u2550\u2550\u2550\u2550\u2550\u2550\u2550\u2550\u2550\u2550\u2550\u2550\u2550\u2550\u2550\u2550\u2550\u2550\u2550\u2550\u2550\u2550\u2550\u2550\u2550\u2550\u2550\u2550\u2550\u2550\u2550\u2550\u2550\u2550\u2550\u2550\u2550\u2550\u2550\u2550\u2550\u2550\u2550\u2550\u2550\u2550\u2550\u2550\u2550\u2550\u2550\u2550\u2550\u2550\u2550\u2550\u2550\u2550\u2550\u2550\u2550\u2550\u2550\u2550\u2550\u2550\u2550\u2550\u2550\u2550\u2550\u2550\u2550\u2550\u2550
    
>   @app.post("/log-meal", summary="Log a meal via text and/or image")
     ^^^^^^^^^^^^^^^^^^^^^^^^^^^^^^^^^^^^^^^^^^^^^^^^^^^^^^^^^^^^^^^^^

main.py:95: 
_ _ _ _ _ _ _ _ _ _ _ _ _ _ _ _ _ _ _ _ _ _ _ _ _ _ _ _ _ _ _ _ _ _ _ _ _ _ _ _

func = <function log_meal at 0x00000246C36B9E40>

    def decorator(func: DecoratedCallable) -> DecoratedCallable:
>       self.add_api_route(
            path,
            func,
            response_model=response_model,
            status_code=status_code,
            tags=tags,
            dependencies=dependencies,
            summary=summary,
            description=description,
            response_description=response_description,
            responses=responses,
            deprecated=deprecated,
            methods=methods,
            operation_id=operation_id,
            response_model_include=response_model_include,
            response_model_exclude=response_model_exclude,
            response_model_by_alias=response_model_by_alias,
            response_model_exclude_unset=response_model_exclude_unset,
            response_model_exclude_defaults=response_model_exclude_defaults,
            response_model_exclude_none=response_model_exclude_none,
            include_in_schema=include_in_schema,
            response_class=response_class,
            name=name,
            callbacks=callbacks,
            openapi_extra=openapi_extra,
            generate_unique_id_function=generate_unique_id_function,
        )

C:\Users\lenovo\AppData\Roaming\Python\Python313\site-packages\fastapi\routing.py:1125: 
_ _ _ _ _ _ _ _ _ _ _ _ _ _ _ _ _ _ _ _ _ _ _ _ _ _ _ _ _ _ _ _ _ _ _ _ _ _ _ _

self = <fastapi.routing.APIRouter object at 0x00000246C362F150>
path = '/log-meal', endpoint = <function log_meal at 0x00000246C36B9E40>

    def add_api_route(
        self,
        path: str,
        endpoint: Callable[..., Any],
        *,
        response_model: Any = Default(None),
        status_code: int | None = None,
        tags: list[str | Enum] | None = None,
        dependencies: Sequence[params.Depends] | None = None,
        summary: str | None = None,
        description: str | None = None,
        response_description: str = "Successful Response",
        responses: dict[int | str, dict[str, Any]] | None = None,
        deprecated: bool | None = None,
        methods: set[str] | list[str] | None = None,
        operation_id: str | None = None,
        response_model_include: IncEx | None = None,
        response_model_exclude: IncEx | None = None,
        response_model_by_alias: bool = True,
        response_model_exclude_unset: bool = False,
        response_model_exclude_defaults: bool = False,
        response_model_exclude_none: bool = False,
        include_in_schema: bool = True,
        response_class: type[Response] | DefaultPlaceholder = Default(JSONResponse),
        name: str | None = None,
        route_class_override: type[APIRoute] | None = None,
        callbacks: list[BaseRoute] | None = None,
        openapi_extra: dict[str, Any] | None = None,
        generate_unique_id_function: Callable[[APIRoute], str]
        | DefaultPlaceholder = Default(generate_unique_id),
    ) -> None:
        route_class = route_class_override or self.route_class
        responses = responses or {}
        combined_responses = {**self.responses, **responses}
        current_response_class = get_value_or_default(
            response_class, self.default_response_class
        )
        current_tags = self.tags.copy()
        if tags:
            current_tags.extend(tags)
        current_dependencies = self.dependencies.copy()
        if dependencies:
            current_dependencies.extend(dependencies)
        current_callbacks = self.callbacks.copy()
        if callbacks:
            current_callbacks.extend(callbacks)
        current_generate_unique_id = get_value_or_default(
            generate_unique_id_function, self.generate_unique_id_function
        )
>       route = route_class(
            self.prefix + path,
            endpoint=endpoint,
            response_model=response_model,
            status_code=status_code,
            tags=current_tags,
            dependencies=current_dependencies,
            summary=summary,
            description=description,
            response_description=response_description,
            responses=combined_responses,
            deprecated=deprecated or self.deprecated,
            methods=methods,
            operation_id=operation_id,
            response_model_include=response_model_include,
            response_model_exclude=response_model_exclude,
            response_model_by_alias=response_model_by_alias,
            response_model_exclude_unset=response_model_exclude_unset,
            response_model_exclude_defaults=response_model_exclude_defaults,
            response_model_exclude_none=response_model_exclude_none,
            include_in_schema=include_in_schema and self.include_in_schema,
            response_class=current_response_class,
            name=name,
            dependency_overrides_provider=self.dependency_overrides_provider,
            callbacks=current_callbacks,
            openapi_extra=openapi_extra,
            generate_unique_id_function=current_generate_unique_id,
        )

C:\Users\lenovo\AppData\Roaming\Python\Python313\site-packages\fastapi\routing.py:1064: 
_ _ _ _ _ _ _ _ _ _ _ _ _ _ _ _ _ _ _ _ _ _ _ _ _ _ _ _ _ _ _ _ _ _ _ _ _ _ _ _

self = APIRoute(path='/log-meal', name='log_meal', methods=['POST'])
path = '/log-meal', endpoint = <function log_meal at 0x00000246C36B9E40>

    def __init__(
        self,
        path: str,
        endpoint: Callable[..., Any],
        *,
        response_model: Any = Default(None),
        status_code: int | None = None,
        tags: list[str | Enum] | None = None,
        dependencies: Sequence[params.Depends] | None = None,
        summary: str | None = None,
        description: str | None = None,
        response_description: str = "Successful Response",
        responses: dict[int | str, dict[str, Any]] | None = None,
        deprecated: bool | None = None,
        name: str | None = None,
        methods: set[str] | list[str] | None = None,
        operation_id: str | None = None,
        response_model_include: IncEx | None = None,
        response_model_exclude: IncEx | None = None,
        response_model_by_alias: bool = True,
        response_model_exclude_unset: bool = False,
        response_model_exclude_defaults: bool = False,
        response_model_exclude_none: bool = False,
        include_in_schema: bool = True,
        response_class: type[Response] | DefaultPlaceholder = Default(JSONResponse),
        dependency_overrides_provider: Any | None = None,
        callbacks: list[BaseRoute] | None = None,
        openapi_extra: dict[str, Any] | None = None,
        generate_unique_id_function: Callable[["APIRoute"], str]
        | DefaultPlaceholder = Default(generate_unique_id),
    ) -> None:
        self.path = path
        self.endpoint = endpoint
        if isinstance(response_model, DefaultPlaceholder):
            return_annotation = get_typed_return_annotation(endpoint)
            if lenient_issubclass(return_annotation, Response):
                response_model = None
            else:
                response_model = return_annotation
        self.response_model = response_model
        self.summary = summary
        self.response_description = response_description
        self.deprecated = deprecated
        self.operation_id = operation_id
        self.response_model_include = response_model_include
        self.response_model_exclude = response_model_exclude
        self.response_model_by_alias = response_model_by_alias
        self.response_model_exclude_unset = response_model_exclude_unset
        self.response_model_exclude_defaults = response_model_exclude_defaults
        self.response_model_exclude_none = response_model_exclude_none
        self.include_in_schema = include_in_schema
        self.response_class = response_class
        self.dependency_overrides_provider = dependency_overrides_provider
        self.callbacks = callbacks
        self.openapi_extra = openapi_extra
        self.generate_unique_id_function = generate_unique_id_function
        self.tags = tags or []
        self.responses = responses or {}
        self.name = get_name(endpoint) if name is None else name
        self.path_regex, self.path_format, self.param_convertors = compile_path(path)
        if methods is None:
            methods = ["GET"]
        self.methods: set[str] = {method.upper() for method in methods}
        if isinstance(generate_unique_id_function, DefaultPlaceholder):
            current_generate_unique_id: Callable[[APIRoute], str] = (
                generate_unique_id_function.value
            )
        else:
            current_generate_unique_id = generate_unique_id_function
        self.unique_id = self.operation_id or current_generate_unique_id(self)
        # normalize enums e.g. http.HTTPStatus
        if isinstance(status_code, IntEnum):
            status_code = int(status_code)
        self.status_code = status_code
        if self.response_model:
            assert is_body_allowed_for_status_code(status_code), (
                f"Status code {status_code} must not have a response body"
            )
            response_name = "Response_" + self.unique_id
            self.response_field = create_model_field(
                name=response_name,
                type_=self.response_model,
                mode="serialization",
            )
        else:
            self.response_field = None  # type: ignore
        self.dependencies = list(dependencies or [])
        self.description = description or inspect.cleandoc(self.endpoint.__doc__ or "")
        # if a "form feed" character (page break) is found in the description text,
        # truncate description text to the content preceding the first "form feed"
        self.description = self.description.split("\f")[0].strip()
        response_fields = {}
        for additional_status_code, response in self.responses.items():
            assert isinstance(response, dict), "An additional response must be a dict"
            model = response.get("model")
            if model:
                assert is_body_allowed_for_status_code(additional_status_code), (
                    f"Status code {additional_status_code} must not have a response body"
                )
                response_name = f"Response_{additional_status_code}_{self.unique_id}"
                response_field = create_model_field(
                    name=response_name, type_=model, mode="serialization"
                )
                response_fields[additional_status_code] = response_field
        if response_fields:
            self.response_fields: dict[int | str, ModelField] = response_fields
        else:
            self.response_fields = {}
    
        assert callable(endpoint), "An endpoint must be a callable"
>       self.dependant = get_dependant(
            path=self.path_format, call=self.endpoint, scope="function"
        )

C:\Users\lenovo\AppData\Roaming\Python\Python313\site-packages\fastapi\routing.py:665: 
_ _ _ _ _ _ _ _ _ _ _ _ _ _ _ _ _ _ _ _ _ _ _ _ _ _ _ _ _ _ _ _ _ _ _ _ _ _ _ _

    def get_dependant(
        *,
        path: str,
        call: Callable[..., Any],
        name: str | None = None,
        own_oauth_scopes: list[str] | None = None,
        parent_oauth_scopes: list[str] | None = None,
        use_cache: bool = True,
        scope: Literal["function", "request"] | None = None,
    ) -> Dependant:
        dependant = Dependant(
            call=call,
            name=name,
            path=path,
            use_cache=use_cache,
            scope=scope,
            own_oauth_scopes=own_oauth_scopes,
            parent_oauth_scopes=parent_oauth_scopes,
        )
        current_scopes = (parent_oauth_scopes or []) + (own_oauth_scopes or [])
        path_param_names = get_path_param_names(path)
        endpoint_signature = get_typed_signature(call)
        signature_params = endpoint_signature.parameters
        for param_name, param in signature_params.items():
            is_path_param = param_name in path_param_names
>           param_details = analyze_param(
                param_name=param_name,
                annotation=param.annotation,
                value=param.default,
                is_path_param=is_path_param,
            )

C:\Users\lenovo\AppData\Roaming\Python\Python313\site-packages\fastapi\dependencies\utils.py:279: 
_ _ _ _ _ _ _ _ _ _ _ _ _ _ _ _ _ _ _ _ _ _ _ _ _ _ _ _ _ _ _ _ _ _ _ _ _ _ _ _

    def analyze_param(
        *,
        param_name: str,
        annotation: Any,
        value: Any,
        is_path_param: bool,
    ) -> ParamDetails:
        field_info = None
        depends = None
        type_annotation: Any = Any
        use_annotation: Any = Any
        if is_typealiastype(annotation):
            # unpack in case PEP 695 type syntax is used
            annotation = annotation.__value__
        if annotation is not inspect.Signature.empty:
            use_annotation = annotation
            type_annotation = annotation
        # Extract Annotated info
        if get_origin(use_annotation) is Annotated:
            annotated_args = get_args(annotation)
            type_annotation = annotated_args[0]
            fastapi_annotations = [
                arg
                for arg in annotated_args[1:]
                if isinstance(arg, (FieldInfo, params.Depends))
            ]
            fastapi_specific_annotations = [
                arg
                for arg in fastapi_annotations
                if isinstance(
                    arg,
                    (
                        params.Param,
                        params.Body,
                        params.Depends,
                    ),
                )
            ]
            if fastapi_specific_annotations:
                fastapi_annotation: FieldInfo | params.Depends | None = (
                    fastapi_specific_annotations[-1]
                )
            else:
                fastapi_annotation = None
            # Set default for Annotated FieldInfo
            if isinstance(fastapi_annotation, FieldInfo):
                # Copy `field_info` because we mutate `field_info.default` below.
                field_info = copy_field_info(
                    field_info=fastapi_annotation,
                    annotation=use_annotation,
                )
                assert (
                    field_info.default == Undefined or field_info.default == RequiredParam
                ), (
                    f"`{field_info.__class__.__name__}` default value cannot be set in"
                    f" `Annotated` for {param_name!r}. Set the default value with `=` instead."
                )
                if value is not inspect.Signature.empty:
                    assert not is_path_param, "Path parameters cannot have default values"
                    field_info.default = value
                else:
                    field_info.default = RequiredParam
            # Get Annotated Depends
            elif isinstance(fastapi_annotation, params.Depends):
                depends = fastapi_annotation
        # Get Depends from default value
        if isinstance(value, params.Depends):
            assert depends is None, (
                "Cannot specify `Depends` in `Annotated` and default value"
                f" together for {param_name!r}"
            )
            assert field_info is None, (
                "Cannot specify a FastAPI annotation in `Annotated` and `Depends` as a"
                f" default value together for {param_name!r}"
            )
            depends = value
        # Get FieldInfo from default value
        elif isinstance(value, FieldInfo):
            assert field_info is None, (
                "Cannot specify FastAPI annotations in `Annotated` and default value"
                f" together for {param_name!r}"
            )
            field_info = value
            if isinstance(field_info, FieldInfo):
                field_info.annotation = type_annotation
    
        # Get Depends from type annotation
        if depends is not None and depends.dependency is None:
            # Copy `depends` before mutating it
            depends = copy(depends)
            depends = dataclasses.replace(depends, dependency=type_annotation)
    
        # Handle non-param type annotations like Request
        # Only apply special handling when there's no explicit Depends - if there's a Depends,
        # the dependency will be called and its return value used instead of the special injection
        if depends is None and lenient_issubclass(
            type_annotation,
            (
                Request,
                WebSocket,
                HTTPConnection,
                Response,
                StarletteBackgroundTasks,
                SecurityScopes,
            ),
        ):
            assert field_info is None, (
                f"Cannot specify FastAPI annotation for type {type_annotation!r}"
            )
        # Handle default assignations, neither field_info nor depends was not found in Annotated nor default value
        elif field_info is None and depends is None:
            default_value = value if value is not inspect.Signature.empty else RequiredParam
            if is_path_param:
                # We might check here that `default_value is RequiredParam`, but the fact is that the same
                # parameter might sometimes be a path parameter and sometimes not. See
                # `tests/test_infer_param_optionality.py` for an example.
                field_info = params.Path(annotation=use_annotation)
            elif is_uploadfile_or_nonable_uploadfile_annotation(
                type_annotation
            ) or is_uploadfile_sequence_annotation(type_annotation):
                field_info = params.File(annotation=use_annotation, default=default_value)
            elif not field_annotation_is_scalar(annotation=type_annotation):
                field_info = params.Body(annotation=use_annotation, default=default_value)
            else:
                field_info = params.Query(annotation=use_annotation, default=default_value)
    
        field = None
        # It's a field_info, not a dependency
        if field_info is not None:
            # Handle field_info.in_
            if is_path_param:
                assert isinstance(field_info, params.Path), (
                    f"Cannot use `{field_info.__class__.__name__}` for path param"
                    f" {param_name!r}"
                )
            elif (
                isinstance(field_info, params.Param)
                and getattr(field_info, "in_", None) is None
            ):
                field_info.in_ = params.ParamTypes.query
            use_annotation_from_field_info = use_annotation
            if isinstance(field_info, params.Form):
>               ensure_multipart_is_installed()

C:\Users\lenovo\AppData\Roaming\Python\Python313\site-packages\fastapi\dependencies\utils.py:502: 
_ _ _ _ _ _ _ _ _ _ _ _ _ _ _ _ _ _ _ _ _ _ _ _ _ _ _ _ _ _ _ _ _ _ _ _ _ _ _ _

    def ensure_multipart_is_installed() -> None:
        try:
            from python_multipart import __version__
    
            # Import an attribute that can be mocked/deleted in testing
            assert __version__ > "0.0.12"
        except (ImportError, AssertionError):
            try:
                # __version__ is available in both multiparts, and can be mocked
                from multipart import __version__  # type: ignore[no-redef,import-untyped]
    
                assert __version__
                try:
                    # parse_options_header is only available in the right multipart
                    from multipart.multipart import (  # type: ignore[import-untyped]
                        parse_options_header,
                    )
    
                    assert parse_options_header
                except ImportError:
                    logger.error(multipart_incorrect_install_error)
                    raise RuntimeError(multipart_incorrect_install_error) from None
            except ImportError:
                logger.error(multipart_not_installed_error)
>               raise RuntimeError(multipart_not_installed_error) from None
E               RuntimeError: Form data requires "python-multipart" to be installed. 
E               You can install "python-multipart" with: 
E               
E               pip install python-multipart

C:\Users\lenovo\AppData\Roaming\Python\Python313\site-packages\fastapi\dependencies\utils.py:108: RuntimeError
----------------------------- Captured log setup ------------------------------
ERROR    fastapi:utils.py:107 Form data requires "python-multipart" to be installed. 
You can install "python-multipart" with: 

pip install python-multipart
_____ ERROR at setup of TestLogExercise.test_unknown_exercise_returns_400 _____

    @pytest.fixture
    def client():
        """TestClient with mocked Supabase and mocked LangGraph pipeline."""
        mock_sb = _make_mock_supabase()
    
        # Mock nutrition_graph.invoke for /log-meal
        mock_graph_result = {
            "nutrition": {"calories": 350.0, "protein": 18.0, "carbs": 58.0, "fat": 8.0},
            "recommendation": "Try dal and roti for dinner!",
        }
        mock_graph = MagicMock()
        mock_graph.invoke.return_value = mock_graph_result
    
>       with patch("main.get_supabase_client", return_value=mock_sb):
             ^^^^^^^^^^^^^^^^^^^^^^^^^^^^^^^^^^^^^^^^^^^^^^^^^^^^^^^

tests\test_routes.py:95: 
_ _ _ _ _ _ _ _ _ _ _ _ _ _ _ _ _ _ _ _ _ _ _ _ _ _ _ _ _ _ _ _ _ _ _ _ _ _ _ _

self = <unittest.mock._patch object at 0x00000246C4C89EF0>

    def __enter__(self):
        """Perform the patch."""
        if self.is_started:
            raise RuntimeError("Patch is already started")
    
        new, spec, spec_set = self.new, self.spec, self.spec_set
        autospec, kwargs = self.autospec, self.kwargs
        new_callable = self.new_callable
>       self.target = self.getter()
                      ^^^^^^^^^^^^^

C:\Python313\Lib\unittest\mock.py:1479: 
_ _ _ _ _ _ _ _ _ _ _ _ _ _ _ _ _ _ _ _ _ _ _ _ _ _ _ _ _ _ _ _ _ _ _ _ _ _ _ _

name = 'main'

    def resolve_name(name):
        """
        Resolve a name to an object.
    
        It is expected that `name` will be a string in one of the following
        formats, where W is shorthand for a valid Python identifier and dot stands
        for a literal period in these pseudo-regexes:
    
        W(.W)*
        W(.W)*:(W(.W)*)?
    
        The first form is intended for backward compatibility only. It assumes that
        some part of the dotted name is a package, and the rest is an object
        somewhere within that package, possibly nested inside other objects.
        Because the place where the package stops and the object hierarchy starts
        can't be inferred by inspection, repeated attempts to import must be done
        with this form.
    
        In the second form, the caller makes the division point clear through the
        provision of a single colon: the dotted name to the left of the colon is a
        package to be imported, and the dotted name to the right is the object
        hierarchy within that package. Only one import is needed in this form. If
        it ends with the colon, then a module object is returned.
    
        The function will return an object (which might be a module), or raise one
        of the following exceptions:
    
        ValueError - if `name` isn't in a recognised format
        ImportError - if an import failed when it shouldn't have
        AttributeError - if a failure occurred when traversing the object hierarchy
                         within the imported package to get to the desired object.
        """
        global _NAME_PATTERN
        if _NAME_PATTERN is None:
            # Lazy import to speedup Python startup time
            import re
            dotted_words = r'(?!\d)(\w+)(\.(?!\d)(\w+))*'
            _NAME_PATTERN = re.compile(f'^(?P<pkg>{dotted_words})'
                                       f'(?P<cln>:(?P<obj>{dotted_words})?)?$',
                                       re.UNICODE)
    
        m = _NAME_PATTERN.match(name)
        if not m:
            raise ValueError(f'invalid format: {name!r}')
        gd = m.groupdict()
        if gd.get('cln'):
            # there is a colon - a one-step import is all that's needed
            mod = importlib.import_module(gd['pkg'])
            parts = gd.get('obj')
            parts = parts.split('.') if parts else []
        else:
            # no colon - have to iterate to find the package boundary
            parts = name.split('.')
            modname = parts.pop(0)
            # first part *must* be a module/package.
>           mod = importlib.import_module(modname)
                  ^^^^^^^^^^^^^^^^^^^^^^^^^^^^^^^^

C:\Python313\Lib\pkgutil.py:513: 
_ _ _ _ _ _ _ _ _ _ _ _ _ _ _ _ _ _ _ _ _ _ _ _ _ _ _ _ _ _ _ _ _ _ _ _ _ _ _ _

name = 'main', package = None

    def import_module(name, package=None):
        """Import a module.
    
        The 'package' argument is required when performing a relative import. It
        specifies the package to use as the anchor point from which to resolve the
        relative import to an absolute import.
    
        """
        level = 0
        if name.startswith('.'):
            if not package:
                raise TypeError("the 'package' argument is required to perform a "
                                f"relative import for {name!r}")
            for character in name:
                if character != '.':
                    break
                level += 1
>       return _bootstrap._gcd_import(name[level:], package, level)
               ^^^^^^^^^^^^^^^^^^^^^^^^^^^^^^^^^^^^^^^^^^^^^^^^^^^^

C:\Python313\Lib\importlib\__init__.py:88: 
_ _ _ _ _ _ _ _ _ _ _ _ _ _ _ _ _ _ _ _ _ _ _ _ _ _ _ _ _ _ _ _ _ _ _ _ _ _ _ _

name = 'main', package = None, level = 0

>   ???

<frozen importlib._bootstrap>:1387: 
_ _ _ _ _ _ _ _ _ _ _ _ _ _ _ _ _ _ _ _ _ _ _ _ _ _ _ _ _ _ _ _ _ _ _ _ _ _ _ _

name = 'main', import_ = <function _gcd_import at 0x00000246FDE604A0>

>   ???

<frozen importlib._bootstrap>:1360: 
_ _ _ _ _ _ _ _ _ _ _ _ _ _ _ _ _ _ _ _ _ _ _ _ _ _ _ _ _ _ _ _ _ _ _ _ _ _ _ _

name = 'main', import_ = <function _gcd_import at 0x00000246FDE604A0>

>   ???

<frozen importlib._bootstrap>:1331: 
_ _ _ _ _ _ _ _ _ _ _ _ _ _ _ _ _ _ _ _ _ _ _ _ _ _ _ _ _ _ _ _ _ _ _ _ _ _ _ _

spec = ModuleSpec(name='main', loader=<_frozen_importlib_external.SourceFileLoader object at 0x00000246C367BFB0>, origin='E:\\My Projects\\Nutrition app\\nutrition-tracker\\backend\\main.py')

>   ???

<frozen importlib._bootstrap>:935: 
_ _ _ _ _ _ _ _ _ _ _ _ _ _ _ _ _ _ _ _ _ _ _ _ _ _ _ _ _ _ _ _ _ _ _ _ _ _ _ _

self = <_frozen_importlib_external.SourceFileLoader object at 0x00000246C367BFB0>
module = <module 'main' from 'E:\\My Projects\\Nutrition app\\nutrition-tracker\\backend\\main.py'>

>   ???

<frozen importlib._bootstrap_external>:1026: 
_ _ _ _ _ _ _ _ _ _ _ _ _ _ _ _ _ _ _ _ _ _ _ _ _ _ _ _ _ _ _ _ _ _ _ _ _ _ _ _

f = <built-in function exec>
args = (<code object <module> at 0x00000246BF53C700, file "E:\My Projects\Nutrition app\nutrition-tracker\backend\main.py", l...RSMiddleware'>, 'FastAPI': <class 'fastapi.applications.FastAPI'>, 'File': <function File at 0x00000246837B4AE0>, ...})
kwds = {}

>   ???

<frozen importlib._bootstrap>:488: 
_ _ _ _ _ _ _ _ _ _ _ _ _ _ _ _ _ _ _ _ _ _ _ _ _ _ _ _ _ _ _ _ _ _ _ _ _ _ _ _

    """
    Main entry point for the Nutrition Tracker API (FastAPI).
    
    Routes defined here:
      POST /log-meal          û Accepts text/image input, runs nutrition_graph, returns nutrition+recommendation
      POST /log-exercise      û Logs an exercise session and returns kcal burned via MET-based formula
      GET  /daily-summary     û Returns today's daily_logs row joined with daily_goals for a user
      GET  /leaderboard       û Returns all six users ranked by today's calorie intake (desc)
      POST /calculate-goals   û Computes macro/calorie goals via MifflinûSt Jeor and upserts to daily_goals
      GET  /suggestions       û Returns the latest recommendation stored in daily_logs for a user
    
    Supabase project reference: hyejucwqghkujckoshbr
    """
    
    import os
    import io
    import math
    import tempfile
    from datetime import date
    from typing import Optional
    
    from fastapi import FastAPI, HTTPException, UploadFile, File, Form, Query
    from fastapi.middleware.cors import CORSMiddleware
    from pydantic import BaseModel
    from dotenv import load_dotenv
    
    # \u2500\u2500 Load environment variables \u2500\u2500\u2500\u2500\u2500\u2500\u2500\u2500\u2500\u2500\u2500\u2500\u2500\u2500\u2500\u2500\u2500\u2500\u2500\u2500\u2500\u2500\u2500\u2500\u2500\u2500\u2500\u2500\u2500\u2500\u2500\u2500\u2500\u2500\u2500\u2500\u2500\u2500\u2500\u2500\u2500\u2500\u2500\u2500\u2500\u2500\u2500\u2500\u2500
    _dotenv_path = os.path.join(os.path.dirname(__file__), ".env")
    load_dotenv(dotenv_path=_dotenv_path)
    
    # \u2500\u2500 Supabase client \u2500\u2500\u2500\u2500\u2500\u2500\u2500\u2500\u2500\u2500\u2500\u2500\u2500\u2500\u2500\u2500\u2500\u2500\u2500\u2500\u2500\u2500\u2500\u2500\u2500\u2500\u2500\u2500\u2500\u2500\u2500\u2500\u2500\u2500\u2500\u2500\u2500\u2500\u2500\u2500\u2500\u2500\u2500\u2500\u2500\u2500\u2500\u2500\u2500\u2500\u2500\u2500\u2500\u2500\u2500\u2500\u2500\u2500\u2500\u2500
    from database.supabase_client import get_supabase_client
    
    # \u2500\u2500 LangGraph nutrition pipeline \u2500\u2500\u2500\u2500\u2500\u2500\u2500\u2500\u2500\u2500\u2500\u2500\u2500\u2500\u2500\u2500\u2500\u2500\u2500\u2500\u2500\u2500\u2500\u2500\u2500\u2500\u2500\u2500\u2500\u2500\u2500\u2500\u2500\u2500\u2500\u2500\u2500\u2500\u2500\u2500\u2500\u2500\u2500\u2500\u2500\u2500\u2500
    from agents.graph import nutrition_graph
    from agents.state import default_nutrition_state
    
    # \u2500\u2500 FastAPI app \u2500\u2500\u2500\u2500\u2500\u2500\u2500\u2500\u2500\u2500\u2500\u2500\u2500\u2500\u2500\u2500\u2500\u2500\u2500\u2500\u2500\u2500\u2500\u2500\u2500\u2500\u2500\u2500\u2500\u2500\u2500\u2500\u2500\u2500\u2500\u2500\u2500\u2500\u2500\u2500\u2500\u2500\u2500\u2500\u2500\u2500\u2500\u2500\u2500\u2500\u2500\u2500\u2500\u2500\u2500\u2500\u2500\u2500\u2500\u2500\u2500\u2500\u2500\u2500
    app = FastAPI(
        title="Nutrition Tracker API",
        description=(
            "Backend API for the AI-powered Nutrition Tracker. "
            "Handles meal logging via LangGraph, exercise tracking, "
            "daily summaries, leaderboards, goal calculation, and suggestion retrieval. "
            "Supabase project: hyejucwqghkujckoshbr"
        ),
        version="1.0.0",
    )
    
    # \u2500\u2500 CORS (local prototype \u2014 allow everything) \u2500\u2500\u2500\u2500\u2500\u2500\u2500\u2500\u2500\u2500\u2500\u2500\u2500\u2500\u2500\u2500\u2500\u2500\u2500\u2500\u2500\u2500\u2500\u2500\u2500\u2500\u2500\u2500\u2500\u2500\u2500\u2500\u2500\u2500
    app.add_middleware(
        CORSMiddleware,
        allow_origins=["*"],
        allow_credentials=True,
        allow_methods=["*"],
        allow_headers=["*"],
    )
    
    # \u2500\u2500 Global: preloaded Keras food-classifier model \u2500\u2500\u2500\u2500\u2500\u2500\u2500\u2500\u2500\u2500\u2500\u2500\u2500\u2500\u2500\u2500\u2500\u2500\u2500\u2500\u2500\u2500\u2500\u2500\u2500\u2500\u2500\u2500\u2500\u2500
    _food_classifier = None   # set during startup; None when model file is absent
    
    
    @app.on_event("startup")
    async def startup_event():
        """
        Runs once when the server boots.
        1. Ensures .env is loaded (redundant but defensive).
        2. Preloads the Keras food-classifier so the first request doesn't pay the
           cold-start penalty.  If the model file is missing, a warning is printed
           and the server continues ù routes that don't use the classifier still work.
        """
        global _food_classifier
    
        load_dotenv(dotenv_path=_dotenv_path)
    
        model_path = os.path.join(os.path.dirname(__file__), "models", "food_classifier.keras")
        if os.path.exists(model_path):
            try:
                import tensorflow as tf  # imported lazily so the app starts without TF if unneeded
                _food_classifier = tf.keras.models.load_model(model_path)
                print(f"[startup] Food classifier loaded from '{model_path}'.")
            except Exception as exc:
                print(f"[startup] WARNING û could not load food classifier: {exc}")
        else:
            print(
                f"[startup] WARNING û model file not found at '{model_path}'. "
                "Image-based food classification will be unavailable."
            )
    
    
    # \u2550\u2550\u2550\u2550\u2550\u2550\u2550\u2550\u2550\u2550\u2550\u2550\u2550\u2550\u2550\u2550\u2550\u2550\u2550\u2550\u2550\u2550\u2550\u2550\u2550\u2550\u2550\u2550\u2550\u2550\u2550\u2550\u2550\u2550\u2550\u2550\u2550\u2550\u2550\u2550\u2550\u2550\u2550\u2550\u2550\u2550\u2550\u2550\u2550\u2550\u2550\u2550\u2550\u2550\u2550\u2550\u2550\u2550\u2550\u2550\u2550\u2550\u2550\u2550\u2550\u2550\u2550\u2550\u2550\u2550\u2550\u2550\u2550\u2550\u2550\u2550\u2550\u2550
    # Route 1 û POST /log-meal
    # \u2550\u2550\u2550\u2550\u2550\u2550\u2550\u2550\u2550\u2550\u2550\u2550\u2550\u2550\u2550\u2550\u2550\u2550\u2550\u2550\u2550\u2550\u2550\u2550\u2550\u2550\u2550\u2550\u2550\u2550\u2550\u2550\u2550\u2550\u2550\u2550\u2550\u2550\u2550\u2550\u2550\u2550\u2550\u2550\u2550\u2550\u2550\u2550\u2550\u2550\u2550\u2550\u2550\u2550\u2550\u2550\u2550\u2550\u2550\u2550\u2550\u2550\u2550\u2550\u2550\u2550\u2550\u2550\u2550\u2550\u2550\u2550\u2550\u2550\u2550\u2550\u2550\u2550
    
>   @app.post("/log-meal", summary="Log a meal via text and/or image")
     ^^^^^^^^^^^^^^^^^^^^^^^^^^^^^^^^^^^^^^^^^^^^^^^^^^^^^^^^^^^^^^^^^

main.py:95: 
_ _ _ _ _ _ _ _ _ _ _ _ _ _ _ _ _ _ _ _ _ _ _ _ _ _ _ _ _ _ _ _ _ _ _ _ _ _ _ _

func = <function log_meal at 0x00000246C36BA2A0>

    def decorator(func: DecoratedCallable) -> DecoratedCallable:
>       self.add_api_route(
            path,
            func,
            response_model=response_model,
            status_code=status_code,
            tags=tags,
            dependencies=dependencies,
            summary=summary,
            description=description,
            response_description=response_description,
            responses=responses,
            deprecated=deprecated,
            methods=methods,
            operation_id=operation_id,
            response_model_include=response_model_include,
            response_model_exclude=response_model_exclude,
            response_model_by_alias=response_model_by_alias,
            response_model_exclude_unset=response_model_exclude_unset,
            response_model_exclude_defaults=response_model_exclude_defaults,
            response_model_exclude_none=response_model_exclude_none,
            include_in_schema=include_in_schema,
            response_class=response_class,
            name=name,
            callbacks=callbacks,
            openapi_extra=openapi_extra,
            generate_unique_id_function=generate_unique_id_function,
        )

C:\Users\lenovo\AppData\Roaming\Python\Python313\site-packages\fastapi\routing.py:1125: 
_ _ _ _ _ _ _ _ _ _ _ _ _ _ _ _ _ _ _ _ _ _ _ _ _ _ _ _ _ _ _ _ _ _ _ _ _ _ _ _

self = <fastapi.routing.APIRouter object at 0x00000246C371D400>
path = '/log-meal', endpoint = <function log_meal at 0x00000246C36BA2A0>

    def add_api_route(
        self,
        path: str,
        endpoint: Callable[..., Any],
        *,
        response_model: Any = Default(None),
        status_code: int | None = None,
        tags: list[str | Enum] | None = None,
        dependencies: Sequence[params.Depends] | None = None,
        summary: str | None = None,
        description: str | None = None,
        response_description: str = "Successful Response",
        responses: dict[int | str, dict[str, Any]] | None = None,
        deprecated: bool | None = None,
        methods: set[str] | list[str] | None = None,
        operation_id: str | None = None,
        response_model_include: IncEx | None = None,
        response_model_exclude: IncEx | None = None,
        response_model_by_alias: bool = True,
        response_model_exclude_unset: bool = False,
        response_model_exclude_defaults: bool = False,
        response_model_exclude_none: bool = False,
        include_in_schema: bool = True,
        response_class: type[Response] | DefaultPlaceholder = Default(JSONResponse),
        name: str | None = None,
        route_class_override: type[APIRoute] | None = None,
        callbacks: list[BaseRoute] | None = None,
        openapi_extra: dict[str, Any] | None = None,
        generate_unique_id_function: Callable[[APIRoute], str]
        | DefaultPlaceholder = Default(generate_unique_id),
    ) -> None:
        route_class = route_class_override or self.route_class
        responses = responses or {}
        combined_responses = {**self.responses, **responses}
        current_response_class = get_value_or_default(
            response_class, self.default_response_class
        )
        current_tags = self.tags.copy()
        if tags:
            current_tags.extend(tags)
        current_dependencies = self.dependencies.copy()
        if dependencies:
            current_dependencies.extend(dependencies)
        current_callbacks = self.callbacks.copy()
        if callbacks:
            current_callbacks.extend(callbacks)
        current_generate_unique_id = get_value_or_default(
            generate_unique_id_function, self.generate_unique_id_function
        )
>       route = route_class(
            self.prefix + path,
            endpoint=endpoint,
            response_model=response_model,
            status_code=status_code,
            tags=current_tags,
            dependencies=current_dependencies,
            summary=summary,
            description=description,
            response_description=response_description,
            responses=combined_responses,
            deprecated=deprecated or self.deprecated,
            methods=methods,
            operation_id=operation_id,
            response_model_include=response_model_include,
            response_model_exclude=response_model_exclude,
            response_model_by_alias=response_model_by_alias,
            response_model_exclude_unset=response_model_exclude_unset,
            response_model_exclude_defaults=response_model_exclude_defaults,
            response_model_exclude_none=response_model_exclude_none,
            include_in_schema=include_in_schema and self.include_in_schema,
            response_class=current_response_class,
            name=name,
            dependency_overrides_provider=self.dependency_overrides_provider,
            callbacks=current_callbacks,
            openapi_extra=openapi_extra,
            generate_unique_id_function=current_generate_unique_id,
        )

C:\Users\lenovo\AppData\Roaming\Python\Python313\site-packages\fastapi\routing.py:1064: 
_ _ _ _ _ _ _ _ _ _ _ _ _ _ _ _ _ _ _ _ _ _ _ _ _ _ _ _ _ _ _ _ _ _ _ _ _ _ _ _

self = APIRoute(path='/log-meal', name='log_meal', methods=['POST'])
path = '/log-meal', endpoint = <function log_meal at 0x00000246C36BA2A0>

    def __init__(
        self,
        path: str,
        endpoint: Callable[..., Any],
        *,
        response_model: Any = Default(None),
        status_code: int | None = None,
        tags: list[str | Enum] | None = None,
        dependencies: Sequence[params.Depends] | None = None,
        summary: str | None = None,
        description: str | None = None,
        response_description: str = "Successful Response",
        responses: dict[int | str, dict[str, Any]] | None = None,
        deprecated: bool | None = None,
        name: str | None = None,
        methods: set[str] | list[str] | None = None,
        operation_id: str | None = None,
        response_model_include: IncEx | None = None,
        response_model_exclude: IncEx | None = None,
        response_model_by_alias: bool = True,
        response_model_exclude_unset: bool = False,
        response_model_exclude_defaults: bool = False,
        response_model_exclude_none: bool = False,
        include_in_schema: bool = True,
        response_class: type[Response] | DefaultPlaceholder = Default(JSONResponse),
        dependency_overrides_provider: Any | None = None,
        callbacks: list[BaseRoute] | None = None,
        openapi_extra: dict[str, Any] | None = None,
        generate_unique_id_function: Callable[["APIRoute"], str]
        | DefaultPlaceholder = Default(generate_unique_id),
    ) -> None:
        self.path = path
        self.endpoint = endpoint
        if isinstance(response_model, DefaultPlaceholder):
            return_annotation = get_typed_return_annotation(endpoint)
            if lenient_issubclass(return_annotation, Response):
                response_model = None
            else:
                response_model = return_annotation
        self.response_model = response_model
        self.summary = summary
        self.response_description = response_description
        self.deprecated = deprecated
        self.operation_id = operation_id
        self.response_model_include = response_model_include
        self.response_model_exclude = response_model_exclude
        self.response_model_by_alias = response_model_by_alias
        self.response_model_exclude_unset = response_model_exclude_unset
        self.response_model_exclude_defaults = response_model_exclude_defaults
        self.response_model_exclude_none = response_model_exclude_none
        self.include_in_schema = include_in_schema
        self.response_class = response_class
        self.dependency_overrides_provider = dependency_overrides_provider
        self.callbacks = callbacks
        self.openapi_extra = openapi_extra
        self.generate_unique_id_function = generate_unique_id_function
        self.tags = tags or []
        self.responses = responses or {}
        self.name = get_name(endpoint) if name is None else name
        self.path_regex, self.path_format, self.param_convertors = compile_path(path)
        if methods is None:
            methods = ["GET"]
        self.methods: set[str] = {method.upper() for method in methods}
        if isinstance(generate_unique_id_function, DefaultPlaceholder):
            current_generate_unique_id: Callable[[APIRoute], str] = (
                generate_unique_id_function.value
            )
        else:
            current_generate_unique_id = generate_unique_id_function
        self.unique_id = self.operation_id or current_generate_unique_id(self)
        # normalize enums e.g. http.HTTPStatus
        if isinstance(status_code, IntEnum):
            status_code = int(status_code)
        self.status_code = status_code
        if self.response_model:
            assert is_body_allowed_for_status_code(status_code), (
                f"Status code {status_code} must not have a response body"
            )
            response_name = "Response_" + self.unique_id
            self.response_field = create_model_field(
                name=response_name,
                type_=self.response_model,
                mode="serialization",
            )
        else:
            self.response_field = None  # type: ignore
        self.dependencies = list(dependencies or [])
        self.description = description or inspect.cleandoc(self.endpoint.__doc__ or "")
        # if a "form feed" character (page break) is found in the description text,
        # truncate description text to the content preceding the first "form feed"
        self.description = self.description.split("\f")[0].strip()
        response_fields = {}
        for additional_status_code, response in self.responses.items():
            assert isinstance(response, dict), "An additional response must be a dict"
            model = response.get("model")
            if model:
                assert is_body_allowed_for_status_code(additional_status_code), (
                    f"Status code {additional_status_code} must not have a response body"
                )
                response_name = f"Response_{additional_status_code}_{self.unique_id}"
                response_field = create_model_field(
                    name=response_name, type_=model, mode="serialization"
                )
                response_fields[additional_status_code] = response_field
        if response_fields:
            self.response_fields: dict[int | str, ModelField] = response_fields
        else:
            self.response_fields = {}
    
        assert callable(endpoint), "An endpoint must be a callable"
>       self.dependant = get_dependant(
            path=self.path_format, call=self.endpoint, scope="function"
        )

C:\Users\lenovo\AppData\Roaming\Python\Python313\site-packages\fastapi\routing.py:665: 
_ _ _ _ _ _ _ _ _ _ _ _ _ _ _ _ _ _ _ _ _ _ _ _ _ _ _ _ _ _ _ _ _ _ _ _ _ _ _ _

    def get_dependant(
        *,
        path: str,
        call: Callable[..., Any],
        name: str | None = None,
        own_oauth_scopes: list[str] | None = None,
        parent_oauth_scopes: list[str] | None = None,
        use_cache: bool = True,
        scope: Literal["function", "request"] | None = None,
    ) -> Dependant:
        dependant = Dependant(
            call=call,
            name=name,
            path=path,
            use_cache=use_cache,
            scope=scope,
            own_oauth_scopes=own_oauth_scopes,
            parent_oauth_scopes=parent_oauth_scopes,
        )
        current_scopes = (parent_oauth_scopes or []) + (own_oauth_scopes or [])
        path_param_names = get_path_param_names(path)
        endpoint_signature = get_typed_signature(call)
        signature_params = endpoint_signature.parameters
        for param_name, param in signature_params.items():
            is_path_param = param_name in path_param_names
>           param_details = analyze_param(
                param_name=param_name,
                annotation=param.annotation,
                value=param.default,
                is_path_param=is_path_param,
            )

C:\Users\lenovo\AppData\Roaming\Python\Python313\site-packages\fastapi\dependencies\utils.py:279: 
_ _ _ _ _ _ _ _ _ _ _ _ _ _ _ _ _ _ _ _ _ _ _ _ _ _ _ _ _ _ _ _ _ _ _ _ _ _ _ _

    def analyze_param(
        *,
        param_name: str,
        annotation: Any,
        value: Any,
        is_path_param: bool,
    ) -> ParamDetails:
        field_info = None
        depends = None
        type_annotation: Any = Any
        use_annotation: Any = Any
        if is_typealiastype(annotation):
            # unpack in case PEP 695 type syntax is used
            annotation = annotation.__value__
        if annotation is not inspect.Signature.empty:
            use_annotation = annotation
            type_annotation = annotation
        # Extract Annotated info
        if get_origin(use_annotation) is Annotated:
            annotated_args = get_args(annotation)
            type_annotation = annotated_args[0]
            fastapi_annotations = [
                arg
                for arg in annotated_args[1:]
                if isinstance(arg, (FieldInfo, params.Depends))
            ]
            fastapi_specific_annotations = [
                arg
                for arg in fastapi_annotations
                if isinstance(
                    arg,
                    (
                        params.Param,
                        params.Body,
                        params.Depends,
                    ),
                )
            ]
            if fastapi_specific_annotations:
                fastapi_annotation: FieldInfo | params.Depends | None = (
                    fastapi_specific_annotations[-1]
                )
            else:
                fastapi_annotation = None
            # Set default for Annotated FieldInfo
            if isinstance(fastapi_annotation, FieldInfo):
                # Copy `field_info` because we mutate `field_info.default` below.
                field_info = copy_field_info(
                    field_info=fastapi_annotation,
                    annotation=use_annotation,
                )
                assert (
                    field_info.default == Undefined or field_info.default == RequiredParam
                ), (
                    f"`{field_info.__class__.__name__}` default value cannot be set in"
                    f" `Annotated` for {param_name!r}. Set the default value with `=` instead."
                )
                if value is not inspect.Signature.empty:
                    assert not is_path_param, "Path parameters cannot have default values"
                    field_info.default = value
                else:
                    field_info.default = RequiredParam
            # Get Annotated Depends
            elif isinstance(fastapi_annotation, params.Depends):
                depends = fastapi_annotation
        # Get Depends from default value
        if isinstance(value, params.Depends):
            assert depends is None, (
                "Cannot specify `Depends` in `Annotated` and default value"
                f" together for {param_name!r}"
            )
            assert field_info is None, (
                "Cannot specify a FastAPI annotation in `Annotated` and `Depends` as a"
                f" default value together for {param_name!r}"
            )
            depends = value
        # Get FieldInfo from default value
        elif isinstance(value, FieldInfo):
            assert field_info is None, (
                "Cannot specify FastAPI annotations in `Annotated` and default value"
                f" together for {param_name!r}"
            )
            field_info = value
            if isinstance(field_info, FieldInfo):
                field_info.annotation = type_annotation
    
        # Get Depends from type annotation
        if depends is not None and depends.dependency is None:
            # Copy `depends` before mutating it
            depends = copy(depends)
            depends = dataclasses.replace(depends, dependency=type_annotation)
    
        # Handle non-param type annotations like Request
        # Only apply special handling when there's no explicit Depends - if there's a Depends,
        # the dependency will be called and its return value used instead of the special injection
        if depends is None and lenient_issubclass(
            type_annotation,
            (
                Request,
                WebSocket,
                HTTPConnection,
                Response,
                StarletteBackgroundTasks,
                SecurityScopes,
            ),
        ):
            assert field_info is None, (
                f"Cannot specify FastAPI annotation for type {type_annotation!r}"
            )
        # Handle default assignations, neither field_info nor depends was not found in Annotated nor default value
        elif field_info is None and depends is None:
            default_value = value if value is not inspect.Signature.empty else RequiredParam
            if is_path_param:
                # We might check here that `default_value is RequiredParam`, but the fact is that the same
                # parameter might sometimes be a path parameter and sometimes not. See
                # `tests/test_infer_param_optionality.py` for an example.
                field_info = params.Path(annotation=use_annotation)
            elif is_uploadfile_or_nonable_uploadfile_annotation(
                type_annotation
            ) or is_uploadfile_sequence_annotation(type_annotation):
                field_info = params.File(annotation=use_annotation, default=default_value)
            elif not field_annotation_is_scalar(annotation=type_annotation):
                field_info = params.Body(annotation=use_annotation, default=default_value)
            else:
                field_info = params.Query(annotation=use_annotation, default=default_value)
    
        field = None
        # It's a field_info, not a dependency
        if field_info is not None:
            # Handle field_info.in_
            if is_path_param:
                assert isinstance(field_info, params.Path), (
                    f"Cannot use `{field_info.__class__.__name__}` for path param"
                    f" {param_name!r}"
                )
            elif (
                isinstance(field_info, params.Param)
                and getattr(field_info, "in_", None) is None
            ):
                field_info.in_ = params.ParamTypes.query
            use_annotation_from_field_info = use_annotation
            if isinstance(field_info, params.Form):
>               ensure_multipart_is_installed()

C:\Users\lenovo\AppData\Roaming\Python\Python313\site-packages\fastapi\dependencies\utils.py:502: 
_ _ _ _ _ _ _ _ _ _ _ _ _ _ _ _ _ _ _ _ _ _ _ _ _ _ _ _ _ _ _ _ _ _ _ _ _ _ _ _

    def ensure_multipart_is_installed() -> None:
        try:
            from python_multipart import __version__
    
            # Import an attribute that can be mocked/deleted in testing
            assert __version__ > "0.0.12"
        except (ImportError, AssertionError):
            try:
                # __version__ is available in both multiparts, and can be mocked
                from multipart import __version__  # type: ignore[no-redef,import-untyped]
    
                assert __version__
                try:
                    # parse_options_header is only available in the right multipart
                    from multipart.multipart import (  # type: ignore[import-untyped]
                        parse_options_header,
                    )
    
                    assert parse_options_header
                except ImportError:
                    logger.error(multipart_incorrect_install_error)
                    raise RuntimeError(multipart_incorrect_install_error) from None
            except ImportError:
                logger.error(multipart_not_installed_error)
>               raise RuntimeError(multipart_not_installed_error) from None
E               RuntimeError: Form data requires "python-multipart" to be installed. 
E               You can install "python-multipart" with: 
E               
E               pip install python-multipart

C:\Users\lenovo\AppData\Roaming\Python\Python313\site-packages\fastapi\dependencies\utils.py:108: RuntimeError
----------------------------- Captured log setup ------------------------------
ERROR    fastapi:utils.py:107 Form data requires "python-multipart" to be installed. 
You can install "python-multipart" with: 

pip install python-multipart
___________ ERROR at setup of TestLogExercise.test_yoga_returns_200 ___________

    @pytest.fixture
    def client():
        """TestClient with mocked Supabase and mocked LangGraph pipeline."""
        mock_sb = _make_mock_supabase()
    
        # Mock nutrition_graph.invoke for /log-meal
        mock_graph_result = {
            "nutrition": {"calories": 350.0, "protein": 18.0, "carbs": 58.0, "fat": 8.0},
            "recommendation": "Try dal and roti for dinner!",
        }
        mock_graph = MagicMock()
        mock_graph.invoke.return_value = mock_graph_result
    
>       with patch("main.get_supabase_client", return_value=mock_sb):
             ^^^^^^^^^^^^^^^^^^^^^^^^^^^^^^^^^^^^^^^^^^^^^^^^^^^^^^^

tests\test_routes.py:95: 
_ _ _ _ _ _ _ _ _ _ _ _ _ _ _ _ _ _ _ _ _ _ _ _ _ _ _ _ _ _ _ _ _ _ _ _ _ _ _ _

self = <unittest.mock._patch object at 0x00000246C3707D90>

    def __enter__(self):
        """Perform the patch."""
        if self.is_started:
            raise RuntimeError("Patch is already started")
    
        new, spec, spec_set = self.new, self.spec, self.spec_set
        autospec, kwargs = self.autospec, self.kwargs
        new_callable = self.new_callable
>       self.target = self.getter()
                      ^^^^^^^^^^^^^

C:\Python313\Lib\unittest\mock.py:1479: 
_ _ _ _ _ _ _ _ _ _ _ _ _ _ _ _ _ _ _ _ _ _ _ _ _ _ _ _ _ _ _ _ _ _ _ _ _ _ _ _

name = 'main'

    def resolve_name(name):
        """
        Resolve a name to an object.
    
        It is expected that `name` will be a string in one of the following
        formats, where W is shorthand for a valid Python identifier and dot stands
        for a literal period in these pseudo-regexes:
    
        W(.W)*
        W(.W)*:(W(.W)*)?
    
        The first form is intended for backward compatibility only. It assumes that
        some part of the dotted name is a package, and the rest is an object
        somewhere within that package, possibly nested inside other objects.
        Because the place where the package stops and the object hierarchy starts
        can't be inferred by inspection, repeated attempts to import must be done
        with this form.
    
        In the second form, the caller makes the division point clear through the
        provision of a single colon: the dotted name to the left of the colon is a
        package to be imported, and the dotted name to the right is the object
        hierarchy within that package. Only one import is needed in this form. If
        it ends with the colon, then a module object is returned.
    
        The function will return an object (which might be a module), or raise one
        of the following exceptions:
    
        ValueError - if `name` isn't in a recognised format
        ImportError - if an import failed when it shouldn't have
        AttributeError - if a failure occurred when traversing the object hierarchy
                         within the imported package to get to the desired object.
        """
        global _NAME_PATTERN
        if _NAME_PATTERN is None:
            # Lazy import to speedup Python startup time
            import re
            dotted_words = r'(?!\d)(\w+)(\.(?!\d)(\w+))*'
            _NAME_PATTERN = re.compile(f'^(?P<pkg>{dotted_words})'
                                       f'(?P<cln>:(?P<obj>{dotted_words})?)?$',
                                       re.UNICODE)
    
        m = _NAME_PATTERN.match(name)
        if not m:
            raise ValueError(f'invalid format: {name!r}')
        gd = m.groupdict()
        if gd.get('cln'):
            # there is a colon - a one-step import is all that's needed
            mod = importlib.import_module(gd['pkg'])
            parts = gd.get('obj')
            parts = parts.split('.') if parts else []
        else:
            # no colon - have to iterate to find the package boundary
            parts = name.split('.')
            modname = parts.pop(0)
            # first part *must* be a module/package.
>           mod = importlib.import_module(modname)
                  ^^^^^^^^^^^^^^^^^^^^^^^^^^^^^^^^

C:\Python313\Lib\pkgutil.py:513: 
_ _ _ _ _ _ _ _ _ _ _ _ _ _ _ _ _ _ _ _ _ _ _ _ _ _ _ _ _ _ _ _ _ _ _ _ _ _ _ _

name = 'main', package = None

    def import_module(name, package=None):
        """Import a module.
    
        The 'package' argument is required when performing a relative import. It
        specifies the package to use as the anchor point from which to resolve the
        relative import to an absolute import.
    
        """
        level = 0
        if name.startswith('.'):
            if not package:
                raise TypeError("the 'package' argument is required to perform a "
                                f"relative import for {name!r}")
            for character in name:
                if character != '.':
                    break
                level += 1
>       return _bootstrap._gcd_import(name[level:], package, level)
               ^^^^^^^^^^^^^^^^^^^^^^^^^^^^^^^^^^^^^^^^^^^^^^^^^^^^

C:\Python313\Lib\importlib\__init__.py:88: 
_ _ _ _ _ _ _ _ _ _ _ _ _ _ _ _ _ _ _ _ _ _ _ _ _ _ _ _ _ _ _ _ _ _ _ _ _ _ _ _

name = 'main', package = None, level = 0

>   ???

<frozen importlib._bootstrap>:1387: 
_ _ _ _ _ _ _ _ _ _ _ _ _ _ _ _ _ _ _ _ _ _ _ _ _ _ _ _ _ _ _ _ _ _ _ _ _ _ _ _

name = 'main', import_ = <function _gcd_import at 0x00000246FDE604A0>

>   ???

<frozen importlib._bootstrap>:1360: 
_ _ _ _ _ _ _ _ _ _ _ _ _ _ _ _ _ _ _ _ _ _ _ _ _ _ _ _ _ _ _ _ _ _ _ _ _ _ _ _

name = 'main', import_ = <function _gcd_import at 0x00000246FDE604A0>

>   ???

<frozen importlib._bootstrap>:1331: 
_ _ _ _ _ _ _ _ _ _ _ _ _ _ _ _ _ _ _ _ _ _ _ _ _ _ _ _ _ _ _ _ _ _ _ _ _ _ _ _

spec = ModuleSpec(name='main', loader=<_frozen_importlib_external.SourceFileLoader object at 0x00000246C4B13530>, origin='E:\\My Projects\\Nutrition app\\nutrition-tracker\\backend\\main.py')

>   ???

<frozen importlib._bootstrap>:935: 
_ _ _ _ _ _ _ _ _ _ _ _ _ _ _ _ _ _ _ _ _ _ _ _ _ _ _ _ _ _ _ _ _ _ _ _ _ _ _ _

self = <_frozen_importlib_external.SourceFileLoader object at 0x00000246C4B13530>
module = <module 'main' from 'E:\\My Projects\\Nutrition app\\nutrition-tracker\\backend\\main.py'>

>   ???

<frozen importlib._bootstrap_external>:1026: 
_ _ _ _ _ _ _ _ _ _ _ _ _ _ _ _ _ _ _ _ _ _ _ _ _ _ _ _ _ _ _ _ _ _ _ _ _ _ _ _

f = <built-in function exec>
args = (<code object <module> at 0x00000246BF540590, file "E:\My Projects\Nutrition app\nutrition-tracker\backend\main.py", l...RSMiddleware'>, 'FastAPI': <class 'fastapi.applications.FastAPI'>, 'File': <function File at 0x00000246837B4AE0>, ...})
kwds = {}

>   ???

<frozen importlib._bootstrap>:488: 
_ _ _ _ _ _ _ _ _ _ _ _ _ _ _ _ _ _ _ _ _ _ _ _ _ _ _ _ _ _ _ _ _ _ _ _ _ _ _ _

    """
    Main entry point for the Nutrition Tracker API (FastAPI).
    
    Routes defined here:
      POST /log-meal          û Accepts text/image input, runs nutrition_graph, returns nutrition+recommendation
      POST /log-exercise      û Logs an exercise session and returns kcal burned via MET-based formula
      GET  /daily-summary     û Returns today's daily_logs row joined with daily_goals for a user
      GET  /leaderboard       û Returns all six users ranked by today's calorie intake (desc)
      POST /calculate-goals   û Computes macro/calorie goals via MifflinûSt Jeor and upserts to daily_goals
      GET  /suggestions       û Returns the latest recommendation stored in daily_logs for a user
    
    Supabase project reference: hyejucwqghkujckoshbr
    """
    
    import os
    import io
    import math
    import tempfile
    from datetime import date
    from typing import Optional
    
    from fastapi import FastAPI, HTTPException, UploadFile, File, Form, Query
    from fastapi.middleware.cors import CORSMiddleware
    from pydantic import BaseModel
    from dotenv import load_dotenv
    
    # \u2500\u2500 Load environment variables \u2500\u2500\u2500\u2500\u2500\u2500\u2500\u2500\u2500\u2500\u2500\u2500\u2500\u2500\u2500\u2500\u2500\u2500\u2500\u2500\u2500\u2500\u2500\u2500\u2500\u2500\u2500\u2500\u2500\u2500\u2500\u2500\u2500\u2500\u2500\u2500\u2500\u2500\u2500\u2500\u2500\u2500\u2500\u2500\u2500\u2500\u2500\u2500\u2500
    _dotenv_path = os.path.join(os.path.dirname(__file__), ".env")
    load_dotenv(dotenv_path=_dotenv_path)
    
    # \u2500\u2500 Supabase client \u2500\u2500\u2500\u2500\u2500\u2500\u2500\u2500\u2500\u2500\u2500\u2500\u2500\u2500\u2500\u2500\u2500\u2500\u2500\u2500\u2500\u2500\u2500\u2500\u2500\u2500\u2500\u2500\u2500\u2500\u2500\u2500\u2500\u2500\u2500\u2500\u2500\u2500\u2500\u2500\u2500\u2500\u2500\u2500\u2500\u2500\u2500\u2500\u2500\u2500\u2500\u2500\u2500\u2500\u2500\u2500\u2500\u2500\u2500\u2500
    from database.supabase_client import get_supabase_client
    
    # \u2500\u2500 LangGraph nutrition pipeline \u2500\u2500\u2500\u2500\u2500\u2500\u2500\u2500\u2500\u2500\u2500\u2500\u2500\u2500\u2500\u2500\u2500\u2500\u2500\u2500\u2500\u2500\u2500\u2500\u2500\u2500\u2500\u2500\u2500\u2500\u2500\u2500\u2500\u2500\u2500\u2500\u2500\u2500\u2500\u2500\u2500\u2500\u2500\u2500\u2500\u2500\u2500
    from agents.graph import nutrition_graph
    from agents.state import default_nutrition_state
    
    # \u2500\u2500 FastAPI app \u2500\u2500\u2500\u2500\u2500\u2500\u2500\u2500\u2500\u2500\u2500\u2500\u2500\u2500\u2500\u2500\u2500\u2500\u2500\u2500\u2500\u2500\u2500\u2500\u2500\u2500\u2500\u2500\u2500\u2500\u2500\u2500\u2500\u2500\u2500\u2500\u2500\u2500\u2500\u2500\u2500\u2500\u2500\u2500\u2500\u2500\u2500\u2500\u2500\u2500\u2500\u2500\u2500\u2500\u2500\u2500\u2500\u2500\u2500\u2500\u2500\u2500\u2500\u2500
    app = FastAPI(
        title="Nutrition Tracker API",
        description=(
            "Backend API for the AI-powered Nutrition Tracker. "
            "Handles meal logging via LangGraph, exercise tracking, "
            "daily summaries, leaderboards, goal calculation, and suggestion retrieval. "
            "Supabase project: hyejucwqghkujckoshbr"
        ),
        version="1.0.0",
    )
    
    # \u2500\u2500 CORS (local prototype \u2014 allow everything) \u2500\u2500\u2500\u2500\u2500\u2500\u2500\u2500\u2500\u2500\u2500\u2500\u2500\u2500\u2500\u2500\u2500\u2500\u2500\u2500\u2500\u2500\u2500\u2500\u2500\u2500\u2500\u2500\u2500\u2500\u2500\u2500\u2500\u2500
    app.add_middleware(
        CORSMiddleware,
        allow_origins=["*"],
        allow_credentials=True,
        allow_methods=["*"],
        allow_headers=["*"],
    )
    
    # \u2500\u2500 Global: preloaded Keras food-classifier model \u2500\u2500\u2500\u2500\u2500\u2500\u2500\u2500\u2500\u2500\u2500\u2500\u2500\u2500\u2500\u2500\u2500\u2500\u2500\u2500\u2500\u2500\u2500\u2500\u2500\u2500\u2500\u2500\u2500\u2500
    _food_classifier = None   # set during startup; None when model file is absent
    
    
    @app.on_event("startup")
    async def startup_event():
        """
        Runs once when the server boots.
        1. Ensures .env is loaded (redundant but defensive).
        2. Preloads the Keras food-classifier so the first request doesn't pay the
           cold-start penalty.  If the model file is missing, a warning is printed
           and the server continues ù routes that don't use the classifier still work.
        """
        global _food_classifier
    
        load_dotenv(dotenv_path=_dotenv_path)
    
        model_path = os.path.join(os.path.dirname(__file__), "models", "food_classifier.keras")
        if os.path.exists(model_path):
            try:
                import tensorflow as tf  # imported lazily so the app starts without TF if unneeded
                _food_classifier = tf.keras.models.load_model(model_path)
                print(f"[startup] Food classifier loaded from '{model_path}'.")
            except Exception as exc:
                print(f"[startup] WARNING û could not load food classifier: {exc}")
        else:
            print(
                f"[startup] WARNING û model file not found at '{model_path}'. "
                "Image-based food classification will be unavailable."
            )
    
    
    # \u2550\u2550\u2550\u2550\u2550\u2550\u2550\u2550\u2550\u2550\u2550\u2550\u2550\u2550\u2550\u2550\u2550\u2550\u2550\u2550\u2550\u2550\u2550\u2550\u2550\u2550\u2550\u2550\u2550\u2550\u2550\u2550\u2550\u2550\u2550\u2550\u2550\u2550\u2550\u2550\u2550\u2550\u2550\u2550\u2550\u2550\u2550\u2550\u2550\u2550\u2550\u2550\u2550\u2550\u2550\u2550\u2550\u2550\u2550\u2550\u2550\u2550\u2550\u2550\u2550\u2550\u2550\u2550\u2550\u2550\u2550\u2550\u2550\u2550\u2550\u2550\u2550\u2550
    # Route 1 û POST /log-meal
    # \u2550\u2550\u2550\u2550\u2550\u2550\u2550\u2550\u2550\u2550\u2550\u2550\u2550\u2550\u2550\u2550\u2550\u2550\u2550\u2550\u2550\u2550\u2550\u2550\u2550\u2550\u2550\u2550\u2550\u2550\u2550\u2550\u2550\u2550\u2550\u2550\u2550\u2550\u2550\u2550\u2550\u2550\u2550\u2550\u2550\u2550\u2550\u2550\u2550\u2550\u2550\u2550\u2550\u2550\u2550\u2550\u2550\u2550\u2550\u2550\u2550\u2550\u2550\u2550\u2550\u2550\u2550\u2550\u2550\u2550\u2550\u2550\u2550\u2550\u2550\u2550\u2550\u2550
    
>   @app.post("/log-meal", summary="Log a meal via text and/or image")
     ^^^^^^^^^^^^^^^^^^^^^^^^^^^^^^^^^^^^^^^^^^^^^^^^^^^^^^^^^^^^^^^^^

main.py:95: 
_ _ _ _ _ _ _ _ _ _ _ _ _ _ _ _ _ _ _ _ _ _ _ _ _ _ _ _ _ _ _ _ _ _ _ _ _ _ _ _

func = <function log_meal at 0x00000246C36BB4C0>

    def decorator(func: DecoratedCallable) -> DecoratedCallable:
>       self.add_api_route(
            path,
            func,
            response_model=response_model,
            status_code=status_code,
            tags=tags,
            dependencies=dependencies,
            summary=summary,
            description=description,
            response_description=response_description,
            responses=responses,
            deprecated=deprecated,
            methods=methods,
            operation_id=operation_id,
            response_model_include=response_model_include,
            response_model_exclude=response_model_exclude,
            response_model_by_alias=response_model_by_alias,
            response_model_exclude_unset=response_model_exclude_unset,
            response_model_exclude_defaults=response_model_exclude_defaults,
            response_model_exclude_none=response_model_exclude_none,
            include_in_schema=include_in_schema,
            response_class=response_class,
            name=name,
            callbacks=callbacks,
            openapi_extra=openapi_extra,
            generate_unique_id_function=generate_unique_id_function,
        )

C:\Users\lenovo\AppData\Roaming\Python\Python313\site-packages\fastapi\routing.py:1125: 
_ _ _ _ _ _ _ _ _ _ _ _ _ _ _ _ _ _ _ _ _ _ _ _ _ _ _ _ _ _ _ _ _ _ _ _ _ _ _ _

self = <fastapi.routing.APIRouter object at 0x00000246C371F5C0>
path = '/log-meal', endpoint = <function log_meal at 0x00000246C36BB4C0>

    def add_api_route(
        self,
        path: str,
        endpoint: Callable[..., Any],
        *,
        response_model: Any = Default(None),
        status_code: int | None = None,
        tags: list[str | Enum] | None = None,
        dependencies: Sequence[params.Depends] | None = None,
        summary: str | None = None,
        description: str | None = None,
        response_description: str = "Successful Response",
        responses: dict[int | str, dict[str, Any]] | None = None,
        deprecated: bool | None = None,
        methods: set[str] | list[str] | None = None,
        operation_id: str | None = None,
        response_model_include: IncEx | None = None,
        response_model_exclude: IncEx | None = None,
        response_model_by_alias: bool = True,
        response_model_exclude_unset: bool = False,
        response_model_exclude_defaults: bool = False,
        response_model_exclude_none: bool = False,
        include_in_schema: bool = True,
        response_class: type[Response] | DefaultPlaceholder = Default(JSONResponse),
        name: str | None = None,
        route_class_override: type[APIRoute] | None = None,
        callbacks: list[BaseRoute] | None = None,
        openapi_extra: dict[str, Any] | None = None,
        generate_unique_id_function: Callable[[APIRoute], str]
        | DefaultPlaceholder = Default(generate_unique_id),
    ) -> None:
        route_class = route_class_override or self.route_class
        responses = responses or {}
        combined_responses = {**self.responses, **responses}
        current_response_class = get_value_or_default(
            response_class, self.default_response_class
        )
        current_tags = self.tags.copy()
        if tags:
            current_tags.extend(tags)
        current_dependencies = self.dependencies.copy()
        if dependencies:
            current_dependencies.extend(dependencies)
        current_callbacks = self.callbacks.copy()
        if callbacks:
            current_callbacks.extend(callbacks)
        current_generate_unique_id = get_value_or_default(
            generate_unique_id_function, self.generate_unique_id_function
        )
>       route = route_class(
            self.prefix + path,
            endpoint=endpoint,
            response_model=response_model,
            status_code=status_code,
            tags=current_tags,
            dependencies=current_dependencies,
            summary=summary,
            description=description,
            response_description=response_description,
            responses=combined_responses,
            deprecated=deprecated or self.deprecated,
            methods=methods,
            operation_id=operation_id,
            response_model_include=response_model_include,
            response_model_exclude=response_model_exclude,
            response_model_by_alias=response_model_by_alias,
            response_model_exclude_unset=response_model_exclude_unset,
            response_model_exclude_defaults=response_model_exclude_defaults,
            response_model_exclude_none=response_model_exclude_none,
            include_in_schema=include_in_schema and self.include_in_schema,
            response_class=current_response_class,
            name=name,
            dependency_overrides_provider=self.dependency_overrides_provider,
            callbacks=current_callbacks,
            openapi_extra=openapi_extra,
            generate_unique_id_function=current_generate_unique_id,
        )

C:\Users\lenovo\AppData\Roaming\Python\Python313\site-packages\fastapi\routing.py:1064: 
_ _ _ _ _ _ _ _ _ _ _ _ _ _ _ _ _ _ _ _ _ _ _ _ _ _ _ _ _ _ _ _ _ _ _ _ _ _ _ _

self = APIRoute(path='/log-meal', name='log_meal', methods=['POST'])
path = '/log-meal', endpoint = <function log_meal at 0x00000246C36BB4C0>

    def __init__(
        self,
        path: str,
        endpoint: Callable[..., Any],
        *,
        response_model: Any = Default(None),
        status_code: int | None = None,
        tags: list[str | Enum] | None = None,
        dependencies: Sequence[params.Depends] | None = None,
        summary: str | None = None,
        description: str | None = None,
        response_description: str = "Successful Response",
        responses: dict[int | str, dict[str, Any]] | None = None,
        deprecated: bool | None = None,
        name: str | None = None,
        methods: set[str] | list[str] | None = None,
        operation_id: str | None = None,
        response_model_include: IncEx | None = None,
        response_model_exclude: IncEx | None = None,
        response_model_by_alias: bool = True,
        response_model_exclude_unset: bool = False,
        response_model_exclude_defaults: bool = False,
        response_model_exclude_none: bool = False,
        include_in_schema: bool = True,
        response_class: type[Response] | DefaultPlaceholder = Default(JSONResponse),
        dependency_overrides_provider: Any | None = None,
        callbacks: list[BaseRoute] | None = None,
        openapi_extra: dict[str, Any] | None = None,
        generate_unique_id_function: Callable[["APIRoute"], str]
        | DefaultPlaceholder = Default(generate_unique_id),
    ) -> None:
        self.path = path
        self.endpoint = endpoint
        if isinstance(response_model, DefaultPlaceholder):
            return_annotation = get_typed_return_annotation(endpoint)
            if lenient_issubclass(return_annotation, Response):
                response_model = None
            else:
                response_model = return_annotation
        self.response_model = response_model
        self.summary = summary
        self.response_description = response_description
        self.deprecated = deprecated
        self.operation_id = operation_id
        self.response_model_include = response_model_include
        self.response_model_exclude = response_model_exclude
        self.response_model_by_alias = response_model_by_alias
        self.response_model_exclude_unset = response_model_exclude_unset
        self.response_model_exclude_defaults = response_model_exclude_defaults
        self.response_model_exclude_none = response_model_exclude_none
        self.include_in_schema = include_in_schema
        self.response_class = response_class
        self.dependency_overrides_provider = dependency_overrides_provider
        self.callbacks = callbacks
        self.openapi_extra = openapi_extra
        self.generate_unique_id_function = generate_unique_id_function
        self.tags = tags or []
        self.responses = responses or {}
        self.name = get_name(endpoint) if name is None else name
        self.path_regex, self.path_format, self.param_convertors = compile_path(path)
        if methods is None:
            methods = ["GET"]
        self.methods: set[str] = {method.upper() for method in methods}
        if isinstance(generate_unique_id_function, DefaultPlaceholder):
            current_generate_unique_id: Callable[[APIRoute], str] = (
                generate_unique_id_function.value
            )
        else:
            current_generate_unique_id = generate_unique_id_function
        self.unique_id = self.operation_id or current_generate_unique_id(self)
        # normalize enums e.g. http.HTTPStatus
        if isinstance(status_code, IntEnum):
            status_code = int(status_code)
        self.status_code = status_code
        if self.response_model:
            assert is_body_allowed_for_status_code(status_code), (
                f"Status code {status_code} must not have a response body"
            )
            response_name = "Response_" + self.unique_id
            self.response_field = create_model_field(
                name=response_name,
                type_=self.response_model,
                mode="serialization",
            )
        else:
            self.response_field = None  # type: ignore
        self.dependencies = list(dependencies or [])
        self.description = description or inspect.cleandoc(self.endpoint.__doc__ or "")
        # if a "form feed" character (page break) is found in the description text,
        # truncate description text to the content preceding the first "form feed"
        self.description = self.description.split("\f")[0].strip()
        response_fields = {}
        for additional_status_code, response in self.responses.items():
            assert isinstance(response, dict), "An additional response must be a dict"
            model = response.get("model")
            if model:
                assert is_body_allowed_for_status_code(additional_status_code), (
                    f"Status code {additional_status_code} must not have a response body"
                )
                response_name = f"Response_{additional_status_code}_{self.unique_id}"
                response_field = create_model_field(
                    name=response_name, type_=model, mode="serialization"
                )
                response_fields[additional_status_code] = response_field
        if response_fields:
            self.response_fields: dict[int | str, ModelField] = response_fields
        else:
            self.response_fields = {}
    
        assert callable(endpoint), "An endpoint must be a callable"
>       self.dependant = get_dependant(
            path=self.path_format, call=self.endpoint, scope="function"
        )

C:\Users\lenovo\AppData\Roaming\Python\Python313\site-packages\fastapi\routing.py:665: 
_ _ _ _ _ _ _ _ _ _ _ _ _ _ _ _ _ _ _ _ _ _ _ _ _ _ _ _ _ _ _ _ _ _ _ _ _ _ _ _

    def get_dependant(
        *,
        path: str,
        call: Callable[..., Any],
        name: str | None = None,
        own_oauth_scopes: list[str] | None = None,
        parent_oauth_scopes: list[str] | None = None,
        use_cache: bool = True,
        scope: Literal["function", "request"] | None = None,
    ) -> Dependant:
        dependant = Dependant(
            call=call,
            name=name,
            path=path,
            use_cache=use_cache,
            scope=scope,
            own_oauth_scopes=own_oauth_scopes,
            parent_oauth_scopes=parent_oauth_scopes,
        )
        current_scopes = (parent_oauth_scopes or []) + (own_oauth_scopes or [])
        path_param_names = get_path_param_names(path)
        endpoint_signature = get_typed_signature(call)
        signature_params = endpoint_signature.parameters
        for param_name, param in signature_params.items():
            is_path_param = param_name in path_param_names
>           param_details = analyze_param(
                param_name=param_name,
                annotation=param.annotation,
                value=param.default,
                is_path_param=is_path_param,
            )

C:\Users\lenovo\AppData\Roaming\Python\Python313\site-packages\fastapi\dependencies\utils.py:279: 
_ _ _ _ _ _ _ _ _ _ _ _ _ _ _ _ _ _ _ _ _ _ _ _ _ _ _ _ _ _ _ _ _ _ _ _ _ _ _ _

    def analyze_param(
        *,
        param_name: str,
        annotation: Any,
        value: Any,
        is_path_param: bool,
    ) -> ParamDetails:
        field_info = None
        depends = None
        type_annotation: Any = Any
        use_annotation: Any = Any
        if is_typealiastype(annotation):
            # unpack in case PEP 695 type syntax is used
            annotation = annotation.__value__
        if annotation is not inspect.Signature.empty:
            use_annotation = annotation
            type_annotation = annotation
        # Extract Annotated info
        if get_origin(use_annotation) is Annotated:
            annotated_args = get_args(annotation)
            type_annotation = annotated_args[0]
            fastapi_annotations = [
                arg
                for arg in annotated_args[1:]
                if isinstance(arg, (FieldInfo, params.Depends))
            ]
            fastapi_specific_annotations = [
                arg
                for arg in fastapi_annotations
                if isinstance(
                    arg,
                    (
                        params.Param,
                        params.Body,
                        params.Depends,
                    ),
                )
            ]
            if fastapi_specific_annotations:
                fastapi_annotation: FieldInfo | params.Depends | None = (
                    fastapi_specific_annotations[-1]
                )
            else:
                fastapi_annotation = None
            # Set default for Annotated FieldInfo
            if isinstance(fastapi_annotation, FieldInfo):
                # Copy `field_info` because we mutate `field_info.default` below.
                field_info = copy_field_info(
                    field_info=fastapi_annotation,
                    annotation=use_annotation,
                )
                assert (
                    field_info.default == Undefined or field_info.default == RequiredParam
                ), (
                    f"`{field_info.__class__.__name__}` default value cannot be set in"
                    f" `Annotated` for {param_name!r}. Set the default value with `=` instead."
                )
                if value is not inspect.Signature.empty:
                    assert not is_path_param, "Path parameters cannot have default values"
                    field_info.default = value
                else:
                    field_info.default = RequiredParam
            # Get Annotated Depends
            elif isinstance(fastapi_annotation, params.Depends):
                depends = fastapi_annotation
        # Get Depends from default value
        if isinstance(value, params.Depends):
            assert depends is None, (
                "Cannot specify `Depends` in `Annotated` and default value"
                f" together for {param_name!r}"
            )
            assert field_info is None, (
                "Cannot specify a FastAPI annotation in `Annotated` and `Depends` as a"
                f" default value together for {param_name!r}"
            )
            depends = value
        # Get FieldInfo from default value
        elif isinstance(value, FieldInfo):
            assert field_info is None, (
                "Cannot specify FastAPI annotations in `Annotated` and default value"
                f" together for {param_name!r}"
            )
            field_info = value
            if isinstance(field_info, FieldInfo):
                field_info.annotation = type_annotation
    
        # Get Depends from type annotation
        if depends is not None and depends.dependency is None:
            # Copy `depends` before mutating it
            depends = copy(depends)
            depends = dataclasses.replace(depends, dependency=type_annotation)
    
        # Handle non-param type annotations like Request
        # Only apply special handling when there's no explicit Depends - if there's a Depends,
        # the dependency will be called and its return value used instead of the special injection
        if depends is None and lenient_issubclass(
            type_annotation,
            (
                Request,
                WebSocket,
                HTTPConnection,
                Response,
                StarletteBackgroundTasks,
                SecurityScopes,
            ),
        ):
            assert field_info is None, (
                f"Cannot specify FastAPI annotation for type {type_annotation!r}"
            )
        # Handle default assignations, neither field_info nor depends was not found in Annotated nor default value
        elif field_info is None and depends is None:
            default_value = value if value is not inspect.Signature.empty else RequiredParam
            if is_path_param:
                # We might check here that `default_value is RequiredParam`, but the fact is that the same
                # parameter might sometimes be a path parameter and sometimes not. See
                # `tests/test_infer_param_optionality.py` for an example.
                field_info = params.Path(annotation=use_annotation)
            elif is_uploadfile_or_nonable_uploadfile_annotation(
                type_annotation
            ) or is_uploadfile_sequence_annotation(type_annotation):
                field_info = params.File(annotation=use_annotation, default=default_value)
            elif not field_annotation_is_scalar(annotation=type_annotation):
                field_info = params.Body(annotation=use_annotation, default=default_value)
            else:
                field_info = params.Query(annotation=use_annotation, default=default_value)
    
        field = None
        # It's a field_info, not a dependency
        if field_info is not None:
            # Handle field_info.in_
            if is_path_param:
                assert isinstance(field_info, params.Path), (
                    f"Cannot use `{field_info.__class__.__name__}` for path param"
                    f" {param_name!r}"
                )
            elif (
                isinstance(field_info, params.Param)
                and getattr(field_info, "in_", None) is None
            ):
                field_info.in_ = params.ParamTypes.query
            use_annotation_from_field_info = use_annotation
            if isinstance(field_info, params.Form):
>               ensure_multipart_is_installed()

C:\Users\lenovo\AppData\Roaming\Python\Python313\site-packages\fastapi\dependencies\utils.py:502: 
_ _ _ _ _ _ _ _ _ _ _ _ _ _ _ _ _ _ _ _ _ _ _ _ _ _ _ _ _ _ _ _ _ _ _ _ _ _ _ _

    def ensure_multipart_is_installed() -> None:
        try:
            from python_multipart import __version__
    
            # Import an attribute that can be mocked/deleted in testing
            assert __version__ > "0.0.12"
        except (ImportError, AssertionError):
            try:
                # __version__ is available in both multiparts, and can be mocked
                from multipart import __version__  # type: ignore[no-redef,import-untyped]
    
                assert __version__
                try:
                    # parse_options_header is only available in the right multipart
                    from multipart.multipart import (  # type: ignore[import-untyped]
                        parse_options_header,
                    )
    
                    assert parse_options_header
                except ImportError:
                    logger.error(multipart_incorrect_install_error)
                    raise RuntimeError(multipart_incorrect_install_error) from None
            except ImportError:
                logger.error(multipart_not_installed_error)
>               raise RuntimeError(multipart_not_installed_error) from None
E               RuntimeError: Form data requires "python-multipart" to be installed. 
E               You can install "python-multipart" with: 
E               
E               pip install python-multipart

C:\Users\lenovo\AppData\Roaming\Python\Python313\site-packages\fastapi\dependencies\utils.py:108: RuntimeError
----------------------------- Captured log setup ------------------------------
ERROR    fastapi:utils.py:107 Form data requires "python-multipart" to be installed. 
You can install "python-multipart" with: 

pip install python-multipart
______ ERROR at setup of TestCalculateGoals.test_valid_inputs_return_200 ______

    @pytest.fixture
    def client():
        """TestClient with mocked Supabase and mocked LangGraph pipeline."""
        mock_sb = _make_mock_supabase()
    
        # Mock nutrition_graph.invoke for /log-meal
        mock_graph_result = {
            "nutrition": {"calories": 350.0, "protein": 18.0, "carbs": 58.0, "fat": 8.0},
            "recommendation": "Try dal and roti for dinner!",
        }
        mock_graph = MagicMock()
        mock_graph.invoke.return_value = mock_graph_result
    
>       with patch("main.get_supabase_client", return_value=mock_sb):
             ^^^^^^^^^^^^^^^^^^^^^^^^^^^^^^^^^^^^^^^^^^^^^^^^^^^^^^^

tests\test_routes.py:95: 
_ _ _ _ _ _ _ _ _ _ _ _ _ _ _ _ _ _ _ _ _ _ _ _ _ _ _ _ _ _ _ _ _ _ _ _ _ _ _ _

self = <unittest.mock._patch object at 0x00000246C4C899B0>

    def __enter__(self):
        """Perform the patch."""
        if self.is_started:
            raise RuntimeError("Patch is already started")
    
        new, spec, spec_set = self.new, self.spec, self.spec_set
        autospec, kwargs = self.autospec, self.kwargs
        new_callable = self.new_callable
>       self.target = self.getter()
                      ^^^^^^^^^^^^^

C:\Python313\Lib\unittest\mock.py:1479: 
_ _ _ _ _ _ _ _ _ _ _ _ _ _ _ _ _ _ _ _ _ _ _ _ _ _ _ _ _ _ _ _ _ _ _ _ _ _ _ _

name = 'main'

    def resolve_name(name):
        """
        Resolve a name to an object.
    
        It is expected that `name` will be a string in one of the following
        formats, where W is shorthand for a valid Python identifier and dot stands
        for a literal period in these pseudo-regexes:
    
        W(.W)*
        W(.W)*:(W(.W)*)?
    
        The first form is intended for backward compatibility only. It assumes that
        some part of the dotted name is a package, and the rest is an object
        somewhere within that package, possibly nested inside other objects.
        Because the place where the package stops and the object hierarchy starts
        can't be inferred by inspection, repeated attempts to import must be done
        with this form.
    
        In the second form, the caller makes the division point clear through the
        provision of a single colon: the dotted name to the left of the colon is a
        package to be imported, and the dotted name to the right is the object
        hierarchy within that package. Only one import is needed in this form. If
        it ends with the colon, then a module object is returned.
    
        The function will return an object (which might be a module), or raise one
        of the following exceptions:
    
        ValueError - if `name` isn't in a recognised format
        ImportError - if an import failed when it shouldn't have
        AttributeError - if a failure occurred when traversing the object hierarchy
                         within the imported package to get to the desired object.
        """
        global _NAME_PATTERN
        if _NAME_PATTERN is None:
            # Lazy import to speedup Python startup time
            import re
            dotted_words = r'(?!\d)(\w+)(\.(?!\d)(\w+))*'
            _NAME_PATTERN = re.compile(f'^(?P<pkg>{dotted_words})'
                                       f'(?P<cln>:(?P<obj>{dotted_words})?)?$',
                                       re.UNICODE)
    
        m = _NAME_PATTERN.match(name)
        if not m:
            raise ValueError(f'invalid format: {name!r}')
        gd = m.groupdict()
        if gd.get('cln'):
            # there is a colon - a one-step import is all that's needed
            mod = importlib.import_module(gd['pkg'])
            parts = gd.get('obj')
            parts = parts.split('.') if parts else []
        else:
            # no colon - have to iterate to find the package boundary
            parts = name.split('.')
            modname = parts.pop(0)
            # first part *must* be a module/package.
>           mod = importlib.import_module(modname)
                  ^^^^^^^^^^^^^^^^^^^^^^^^^^^^^^^^

C:\Python313\Lib\pkgutil.py:513: 
_ _ _ _ _ _ _ _ _ _ _ _ _ _ _ _ _ _ _ _ _ _ _ _ _ _ _ _ _ _ _ _ _ _ _ _ _ _ _ _

name = 'main', package = None

    def import_module(name, package=None):
        """Import a module.
    
        The 'package' argument is required when performing a relative import. It
        specifies the package to use as the anchor point from which to resolve the
        relative import to an absolute import.
    
        """
        level = 0
        if name.startswith('.'):
            if not package:
                raise TypeError("the 'package' argument is required to perform a "
                                f"relative import for {name!r}")
            for character in name:
                if character != '.':
                    break
                level += 1
>       return _bootstrap._gcd_import(name[level:], package, level)
               ^^^^^^^^^^^^^^^^^^^^^^^^^^^^^^^^^^^^^^^^^^^^^^^^^^^^

C:\Python313\Lib\importlib\__init__.py:88: 
_ _ _ _ _ _ _ _ _ _ _ _ _ _ _ _ _ _ _ _ _ _ _ _ _ _ _ _ _ _ _ _ _ _ _ _ _ _ _ _

name = 'main', package = None, level = 0

>   ???

<frozen importlib._bootstrap>:1387: 
_ _ _ _ _ _ _ _ _ _ _ _ _ _ _ _ _ _ _ _ _ _ _ _ _ _ _ _ _ _ _ _ _ _ _ _ _ _ _ _

name = 'main', import_ = <function _gcd_import at 0x00000246FDE604A0>

>   ???

<frozen importlib._bootstrap>:1360: 
_ _ _ _ _ _ _ _ _ _ _ _ _ _ _ _ _ _ _ _ _ _ _ _ _ _ _ _ _ _ _ _ _ _ _ _ _ _ _ _

name = 'main', import_ = <function _gcd_import at 0x00000246FDE604A0>

>   ???

<frozen importlib._bootstrap>:1331: 
_ _ _ _ _ _ _ _ _ _ _ _ _ _ _ _ _ _ _ _ _ _ _ _ _ _ _ _ _ _ _ _ _ _ _ _ _ _ _ _

spec = ModuleSpec(name='main', loader=<_frozen_importlib_external.SourceFileLoader object at 0x00000246C4B3F350>, origin='E:\\My Projects\\Nutrition app\\nutrition-tracker\\backend\\main.py')

>   ???

<frozen importlib._bootstrap>:935: 
_ _ _ _ _ _ _ _ _ _ _ _ _ _ _ _ _ _ _ _ _ _ _ _ _ _ _ _ _ _ _ _ _ _ _ _ _ _ _ _

self = <_frozen_importlib_external.SourceFileLoader object at 0x00000246C4B3F350>
module = <module 'main' from 'E:\\My Projects\\Nutrition app\\nutrition-tracker\\backend\\main.py'>

>   ???

<frozen importlib._bootstrap_external>:1026: 
_ _ _ _ _ _ _ _ _ _ _ _ _ _ _ _ _ _ _ _ _ _ _ _ _ _ _ _ _ _ _ _ _ _ _ _ _ _ _ _

f = <built-in function exec>
args = (<code object <module> at 0x00000246BF53C700, file "E:\My Projects\Nutrition app\nutrition-tracker\backend\main.py", l...RSMiddleware'>, 'FastAPI': <class 'fastapi.applications.FastAPI'>, 'File': <function File at 0x00000246837B4AE0>, ...})
kwds = {}

>   ???

<frozen importlib._bootstrap>:488: 
_ _ _ _ _ _ _ _ _ _ _ _ _ _ _ _ _ _ _ _ _ _ _ _ _ _ _ _ _ _ _ _ _ _ _ _ _ _ _ _

    """
    Main entry point for the Nutrition Tracker API (FastAPI).
    
    Routes defined here:
      POST /log-meal          û Accepts text/image input, runs nutrition_graph, returns nutrition+recommendation
      POST /log-exercise      û Logs an exercise session and returns kcal burned via MET-based formula
      GET  /daily-summary     û Returns today's daily_logs row joined with daily_goals for a user
      GET  /leaderboard       û Returns all six users ranked by today's calorie intake (desc)
      POST /calculate-goals   û Computes macro/calorie goals via MifflinûSt Jeor and upserts to daily_goals
      GET  /suggestions       û Returns the latest recommendation stored in daily_logs for a user
    
    Supabase project reference: hyejucwqghkujckoshbr
    """
    
    import os
    import io
    import math
    import tempfile
    from datetime import date
    from typing import Optional
    
    from fastapi import FastAPI, HTTPException, UploadFile, File, Form, Query
    from fastapi.middleware.cors import CORSMiddleware
    from pydantic import BaseModel
    from dotenv import load_dotenv
    
    # \u2500\u2500 Load environment variables \u2500\u2500\u2500\u2500\u2500\u2500\u2500\u2500\u2500\u2500\u2500\u2500\u2500\u2500\u2500\u2500\u2500\u2500\u2500\u2500\u2500\u2500\u2500\u2500\u2500\u2500\u2500\u2500\u2500\u2500\u2500\u2500\u2500\u2500\u2500\u2500\u2500\u2500\u2500\u2500\u2500\u2500\u2500\u2500\u2500\u2500\u2500\u2500\u2500
    _dotenv_path = os.path.join(os.path.dirname(__file__), ".env")
    load_dotenv(dotenv_path=_dotenv_path)
    
    # \u2500\u2500 Supabase client \u2500\u2500\u2500\u2500\u2500\u2500\u2500\u2500\u2500\u2500\u2500\u2500\u2500\u2500\u2500\u2500\u2500\u2500\u2500\u2500\u2500\u2500\u2500\u2500\u2500\u2500\u2500\u2500\u2500\u2500\u2500\u2500\u2500\u2500\u2500\u2500\u2500\u2500\u2500\u2500\u2500\u2500\u2500\u2500\u2500\u2500\u2500\u2500\u2500\u2500\u2500\u2500\u2500\u2500\u2500\u2500\u2500\u2500\u2500\u2500
    from database.supabase_client import get_supabase_client
    
    # \u2500\u2500 LangGraph nutrition pipeline \u2500\u2500\u2500\u2500\u2500\u2500\u2500\u2500\u2500\u2500\u2500\u2500\u2500\u2500\u2500\u2500\u2500\u2500\u2500\u2500\u2500\u2500\u2500\u2500\u2500\u2500\u2500\u2500\u2500\u2500\u2500\u2500\u2500\u2500\u2500\u2500\u2500\u2500\u2500\u2500\u2500\u2500\u2500\u2500\u2500\u2500\u2500
    from agents.graph import nutrition_graph
    from agents.state import default_nutrition_state
    
    # \u2500\u2500 FastAPI app \u2500\u2500\u2500\u2500\u2500\u2500\u2500\u2500\u2500\u2500\u2500\u2500\u2500\u2500\u2500\u2500\u2500\u2500\u2500\u2500\u2500\u2500\u2500\u2500\u2500\u2500\u2500\u2500\u2500\u2500\u2500\u2500\u2500\u2500\u2500\u2500\u2500\u2500\u2500\u2500\u2500\u2500\u2500\u2500\u2500\u2500\u2500\u2500\u2500\u2500\u2500\u2500\u2500\u2500\u2500\u2500\u2500\u2500\u2500\u2500\u2500\u2500\u2500\u2500
    app = FastAPI(
        title="Nutrition Tracker API",
        description=(
            "Backend API for the AI-powered Nutrition Tracker. "
            "Handles meal logging via LangGraph, exercise tracking, "
            "daily summaries, leaderboards, goal calculation, and suggestion retrieval. "
            "Supabase project: hyejucwqghkujckoshbr"
        ),
        version="1.0.0",
    )
    
    # \u2500\u2500 CORS (local prototype \u2014 allow everything) \u2500\u2500\u2500\u2500\u2500\u2500\u2500\u2500\u2500\u2500\u2500\u2500\u2500\u2500\u2500\u2500\u2500\u2500\u2500\u2500\u2500\u2500\u2500\u2500\u2500\u2500\u2500\u2500\u2500\u2500\u2500\u2500\u2500\u2500
    app.add_middleware(
        CORSMiddleware,
        allow_origins=["*"],
        allow_credentials=True,
        allow_methods=["*"],
        allow_headers=["*"],
    )
    
    # \u2500\u2500 Global: preloaded Keras food-classifier model \u2500\u2500\u2500\u2500\u2500\u2500\u2500\u2500\u2500\u2500\u2500\u2500\u2500\u2500\u2500\u2500\u2500\u2500\u2500\u2500\u2500\u2500\u2500\u2500\u2500\u2500\u2500\u2500\u2500\u2500
    _food_classifier = None   # set during startup; None when model file is absent
    
    
    @app.on_event("startup")
    async def startup_event():
        """
        Runs once when the server boots.
        1. Ensures .env is loaded (redundant but defensive).
        2. Preloads the Keras food-classifier so the first request doesn't pay the
           cold-start penalty.  If the model file is missing, a warning is printed
           and the server continues ù routes that don't use the classifier still work.
        """
        global _food_classifier
    
        load_dotenv(dotenv_path=_dotenv_path)
    
        model_path = os.path.join(os.path.dirname(__file__), "models", "food_classifier.keras")
        if os.path.exists(model_path):
            try:
                import tensorflow as tf  # imported lazily so the app starts without TF if unneeded
                _food_classifier = tf.keras.models.load_model(model_path)
                print(f"[startup] Food classifier loaded from '{model_path}'.")
            except Exception as exc:
                print(f"[startup] WARNING û could not load food classifier: {exc}")
        else:
            print(
                f"[startup] WARNING û model file not found at '{model_path}'. "
                "Image-based food classification will be unavailable."
            )
    
    
    # \u2550\u2550\u2550\u2550\u2550\u2550\u2550\u2550\u2550\u2550\u2550\u2550\u2550\u2550\u2550\u2550\u2550\u2550\u2550\u2550\u2550\u2550\u2550\u2550\u2550\u2550\u2550\u2550\u2550\u2550\u2550\u2550\u2550\u2550\u2550\u2550\u2550\u2550\u2550\u2550\u2550\u2550\u2550\u2550\u2550\u2550\u2550\u2550\u2550\u2550\u2550\u2550\u2550\u2550\u2550\u2550\u2550\u2550\u2550\u2550\u2550\u2550\u2550\u2550\u2550\u2550\u2550\u2550\u2550\u2550\u2550\u2550\u2550\u2550\u2550\u2550\u2550\u2550
    # Route 1 û POST /log-meal
    # \u2550\u2550\u2550\u2550\u2550\u2550\u2550\u2550\u2550\u2550\u2550\u2550\u2550\u2550\u2550\u2550\u2550\u2550\u2550\u2550\u2550\u2550\u2550\u2550\u2550\u2550\u2550\u2550\u2550\u2550\u2550\u2550\u2550\u2550\u2550\u2550\u2550\u2550\u2550\u2550\u2550\u2550\u2550\u2550\u2550\u2550\u2550\u2550\u2550\u2550\u2550\u2550\u2550\u2550\u2550\u2550\u2550\u2550\u2550\u2550\u2550\u2550\u2550\u2550\u2550\u2550\u2550\u2550\u2550\u2550\u2550\u2550\u2550\u2550\u2550\u2550\u2550\u2550
    
>   @app.post("/log-meal", summary="Log a meal via text and/or image")
     ^^^^^^^^^^^^^^^^^^^^^^^^^^^^^^^^^^^^^^^^^^^^^^^^^^^^^^^^^^^^^^^^^

main.py:95: 
_ _ _ _ _ _ _ _ _ _ _ _ _ _ _ _ _ _ _ _ _ _ _ _ _ _ _ _ _ _ _ _ _ _ _ _ _ _ _ _

func = <function log_meal at 0x00000246C36BA3E0>

    def decorator(func: DecoratedCallable) -> DecoratedCallable:
>       self.add_api_route(
            path,
            func,
            response_model=response_model,
            status_code=status_code,
            tags=tags,
            dependencies=dependencies,
            summary=summary,
            description=description,
            response_description=response_description,
            responses=responses,
            deprecated=deprecated,
            methods=methods,
            operation_id=operation_id,
            response_model_include=response_model_include,
            response_model_exclude=response_model_exclude,
            response_model_by_alias=response_model_by_alias,
            response_model_exclude_unset=response_model_exclude_unset,
            response_model_exclude_defaults=response_model_exclude_defaults,
            response_model_exclude_none=response_model_exclude_none,
            include_in_schema=include_in_schema,
            response_class=response_class,
            name=name,
            callbacks=callbacks,
            openapi_extra=openapi_extra,
            generate_unique_id_function=generate_unique_id_function,
        )

C:\Users\lenovo\AppData\Roaming\Python\Python313\site-packages\fastapi\routing.py:1125: 
_ _ _ _ _ _ _ _ _ _ _ _ _ _ _ _ _ _ _ _ _ _ _ _ _ _ _ _ _ _ _ _ _ _ _ _ _ _ _ _

self = <fastapi.routing.APIRouter object at 0x00000246C371FE30>
path = '/log-meal', endpoint = <function log_meal at 0x00000246C36BA3E0>

    def add_api_route(
        self,
        path: str,
        endpoint: Callable[..., Any],
        *,
        response_model: Any = Default(None),
        status_code: int | None = None,
        tags: list[str | Enum] | None = None,
        dependencies: Sequence[params.Depends] | None = None,
        summary: str | None = None,
        description: str | None = None,
        response_description: str = "Successful Response",
        responses: dict[int | str, dict[str, Any]] | None = None,
        deprecated: bool | None = None,
        methods: set[str] | list[str] | None = None,
        operation_id: str | None = None,
        response_model_include: IncEx | None = None,
        response_model_exclude: IncEx | None = None,
        response_model_by_alias: bool = True,
        response_model_exclude_unset: bool = False,
        response_model_exclude_defaults: bool = False,
        response_model_exclude_none: bool = False,
        include_in_schema: bool = True,
        response_class: type[Response] | DefaultPlaceholder = Default(JSONResponse),
        name: str | None = None,
        route_class_override: type[APIRoute] | None = None,
        callbacks: list[BaseRoute] | None = None,
        openapi_extra: dict[str, Any] | None = None,
        generate_unique_id_function: Callable[[APIRoute], str]
        | DefaultPlaceholder = Default(generate_unique_id),
    ) -> None:
        route_class = route_class_override or self.route_class
        responses = responses or {}
        combined_responses = {**self.responses, **responses}
        current_response_class = get_value_or_default(
            response_class, self.default_response_class
        )
        current_tags = self.tags.copy()
        if tags:
            current_tags.extend(tags)
        current_dependencies = self.dependencies.copy()
        if dependencies:
            current_dependencies.extend(dependencies)
        current_callbacks = self.callbacks.copy()
        if callbacks:
            current_callbacks.extend(callbacks)
        current_generate_unique_id = get_value_or_default(
            generate_unique_id_function, self.generate_unique_id_function
        )
>       route = route_class(
            self.prefix + path,
            endpoint=endpoint,
            response_model=response_model,
            status_code=status_code,
            tags=current_tags,
            dependencies=current_dependencies,
            summary=summary,
            description=description,
            response_description=response_description,
            responses=combined_responses,
            deprecated=deprecated or self.deprecated,
            methods=methods,
            operation_id=operation_id,
            response_model_include=response_model_include,
            response_model_exclude=response_model_exclude,
            response_model_by_alias=response_model_by_alias,
            response_model_exclude_unset=response_model_exclude_unset,
            response_model_exclude_defaults=response_model_exclude_defaults,
            response_model_exclude_none=response_model_exclude_none,
            include_in_schema=include_in_schema and self.include_in_schema,
            response_class=current_response_class,
            name=name,
            dependency_overrides_provider=self.dependency_overrides_provider,
            callbacks=current_callbacks,
            openapi_extra=openapi_extra,
            generate_unique_id_function=current_generate_unique_id,
        )

C:\Users\lenovo\AppData\Roaming\Python\Python313\site-packages\fastapi\routing.py:1064: 
_ _ _ _ _ _ _ _ _ _ _ _ _ _ _ _ _ _ _ _ _ _ _ _ _ _ _ _ _ _ _ _ _ _ _ _ _ _ _ _

self = APIRoute(path='/log-meal', name='log_meal', methods=['POST'])
path = '/log-meal', endpoint = <function log_meal at 0x00000246C36BA3E0>

    def __init__(
        self,
        path: str,
        endpoint: Callable[..., Any],
        *,
        response_model: Any = Default(None),
        status_code: int | None = None,
        tags: list[str | Enum] | None = None,
        dependencies: Sequence[params.Depends] | None = None,
        summary: str | None = None,
        description: str | None = None,
        response_description: str = "Successful Response",
        responses: dict[int | str, dict[str, Any]] | None = None,
        deprecated: bool | None = None,
        name: str | None = None,
        methods: set[str] | list[str] | None = None,
        operation_id: str | None = None,
        response_model_include: IncEx | None = None,
        response_model_exclude: IncEx | None = None,
        response_model_by_alias: bool = True,
        response_model_exclude_unset: bool = False,
        response_model_exclude_defaults: bool = False,
        response_model_exclude_none: bool = False,
        include_in_schema: bool = True,
        response_class: type[Response] | DefaultPlaceholder = Default(JSONResponse),
        dependency_overrides_provider: Any | None = None,
        callbacks: list[BaseRoute] | None = None,
        openapi_extra: dict[str, Any] | None = None,
        generate_unique_id_function: Callable[["APIRoute"], str]
        | DefaultPlaceholder = Default(generate_unique_id),
    ) -> None:
        self.path = path
        self.endpoint = endpoint
        if isinstance(response_model, DefaultPlaceholder):
            return_annotation = get_typed_return_annotation(endpoint)
            if lenient_issubclass(return_annotation, Response):
                response_model = None
            else:
                response_model = return_annotation
        self.response_model = response_model
        self.summary = summary
        self.response_description = response_description
        self.deprecated = deprecated
        self.operation_id = operation_id
        self.response_model_include = response_model_include
        self.response_model_exclude = response_model_exclude
        self.response_model_by_alias = response_model_by_alias
        self.response_model_exclude_unset = response_model_exclude_unset
        self.response_model_exclude_defaults = response_model_exclude_defaults
        self.response_model_exclude_none = response_model_exclude_none
        self.include_in_schema = include_in_schema
        self.response_class = response_class
        self.dependency_overrides_provider = dependency_overrides_provider
        self.callbacks = callbacks
        self.openapi_extra = openapi_extra
        self.generate_unique_id_function = generate_unique_id_function
        self.tags = tags or []
        self.responses = responses or {}
        self.name = get_name(endpoint) if name is None else name
        self.path_regex, self.path_format, self.param_convertors = compile_path(path)
        if methods is None:
            methods = ["GET"]
        self.methods: set[str] = {method.upper() for method in methods}
        if isinstance(generate_unique_id_function, DefaultPlaceholder):
            current_generate_unique_id: Callable[[APIRoute], str] = (
                generate_unique_id_function.value
            )
        else:
            current_generate_unique_id = generate_unique_id_function
        self.unique_id = self.operation_id or current_generate_unique_id(self)
        # normalize enums e.g. http.HTTPStatus
        if isinstance(status_code, IntEnum):
            status_code = int(status_code)
        self.status_code = status_code
        if self.response_model:
            assert is_body_allowed_for_status_code(status_code), (
                f"Status code {status_code} must not have a response body"
            )
            response_name = "Response_" + self.unique_id
            self.response_field = create_model_field(
                name=response_name,
                type_=self.response_model,
                mode="serialization",
            )
        else:
            self.response_field = None  # type: ignore
        self.dependencies = list(dependencies or [])
        self.description = description or inspect.cleandoc(self.endpoint.__doc__ or "")
        # if a "form feed" character (page break) is found in the description text,
        # truncate description text to the content preceding the first "form feed"
        self.description = self.description.split("\f")[0].strip()
        response_fields = {}
        for additional_status_code, response in self.responses.items():
            assert isinstance(response, dict), "An additional response must be a dict"
            model = response.get("model")
            if model:
                assert is_body_allowed_for_status_code(additional_status_code), (
                    f"Status code {additional_status_code} must not have a response body"
                )
                response_name = f"Response_{additional_status_code}_{self.unique_id}"
                response_field = create_model_field(
                    name=response_name, type_=model, mode="serialization"
                )
                response_fields[additional_status_code] = response_field
        if response_fields:
            self.response_fields: dict[int | str, ModelField] = response_fields
        else:
            self.response_fields = {}
    
        assert callable(endpoint), "An endpoint must be a callable"
>       self.dependant = get_dependant(
            path=self.path_format, call=self.endpoint, scope="function"
        )

C:\Users\lenovo\AppData\Roaming\Python\Python313\site-packages\fastapi\routing.py:665: 
_ _ _ _ _ _ _ _ _ _ _ _ _ _ _ _ _ _ _ _ _ _ _ _ _ _ _ _ _ _ _ _ _ _ _ _ _ _ _ _

    def get_dependant(
        *,
        path: str,
        call: Callable[..., Any],
        name: str | None = None,
        own_oauth_scopes: list[str] | None = None,
        parent_oauth_scopes: list[str] | None = None,
        use_cache: bool = True,
        scope: Literal["function", "request"] | None = None,
    ) -> Dependant:
        dependant = Dependant(
            call=call,
            name=name,
            path=path,
            use_cache=use_cache,
            scope=scope,
            own_oauth_scopes=own_oauth_scopes,
            parent_oauth_scopes=parent_oauth_scopes,
        )
        current_scopes = (parent_oauth_scopes or []) + (own_oauth_scopes or [])
        path_param_names = get_path_param_names(path)
        endpoint_signature = get_typed_signature(call)
        signature_params = endpoint_signature.parameters
        for param_name, param in signature_params.items():
            is_path_param = param_name in path_param_names
>           param_details = analyze_param(
                param_name=param_name,
                annotation=param.annotation,
                value=param.default,
                is_path_param=is_path_param,
            )

C:\Users\lenovo\AppData\Roaming\Python\Python313\site-packages\fastapi\dependencies\utils.py:279: 
_ _ _ _ _ _ _ _ _ _ _ _ _ _ _ _ _ _ _ _ _ _ _ _ _ _ _ _ _ _ _ _ _ _ _ _ _ _ _ _

    def analyze_param(
        *,
        param_name: str,
        annotation: Any,
        value: Any,
        is_path_param: bool,
    ) -> ParamDetails:
        field_info = None
        depends = None
        type_annotation: Any = Any
        use_annotation: Any = Any
        if is_typealiastype(annotation):
            # unpack in case PEP 695 type syntax is used
            annotation = annotation.__value__
        if annotation is not inspect.Signature.empty:
            use_annotation = annotation
            type_annotation = annotation
        # Extract Annotated info
        if get_origin(use_annotation) is Annotated:
            annotated_args = get_args(annotation)
            type_annotation = annotated_args[0]
            fastapi_annotations = [
                arg
                for arg in annotated_args[1:]
                if isinstance(arg, (FieldInfo, params.Depends))
            ]
            fastapi_specific_annotations = [
                arg
                for arg in fastapi_annotations
                if isinstance(
                    arg,
                    (
                        params.Param,
                        params.Body,
                        params.Depends,
                    ),
                )
            ]
            if fastapi_specific_annotations:
                fastapi_annotation: FieldInfo | params.Depends | None = (
                    fastapi_specific_annotations[-1]
                )
            else:
                fastapi_annotation = None
            # Set default for Annotated FieldInfo
            if isinstance(fastapi_annotation, FieldInfo):
                # Copy `field_info` because we mutate `field_info.default` below.
                field_info = copy_field_info(
                    field_info=fastapi_annotation,
                    annotation=use_annotation,
                )
                assert (
                    field_info.default == Undefined or field_info.default == RequiredParam
                ), (
                    f"`{field_info.__class__.__name__}` default value cannot be set in"
                    f" `Annotated` for {param_name!r}. Set the default value with `=` instead."
                )
                if value is not inspect.Signature.empty:
                    assert not is_path_param, "Path parameters cannot have default values"
                    field_info.default = value
                else:
                    field_info.default = RequiredParam
            # Get Annotated Depends
            elif isinstance(fastapi_annotation, params.Depends):
                depends = fastapi_annotation
        # Get Depends from default value
        if isinstance(value, params.Depends):
            assert depends is None, (
                "Cannot specify `Depends` in `Annotated` and default value"
                f" together for {param_name!r}"
            )
            assert field_info is None, (
                "Cannot specify a FastAPI annotation in `Annotated` and `Depends` as a"
                f" default value together for {param_name!r}"
            )
            depends = value
        # Get FieldInfo from default value
        elif isinstance(value, FieldInfo):
            assert field_info is None, (
                "Cannot specify FastAPI annotations in `Annotated` and default value"
                f" together for {param_name!r}"
            )
            field_info = value
            if isinstance(field_info, FieldInfo):
                field_info.annotation = type_annotation
    
        # Get Depends from type annotation
        if depends is not None and depends.dependency is None:
            # Copy `depends` before mutating it
            depends = copy(depends)
            depends = dataclasses.replace(depends, dependency=type_annotation)
    
        # Handle non-param type annotations like Request
        # Only apply special handling when there's no explicit Depends - if there's a Depends,
        # the dependency will be called and its return value used instead of the special injection
        if depends is None and lenient_issubclass(
            type_annotation,
            (
                Request,
                WebSocket,
                HTTPConnection,
                Response,
                StarletteBackgroundTasks,
                SecurityScopes,
            ),
        ):
            assert field_info is None, (
                f"Cannot specify FastAPI annotation for type {type_annotation!r}"
            )
        # Handle default assignations, neither field_info nor depends was not found in Annotated nor default value
        elif field_info is None and depends is None:
            default_value = value if value is not inspect.Signature.empty else RequiredParam
            if is_path_param:
                # We might check here that `default_value is RequiredParam`, but the fact is that the same
                # parameter might sometimes be a path parameter and sometimes not. See
                # `tests/test_infer_param_optionality.py` for an example.
                field_info = params.Path(annotation=use_annotation)
            elif is_uploadfile_or_nonable_uploadfile_annotation(
                type_annotation
            ) or is_uploadfile_sequence_annotation(type_annotation):
                field_info = params.File(annotation=use_annotation, default=default_value)
            elif not field_annotation_is_scalar(annotation=type_annotation):
                field_info = params.Body(annotation=use_annotation, default=default_value)
            else:
                field_info = params.Query(annotation=use_annotation, default=default_value)
    
        field = None
        # It's a field_info, not a dependency
        if field_info is not None:
            # Handle field_info.in_
            if is_path_param:
                assert isinstance(field_info, params.Path), (
                    f"Cannot use `{field_info.__class__.__name__}` for path param"
                    f" {param_name!r}"
                )
            elif (
                isinstance(field_info, params.Param)
                and getattr(field_info, "in_", None) is None
            ):
                field_info.in_ = params.ParamTypes.query
            use_annotation_from_field_info = use_annotation
            if isinstance(field_info, params.Form):
>               ensure_multipart_is_installed()

C:\Users\lenovo\AppData\Roaming\Python\Python313\site-packages\fastapi\dependencies\utils.py:502: 
_ _ _ _ _ _ _ _ _ _ _ _ _ _ _ _ _ _ _ _ _ _ _ _ _ _ _ _ _ _ _ _ _ _ _ _ _ _ _ _

    def ensure_multipart_is_installed() -> None:
        try:
            from python_multipart import __version__
    
            # Import an attribute that can be mocked/deleted in testing
            assert __version__ > "0.0.12"
        except (ImportError, AssertionError):
            try:
                # __version__ is available in both multiparts, and can be mocked
                from multipart import __version__  # type: ignore[no-redef,import-untyped]
    
                assert __version__
                try:
                    # parse_options_header is only available in the right multipart
                    from multipart.multipart import (  # type: ignore[import-untyped]
                        parse_options_header,
                    )
    
                    assert parse_options_header
                except ImportError:
                    logger.error(multipart_incorrect_install_error)
                    raise RuntimeError(multipart_incorrect_install_error) from None
            except ImportError:
                logger.error(multipart_not_installed_error)
>               raise RuntimeError(multipart_not_installed_error) from None
E               RuntimeError: Form data requires "python-multipart" to be installed. 
E               You can install "python-multipart" with: 
E               
E               pip install python-multipart

C:\Users\lenovo\AppData\Roaming\Python\Python313\site-packages\fastapi\dependencies\utils.py:108: RuntimeError
----------------------------- Captured log setup ------------------------------
ERROR    fastapi:utils.py:107 Form data requires "python-multipart" to be installed. 
You can install "python-multipart" with: 

pip install python-multipart
__ ERROR at setup of TestCalculateGoals.test_calorie_goal_greater_than_1000 ___

    @pytest.fixture
    def client():
        """TestClient with mocked Supabase and mocked LangGraph pipeline."""
        mock_sb = _make_mock_supabase()
    
        # Mock nutrition_graph.invoke for /log-meal
        mock_graph_result = {
            "nutrition": {"calories": 350.0, "protein": 18.0, "carbs": 58.0, "fat": 8.0},
            "recommendation": "Try dal and roti for dinner!",
        }
        mock_graph = MagicMock()
        mock_graph.invoke.return_value = mock_graph_result
    
>       with patch("main.get_supabase_client", return_value=mock_sb):
             ^^^^^^^^^^^^^^^^^^^^^^^^^^^^^^^^^^^^^^^^^^^^^^^^^^^^^^^

tests\test_routes.py:95: 
_ _ _ _ _ _ _ _ _ _ _ _ _ _ _ _ _ _ _ _ _ _ _ _ _ _ _ _ _ _ _ _ _ _ _ _ _ _ _ _

self = <unittest.mock._patch object at 0x00000246C3692970>

    def __enter__(self):
        """Perform the patch."""
        if self.is_started:
            raise RuntimeError("Patch is already started")
    
        new, spec, spec_set = self.new, self.spec, self.spec_set
        autospec, kwargs = self.autospec, self.kwargs
        new_callable = self.new_callable
>       self.target = self.getter()
                      ^^^^^^^^^^^^^

C:\Python313\Lib\unittest\mock.py:1479: 
_ _ _ _ _ _ _ _ _ _ _ _ _ _ _ _ _ _ _ _ _ _ _ _ _ _ _ _ _ _ _ _ _ _ _ _ _ _ _ _

name = 'main'

    def resolve_name(name):
        """
        Resolve a name to an object.
    
        It is expected that `name` will be a string in one of the following
        formats, where W is shorthand for a valid Python identifier and dot stands
        for a literal period in these pseudo-regexes:
    
        W(.W)*
        W(.W)*:(W(.W)*)?
    
        The first form is intended for backward compatibility only. It assumes that
        some part of the dotted name is a package, and the rest is an object
        somewhere within that package, possibly nested inside other objects.
        Because the place where the package stops and the object hierarchy starts
        can't be inferred by inspection, repeated attempts to import must be done
        with this form.
    
        In the second form, the caller makes the division point clear through the
        provision of a single colon: the dotted name to the left of the colon is a
        package to be imported, and the dotted name to the right is the object
        hierarchy within that package. Only one import is needed in this form. If
        it ends with the colon, then a module object is returned.
    
        The function will return an object (which might be a module), or raise one
        of the following exceptions:
    
        ValueError - if `name` isn't in a recognised format
        ImportError - if an import failed when it shouldn't have
        AttributeError - if a failure occurred when traversing the object hierarchy
                         within the imported package to get to the desired object.
        """
        global _NAME_PATTERN
        if _NAME_PATTERN is None:
            # Lazy import to speedup Python startup time
            import re
            dotted_words = r'(?!\d)(\w+)(\.(?!\d)(\w+))*'
            _NAME_PATTERN = re.compile(f'^(?P<pkg>{dotted_words})'
                                       f'(?P<cln>:(?P<obj>{dotted_words})?)?$',
                                       re.UNICODE)
    
        m = _NAME_PATTERN.match(name)
        if not m:
            raise ValueError(f'invalid format: {name!r}')
        gd = m.groupdict()
        if gd.get('cln'):
            # there is a colon - a one-step import is all that's needed
            mod = importlib.import_module(gd['pkg'])
            parts = gd.get('obj')
            parts = parts.split('.') if parts else []
        else:
            # no colon - have to iterate to find the package boundary
            parts = name.split('.')
            modname = parts.pop(0)
            # first part *must* be a module/package.
>           mod = importlib.import_module(modname)
                  ^^^^^^^^^^^^^^^^^^^^^^^^^^^^^^^^

C:\Python313\Lib\pkgutil.py:513: 
_ _ _ _ _ _ _ _ _ _ _ _ _ _ _ _ _ _ _ _ _ _ _ _ _ _ _ _ _ _ _ _ _ _ _ _ _ _ _ _

name = 'main', package = None

    def import_module(name, package=None):
        """Import a module.
    
        The 'package' argument is required when performing a relative import. It
        specifies the package to use as the anchor point from which to resolve the
        relative import to an absolute import.
    
        """
        level = 0
        if name.startswith('.'):
            if not package:
                raise TypeError("the 'package' argument is required to perform a "
                                f"relative import for {name!r}")
            for character in name:
                if character != '.':
                    break
                level += 1
>       return _bootstrap._gcd_import(name[level:], package, level)
               ^^^^^^^^^^^^^^^^^^^^^^^^^^^^^^^^^^^^^^^^^^^^^^^^^^^^

C:\Python313\Lib\importlib\__init__.py:88: 
_ _ _ _ _ _ _ _ _ _ _ _ _ _ _ _ _ _ _ _ _ _ _ _ _ _ _ _ _ _ _ _ _ _ _ _ _ _ _ _

name = 'main', package = None, level = 0

>   ???

<frozen importlib._bootstrap>:1387: 
_ _ _ _ _ _ _ _ _ _ _ _ _ _ _ _ _ _ _ _ _ _ _ _ _ _ _ _ _ _ _ _ _ _ _ _ _ _ _ _

name = 'main', import_ = <function _gcd_import at 0x00000246FDE604A0>

>   ???

<frozen importlib._bootstrap>:1360: 
_ _ _ _ _ _ _ _ _ _ _ _ _ _ _ _ _ _ _ _ _ _ _ _ _ _ _ _ _ _ _ _ _ _ _ _ _ _ _ _

name = 'main', import_ = <function _gcd_import at 0x00000246FDE604A0>

>   ???

<frozen importlib._bootstrap>:1331: 
_ _ _ _ _ _ _ _ _ _ _ _ _ _ _ _ _ _ _ _ _ _ _ _ _ _ _ _ _ _ _ _ _ _ _ _ _ _ _ _

spec = ModuleSpec(name='main', loader=<_frozen_importlib_external.SourceFileLoader object at 0x00000246C4B3A930>, origin='E:\\My Projects\\Nutrition app\\nutrition-tracker\\backend\\main.py')

>   ???

<frozen importlib._bootstrap>:935: 
_ _ _ _ _ _ _ _ _ _ _ _ _ _ _ _ _ _ _ _ _ _ _ _ _ _ _ _ _ _ _ _ _ _ _ _ _ _ _ _

self = <_frozen_importlib_external.SourceFileLoader object at 0x00000246C4B3A930>
module = <module 'main' from 'E:\\My Projects\\Nutrition app\\nutrition-tracker\\backend\\main.py'>

>   ???

<frozen importlib._bootstrap_external>:1026: 
_ _ _ _ _ _ _ _ _ _ _ _ _ _ _ _ _ _ _ _ _ _ _ _ _ _ _ _ _ _ _ _ _ _ _ _ _ _ _ _

f = <built-in function exec>
args = (<code object <module> at 0x00000246BF53CBD0, file "E:\My Projects\Nutrition app\nutrition-tracker\backend\main.py", l...RSMiddleware'>, 'FastAPI': <class 'fastapi.applications.FastAPI'>, 'File': <function File at 0x00000246837B4AE0>, ...})
kwds = {}

>   ???

<frozen importlib._bootstrap>:488: 
_ _ _ _ _ _ _ _ _ _ _ _ _ _ _ _ _ _ _ _ _ _ _ _ _ _ _ _ _ _ _ _ _ _ _ _ _ _ _ _

    """
    Main entry point for the Nutrition Tracker API (FastAPI).
    
    Routes defined here:
      POST /log-meal          û Accepts text/image input, runs nutrition_graph, returns nutrition+recommendation
      POST /log-exercise      û Logs an exercise session and returns kcal burned via MET-based formula
      GET  /daily-summary     û Returns today's daily_logs row joined with daily_goals for a user
      GET  /leaderboard       û Returns all six users ranked by today's calorie intake (desc)
      POST /calculate-goals   û Computes macro/calorie goals via MifflinûSt Jeor and upserts to daily_goals
      GET  /suggestions       û Returns the latest recommendation stored in daily_logs for a user
    
    Supabase project reference: hyejucwqghkujckoshbr
    """
    
    import os
    import io
    import math
    import tempfile
    from datetime import date
    from typing import Optional
    
    from fastapi import FastAPI, HTTPException, UploadFile, File, Form, Query
    from fastapi.middleware.cors import CORSMiddleware
    from pydantic import BaseModel
    from dotenv import load_dotenv
    
    # \u2500\u2500 Load environment variables \u2500\u2500\u2500\u2500\u2500\u2500\u2500\u2500\u2500\u2500\u2500\u2500\u2500\u2500\u2500\u2500\u2500\u2500\u2500\u2500\u2500\u2500\u2500\u2500\u2500\u2500\u2500\u2500\u2500\u2500\u2500\u2500\u2500\u2500\u2500\u2500\u2500\u2500\u2500\u2500\u2500\u2500\u2500\u2500\u2500\u2500\u2500\u2500\u2500
    _dotenv_path = os.path.join(os.path.dirname(__file__), ".env")
    load_dotenv(dotenv_path=_dotenv_path)
    
    # \u2500\u2500 Supabase client \u2500\u2500\u2500\u2500\u2500\u2500\u2500\u2500\u2500\u2500\u2500\u2500\u2500\u2500\u2500\u2500\u2500\u2500\u2500\u2500\u2500\u2500\u2500\u2500\u2500\u2500\u2500\u2500\u2500\u2500\u2500\u2500\u2500\u2500\u2500\u2500\u2500\u2500\u2500\u2500\u2500\u2500\u2500\u2500\u2500\u2500\u2500\u2500\u2500\u2500\u2500\u2500\u2500\u2500\u2500\u2500\u2500\u2500\u2500\u2500
    from database.supabase_client import get_supabase_client
    
    # \u2500\u2500 LangGraph nutrition pipeline \u2500\u2500\u2500\u2500\u2500\u2500\u2500\u2500\u2500\u2500\u2500\u2500\u2500\u2500\u2500\u2500\u2500\u2500\u2500\u2500\u2500\u2500\u2500\u2500\u2500\u2500\u2500\u2500\u2500\u2500\u2500\u2500\u2500\u2500\u2500\u2500\u2500\u2500\u2500\u2500\u2500\u2500\u2500\u2500\u2500\u2500\u2500
    from agents.graph import nutrition_graph
    from agents.state import default_nutrition_state
    
    # \u2500\u2500 FastAPI app \u2500\u2500\u2500\u2500\u2500\u2500\u2500\u2500\u2500\u2500\u2500\u2500\u2500\u2500\u2500\u2500\u2500\u2500\u2500\u2500\u2500\u2500\u2500\u2500\u2500\u2500\u2500\u2500\u2500\u2500\u2500\u2500\u2500\u2500\u2500\u2500\u2500\u2500\u2500\u2500\u2500\u2500\u2500\u2500\u2500\u2500\u2500\u2500\u2500\u2500\u2500\u2500\u2500\u2500\u2500\u2500\u2500\u2500\u2500\u2500\u2500\u2500\u2500\u2500
    app = FastAPI(
        title="Nutrition Tracker API",
        description=(
            "Backend API for the AI-powered Nutrition Tracker. "
            "Handles meal logging via LangGraph, exercise tracking, "
            "daily summaries, leaderboards, goal calculation, and suggestion retrieval. "
            "Supabase project: hyejucwqghkujckoshbr"
        ),
        version="1.0.0",
    )
    
    # \u2500\u2500 CORS (local prototype \u2014 allow everything) \u2500\u2500\u2500\u2500\u2500\u2500\u2500\u2500\u2500\u2500\u2500\u2500\u2500\u2500\u2500\u2500\u2500\u2500\u2500\u2500\u2500\u2500\u2500\u2500\u2500\u2500\u2500\u2500\u2500\u2500\u2500\u2500\u2500\u2500
    app.add_middleware(
        CORSMiddleware,
        allow_origins=["*"],
        allow_credentials=True,
        allow_methods=["*"],
        allow_headers=["*"],
    )
    
    # \u2500\u2500 Global: preloaded Keras food-classifier model \u2500\u2500\u2500\u2500\u2500\u2500\u2500\u2500\u2500\u2500\u2500\u2500\u2500\u2500\u2500\u2500\u2500\u2500\u2500\u2500\u2500\u2500\u2500\u2500\u2500\u2500\u2500\u2500\u2500\u2500
    _food_classifier = None   # set during startup; None when model file is absent
    
    
    @app.on_event("startup")
    async def startup_event():
        """
        Runs once when the server boots.
        1. Ensures .env is loaded (redundant but defensive).
        2. Preloads the Keras food-classifier so the first request doesn't pay the
           cold-start penalty.  If the model file is missing, a warning is printed
           and the server continues ù routes that don't use the classifier still work.
        """
        global _food_classifier
    
        load_dotenv(dotenv_path=_dotenv_path)
    
        model_path = os.path.join(os.path.dirname(__file__), "models", "food_classifier.keras")
        if os.path.exists(model_path):
            try:
                import tensorflow as tf  # imported lazily so the app starts without TF if unneeded
                _food_classifier = tf.keras.models.load_model(model_path)
                print(f"[startup] Food classifier loaded from '{model_path}'.")
            except Exception as exc:
                print(f"[startup] WARNING û could not load food classifier: {exc}")
        else:
            print(
                f"[startup] WARNING û model file not found at '{model_path}'. "
                "Image-based food classification will be unavailable."
            )
    
    
    # \u2550\u2550\u2550\u2550\u2550\u2550\u2550\u2550\u2550\u2550\u2550\u2550\u2550\u2550\u2550\u2550\u2550\u2550\u2550\u2550\u2550\u2550\u2550\u2550\u2550\u2550\u2550\u2550\u2550\u2550\u2550\u2550\u2550\u2550\u2550\u2550\u2550\u2550\u2550\u2550\u2550\u2550\u2550\u2550\u2550\u2550\u2550\u2550\u2550\u2550\u2550\u2550\u2550\u2550\u2550\u2550\u2550\u2550\u2550\u2550\u2550\u2550\u2550\u2550\u2550\u2550\u2550\u2550\u2550\u2550\u2550\u2550\u2550\u2550\u2550\u2550\u2550\u2550
    # Route 1 û POST /log-meal
    # \u2550\u2550\u2550\u2550\u2550\u2550\u2550\u2550\u2550\u2550\u2550\u2550\u2550\u2550\u2550\u2550\u2550\u2550\u2550\u2550\u2550\u2550\u2550\u2550\u2550\u2550\u2550\u2550\u2550\u2550\u2550\u2550\u2550\u2550\u2550\u2550\u2550\u2550\u2550\u2550\u2550\u2550\u2550\u2550\u2550\u2550\u2550\u2550\u2550\u2550\u2550\u2550\u2550\u2550\u2550\u2550\u2550\u2550\u2550\u2550\u2550\u2550\u2550\u2550\u2550\u2550\u2550\u2550\u2550\u2550\u2550\u2550\u2550\u2550\u2550\u2550\u2550\u2550
    
>   @app.post("/log-meal", summary="Log a meal via text and/or image")
     ^^^^^^^^^^^^^^^^^^^^^^^^^^^^^^^^^^^^^^^^^^^^^^^^^^^^^^^^^^^^^^^^^

main.py:95: 
_ _ _ _ _ _ _ _ _ _ _ _ _ _ _ _ _ _ _ _ _ _ _ _ _ _ _ _ _ _ _ _ _ _ _ _ _ _ _ _

func = <function log_meal at 0x00000246C4B449A0>

    def decorator(func: DecoratedCallable) -> DecoratedCallable:
>       self.add_api_route(
            path,
            func,
            response_model=response_model,
            status_code=status_code,
            tags=tags,
            dependencies=dependencies,
            summary=summary,
            description=description,
            response_description=response_description,
            responses=responses,
            deprecated=deprecated,
            methods=methods,
            operation_id=operation_id,
            response_model_include=response_model_include,
            response_model_exclude=response_model_exclude,
            response_model_by_alias=response_model_by_alias,
            response_model_exclude_unset=response_model_exclude_unset,
            response_model_exclude_defaults=response_model_exclude_defaults,
            response_model_exclude_none=response_model_exclude_none,
            include_in_schema=include_in_schema,
            response_class=response_class,
            name=name,
            callbacks=callbacks,
            openapi_extra=openapi_extra,
            generate_unique_id_function=generate_unique_id_function,
        )

C:\Users\lenovo\AppData\Roaming\Python\Python313\site-packages\fastapi\routing.py:1125: 
_ _ _ _ _ _ _ _ _ _ _ _ _ _ _ _ _ _ _ _ _ _ _ _ _ _ _ _ _ _ _ _ _ _ _ _ _ _ _ _

self = <fastapi.routing.APIRouter object at 0x00000246C4AD9310>
path = '/log-meal', endpoint = <function log_meal at 0x00000246C4B449A0>

    def add_api_route(
        self,
        path: str,
        endpoint: Callable[..., Any],
        *,
        response_model: Any = Default(None),
        status_code: int | None = None,
        tags: list[str | Enum] | None = None,
        dependencies: Sequence[params.Depends] | None = None,
        summary: str | None = None,
        description: str | None = None,
        response_description: str = "Successful Response",
        responses: dict[int | str, dict[str, Any]] | None = None,
        deprecated: bool | None = None,
        methods: set[str] | list[str] | None = None,
        operation_id: str | None = None,
        response_model_include: IncEx | None = None,
        response_model_exclude: IncEx | None = None,
        response_model_by_alias: bool = True,
        response_model_exclude_unset: bool = False,
        response_model_exclude_defaults: bool = False,
        response_model_exclude_none: bool = False,
        include_in_schema: bool = True,
        response_class: type[Response] | DefaultPlaceholder = Default(JSONResponse),
        name: str | None = None,
        route_class_override: type[APIRoute] | None = None,
        callbacks: list[BaseRoute] | None = None,
        openapi_extra: dict[str, Any] | None = None,
        generate_unique_id_function: Callable[[APIRoute], str]
        | DefaultPlaceholder = Default(generate_unique_id),
    ) -> None:
        route_class = route_class_override or self.route_class
        responses = responses or {}
        combined_responses = {**self.responses, **responses}
        current_response_class = get_value_or_default(
            response_class, self.default_response_class
        )
        current_tags = self.tags.copy()
        if tags:
            current_tags.extend(tags)
        current_dependencies = self.dependencies.copy()
        if dependencies:
            current_dependencies.extend(dependencies)
        current_callbacks = self.callbacks.copy()
        if callbacks:
            current_callbacks.extend(callbacks)
        current_generate_unique_id = get_value_or_default(
            generate_unique_id_function, self.generate_unique_id_function
        )
>       route = route_class(
            self.prefix + path,
            endpoint=endpoint,
            response_model=response_model,
            status_code=status_code,
            tags=current_tags,
            dependencies=current_dependencies,
            summary=summary,
            description=description,
            response_description=response_description,
            responses=combined_responses,
            deprecated=deprecated or self.deprecated,
            methods=methods,
            operation_id=operation_id,
            response_model_include=response_model_include,
            response_model_exclude=response_model_exclude,
            response_model_by_alias=response_model_by_alias,
            response_model_exclude_unset=response_model_exclude_unset,
            response_model_exclude_defaults=response_model_exclude_defaults,
            response_model_exclude_none=response_model_exclude_none,
            include_in_schema=include_in_schema and self.include_in_schema,
            response_class=current_response_class,
            name=name,
            dependency_overrides_provider=self.dependency_overrides_provider,
            callbacks=current_callbacks,
            openapi_extra=openapi_extra,
            generate_unique_id_function=current_generate_unique_id,
        )

C:\Users\lenovo\AppData\Roaming\Python\Python313\site-packages\fastapi\routing.py:1064: 
_ _ _ _ _ _ _ _ _ _ _ _ _ _ _ _ _ _ _ _ _ _ _ _ _ _ _ _ _ _ _ _ _ _ _ _ _ _ _ _

self = APIRoute(path='/log-meal', name='log_meal', methods=['POST'])
path = '/log-meal', endpoint = <function log_meal at 0x00000246C4B449A0>

    def __init__(
        self,
        path: str,
        endpoint: Callable[..., Any],
        *,
        response_model: Any = Default(None),
        status_code: int | None = None,
        tags: list[str | Enum] | None = None,
        dependencies: Sequence[params.Depends] | None = None,
        summary: str | None = None,
        description: str | None = None,
        response_description: str = "Successful Response",
        responses: dict[int | str, dict[str, Any]] | None = None,
        deprecated: bool | None = None,
        name: str | None = None,
        methods: set[str] | list[str] | None = None,
        operation_id: str | None = None,
        response_model_include: IncEx | None = None,
        response_model_exclude: IncEx | None = None,
        response_model_by_alias: bool = True,
        response_model_exclude_unset: bool = False,
        response_model_exclude_defaults: bool = False,
        response_model_exclude_none: bool = False,
        include_in_schema: bool = True,
        response_class: type[Response] | DefaultPlaceholder = Default(JSONResponse),
        dependency_overrides_provider: Any | None = None,
        callbacks: list[BaseRoute] | None = None,
        openapi_extra: dict[str, Any] | None = None,
        generate_unique_id_function: Callable[["APIRoute"], str]
        | DefaultPlaceholder = Default(generate_unique_id),
    ) -> None:
        self.path = path
        self.endpoint = endpoint
        if isinstance(response_model, DefaultPlaceholder):
            return_annotation = get_typed_return_annotation(endpoint)
            if lenient_issubclass(return_annotation, Response):
                response_model = None
            else:
                response_model = return_annotation
        self.response_model = response_model
        self.summary = summary
        self.response_description = response_description
        self.deprecated = deprecated
        self.operation_id = operation_id
        self.response_model_include = response_model_include
        self.response_model_exclude = response_model_exclude
        self.response_model_by_alias = response_model_by_alias
        self.response_model_exclude_unset = response_model_exclude_unset
        self.response_model_exclude_defaults = response_model_exclude_defaults
        self.response_model_exclude_none = response_model_exclude_none
        self.include_in_schema = include_in_schema
        self.response_class = response_class
        self.dependency_overrides_provider = dependency_overrides_provider
        self.callbacks = callbacks
        self.openapi_extra = openapi_extra
        self.generate_unique_id_function = generate_unique_id_function
        self.tags = tags or []
        self.responses = responses or {}
        self.name = get_name(endpoint) if name is None else name
        self.path_regex, self.path_format, self.param_convertors = compile_path(path)
        if methods is None:
            methods = ["GET"]
        self.methods: set[str] = {method.upper() for method in methods}
        if isinstance(generate_unique_id_function, DefaultPlaceholder):
            current_generate_unique_id: Callable[[APIRoute], str] = (
                generate_unique_id_function.value
            )
        else:
            current_generate_unique_id = generate_unique_id_function
        self.unique_id = self.operation_id or current_generate_unique_id(self)
        # normalize enums e.g. http.HTTPStatus
        if isinstance(status_code, IntEnum):
            status_code = int(status_code)
        self.status_code = status_code
        if self.response_model:
            assert is_body_allowed_for_status_code(status_code), (
                f"Status code {status_code} must not have a response body"
            )
            response_name = "Response_" + self.unique_id
            self.response_field = create_model_field(
                name=response_name,
                type_=self.response_model,
                mode="serialization",
            )
        else:
            self.response_field = None  # type: ignore
        self.dependencies = list(dependencies or [])
        self.description = description or inspect.cleandoc(self.endpoint.__doc__ or "")
        # if a "form feed" character (page break) is found in the description text,
        # truncate description text to the content preceding the first "form feed"
        self.description = self.description.split("\f")[0].strip()
        response_fields = {}
        for additional_status_code, response in self.responses.items():
            assert isinstance(response, dict), "An additional response must be a dict"
            model = response.get("model")
            if model:
                assert is_body_allowed_for_status_code(additional_status_code), (
                    f"Status code {additional_status_code} must not have a response body"
                )
                response_name = f"Response_{additional_status_code}_{self.unique_id}"
                response_field = create_model_field(
                    name=response_name, type_=model, mode="serialization"
                )
                response_fields[additional_status_code] = response_field
        if response_fields:
            self.response_fields: dict[int | str, ModelField] = response_fields
        else:
            self.response_fields = {}
    
        assert callable(endpoint), "An endpoint must be a callable"
>       self.dependant = get_dependant(
            path=self.path_format, call=self.endpoint, scope="function"
        )

C:\Users\lenovo\AppData\Roaming\Python\Python313\site-packages\fastapi\routing.py:665: 
_ _ _ _ _ _ _ _ _ _ _ _ _ _ _ _ _ _ _ _ _ _ _ _ _ _ _ _ _ _ _ _ _ _ _ _ _ _ _ _

    def get_dependant(
        *,
        path: str,
        call: Callable[..., Any],
        name: str | None = None,
        own_oauth_scopes: list[str] | None = None,
        parent_oauth_scopes: list[str] | None = None,
        use_cache: bool = True,
        scope: Literal["function", "request"] | None = None,
    ) -> Dependant:
        dependant = Dependant(
            call=call,
            name=name,
            path=path,
            use_cache=use_cache,
            scope=scope,
            own_oauth_scopes=own_oauth_scopes,
            parent_oauth_scopes=parent_oauth_scopes,
        )
        current_scopes = (parent_oauth_scopes or []) + (own_oauth_scopes or [])
        path_param_names = get_path_param_names(path)
        endpoint_signature = get_typed_signature(call)
        signature_params = endpoint_signature.parameters
        for param_name, param in signature_params.items():
            is_path_param = param_name in path_param_names
>           param_details = analyze_param(
                param_name=param_name,
                annotation=param.annotation,
                value=param.default,
                is_path_param=is_path_param,
            )

C:\Users\lenovo\AppData\Roaming\Python\Python313\site-packages\fastapi\dependencies\utils.py:279: 
_ _ _ _ _ _ _ _ _ _ _ _ _ _ _ _ _ _ _ _ _ _ _ _ _ _ _ _ _ _ _ _ _ _ _ _ _ _ _ _

    def analyze_param(
        *,
        param_name: str,
        annotation: Any,
        value: Any,
        is_path_param: bool,
    ) -> ParamDetails:
        field_info = None
        depends = None
        type_annotation: Any = Any
        use_annotation: Any = Any
        if is_typealiastype(annotation):
            # unpack in case PEP 695 type syntax is used
            annotation = annotation.__value__
        if annotation is not inspect.Signature.empty:
            use_annotation = annotation
            type_annotation = annotation
        # Extract Annotated info
        if get_origin(use_annotation) is Annotated:
            annotated_args = get_args(annotation)
            type_annotation = annotated_args[0]
            fastapi_annotations = [
                arg
                for arg in annotated_args[1:]
                if isinstance(arg, (FieldInfo, params.Depends))
            ]
            fastapi_specific_annotations = [
                arg
                for arg in fastapi_annotations
                if isinstance(
                    arg,
                    (
                        params.Param,
                        params.Body,
                        params.Depends,
                    ),
                )
            ]
            if fastapi_specific_annotations:
                fastapi_annotation: FieldInfo | params.Depends | None = (
                    fastapi_specific_annotations[-1]
                )
            else:
                fastapi_annotation = None
            # Set default for Annotated FieldInfo
            if isinstance(fastapi_annotation, FieldInfo):
                # Copy `field_info` because we mutate `field_info.default` below.
                field_info = copy_field_info(
                    field_info=fastapi_annotation,
                    annotation=use_annotation,
                )
                assert (
                    field_info.default == Undefined or field_info.default == RequiredParam
                ), (
                    f"`{field_info.__class__.__name__}` default value cannot be set in"
                    f" `Annotated` for {param_name!r}. Set the default value with `=` instead."
                )
                if value is not inspect.Signature.empty:
                    assert not is_path_param, "Path parameters cannot have default values"
                    field_info.default = value
                else:
                    field_info.default = RequiredParam
            # Get Annotated Depends
            elif isinstance(fastapi_annotation, params.Depends):
                depends = fastapi_annotation
        # Get Depends from default value
        if isinstance(value, params.Depends):
            assert depends is None, (
                "Cannot specify `Depends` in `Annotated` and default value"
                f" together for {param_name!r}"
            )
            assert field_info is None, (
                "Cannot specify a FastAPI annotation in `Annotated` and `Depends` as a"
                f" default value together for {param_name!r}"
            )
            depends = value
        # Get FieldInfo from default value
        elif isinstance(value, FieldInfo):
            assert field_info is None, (
                "Cannot specify FastAPI annotations in `Annotated` and default value"
                f" together for {param_name!r}"
            )
            field_info = value
            if isinstance(field_info, FieldInfo):
                field_info.annotation = type_annotation
    
        # Get Depends from type annotation
        if depends is not None and depends.dependency is None:
            # Copy `depends` before mutating it
            depends = copy(depends)
            depends = dataclasses.replace(depends, dependency=type_annotation)
    
        # Handle non-param type annotations like Request
        # Only apply special handling when there's no explicit Depends - if there's a Depends,
        # the dependency will be called and its return value used instead of the special injection
        if depends is None and lenient_issubclass(
            type_annotation,
            (
                Request,
                WebSocket,
                HTTPConnection,
                Response,
                StarletteBackgroundTasks,
                SecurityScopes,
            ),
        ):
            assert field_info is None, (
                f"Cannot specify FastAPI annotation for type {type_annotation!r}"
            )
        # Handle default assignations, neither field_info nor depends was not found in Annotated nor default value
        elif field_info is None and depends is None:
            default_value = value if value is not inspect.Signature.empty else RequiredParam
            if is_path_param:
                # We might check here that `default_value is RequiredParam`, but the fact is that the same
                # parameter might sometimes be a path parameter and sometimes not. See
                # `tests/test_infer_param_optionality.py` for an example.
                field_info = params.Path(annotation=use_annotation)
            elif is_uploadfile_or_nonable_uploadfile_annotation(
                type_annotation
            ) or is_uploadfile_sequence_annotation(type_annotation):
                field_info = params.File(annotation=use_annotation, default=default_value)
            elif not field_annotation_is_scalar(annotation=type_annotation):
                field_info = params.Body(annotation=use_annotation, default=default_value)
            else:
                field_info = params.Query(annotation=use_annotation, default=default_value)
    
        field = None
        # It's a field_info, not a dependency
        if field_info is not None:
            # Handle field_info.in_
            if is_path_param:
                assert isinstance(field_info, params.Path), (
                    f"Cannot use `{field_info.__class__.__name__}` for path param"
                    f" {param_name!r}"
                )
            elif (
                isinstance(field_info, params.Param)
                and getattr(field_info, "in_", None) is None
            ):
                field_info.in_ = params.ParamTypes.query
            use_annotation_from_field_info = use_annotation
            if isinstance(field_info, params.Form):
>               ensure_multipart_is_installed()

C:\Users\lenovo\AppData\Roaming\Python\Python313\site-packages\fastapi\dependencies\utils.py:502: 
_ _ _ _ _ _ _ _ _ _ _ _ _ _ _ _ _ _ _ _ _ _ _ _ _ _ _ _ _ _ _ _ _ _ _ _ _ _ _ _

    def ensure_multipart_is_installed() -> None:
        try:
            from python_multipart import __version__
    
            # Import an attribute that can be mocked/deleted in testing
            assert __version__ > "0.0.12"
        except (ImportError, AssertionError):
            try:
                # __version__ is available in both multiparts, and can be mocked
                from multipart import __version__  # type: ignore[no-redef,import-untyped]
    
                assert __version__
                try:
                    # parse_options_header is only available in the right multipart
                    from multipart.multipart import (  # type: ignore[import-untyped]
                        parse_options_header,
                    )
    
                    assert parse_options_header
                except ImportError:
                    logger.error(multipart_incorrect_install_error)
                    raise RuntimeError(multipart_incorrect_install_error) from None
            except ImportError:
                logger.error(multipart_not_installed_error)
>               raise RuntimeError(multipart_not_installed_error) from None
E               RuntimeError: Form data requires "python-multipart" to be installed. 
E               You can install "python-multipart" with: 
E               
E               pip install python-multipart

C:\Users\lenovo\AppData\Roaming\Python\Python313\site-packages\fastapi\dependencies\utils.py:108: RuntimeError
----------------------------- Captured log setup ------------------------------
ERROR    fastapi:utils.py:107 Form data requires "python-multipart" to be installed. 
You can install "python-multipart" with: 

pip install python-multipart
____ ERROR at setup of TestCalculateGoals.test_response_has_all_macro_keys ____

    @pytest.fixture
    def client():
        """TestClient with mocked Supabase and mocked LangGraph pipeline."""
        mock_sb = _make_mock_supabase()
    
        # Mock nutrition_graph.invoke for /log-meal
        mock_graph_result = {
            "nutrition": {"calories": 350.0, "protein": 18.0, "carbs": 58.0, "fat": 8.0},
            "recommendation": "Try dal and roti for dinner!",
        }
        mock_graph = MagicMock()
        mock_graph.invoke.return_value = mock_graph_result
    
>       with patch("main.get_supabase_client", return_value=mock_sb):
             ^^^^^^^^^^^^^^^^^^^^^^^^^^^^^^^^^^^^^^^^^^^^^^^^^^^^^^^

tests\test_routes.py:95: 
_ _ _ _ _ _ _ _ _ _ _ _ _ _ _ _ _ _ _ _ _ _ _ _ _ _ _ _ _ _ _ _ _ _ _ _ _ _ _ _

self = <unittest.mock._patch object at 0x00000246C4C8A890>

    def __enter__(self):
        """Perform the patch."""
        if self.is_started:
            raise RuntimeError("Patch is already started")
    
        new, spec, spec_set = self.new, self.spec, self.spec_set
        autospec, kwargs = self.autospec, self.kwargs
        new_callable = self.new_callable
>       self.target = self.getter()
                      ^^^^^^^^^^^^^

C:\Python313\Lib\unittest\mock.py:1479: 
_ _ _ _ _ _ _ _ _ _ _ _ _ _ _ _ _ _ _ _ _ _ _ _ _ _ _ _ _ _ _ _ _ _ _ _ _ _ _ _

name = 'main'

    def resolve_name(name):
        """
        Resolve a name to an object.
    
        It is expected that `name` will be a string in one of the following
        formats, where W is shorthand for a valid Python identifier and dot stands
        for a literal period in these pseudo-regexes:
    
        W(.W)*
        W(.W)*:(W(.W)*)?
    
        The first form is intended for backward compatibility only. It assumes that
        some part of the dotted name is a package, and the rest is an object
        somewhere within that package, possibly nested inside other objects.
        Because the place where the package stops and the object hierarchy starts
        can't be inferred by inspection, repeated attempts to import must be done
        with this form.
    
        In the second form, the caller makes the division point clear through the
        provision of a single colon: the dotted name to the left of the colon is a
        package to be imported, and the dotted name to the right is the object
        hierarchy within that package. Only one import is needed in this form. If
        it ends with the colon, then a module object is returned.
    
        The function will return an object (which might be a module), or raise one
        of the following exceptions:
    
        ValueError - if `name` isn't in a recognised format
        ImportError - if an import failed when it shouldn't have
        AttributeError - if a failure occurred when traversing the object hierarchy
                         within the imported package to get to the desired object.
        """
        global _NAME_PATTERN
        if _NAME_PATTERN is None:
            # Lazy import to speedup Python startup time
            import re
            dotted_words = r'(?!\d)(\w+)(\.(?!\d)(\w+))*'
            _NAME_PATTERN = re.compile(f'^(?P<pkg>{dotted_words})'
                                       f'(?P<cln>:(?P<obj>{dotted_words})?)?$',
                                       re.UNICODE)
    
        m = _NAME_PATTERN.match(name)
        if not m:
            raise ValueError(f'invalid format: {name!r}')
        gd = m.groupdict()
        if gd.get('cln'):
            # there is a colon - a one-step import is all that's needed
            mod = importlib.import_module(gd['pkg'])
            parts = gd.get('obj')
            parts = parts.split('.') if parts else []
        else:
            # no colon - have to iterate to find the package boundary
            parts = name.split('.')
            modname = parts.pop(0)
            # first part *must* be a module/package.
>           mod = importlib.import_module(modname)
                  ^^^^^^^^^^^^^^^^^^^^^^^^^^^^^^^^

C:\Python313\Lib\pkgutil.py:513: 
_ _ _ _ _ _ _ _ _ _ _ _ _ _ _ _ _ _ _ _ _ _ _ _ _ _ _ _ _ _ _ _ _ _ _ _ _ _ _ _

name = 'main', package = None

    def import_module(name, package=None):
        """Import a module.
    
        The 'package' argument is required when performing a relative import. It
        specifies the package to use as the anchor point from which to resolve the
        relative import to an absolute import.
    
        """
        level = 0
        if name.startswith('.'):
            if not package:
                raise TypeError("the 'package' argument is required to perform a "
                                f"relative import for {name!r}")
            for character in name:
                if character != '.':
                    break
                level += 1
>       return _bootstrap._gcd_import(name[level:], package, level)
               ^^^^^^^^^^^^^^^^^^^^^^^^^^^^^^^^^^^^^^^^^^^^^^^^^^^^

C:\Python313\Lib\importlib\__init__.py:88: 
_ _ _ _ _ _ _ _ _ _ _ _ _ _ _ _ _ _ _ _ _ _ _ _ _ _ _ _ _ _ _ _ _ _ _ _ _ _ _ _

name = 'main', package = None, level = 0

>   ???

<frozen importlib._bootstrap>:1387: 
_ _ _ _ _ _ _ _ _ _ _ _ _ _ _ _ _ _ _ _ _ _ _ _ _ _ _ _ _ _ _ _ _ _ _ _ _ _ _ _

name = 'main', import_ = <function _gcd_import at 0x00000246FDE604A0>

>   ???

<frozen importlib._bootstrap>:1360: 
_ _ _ _ _ _ _ _ _ _ _ _ _ _ _ _ _ _ _ _ _ _ _ _ _ _ _ _ _ _ _ _ _ _ _ _ _ _ _ _

name = 'main', import_ = <function _gcd_import at 0x00000246FDE604A0>

>   ???

<frozen importlib._bootstrap>:1331: 
_ _ _ _ _ _ _ _ _ _ _ _ _ _ _ _ _ _ _ _ _ _ _ _ _ _ _ _ _ _ _ _ _ _ _ _ _ _ _ _

spec = ModuleSpec(name='main', loader=<_frozen_importlib_external.SourceFileLoader object at 0x00000246C4B02750>, origin='E:\\My Projects\\Nutrition app\\nutrition-tracker\\backend\\main.py')

>   ???

<frozen importlib._bootstrap>:935: 
_ _ _ _ _ _ _ _ _ _ _ _ _ _ _ _ _ _ _ _ _ _ _ _ _ _ _ _ _ _ _ _ _ _ _ _ _ _ _ _

self = <_frozen_importlib_external.SourceFileLoader object at 0x00000246C4B02750>
module = <module 'main' from 'E:\\My Projects\\Nutrition app\\nutrition-tracker\\backend\\main.py'>

>   ???

<frozen importlib._bootstrap_external>:1026: 
_ _ _ _ _ _ _ _ _ _ _ _ _ _ _ _ _ _ _ _ _ _ _ _ _ _ _ _ _ _ _ _ _ _ _ _ _ _ _ _

f = <built-in function exec>
args = (<code object <module> at 0x00000246BF53C700, file "E:\My Projects\Nutrition app\nutrition-tracker\backend\main.py", l...RSMiddleware'>, 'FastAPI': <class 'fastapi.applications.FastAPI'>, 'File': <function File at 0x00000246837B4AE0>, ...})
kwds = {}

>   ???

<frozen importlib._bootstrap>:488: 
_ _ _ _ _ _ _ _ _ _ _ _ _ _ _ _ _ _ _ _ _ _ _ _ _ _ _ _ _ _ _ _ _ _ _ _ _ _ _ _

    """
    Main entry point for the Nutrition Tracker API (FastAPI).
    
    Routes defined here:
      POST /log-meal          û Accepts text/image input, runs nutrition_graph, returns nutrition+recommendation
      POST /log-exercise      û Logs an exercise session and returns kcal burned via MET-based formula
      GET  /daily-summary     û Returns today's daily_logs row joined with daily_goals for a user
      GET  /leaderboard       û Returns all six users ranked by today's calorie intake (desc)
      POST /calculate-goals   û Computes macro/calorie goals via MifflinûSt Jeor and upserts to daily_goals
      GET  /suggestions       û Returns the latest recommendation stored in daily_logs for a user
    
    Supabase project reference: hyejucwqghkujckoshbr
    """
    
    import os
    import io
    import math
    import tempfile
    from datetime import date
    from typing import Optional
    
    from fastapi import FastAPI, HTTPException, UploadFile, File, Form, Query
    from fastapi.middleware.cors import CORSMiddleware
    from pydantic import BaseModel
    from dotenv import load_dotenv
    
    # \u2500\u2500 Load environment variables \u2500\u2500\u2500\u2500\u2500\u2500\u2500\u2500\u2500\u2500\u2500\u2500\u2500\u2500\u2500\u2500\u2500\u2500\u2500\u2500\u2500\u2500\u2500\u2500\u2500\u2500\u2500\u2500\u2500\u2500\u2500\u2500\u2500\u2500\u2500\u2500\u2500\u2500\u2500\u2500\u2500\u2500\u2500\u2500\u2500\u2500\u2500\u2500\u2500
    _dotenv_path = os.path.join(os.path.dirname(__file__), ".env")
    load_dotenv(dotenv_path=_dotenv_path)
    
    # \u2500\u2500 Supabase client \u2500\u2500\u2500\u2500\u2500\u2500\u2500\u2500\u2500\u2500\u2500\u2500\u2500\u2500\u2500\u2500\u2500\u2500\u2500\u2500\u2500\u2500\u2500\u2500\u2500\u2500\u2500\u2500\u2500\u2500\u2500\u2500\u2500\u2500\u2500\u2500\u2500\u2500\u2500\u2500\u2500\u2500\u2500\u2500\u2500\u2500\u2500\u2500\u2500\u2500\u2500\u2500\u2500\u2500\u2500\u2500\u2500\u2500\u2500\u2500
    from database.supabase_client import get_supabase_client
    
    # \u2500\u2500 LangGraph nutrition pipeline \u2500\u2500\u2500\u2500\u2500\u2500\u2500\u2500\u2500\u2500\u2500\u2500\u2500\u2500\u2500\u2500\u2500\u2500\u2500\u2500\u2500\u2500\u2500\u2500\u2500\u2500\u2500\u2500\u2500\u2500\u2500\u2500\u2500\u2500\u2500\u2500\u2500\u2500\u2500\u2500\u2500\u2500\u2500\u2500\u2500\u2500\u2500
    from agents.graph import nutrition_graph
    from agents.state import default_nutrition_state
    
    # \u2500\u2500 FastAPI app \u2500\u2500\u2500\u2500\u2500\u2500\u2500\u2500\u2500\u2500\u2500\u2500\u2500\u2500\u2500\u2500\u2500\u2500\u2500\u2500\u2500\u2500\u2500\u2500\u2500\u2500\u2500\u2500\u2500\u2500\u2500\u2500\u2500\u2500\u2500\u2500\u2500\u2500\u2500\u2500\u2500\u2500\u2500\u2500\u2500\u2500\u2500\u2500\u2500\u2500\u2500\u2500\u2500\u2500\u2500\u2500\u2500\u2500\u2500\u2500\u2500\u2500\u2500\u2500
    app = FastAPI(
        title="Nutrition Tracker API",
        description=(
            "Backend API for the AI-powered Nutrition Tracker. "
            "Handles meal logging via LangGraph, exercise tracking, "
            "daily summaries, leaderboards, goal calculation, and suggestion retrieval. "
            "Supabase project: hyejucwqghkujckoshbr"
        ),
        version="1.0.0",
    )
    
    # \u2500\u2500 CORS (local prototype \u2014 allow everything) \u2500\u2500\u2500\u2500\u2500\u2500\u2500\u2500\u2500\u2500\u2500\u2500\u2500\u2500\u2500\u2500\u2500\u2500\u2500\u2500\u2500\u2500\u2500\u2500\u2500\u2500\u2500\u2500\u2500\u2500\u2500\u2500\u2500\u2500
    app.add_middleware(
        CORSMiddleware,
        allow_origins=["*"],
        allow_credentials=True,
        allow_methods=["*"],
        allow_headers=["*"],
    )
    
    # \u2500\u2500 Global: preloaded Keras food-classifier model \u2500\u2500\u2500\u2500\u2500\u2500\u2500\u2500\u2500\u2500\u2500\u2500\u2500\u2500\u2500\u2500\u2500\u2500\u2500\u2500\u2500\u2500\u2500\u2500\u2500\u2500\u2500\u2500\u2500\u2500
    _food_classifier = None   # set during startup; None when model file is absent
    
    
    @app.on_event("startup")
    async def startup_event():
        """
        Runs once when the server boots.
        1. Ensures .env is loaded (redundant but defensive).
        2. Preloads the Keras food-classifier so the first request doesn't pay the
           cold-start penalty.  If the model file is missing, a warning is printed
           and the server continues ù routes that don't use the classifier still work.
        """
        global _food_classifier
    
        load_dotenv(dotenv_path=_dotenv_path)
    
        model_path = os.path.join(os.path.dirname(__file__), "models", "food_classifier.keras")
        if os.path.exists(model_path):
            try:
                import tensorflow as tf  # imported lazily so the app starts without TF if unneeded
                _food_classifier = tf.keras.models.load_model(model_path)
                print(f"[startup] Food classifier loaded from '{model_path}'.")
            except Exception as exc:
                print(f"[startup] WARNING û could not load food classifier: {exc}")
        else:
            print(
                f"[startup] WARNING û model file not found at '{model_path}'. "
                "Image-based food classification will be unavailable."
            )
    
    
    # \u2550\u2550\u2550\u2550\u2550\u2550\u2550\u2550\u2550\u2550\u2550\u2550\u2550\u2550\u2550\u2550\u2550\u2550\u2550\u2550\u2550\u2550\u2550\u2550\u2550\u2550\u2550\u2550\u2550\u2550\u2550\u2550\u2550\u2550\u2550\u2550\u2550\u2550\u2550\u2550\u2550\u2550\u2550\u2550\u2550\u2550\u2550\u2550\u2550\u2550\u2550\u2550\u2550\u2550\u2550\u2550\u2550\u2550\u2550\u2550\u2550\u2550\u2550\u2550\u2550\u2550\u2550\u2550\u2550\u2550\u2550\u2550\u2550\u2550\u2550\u2550\u2550\u2550
    # Route 1 û POST /log-meal
    # \u2550\u2550\u2550\u2550\u2550\u2550\u2550\u2550\u2550\u2550\u2550\u2550\u2550\u2550\u2550\u2550\u2550\u2550\u2550\u2550\u2550\u2550\u2550\u2550\u2550\u2550\u2550\u2550\u2550\u2550\u2550\u2550\u2550\u2550\u2550\u2550\u2550\u2550\u2550\u2550\u2550\u2550\u2550\u2550\u2550\u2550\u2550\u2550\u2550\u2550\u2550\u2550\u2550\u2550\u2550\u2550\u2550\u2550\u2550\u2550\u2550\u2550\u2550\u2550\u2550\u2550\u2550\u2550\u2550\u2550\u2550\u2550\u2550\u2550\u2550\u2550\u2550\u2550
    
>   @app.post("/log-meal", summary="Log a meal via text and/or image")
     ^^^^^^^^^^^^^^^^^^^^^^^^^^^^^^^^^^^^^^^^^^^^^^^^^^^^^^^^^^^^^^^^^

main.py:95: 
_ _ _ _ _ _ _ _ _ _ _ _ _ _ _ _ _ _ _ _ _ _ _ _ _ _ _ _ _ _ _ _ _ _ _ _ _ _ _ _

func = <function log_meal at 0x00000246C4B44A40>

    def decorator(func: DecoratedCallable) -> DecoratedCallable:
>       self.add_api_route(
            path,
            func,
            response_model=response_model,
            status_code=status_code,
            tags=tags,
            dependencies=dependencies,
            summary=summary,
            description=description,
            response_description=response_description,
            responses=responses,
            deprecated=deprecated,
            methods=methods,
            operation_id=operation_id,
            response_model_include=response_model_include,
            response_model_exclude=response_model_exclude,
            response_model_by_alias=response_model_by_alias,
            response_model_exclude_unset=response_model_exclude_unset,
            response_model_exclude_defaults=response_model_exclude_defaults,
            response_model_exclude_none=response_model_exclude_none,
            include_in_schema=include_in_schema,
            response_class=response_class,
            name=name,
            callbacks=callbacks,
            openapi_extra=openapi_extra,
            generate_unique_id_function=generate_unique_id_function,
        )

C:\Users\lenovo\AppData\Roaming\Python\Python313\site-packages\fastapi\routing.py:1125: 
_ _ _ _ _ _ _ _ _ _ _ _ _ _ _ _ _ _ _ _ _ _ _ _ _ _ _ _ _ _ _ _ _ _ _ _ _ _ _ _

self = <fastapi.routing.APIRouter object at 0x00000246C4AD9400>
path = '/log-meal', endpoint = <function log_meal at 0x00000246C4B44A40>

    def add_api_route(
        self,
        path: str,
        endpoint: Callable[..., Any],
        *,
        response_model: Any = Default(None),
        status_code: int | None = None,
        tags: list[str | Enum] | None = None,
        dependencies: Sequence[params.Depends] | None = None,
        summary: str | None = None,
        description: str | None = None,
        response_description: str = "Successful Response",
        responses: dict[int | str, dict[str, Any]] | None = None,
        deprecated: bool | None = None,
        methods: set[str] | list[str] | None = None,
        operation_id: str | None = None,
        response_model_include: IncEx | None = None,
        response_model_exclude: IncEx | None = None,
        response_model_by_alias: bool = True,
        response_model_exclude_unset: bool = False,
        response_model_exclude_defaults: bool = False,
        response_model_exclude_none: bool = False,
        include_in_schema: bool = True,
        response_class: type[Response] | DefaultPlaceholder = Default(JSONResponse),
        name: str | None = None,
        route_class_override: type[APIRoute] | None = None,
        callbacks: list[BaseRoute] | None = None,
        openapi_extra: dict[str, Any] | None = None,
        generate_unique_id_function: Callable[[APIRoute], str]
        | DefaultPlaceholder = Default(generate_unique_id),
    ) -> None:
        route_class = route_class_override or self.route_class
        responses = responses or {}
        combined_responses = {**self.responses, **responses}
        current_response_class = get_value_or_default(
            response_class, self.default_response_class
        )
        current_tags = self.tags.copy()
        if tags:
            current_tags.extend(tags)
        current_dependencies = self.dependencies.copy()
        if dependencies:
            current_dependencies.extend(dependencies)
        current_callbacks = self.callbacks.copy()
        if callbacks:
            current_callbacks.extend(callbacks)
        current_generate_unique_id = get_value_or_default(
            generate_unique_id_function, self.generate_unique_id_function
        )
>       route = route_class(
            self.prefix + path,
            endpoint=endpoint,
            response_model=response_model,
            status_code=status_code,
            tags=current_tags,
            dependencies=current_dependencies,
            summary=summary,
            description=description,
            response_description=response_description,
            responses=combined_responses,
            deprecated=deprecated or self.deprecated,
            methods=methods,
            operation_id=operation_id,
            response_model_include=response_model_include,
            response_model_exclude=response_model_exclude,
            response_model_by_alias=response_model_by_alias,
            response_model_exclude_unset=response_model_exclude_unset,
            response_model_exclude_defaults=response_model_exclude_defaults,
            response_model_exclude_none=response_model_exclude_none,
            include_in_schema=include_in_schema and self.include_in_schema,
            response_class=current_response_class,
            name=name,
            dependency_overrides_provider=self.dependency_overrides_provider,
            callbacks=current_callbacks,
            openapi_extra=openapi_extra,
            generate_unique_id_function=current_generate_unique_id,
        )

C:\Users\lenovo\AppData\Roaming\Python\Python313\site-packages\fastapi\routing.py:1064: 
_ _ _ _ _ _ _ _ _ _ _ _ _ _ _ _ _ _ _ _ _ _ _ _ _ _ _ _ _ _ _ _ _ _ _ _ _ _ _ _

self = APIRoute(path='/log-meal', name='log_meal', methods=['POST'])
path = '/log-meal', endpoint = <function log_meal at 0x00000246C4B44A40>

    def __init__(
        self,
        path: str,
        endpoint: Callable[..., Any],
        *,
        response_model: Any = Default(None),
        status_code: int | None = None,
        tags: list[str | Enum] | None = None,
        dependencies: Sequence[params.Depends] | None = None,
        summary: str | None = None,
        description: str | None = None,
        response_description: str = "Successful Response",
        responses: dict[int | str, dict[str, Any]] | None = None,
        deprecated: bool | None = None,
        name: str | None = None,
        methods: set[str] | list[str] | None = None,
        operation_id: str | None = None,
        response_model_include: IncEx | None = None,
        response_model_exclude: IncEx | None = None,
        response_model_by_alias: bool = True,
        response_model_exclude_unset: bool = False,
        response_model_exclude_defaults: bool = False,
        response_model_exclude_none: bool = False,
        include_in_schema: bool = True,
        response_class: type[Response] | DefaultPlaceholder = Default(JSONResponse),
        dependency_overrides_provider: Any | None = None,
        callbacks: list[BaseRoute] | None = None,
        openapi_extra: dict[str, Any] | None = None,
        generate_unique_id_function: Callable[["APIRoute"], str]
        | DefaultPlaceholder = Default(generate_unique_id),
    ) -> None:
        self.path = path
        self.endpoint = endpoint
        if isinstance(response_model, DefaultPlaceholder):
            return_annotation = get_typed_return_annotation(endpoint)
            if lenient_issubclass(return_annotation, Response):
                response_model = None
            else:
                response_model = return_annotation
        self.response_model = response_model
        self.summary = summary
        self.response_description = response_description
        self.deprecated = deprecated
        self.operation_id = operation_id
        self.response_model_include = response_model_include
        self.response_model_exclude = response_model_exclude
        self.response_model_by_alias = response_model_by_alias
        self.response_model_exclude_unset = response_model_exclude_unset
        self.response_model_exclude_defaults = response_model_exclude_defaults
        self.response_model_exclude_none = response_model_exclude_none
        self.include_in_schema = include_in_schema
        self.response_class = response_class
        self.dependency_overrides_provider = dependency_overrides_provider
        self.callbacks = callbacks
        self.openapi_extra = openapi_extra
        self.generate_unique_id_function = generate_unique_id_function
        self.tags = tags or []
        self.responses = responses or {}
        self.name = get_name(endpoint) if name is None else name
        self.path_regex, self.path_format, self.param_convertors = compile_path(path)
        if methods is None:
            methods = ["GET"]
        self.methods: set[str] = {method.upper() for method in methods}
        if isinstance(generate_unique_id_function, DefaultPlaceholder):
            current_generate_unique_id: Callable[[APIRoute], str] = (
                generate_unique_id_function.value
            )
        else:
            current_generate_unique_id = generate_unique_id_function
        self.unique_id = self.operation_id or current_generate_unique_id(self)
        # normalize enums e.g. http.HTTPStatus
        if isinstance(status_code, IntEnum):
            status_code = int(status_code)
        self.status_code = status_code
        if self.response_model:
            assert is_body_allowed_for_status_code(status_code), (
                f"Status code {status_code} must not have a response body"
            )
            response_name = "Response_" + self.unique_id
            self.response_field = create_model_field(
                name=response_name,
                type_=self.response_model,
                mode="serialization",
            )
        else:
            self.response_field = None  # type: ignore
        self.dependencies = list(dependencies or [])
        self.description = description or inspect.cleandoc(self.endpoint.__doc__ or "")
        # if a "form feed" character (page break) is found in the description text,
        # truncate description text to the content preceding the first "form feed"
        self.description = self.description.split("\f")[0].strip()
        response_fields = {}
        for additional_status_code, response in self.responses.items():
            assert isinstance(response, dict), "An additional response must be a dict"
            model = response.get("model")
            if model:
                assert is_body_allowed_for_status_code(additional_status_code), (
                    f"Status code {additional_status_code} must not have a response body"
                )
                response_name = f"Response_{additional_status_code}_{self.unique_id}"
                response_field = create_model_field(
                    name=response_name, type_=model, mode="serialization"
                )
                response_fields[additional_status_code] = response_field
        if response_fields:
            self.response_fields: dict[int | str, ModelField] = response_fields
        else:
            self.response_fields = {}
    
        assert callable(endpoint), "An endpoint must be a callable"
>       self.dependant = get_dependant(
            path=self.path_format, call=self.endpoint, scope="function"
        )

C:\Users\lenovo\AppData\Roaming\Python\Python313\site-packages\fastapi\routing.py:665: 
_ _ _ _ _ _ _ _ _ _ _ _ _ _ _ _ _ _ _ _ _ _ _ _ _ _ _ _ _ _ _ _ _ _ _ _ _ _ _ _

    def get_dependant(
        *,
        path: str,
        call: Callable[..., Any],
        name: str | None = None,
        own_oauth_scopes: list[str] | None = None,
        parent_oauth_scopes: list[str] | None = None,
        use_cache: bool = True,
        scope: Literal["function", "request"] | None = None,
    ) -> Dependant:
        dependant = Dependant(
            call=call,
            name=name,
            path=path,
            use_cache=use_cache,
            scope=scope,
            own_oauth_scopes=own_oauth_scopes,
            parent_oauth_scopes=parent_oauth_scopes,
        )
        current_scopes = (parent_oauth_scopes or []) + (own_oauth_scopes or [])
        path_param_names = get_path_param_names(path)
        endpoint_signature = get_typed_signature(call)
        signature_params = endpoint_signature.parameters
        for param_name, param in signature_params.items():
            is_path_param = param_name in path_param_names
>           param_details = analyze_param(
                param_name=param_name,
                annotation=param.annotation,
                value=param.default,
                is_path_param=is_path_param,
            )

C:\Users\lenovo\AppData\Roaming\Python\Python313\site-packages\fastapi\dependencies\utils.py:279: 
_ _ _ _ _ _ _ _ _ _ _ _ _ _ _ _ _ _ _ _ _ _ _ _ _ _ _ _ _ _ _ _ _ _ _ _ _ _ _ _

    def analyze_param(
        *,
        param_name: str,
        annotation: Any,
        value: Any,
        is_path_param: bool,
    ) -> ParamDetails:
        field_info = None
        depends = None
        type_annotation: Any = Any
        use_annotation: Any = Any
        if is_typealiastype(annotation):
            # unpack in case PEP 695 type syntax is used
            annotation = annotation.__value__
        if annotation is not inspect.Signature.empty:
            use_annotation = annotation
            type_annotation = annotation
        # Extract Annotated info
        if get_origin(use_annotation) is Annotated:
            annotated_args = get_args(annotation)
            type_annotation = annotated_args[0]
            fastapi_annotations = [
                arg
                for arg in annotated_args[1:]
                if isinstance(arg, (FieldInfo, params.Depends))
            ]
            fastapi_specific_annotations = [
                arg
                for arg in fastapi_annotations
                if isinstance(
                    arg,
                    (
                        params.Param,
                        params.Body,
                        params.Depends,
                    ),
                )
            ]
            if fastapi_specific_annotations:
                fastapi_annotation: FieldInfo | params.Depends | None = (
                    fastapi_specific_annotations[-1]
                )
            else:
                fastapi_annotation = None
            # Set default for Annotated FieldInfo
            if isinstance(fastapi_annotation, FieldInfo):
                # Copy `field_info` because we mutate `field_info.default` below.
                field_info = copy_field_info(
                    field_info=fastapi_annotation,
                    annotation=use_annotation,
                )
                assert (
                    field_info.default == Undefined or field_info.default == RequiredParam
                ), (
                    f"`{field_info.__class__.__name__}` default value cannot be set in"
                    f" `Annotated` for {param_name!r}. Set the default value with `=` instead."
                )
                if value is not inspect.Signature.empty:
                    assert not is_path_param, "Path parameters cannot have default values"
                    field_info.default = value
                else:
                    field_info.default = RequiredParam
            # Get Annotated Depends
            elif isinstance(fastapi_annotation, params.Depends):
                depends = fastapi_annotation
        # Get Depends from default value
        if isinstance(value, params.Depends):
            assert depends is None, (
                "Cannot specify `Depends` in `Annotated` and default value"
                f" together for {param_name!r}"
            )
            assert field_info is None, (
                "Cannot specify a FastAPI annotation in `Annotated` and `Depends` as a"
                f" default value together for {param_name!r}"
            )
            depends = value
        # Get FieldInfo from default value
        elif isinstance(value, FieldInfo):
            assert field_info is None, (
                "Cannot specify FastAPI annotations in `Annotated` and default value"
                f" together for {param_name!r}"
            )
            field_info = value
            if isinstance(field_info, FieldInfo):
                field_info.annotation = type_annotation
    
        # Get Depends from type annotation
        if depends is not None and depends.dependency is None:
            # Copy `depends` before mutating it
            depends = copy(depends)
            depends = dataclasses.replace(depends, dependency=type_annotation)
    
        # Handle non-param type annotations like Request
        # Only apply special handling when there's no explicit Depends - if there's a Depends,
        # the dependency will be called and its return value used instead of the special injection
        if depends is None and lenient_issubclass(
            type_annotation,
            (
                Request,
                WebSocket,
                HTTPConnection,
                Response,
                StarletteBackgroundTasks,
                SecurityScopes,
            ),
        ):
            assert field_info is None, (
                f"Cannot specify FastAPI annotation for type {type_annotation!r}"
            )
        # Handle default assignations, neither field_info nor depends was not found in Annotated nor default value
        elif field_info is None and depends is None:
            default_value = value if value is not inspect.Signature.empty else RequiredParam
            if is_path_param:
                # We might check here that `default_value is RequiredParam`, but the fact is that the same
                # parameter might sometimes be a path parameter and sometimes not. See
                # `tests/test_infer_param_optionality.py` for an example.
                field_info = params.Path(annotation=use_annotation)
            elif is_uploadfile_or_nonable_uploadfile_annotation(
                type_annotation
            ) or is_uploadfile_sequence_annotation(type_annotation):
                field_info = params.File(annotation=use_annotation, default=default_value)
            elif not field_annotation_is_scalar(annotation=type_annotation):
                field_info = params.Body(annotation=use_annotation, default=default_value)
            else:
                field_info = params.Query(annotation=use_annotation, default=default_value)
    
        field = None
        # It's a field_info, not a dependency
        if field_info is not None:
            # Handle field_info.in_
            if is_path_param:
                assert isinstance(field_info, params.Path), (
                    f"Cannot use `{field_info.__class__.__name__}` for path param"
                    f" {param_name!r}"
                )
            elif (
                isinstance(field_info, params.Param)
                and getattr(field_info, "in_", None) is None
            ):
                field_info.in_ = params.ParamTypes.query
            use_annotation_from_field_info = use_annotation
            if isinstance(field_info, params.Form):
>               ensure_multipart_is_installed()

C:\Users\lenovo\AppData\Roaming\Python\Python313\site-packages\fastapi\dependencies\utils.py:502: 
_ _ _ _ _ _ _ _ _ _ _ _ _ _ _ _ _ _ _ _ _ _ _ _ _ _ _ _ _ _ _ _ _ _ _ _ _ _ _ _

    def ensure_multipart_is_installed() -> None:
        try:
            from python_multipart import __version__
    
            # Import an attribute that can be mocked/deleted in testing
            assert __version__ > "0.0.12"
        except (ImportError, AssertionError):
            try:
                # __version__ is available in both multiparts, and can be mocked
                from multipart import __version__  # type: ignore[no-redef,import-untyped]
    
                assert __version__
                try:
                    # parse_options_header is only available in the right multipart
                    from multipart.multipart import (  # type: ignore[import-untyped]
                        parse_options_header,
                    )
    
                    assert parse_options_header
                except ImportError:
                    logger.error(multipart_incorrect_install_error)
                    raise RuntimeError(multipart_incorrect_install_error) from None
            except ImportError:
                logger.error(multipart_not_installed_error)
>               raise RuntimeError(multipart_not_installed_error) from None
E               RuntimeError: Form data requires "python-multipart" to be installed. 
E               You can install "python-multipart" with: 
E               
E               pip install python-multipart

C:\Users\lenovo\AppData\Roaming\Python\Python313\site-packages\fastapi\dependencies\utils.py:108: RuntimeError
----------------------------- Captured log setup ------------------------------
ERROR    fastapi:utils.py:107 Form data requires "python-multipart" to be installed. 
You can install "python-multipart" with: 

pip install python-multipart
_ ERROR at setup of TestCalculateGoals.test_missing_required_field_returns_422 _

    @pytest.fixture
    def client():
        """TestClient with mocked Supabase and mocked LangGraph pipeline."""
        mock_sb = _make_mock_supabase()
    
        # Mock nutrition_graph.invoke for /log-meal
        mock_graph_result = {
            "nutrition": {"calories": 350.0, "protein": 18.0, "carbs": 58.0, "fat": 8.0},
            "recommendation": "Try dal and roti for dinner!",
        }
        mock_graph = MagicMock()
        mock_graph.invoke.return_value = mock_graph_result
    
>       with patch("main.get_supabase_client", return_value=mock_sb):
             ^^^^^^^^^^^^^^^^^^^^^^^^^^^^^^^^^^^^^^^^^^^^^^^^^^^^^^^

tests\test_routes.py:95: 
_ _ _ _ _ _ _ _ _ _ _ _ _ _ _ _ _ _ _ _ _ _ _ _ _ _ _ _ _ _ _ _ _ _ _ _ _ _ _ _

self = <unittest.mock._patch object at 0x00000246C373A510>

    def __enter__(self):
        """Perform the patch."""
        if self.is_started:
            raise RuntimeError("Patch is already started")
    
        new, spec, spec_set = self.new, self.spec, self.spec_set
        autospec, kwargs = self.autospec, self.kwargs
        new_callable = self.new_callable
>       self.target = self.getter()
                      ^^^^^^^^^^^^^

C:\Python313\Lib\unittest\mock.py:1479: 
_ _ _ _ _ _ _ _ _ _ _ _ _ _ _ _ _ _ _ _ _ _ _ _ _ _ _ _ _ _ _ _ _ _ _ _ _ _ _ _

name = 'main'

    def resolve_name(name):
        """
        Resolve a name to an object.
    
        It is expected that `name` will be a string in one of the following
        formats, where W is shorthand for a valid Python identifier and dot stands
        for a literal period in these pseudo-regexes:
    
        W(.W)*
        W(.W)*:(W(.W)*)?
    
        The first form is intended for backward compatibility only. It assumes that
        some part of the dotted name is a package, and the rest is an object
        somewhere within that package, possibly nested inside other objects.
        Because the place where the package stops and the object hierarchy starts
        can't be inferred by inspection, repeated attempts to import must be done
        with this form.
    
        In the second form, the caller makes the division point clear through the
        provision of a single colon: the dotted name to the left of the colon is a
        package to be imported, and the dotted name to the right is the object
        hierarchy within that package. Only one import is needed in this form. If
        it ends with the colon, then a module object is returned.
    
        The function will return an object (which might be a module), or raise one
        of the following exceptions:
    
        ValueError - if `name` isn't in a recognised format
        ImportError - if an import failed when it shouldn't have
        AttributeError - if a failure occurred when traversing the object hierarchy
                         within the imported package to get to the desired object.
        """
        global _NAME_PATTERN
        if _NAME_PATTERN is None:
            # Lazy import to speedup Python startup time
            import re
            dotted_words = r'(?!\d)(\w+)(\.(?!\d)(\w+))*'
            _NAME_PATTERN = re.compile(f'^(?P<pkg>{dotted_words})'
                                       f'(?P<cln>:(?P<obj>{dotted_words})?)?$',
                                       re.UNICODE)
    
        m = _NAME_PATTERN.match(name)
        if not m:
            raise ValueError(f'invalid format: {name!r}')
        gd = m.groupdict()
        if gd.get('cln'):
            # there is a colon - a one-step import is all that's needed
            mod = importlib.import_module(gd['pkg'])
            parts = gd.get('obj')
            parts = parts.split('.') if parts else []
        else:
            # no colon - have to iterate to find the package boundary
            parts = name.split('.')
            modname = parts.pop(0)
            # first part *must* be a module/package.
>           mod = importlib.import_module(modname)
                  ^^^^^^^^^^^^^^^^^^^^^^^^^^^^^^^^

C:\Python313\Lib\pkgutil.py:513: 
_ _ _ _ _ _ _ _ _ _ _ _ _ _ _ _ _ _ _ _ _ _ _ _ _ _ _ _ _ _ _ _ _ _ _ _ _ _ _ _

name = 'main', package = None

    def import_module(name, package=None):
        """Import a module.
    
        The 'package' argument is required when performing a relative import. It
        specifies the package to use as the anchor point from which to resolve the
        relative import to an absolute import.
    
        """
        level = 0
        if name.startswith('.'):
            if not package:
                raise TypeError("the 'package' argument is required to perform a "
                                f"relative import for {name!r}")
            for character in name:
                if character != '.':
                    break
                level += 1
>       return _bootstrap._gcd_import(name[level:], package, level)
               ^^^^^^^^^^^^^^^^^^^^^^^^^^^^^^^^^^^^^^^^^^^^^^^^^^^^

C:\Python313\Lib\importlib\__init__.py:88: 
_ _ _ _ _ _ _ _ _ _ _ _ _ _ _ _ _ _ _ _ _ _ _ _ _ _ _ _ _ _ _ _ _ _ _ _ _ _ _ _

name = 'main', package = None, level = 0

>   ???

<frozen importlib._bootstrap>:1387: 
_ _ _ _ _ _ _ _ _ _ _ _ _ _ _ _ _ _ _ _ _ _ _ _ _ _ _ _ _ _ _ _ _ _ _ _ _ _ _ _

name = 'main', import_ = <function _gcd_import at 0x00000246FDE604A0>

>   ???

<frozen importlib._bootstrap>:1360: 
_ _ _ _ _ _ _ _ _ _ _ _ _ _ _ _ _ _ _ _ _ _ _ _ _ _ _ _ _ _ _ _ _ _ _ _ _ _ _ _

name = 'main', import_ = <function _gcd_import at 0x00000246FDE604A0>

>   ???

<frozen importlib._bootstrap>:1331: 
_ _ _ _ _ _ _ _ _ _ _ _ _ _ _ _ _ _ _ _ _ _ _ _ _ _ _ _ _ _ _ _ _ _ _ _ _ _ _ _

spec = ModuleSpec(name='main', loader=<_frozen_importlib_external.SourceFileLoader object at 0x00000246C4B51CD0>, origin='E:\\My Projects\\Nutrition app\\nutrition-tracker\\backend\\main.py')

>   ???

<frozen importlib._bootstrap>:935: 
_ _ _ _ _ _ _ _ _ _ _ _ _ _ _ _ _ _ _ _ _ _ _ _ _ _ _ _ _ _ _ _ _ _ _ _ _ _ _ _

self = <_frozen_importlib_external.SourceFileLoader object at 0x00000246C4B51CD0>
module = <module 'main' from 'E:\\My Projects\\Nutrition app\\nutrition-tracker\\backend\\main.py'>

>   ???

<frozen importlib._bootstrap_external>:1026: 
_ _ _ _ _ _ _ _ _ _ _ _ _ _ _ _ _ _ _ _ _ _ _ _ _ _ _ _ _ _ _ _ _ _ _ _ _ _ _ _

f = <built-in function exec>
args = (<code object <module> at 0x00000246BF542740, file "E:\My Projects\Nutrition app\nutrition-tracker\backend\main.py", l...RSMiddleware'>, 'FastAPI': <class 'fastapi.applications.FastAPI'>, 'File': <function File at 0x00000246837B4AE0>, ...})
kwds = {}

>   ???

<frozen importlib._bootstrap>:488: 
_ _ _ _ _ _ _ _ _ _ _ _ _ _ _ _ _ _ _ _ _ _ _ _ _ _ _ _ _ _ _ _ _ _ _ _ _ _ _ _

    """
    Main entry point for the Nutrition Tracker API (FastAPI).
    
    Routes defined here:
      POST /log-meal          û Accepts text/image input, runs nutrition_graph, returns nutrition+recommendation
      POST /log-exercise      û Logs an exercise session and returns kcal burned via MET-based formula
      GET  /daily-summary     û Returns today's daily_logs row joined with daily_goals for a user
      GET  /leaderboard       û Returns all six users ranked by today's calorie intake (desc)
      POST /calculate-goals   û Computes macro/calorie goals via MifflinûSt Jeor and upserts to daily_goals
      GET  /suggestions       û Returns the latest recommendation stored in daily_logs for a user
    
    Supabase project reference: hyejucwqghkujckoshbr
    """
    
    import os
    import io
    import math
    import tempfile
    from datetime import date
    from typing import Optional
    
    from fastapi import FastAPI, HTTPException, UploadFile, File, Form, Query
    from fastapi.middleware.cors import CORSMiddleware
    from pydantic import BaseModel
    from dotenv import load_dotenv
    
    # \u2500\u2500 Load environment variables \u2500\u2500\u2500\u2500\u2500\u2500\u2500\u2500\u2500\u2500\u2500\u2500\u2500\u2500\u2500\u2500\u2500\u2500\u2500\u2500\u2500\u2500\u2500\u2500\u2500\u2500\u2500\u2500\u2500\u2500\u2500\u2500\u2500\u2500\u2500\u2500\u2500\u2500\u2500\u2500\u2500\u2500\u2500\u2500\u2500\u2500\u2500\u2500\u2500
    _dotenv_path = os.path.join(os.path.dirname(__file__), ".env")
    load_dotenv(dotenv_path=_dotenv_path)
    
    # \u2500\u2500 Supabase client \u2500\u2500\u2500\u2500\u2500\u2500\u2500\u2500\u2500\u2500\u2500\u2500\u2500\u2500\u2500\u2500\u2500\u2500\u2500\u2500\u2500\u2500\u2500\u2500\u2500\u2500\u2500\u2500\u2500\u2500\u2500\u2500\u2500\u2500\u2500\u2500\u2500\u2500\u2500\u2500\u2500\u2500\u2500\u2500\u2500\u2500\u2500\u2500\u2500\u2500\u2500\u2500\u2500\u2500\u2500\u2500\u2500\u2500\u2500\u2500
    from database.supabase_client import get_supabase_client
    
    # \u2500\u2500 LangGraph nutrition pipeline \u2500\u2500\u2500\u2500\u2500\u2500\u2500\u2500\u2500\u2500\u2500\u2500\u2500\u2500\u2500\u2500\u2500\u2500\u2500\u2500\u2500\u2500\u2500\u2500\u2500\u2500\u2500\u2500\u2500\u2500\u2500\u2500\u2500\u2500\u2500\u2500\u2500\u2500\u2500\u2500\u2500\u2500\u2500\u2500\u2500\u2500\u2500
    from agents.graph import nutrition_graph
    from agents.state import default_nutrition_state
    
    # \u2500\u2500 FastAPI app \u2500\u2500\u2500\u2500\u2500\u2500\u2500\u2500\u2500\u2500\u2500\u2500\u2500\u2500\u2500\u2500\u2500\u2500\u2500\u2500\u2500\u2500\u2500\u2500\u2500\u2500\u2500\u2500\u2500\u2500\u2500\u2500\u2500\u2500\u2500\u2500\u2500\u2500\u2500\u2500\u2500\u2500\u2500\u2500\u2500\u2500\u2500\u2500\u2500\u2500\u2500\u2500\u2500\u2500\u2500\u2500\u2500\u2500\u2500\u2500\u2500\u2500\u2500\u2500
    app = FastAPI(
        title="Nutrition Tracker API",
        description=(
            "Backend API for the AI-powered Nutrition Tracker. "
            "Handles meal logging via LangGraph, exercise tracking, "
            "daily summaries, leaderboards, goal calculation, and suggestion retrieval. "
            "Supabase project: hyejucwqghkujckoshbr"
        ),
        version="1.0.0",
    )
    
    # \u2500\u2500 CORS (local prototype \u2014 allow everything) \u2500\u2500\u2500\u2500\u2500\u2500\u2500\u2500\u2500\u2500\u2500\u2500\u2500\u2500\u2500\u2500\u2500\u2500\u2500\u2500\u2500\u2500\u2500\u2500\u2500\u2500\u2500\u2500\u2500\u2500\u2500\u2500\u2500\u2500
    app.add_middleware(
        CORSMiddleware,
        allow_origins=["*"],
        allow_credentials=True,
        allow_methods=["*"],
        allow_headers=["*"],
    )
    
    # \u2500\u2500 Global: preloaded Keras food-classifier model \u2500\u2500\u2500\u2500\u2500\u2500\u2500\u2500\u2500\u2500\u2500\u2500\u2500\u2500\u2500\u2500\u2500\u2500\u2500\u2500\u2500\u2500\u2500\u2500\u2500\u2500\u2500\u2500\u2500\u2500
    _food_classifier = None   # set during startup; None when model file is absent
    
    
    @app.on_event("startup")
    async def startup_event():
        """
        Runs once when the server boots.
        1. Ensures .env is loaded (redundant but defensive).
        2. Preloads the Keras food-classifier so the first request doesn't pay the
           cold-start penalty.  If the model file is missing, a warning is printed
           and the server continues ù routes that don't use the classifier still work.
        """
        global _food_classifier
    
        load_dotenv(dotenv_path=_dotenv_path)
    
        model_path = os.path.join(os.path.dirname(__file__), "models", "food_classifier.keras")
        if os.path.exists(model_path):
            try:
                import tensorflow as tf  # imported lazily so the app starts without TF if unneeded
                _food_classifier = tf.keras.models.load_model(model_path)
                print(f"[startup] Food classifier loaded from '{model_path}'.")
            except Exception as exc:
                print(f"[startup] WARNING û could not load food classifier: {exc}")
        else:
            print(
                f"[startup] WARNING û model file not found at '{model_path}'. "
                "Image-based food classification will be unavailable."
            )
    
    
    # \u2550\u2550\u2550\u2550\u2550\u2550\u2550\u2550\u2550\u2550\u2550\u2550\u2550\u2550\u2550\u2550\u2550\u2550\u2550\u2550\u2550\u2550\u2550\u2550\u2550\u2550\u2550\u2550\u2550\u2550\u2550\u2550\u2550\u2550\u2550\u2550\u2550\u2550\u2550\u2550\u2550\u2550\u2550\u2550\u2550\u2550\u2550\u2550\u2550\u2550\u2550\u2550\u2550\u2550\u2550\u2550\u2550\u2550\u2550\u2550\u2550\u2550\u2550\u2550\u2550\u2550\u2550\u2550\u2550\u2550\u2550\u2550\u2550\u2550\u2550\u2550\u2550\u2550
    # Route 1 û POST /log-meal
    # \u2550\u2550\u2550\u2550\u2550\u2550\u2550\u2550\u2550\u2550\u2550\u2550\u2550\u2550\u2550\u2550\u2550\u2550\u2550\u2550\u2550\u2550\u2550\u2550\u2550\u2550\u2550\u2550\u2550\u2550\u2550\u2550\u2550\u2550\u2550\u2550\u2550\u2550\u2550\u2550\u2550\u2550\u2550\u2550\u2550\u2550\u2550\u2550\u2550\u2550\u2550\u2550\u2550\u2550\u2550\u2550\u2550\u2550\u2550\u2550\u2550\u2550\u2550\u2550\u2550\u2550\u2550\u2550\u2550\u2550\u2550\u2550\u2550\u2550\u2550\u2550\u2550\u2550
    
>   @app.post("/log-meal", summary="Log a meal via text and/or image")
     ^^^^^^^^^^^^^^^^^^^^^^^^^^^^^^^^^^^^^^^^^^^^^^^^^^^^^^^^^^^^^^^^^

main.py:95: 
_ _ _ _ _ _ _ _ _ _ _ _ _ _ _ _ _ _ _ _ _ _ _ _ _ _ _ _ _ _ _ _ _ _ _ _ _ _ _ _

func = <function log_meal at 0x00000246C4B46020>

    def decorator(func: DecoratedCallable) -> DecoratedCallable:
>       self.add_api_route(
            path,
            func,
            response_model=response_model,
            status_code=status_code,
            tags=tags,
            dependencies=dependencies,
            summary=summary,
            description=description,
            response_description=response_description,
            responses=responses,
            deprecated=deprecated,
            methods=methods,
            operation_id=operation_id,
            response_model_include=response_model_include,
            response_model_exclude=response_model_exclude,
            response_model_by_alias=response_model_by_alias,
            response_model_exclude_unset=response_model_exclude_unset,
            response_model_exclude_defaults=response_model_exclude_defaults,
            response_model_exclude_none=response_model_exclude_none,
            include_in_schema=include_in_schema,
            response_class=response_class,
            name=name,
            callbacks=callbacks,
            openapi_extra=openapi_extra,
            generate_unique_id_function=generate_unique_id_function,
        )

C:\Users\lenovo\AppData\Roaming\Python\Python313\site-packages\fastapi\routing.py:1125: 
_ _ _ _ _ _ _ _ _ _ _ _ _ _ _ _ _ _ _ _ _ _ _ _ _ _ _ _ _ _ _ _ _ _ _ _ _ _ _ _

self = <fastapi.routing.APIRouter object at 0x00000246C4ADBF20>
path = '/log-meal', endpoint = <function log_meal at 0x00000246C4B46020>

    def add_api_route(
        self,
        path: str,
        endpoint: Callable[..., Any],
        *,
        response_model: Any = Default(None),
        status_code: int | None = None,
        tags: list[str | Enum] | None = None,
        dependencies: Sequence[params.Depends] | None = None,
        summary: str | None = None,
        description: str | None = None,
        response_description: str = "Successful Response",
        responses: dict[int | str, dict[str, Any]] | None = None,
        deprecated: bool | None = None,
        methods: set[str] | list[str] | None = None,
        operation_id: str | None = None,
        response_model_include: IncEx | None = None,
        response_model_exclude: IncEx | None = None,
        response_model_by_alias: bool = True,
        response_model_exclude_unset: bool = False,
        response_model_exclude_defaults: bool = False,
        response_model_exclude_none: bool = False,
        include_in_schema: bool = True,
        response_class: type[Response] | DefaultPlaceholder = Default(JSONResponse),
        name: str | None = None,
        route_class_override: type[APIRoute] | None = None,
        callbacks: list[BaseRoute] | None = None,
        openapi_extra: dict[str, Any] | None = None,
        generate_unique_id_function: Callable[[APIRoute], str]
        | DefaultPlaceholder = Default(generate_unique_id),
    ) -> None:
        route_class = route_class_override or self.route_class
        responses = responses or {}
        combined_responses = {**self.responses, **responses}
        current_response_class = get_value_or_default(
            response_class, self.default_response_class
        )
        current_tags = self.tags.copy()
        if tags:
            current_tags.extend(tags)
        current_dependencies = self.dependencies.copy()
        if dependencies:
            current_dependencies.extend(dependencies)
        current_callbacks = self.callbacks.copy()
        if callbacks:
            current_callbacks.extend(callbacks)
        current_generate_unique_id = get_value_or_default(
            generate_unique_id_function, self.generate_unique_id_function
        )
>       route = route_class(
            self.prefix + path,
            endpoint=endpoint,
            response_model=response_model,
            status_code=status_code,
            tags=current_tags,
            dependencies=current_dependencies,
            summary=summary,
            description=description,
            response_description=response_description,
            responses=combined_responses,
            deprecated=deprecated or self.deprecated,
            methods=methods,
            operation_id=operation_id,
            response_model_include=response_model_include,
            response_model_exclude=response_model_exclude,
            response_model_by_alias=response_model_by_alias,
            response_model_exclude_unset=response_model_exclude_unset,
            response_model_exclude_defaults=response_model_exclude_defaults,
            response_model_exclude_none=response_model_exclude_none,
            include_in_schema=include_in_schema and self.include_in_schema,
            response_class=current_response_class,
            name=name,
            dependency_overrides_provider=self.dependency_overrides_provider,
            callbacks=current_callbacks,
            openapi_extra=openapi_extra,
            generate_unique_id_function=current_generate_unique_id,
        )

C:\Users\lenovo\AppData\Roaming\Python\Python313\site-packages\fastapi\routing.py:1064: 
_ _ _ _ _ _ _ _ _ _ _ _ _ _ _ _ _ _ _ _ _ _ _ _ _ _ _ _ _ _ _ _ _ _ _ _ _ _ _ _

self = APIRoute(path='/log-meal', name='log_meal', methods=['POST'])
path = '/log-meal', endpoint = <function log_meal at 0x00000246C4B46020>

    def __init__(
        self,
        path: str,
        endpoint: Callable[..., Any],
        *,
        response_model: Any = Default(None),
        status_code: int | None = None,
        tags: list[str | Enum] | None = None,
        dependencies: Sequence[params.Depends] | None = None,
        summary: str | None = None,
        description: str | None = None,
        response_description: str = "Successful Response",
        responses: dict[int | str, dict[str, Any]] | None = None,
        deprecated: bool | None = None,
        name: str | None = None,
        methods: set[str] | list[str] | None = None,
        operation_id: str | None = None,
        response_model_include: IncEx | None = None,
        response_model_exclude: IncEx | None = None,
        response_model_by_alias: bool = True,
        response_model_exclude_unset: bool = False,
        response_model_exclude_defaults: bool = False,
        response_model_exclude_none: bool = False,
        include_in_schema: bool = True,
        response_class: type[Response] | DefaultPlaceholder = Default(JSONResponse),
        dependency_overrides_provider: Any | None = None,
        callbacks: list[BaseRoute] | None = None,
        openapi_extra: dict[str, Any] | None = None,
        generate_unique_id_function: Callable[["APIRoute"], str]
        | DefaultPlaceholder = Default(generate_unique_id),
    ) -> None:
        self.path = path
        self.endpoint = endpoint
        if isinstance(response_model, DefaultPlaceholder):
            return_annotation = get_typed_return_annotation(endpoint)
            if lenient_issubclass(return_annotation, Response):
                response_model = None
            else:
                response_model = return_annotation
        self.response_model = response_model
        self.summary = summary
        self.response_description = response_description
        self.deprecated = deprecated
        self.operation_id = operation_id
        self.response_model_include = response_model_include
        self.response_model_exclude = response_model_exclude
        self.response_model_by_alias = response_model_by_alias
        self.response_model_exclude_unset = response_model_exclude_unset
        self.response_model_exclude_defaults = response_model_exclude_defaults
        self.response_model_exclude_none = response_model_exclude_none
        self.include_in_schema = include_in_schema
        self.response_class = response_class
        self.dependency_overrides_provider = dependency_overrides_provider
        self.callbacks = callbacks
        self.openapi_extra = openapi_extra
        self.generate_unique_id_function = generate_unique_id_function
        self.tags = tags or []
        self.responses = responses or {}
        self.name = get_name(endpoint) if name is None else name
        self.path_regex, self.path_format, self.param_convertors = compile_path(path)
        if methods is None:
            methods = ["GET"]
        self.methods: set[str] = {method.upper() for method in methods}
        if isinstance(generate_unique_id_function, DefaultPlaceholder):
            current_generate_unique_id: Callable[[APIRoute], str] = (
                generate_unique_id_function.value
            )
        else:
            current_generate_unique_id = generate_unique_id_function
        self.unique_id = self.operation_id or current_generate_unique_id(self)
        # normalize enums e.g. http.HTTPStatus
        if isinstance(status_code, IntEnum):
            status_code = int(status_code)
        self.status_code = status_code
        if self.response_model:
            assert is_body_allowed_for_status_code(status_code), (
                f"Status code {status_code} must not have a response body"
            )
            response_name = "Response_" + self.unique_id
            self.response_field = create_model_field(
                name=response_name,
                type_=self.response_model,
                mode="serialization",
            )
        else:
            self.response_field = None  # type: ignore
        self.dependencies = list(dependencies or [])
        self.description = description or inspect.cleandoc(self.endpoint.__doc__ or "")
        # if a "form feed" character (page break) is found in the description text,
        # truncate description text to the content preceding the first "form feed"
        self.description = self.description.split("\f")[0].strip()
        response_fields = {}
        for additional_status_code, response in self.responses.items():
            assert isinstance(response, dict), "An additional response must be a dict"
            model = response.get("model")
            if model:
                assert is_body_allowed_for_status_code(additional_status_code), (
                    f"Status code {additional_status_code} must not have a response body"
                )
                response_name = f"Response_{additional_status_code}_{self.unique_id}"
                response_field = create_model_field(
                    name=response_name, type_=model, mode="serialization"
                )
                response_fields[additional_status_code] = response_field
        if response_fields:
            self.response_fields: dict[int | str, ModelField] = response_fields
        else:
            self.response_fields = {}
    
        assert callable(endpoint), "An endpoint must be a callable"
>       self.dependant = get_dependant(
            path=self.path_format, call=self.endpoint, scope="function"
        )

C:\Users\lenovo\AppData\Roaming\Python\Python313\site-packages\fastapi\routing.py:665: 
_ _ _ _ _ _ _ _ _ _ _ _ _ _ _ _ _ _ _ _ _ _ _ _ _ _ _ _ _ _ _ _ _ _ _ _ _ _ _ _

    def get_dependant(
        *,
        path: str,
        call: Callable[..., Any],
        name: str | None = None,
        own_oauth_scopes: list[str] | None = None,
        parent_oauth_scopes: list[str] | None = None,
        use_cache: bool = True,
        scope: Literal["function", "request"] | None = None,
    ) -> Dependant:
        dependant = Dependant(
            call=call,
            name=name,
            path=path,
            use_cache=use_cache,
            scope=scope,
            own_oauth_scopes=own_oauth_scopes,
            parent_oauth_scopes=parent_oauth_scopes,
        )
        current_scopes = (parent_oauth_scopes or []) + (own_oauth_scopes or [])
        path_param_names = get_path_param_names(path)
        endpoint_signature = get_typed_signature(call)
        signature_params = endpoint_signature.parameters
        for param_name, param in signature_params.items():
            is_path_param = param_name in path_param_names
>           param_details = analyze_param(
                param_name=param_name,
                annotation=param.annotation,
                value=param.default,
                is_path_param=is_path_param,
            )

C:\Users\lenovo\AppData\Roaming\Python\Python313\site-packages\fastapi\dependencies\utils.py:279: 
_ _ _ _ _ _ _ _ _ _ _ _ _ _ _ _ _ _ _ _ _ _ _ _ _ _ _ _ _ _ _ _ _ _ _ _ _ _ _ _

    def analyze_param(
        *,
        param_name: str,
        annotation: Any,
        value: Any,
        is_path_param: bool,
    ) -> ParamDetails:
        field_info = None
        depends = None
        type_annotation: Any = Any
        use_annotation: Any = Any
        if is_typealiastype(annotation):
            # unpack in case PEP 695 type syntax is used
            annotation = annotation.__value__
        if annotation is not inspect.Signature.empty:
            use_annotation = annotation
            type_annotation = annotation
        # Extract Annotated info
        if get_origin(use_annotation) is Annotated:
            annotated_args = get_args(annotation)
            type_annotation = annotated_args[0]
            fastapi_annotations = [
                arg
                for arg in annotated_args[1:]
                if isinstance(arg, (FieldInfo, params.Depends))
            ]
            fastapi_specific_annotations = [
                arg
                for arg in fastapi_annotations
                if isinstance(
                    arg,
                    (
                        params.Param,
                        params.Body,
                        params.Depends,
                    ),
                )
            ]
            if fastapi_specific_annotations:
                fastapi_annotation: FieldInfo | params.Depends | None = (
                    fastapi_specific_annotations[-1]
                )
            else:
                fastapi_annotation = None
            # Set default for Annotated FieldInfo
            if isinstance(fastapi_annotation, FieldInfo):
                # Copy `field_info` because we mutate `field_info.default` below.
                field_info = copy_field_info(
                    field_info=fastapi_annotation,
                    annotation=use_annotation,
                )
                assert (
                    field_info.default == Undefined or field_info.default == RequiredParam
                ), (
                    f"`{field_info.__class__.__name__}` default value cannot be set in"
                    f" `Annotated` for {param_name!r}. Set the default value with `=` instead."
                )
                if value is not inspect.Signature.empty:
                    assert not is_path_param, "Path parameters cannot have default values"
                    field_info.default = value
                else:
                    field_info.default = RequiredParam
            # Get Annotated Depends
            elif isinstance(fastapi_annotation, params.Depends):
                depends = fastapi_annotation
        # Get Depends from default value
        if isinstance(value, params.Depends):
            assert depends is None, (
                "Cannot specify `Depends` in `Annotated` and default value"
                f" together for {param_name!r}"
            )
            assert field_info is None, (
                "Cannot specify a FastAPI annotation in `Annotated` and `Depends` as a"
                f" default value together for {param_name!r}"
            )
            depends = value
        # Get FieldInfo from default value
        elif isinstance(value, FieldInfo):
            assert field_info is None, (
                "Cannot specify FastAPI annotations in `Annotated` and default value"
                f" together for {param_name!r}"
            )
            field_info = value
            if isinstance(field_info, FieldInfo):
                field_info.annotation = type_annotation
    
        # Get Depends from type annotation
        if depends is not None and depends.dependency is None:
            # Copy `depends` before mutating it
            depends = copy(depends)
            depends = dataclasses.replace(depends, dependency=type_annotation)
    
        # Handle non-param type annotations like Request
        # Only apply special handling when there's no explicit Depends - if there's a Depends,
        # the dependency will be called and its return value used instead of the special injection
        if depends is None and lenient_issubclass(
            type_annotation,
            (
                Request,
                WebSocket,
                HTTPConnection,
                Response,
                StarletteBackgroundTasks,
                SecurityScopes,
            ),
        ):
            assert field_info is None, (
                f"Cannot specify FastAPI annotation for type {type_annotation!r}"
            )
        # Handle default assignations, neither field_info nor depends was not found in Annotated nor default value
        elif field_info is None and depends is None:
            default_value = value if value is not inspect.Signature.empty else RequiredParam
            if is_path_param:
                # We might check here that `default_value is RequiredParam`, but the fact is that the same
                # parameter might sometimes be a path parameter and sometimes not. See
                # `tests/test_infer_param_optionality.py` for an example.
                field_info = params.Path(annotation=use_annotation)
            elif is_uploadfile_or_nonable_uploadfile_annotation(
                type_annotation
            ) or is_uploadfile_sequence_annotation(type_annotation):
                field_info = params.File(annotation=use_annotation, default=default_value)
            elif not field_annotation_is_scalar(annotation=type_annotation):
                field_info = params.Body(annotation=use_annotation, default=default_value)
            else:
                field_info = params.Query(annotation=use_annotation, default=default_value)
    
        field = None
        # It's a field_info, not a dependency
        if field_info is not None:
            # Handle field_info.in_
            if is_path_param:
                assert isinstance(field_info, params.Path), (
                    f"Cannot use `{field_info.__class__.__name__}` for path param"
                    f" {param_name!r}"
                )
            elif (
                isinstance(field_info, params.Param)
                and getattr(field_info, "in_", None) is None
            ):
                field_info.in_ = params.ParamTypes.query
            use_annotation_from_field_info = use_annotation
            if isinstance(field_info, params.Form):
>               ensure_multipart_is_installed()

C:\Users\lenovo\AppData\Roaming\Python\Python313\site-packages\fastapi\dependencies\utils.py:502: 
_ _ _ _ _ _ _ _ _ _ _ _ _ _ _ _ _ _ _ _ _ _ _ _ _ _ _ _ _ _ _ _ _ _ _ _ _ _ _ _

    def ensure_multipart_is_installed() -> None:
        try:
            from python_multipart import __version__
    
            # Import an attribute that can be mocked/deleted in testing
            assert __version__ > "0.0.12"
        except (ImportError, AssertionError):
            try:
                # __version__ is available in both multiparts, and can be mocked
                from multipart import __version__  # type: ignore[no-redef,import-untyped]
    
                assert __version__
                try:
                    # parse_options_header is only available in the right multipart
                    from multipart.multipart import (  # type: ignore[import-untyped]
                        parse_options_header,
                    )
    
                    assert parse_options_header
                except ImportError:
                    logger.error(multipart_incorrect_install_error)
                    raise RuntimeError(multipart_incorrect_install_error) from None
            except ImportError:
                logger.error(multipart_not_installed_error)
>               raise RuntimeError(multipart_not_installed_error) from None
E               RuntimeError: Form data requires "python-multipart" to be installed. 
E               You can install "python-multipart" with: 
E               
E               pip install python-multipart

C:\Users\lenovo\AppData\Roaming\Python\Python313\site-packages\fastapi\dependencies\utils.py:108: RuntimeError
----------------------------- Captured log setup ------------------------------
ERROR    fastapi:utils.py:107 Form data requires "python-multipart" to be installed. 
You can install "python-multipart" with: 

pip install python-multipart
_______ ERROR at setup of TestLeaderboard.test_leaderboard_returns_200 ________

    @pytest.fixture
    def client():
        """TestClient with mocked Supabase and mocked LangGraph pipeline."""
        mock_sb = _make_mock_supabase()
    
        # Mock nutrition_graph.invoke for /log-meal
        mock_graph_result = {
            "nutrition": {"calories": 350.0, "protein": 18.0, "carbs": 58.0, "fat": 8.0},
            "recommendation": "Try dal and roti for dinner!",
        }
        mock_graph = MagicMock()
        mock_graph.invoke.return_value = mock_graph_result
    
>       with patch("main.get_supabase_client", return_value=mock_sb):
             ^^^^^^^^^^^^^^^^^^^^^^^^^^^^^^^^^^^^^^^^^^^^^^^^^^^^^^^

tests\test_routes.py:95: 
_ _ _ _ _ _ _ _ _ _ _ _ _ _ _ _ _ _ _ _ _ _ _ _ _ _ _ _ _ _ _ _ _ _ _ _ _ _ _ _

self = <unittest.mock._patch object at 0x00000246C4C899B0>

    def __enter__(self):
        """Perform the patch."""
        if self.is_started:
            raise RuntimeError("Patch is already started")
    
        new, spec, spec_set = self.new, self.spec, self.spec_set
        autospec, kwargs = self.autospec, self.kwargs
        new_callable = self.new_callable
>       self.target = self.getter()
                      ^^^^^^^^^^^^^

C:\Python313\Lib\unittest\mock.py:1479: 
_ _ _ _ _ _ _ _ _ _ _ _ _ _ _ _ _ _ _ _ _ _ _ _ _ _ _ _ _ _ _ _ _ _ _ _ _ _ _ _

name = 'main'

    def resolve_name(name):
        """
        Resolve a name to an object.
    
        It is expected that `name` will be a string in one of the following
        formats, where W is shorthand for a valid Python identifier and dot stands
        for a literal period in these pseudo-regexes:
    
        W(.W)*
        W(.W)*:(W(.W)*)?
    
        The first form is intended for backward compatibility only. It assumes that
        some part of the dotted name is a package, and the rest is an object
        somewhere within that package, possibly nested inside other objects.
        Because the place where the package stops and the object hierarchy starts
        can't be inferred by inspection, repeated attempts to import must be done
        with this form.
    
        In the second form, the caller makes the division point clear through the
        provision of a single colon: the dotted name to the left of the colon is a
        package to be imported, and the dotted name to the right is the object
        hierarchy within that package. Only one import is needed in this form. If
        it ends with the colon, then a module object is returned.
    
        The function will return an object (which might be a module), or raise one
        of the following exceptions:
    
        ValueError - if `name` isn't in a recognised format
        ImportError - if an import failed when it shouldn't have
        AttributeError - if a failure occurred when traversing the object hierarchy
                         within the imported package to get to the desired object.
        """
        global _NAME_PATTERN
        if _NAME_PATTERN is None:
            # Lazy import to speedup Python startup time
            import re
            dotted_words = r'(?!\d)(\w+)(\.(?!\d)(\w+))*'
            _NAME_PATTERN = re.compile(f'^(?P<pkg>{dotted_words})'
                                       f'(?P<cln>:(?P<obj>{dotted_words})?)?$',
                                       re.UNICODE)
    
        m = _NAME_PATTERN.match(name)
        if not m:
            raise ValueError(f'invalid format: {name!r}')
        gd = m.groupdict()
        if gd.get('cln'):
            # there is a colon - a one-step import is all that's needed
            mod = importlib.import_module(gd['pkg'])
            parts = gd.get('obj')
            parts = parts.split('.') if parts else []
        else:
            # no colon - have to iterate to find the package boundary
            parts = name.split('.')
            modname = parts.pop(0)
            # first part *must* be a module/package.
>           mod = importlib.import_module(modname)
                  ^^^^^^^^^^^^^^^^^^^^^^^^^^^^^^^^

C:\Python313\Lib\pkgutil.py:513: 
_ _ _ _ _ _ _ _ _ _ _ _ _ _ _ _ _ _ _ _ _ _ _ _ _ _ _ _ _ _ _ _ _ _ _ _ _ _ _ _

name = 'main', package = None

    def import_module(name, package=None):
        """Import a module.
    
        The 'package' argument is required when performing a relative import. It
        specifies the package to use as the anchor point from which to resolve the
        relative import to an absolute import.
    
        """
        level = 0
        if name.startswith('.'):
            if not package:
                raise TypeError("the 'package' argument is required to perform a "
                                f"relative import for {name!r}")
            for character in name:
                if character != '.':
                    break
                level += 1
>       return _bootstrap._gcd_import(name[level:], package, level)
               ^^^^^^^^^^^^^^^^^^^^^^^^^^^^^^^^^^^^^^^^^^^^^^^^^^^^

C:\Python313\Lib\importlib\__init__.py:88: 
_ _ _ _ _ _ _ _ _ _ _ _ _ _ _ _ _ _ _ _ _ _ _ _ _ _ _ _ _ _ _ _ _ _ _ _ _ _ _ _

name = 'main', package = None, level = 0

>   ???

<frozen importlib._bootstrap>:1387: 
_ _ _ _ _ _ _ _ _ _ _ _ _ _ _ _ _ _ _ _ _ _ _ _ _ _ _ _ _ _ _ _ _ _ _ _ _ _ _ _

name = 'main', import_ = <function _gcd_import at 0x00000246FDE604A0>

>   ???

<frozen importlib._bootstrap>:1360: 
_ _ _ _ _ _ _ _ _ _ _ _ _ _ _ _ _ _ _ _ _ _ _ _ _ _ _ _ _ _ _ _ _ _ _ _ _ _ _ _

name = 'main', import_ = <function _gcd_import at 0x00000246FDE604A0>

>   ???

<frozen importlib._bootstrap>:1331: 
_ _ _ _ _ _ _ _ _ _ _ _ _ _ _ _ _ _ _ _ _ _ _ _ _ _ _ _ _ _ _ _ _ _ _ _ _ _ _ _

spec = ModuleSpec(name='main', loader=<_frozen_importlib_external.SourceFileLoader object at 0x00000246C4B0DAF0>, origin='E:\\My Projects\\Nutrition app\\nutrition-tracker\\backend\\main.py')

>   ???

<frozen importlib._bootstrap>:935: 
_ _ _ _ _ _ _ _ _ _ _ _ _ _ _ _ _ _ _ _ _ _ _ _ _ _ _ _ _ _ _ _ _ _ _ _ _ _ _ _

self = <_frozen_importlib_external.SourceFileLoader object at 0x00000246C4B0DAF0>
module = <module 'main' from 'E:\\My Projects\\Nutrition app\\nutrition-tracker\\backend\\main.py'>

>   ???

<frozen importlib._bootstrap_external>:1026: 
_ _ _ _ _ _ _ _ _ _ _ _ _ _ _ _ _ _ _ _ _ _ _ _ _ _ _ _ _ _ _ _ _ _ _ _ _ _ _ _

f = <built-in function exec>
args = (<code object <module> at 0x00000246BF53C700, file "E:\My Projects\Nutrition app\nutrition-tracker\backend\main.py", l...RSMiddleware'>, 'FastAPI': <class 'fastapi.applications.FastAPI'>, 'File': <function File at 0x00000246837B4AE0>, ...})
kwds = {}

>   ???

<frozen importlib._bootstrap>:488: 
_ _ _ _ _ _ _ _ _ _ _ _ _ _ _ _ _ _ _ _ _ _ _ _ _ _ _ _ _ _ _ _ _ _ _ _ _ _ _ _

    """
    Main entry point for the Nutrition Tracker API (FastAPI).
    
    Routes defined here:
      POST /log-meal          û Accepts text/image input, runs nutrition_graph, returns nutrition+recommendation
      POST /log-exercise      û Logs an exercise session and returns kcal burned via MET-based formula
      GET  /daily-summary     û Returns today's daily_logs row joined with daily_goals for a user
      GET  /leaderboard       û Returns all six users ranked by today's calorie intake (desc)
      POST /calculate-goals   û Computes macro/calorie goals via MifflinûSt Jeor and upserts to daily_goals
      GET  /suggestions       û Returns the latest recommendation stored in daily_logs for a user
    
    Supabase project reference: hyejucwqghkujckoshbr
    """
    
    import os
    import io
    import math
    import tempfile
    from datetime import date
    from typing import Optional
    
    from fastapi import FastAPI, HTTPException, UploadFile, File, Form, Query
    from fastapi.middleware.cors import CORSMiddleware
    from pydantic import BaseModel
    from dotenv import load_dotenv
    
    # \u2500\u2500 Load environment variables \u2500\u2500\u2500\u2500\u2500\u2500\u2500\u2500\u2500\u2500\u2500\u2500\u2500\u2500\u2500\u2500\u2500\u2500\u2500\u2500\u2500\u2500\u2500\u2500\u2500\u2500\u2500\u2500\u2500\u2500\u2500\u2500\u2500\u2500\u2500\u2500\u2500\u2500\u2500\u2500\u2500\u2500\u2500\u2500\u2500\u2500\u2500\u2500\u2500
    _dotenv_path = os.path.join(os.path.dirname(__file__), ".env")
    load_dotenv(dotenv_path=_dotenv_path)
    
    # \u2500\u2500 Supabase client \u2500\u2500\u2500\u2500\u2500\u2500\u2500\u2500\u2500\u2500\u2500\u2500\u2500\u2500\u2500\u2500\u2500\u2500\u2500\u2500\u2500\u2500\u2500\u2500\u2500\u2500\u2500\u2500\u2500\u2500\u2500\u2500\u2500\u2500\u2500\u2500\u2500\u2500\u2500\u2500\u2500\u2500\u2500\u2500\u2500\u2500\u2500\u2500\u2500\u2500\u2500\u2500\u2500\u2500\u2500\u2500\u2500\u2500\u2500\u2500
    from database.supabase_client import get_supabase_client
    
    # \u2500\u2500 LangGraph nutrition pipeline \u2500\u2500\u2500\u2500\u2500\u2500\u2500\u2500\u2500\u2500\u2500\u2500\u2500\u2500\u2500\u2500\u2500\u2500\u2500\u2500\u2500\u2500\u2500\u2500\u2500\u2500\u2500\u2500\u2500\u2500\u2500\u2500\u2500\u2500\u2500\u2500\u2500\u2500\u2500\u2500\u2500\u2500\u2500\u2500\u2500\u2500\u2500
    from agents.graph import nutrition_graph
    from agents.state import default_nutrition_state
    
    # \u2500\u2500 FastAPI app \u2500\u2500\u2500\u2500\u2500\u2500\u2500\u2500\u2500\u2500\u2500\u2500\u2500\u2500\u2500\u2500\u2500\u2500\u2500\u2500\u2500\u2500\u2500\u2500\u2500\u2500\u2500\u2500\u2500\u2500\u2500\u2500\u2500\u2500\u2500\u2500\u2500\u2500\u2500\u2500\u2500\u2500\u2500\u2500\u2500\u2500\u2500\u2500\u2500\u2500\u2500\u2500\u2500\u2500\u2500\u2500\u2500\u2500\u2500\u2500\u2500\u2500\u2500\u2500
    app = FastAPI(
        title="Nutrition Tracker API",
        description=(
            "Backend API for the AI-powered Nutrition Tracker. "
            "Handles meal logging via LangGraph, exercise tracking, "
            "daily summaries, leaderboards, goal calculation, and suggestion retrieval. "
            "Supabase project: hyejucwqghkujckoshbr"
        ),
        version="1.0.0",
    )
    
    # \u2500\u2500 CORS (local prototype \u2014 allow everything) \u2500\u2500\u2500\u2500\u2500\u2500\u2500\u2500\u2500\u2500\u2500\u2500\u2500\u2500\u2500\u2500\u2500\u2500\u2500\u2500\u2500\u2500\u2500\u2500\u2500\u2500\u2500\u2500\u2500\u2500\u2500\u2500\u2500\u2500
    app.add_middleware(
        CORSMiddleware,
        allow_origins=["*"],
        allow_credentials=True,
        allow_methods=["*"],
        allow_headers=["*"],
    )
    
    # \u2500\u2500 Global: preloaded Keras food-classifier model \u2500\u2500\u2500\u2500\u2500\u2500\u2500\u2500\u2500\u2500\u2500\u2500\u2500\u2500\u2500\u2500\u2500\u2500\u2500\u2500\u2500\u2500\u2500\u2500\u2500\u2500\u2500\u2500\u2500\u2500
    _food_classifier = None   # set during startup; None when model file is absent
    
    
    @app.on_event("startup")
    async def startup_event():
        """
        Runs once when the server boots.
        1. Ensures .env is loaded (redundant but defensive).
        2. Preloads the Keras food-classifier so the first request doesn't pay the
           cold-start penalty.  If the model file is missing, a warning is printed
           and the server continues ù routes that don't use the classifier still work.
        """
        global _food_classifier
    
        load_dotenv(dotenv_path=_dotenv_path)
    
        model_path = os.path.join(os.path.dirname(__file__), "models", "food_classifier.keras")
        if os.path.exists(model_path):
            try:
                import tensorflow as tf  # imported lazily so the app starts without TF if unneeded
                _food_classifier = tf.keras.models.load_model(model_path)
                print(f"[startup] Food classifier loaded from '{model_path}'.")
            except Exception as exc:
                print(f"[startup] WARNING û could not load food classifier: {exc}")
        else:
            print(
                f"[startup] WARNING û model file not found at '{model_path}'. "
                "Image-based food classification will be unavailable."
            )
    
    
    # \u2550\u2550\u2550\u2550\u2550\u2550\u2550\u2550\u2550\u2550\u2550\u2550\u2550\u2550\u2550\u2550\u2550\u2550\u2550\u2550\u2550\u2550\u2550\u2550\u2550\u2550\u2550\u2550\u2550\u2550\u2550\u2550\u2550\u2550\u2550\u2550\u2550\u2550\u2550\u2550\u2550\u2550\u2550\u2550\u2550\u2550\u2550\u2550\u2550\u2550\u2550\u2550\u2550\u2550\u2550\u2550\u2550\u2550\u2550\u2550\u2550\u2550\u2550\u2550\u2550\u2550\u2550\u2550\u2550\u2550\u2550\u2550\u2550\u2550\u2550\u2550\u2550\u2550
    # Route 1 û POST /log-meal
    # \u2550\u2550\u2550\u2550\u2550\u2550\u2550\u2550\u2550\u2550\u2550\u2550\u2550\u2550\u2550\u2550\u2550\u2550\u2550\u2550\u2550\u2550\u2550\u2550\u2550\u2550\u2550\u2550\u2550\u2550\u2550\u2550\u2550\u2550\u2550\u2550\u2550\u2550\u2550\u2550\u2550\u2550\u2550\u2550\u2550\u2550\u2550\u2550\u2550\u2550\u2550\u2550\u2550\u2550\u2550\u2550\u2550\u2550\u2550\u2550\u2550\u2550\u2550\u2550\u2550\u2550\u2550\u2550\u2550\u2550\u2550\u2550\u2550\u2550\u2550\u2550\u2550\u2550
    
>   @app.post("/log-meal", summary="Log a meal via text and/or image")
     ^^^^^^^^^^^^^^^^^^^^^^^^^^^^^^^^^^^^^^^^^^^^^^^^^^^^^^^^^^^^^^^^^

main.py:95: 
_ _ _ _ _ _ _ _ _ _ _ _ _ _ _ _ _ _ _ _ _ _ _ _ _ _ _ _ _ _ _ _ _ _ _ _ _ _ _ _

func = <function log_meal at 0x00000246C4B45440>

    def decorator(func: DecoratedCallable) -> DecoratedCallable:
>       self.add_api_route(
            path,
            func,
            response_model=response_model,
            status_code=status_code,
            tags=tags,
            dependencies=dependencies,
            summary=summary,
            description=description,
            response_description=response_description,
            responses=responses,
            deprecated=deprecated,
            methods=methods,
            operation_id=operation_id,
            response_model_include=response_model_include,
            response_model_exclude=response_model_exclude,
            response_model_by_alias=response_model_by_alias,
            response_model_exclude_unset=response_model_exclude_unset,
            response_model_exclude_defaults=response_model_exclude_defaults,
            response_model_exclude_none=response_model_exclude_none,
            include_in_schema=include_in_schema,
            response_class=response_class,
            name=name,
            callbacks=callbacks,
            openapi_extra=openapi_extra,
            generate_unique_id_function=generate_unique_id_function,
        )

C:\Users\lenovo\AppData\Roaming\Python\Python313\site-packages\fastapi\routing.py:1125: 
_ _ _ _ _ _ _ _ _ _ _ _ _ _ _ _ _ _ _ _ _ _ _ _ _ _ _ _ _ _ _ _ _ _ _ _ _ _ _ _

self = <fastapi.routing.APIRouter object at 0x00000246C4AD87D0>
path = '/log-meal', endpoint = <function log_meal at 0x00000246C4B45440>

    def add_api_route(
        self,
        path: str,
        endpoint: Callable[..., Any],
        *,
        response_model: Any = Default(None),
        status_code: int | None = None,
        tags: list[str | Enum] | None = None,
        dependencies: Sequence[params.Depends] | None = None,
        summary: str | None = None,
        description: str | None = None,
        response_description: str = "Successful Response",
        responses: dict[int | str, dict[str, Any]] | None = None,
        deprecated: bool | None = None,
        methods: set[str] | list[str] | None = None,
        operation_id: str | None = None,
        response_model_include: IncEx | None = None,
        response_model_exclude: IncEx | None = None,
        response_model_by_alias: bool = True,
        response_model_exclude_unset: bool = False,
        response_model_exclude_defaults: bool = False,
        response_model_exclude_none: bool = False,
        include_in_schema: bool = True,
        response_class: type[Response] | DefaultPlaceholder = Default(JSONResponse),
        name: str | None = None,
        route_class_override: type[APIRoute] | None = None,
        callbacks: list[BaseRoute] | None = None,
        openapi_extra: dict[str, Any] | None = None,
        generate_unique_id_function: Callable[[APIRoute], str]
        | DefaultPlaceholder = Default(generate_unique_id),
    ) -> None:
        route_class = route_class_override or self.route_class
        responses = responses or {}
        combined_responses = {**self.responses, **responses}
        current_response_class = get_value_or_default(
            response_class, self.default_response_class
        )
        current_tags = self.tags.copy()
        if tags:
            current_tags.extend(tags)
        current_dependencies = self.dependencies.copy()
        if dependencies:
            current_dependencies.extend(dependencies)
        current_callbacks = self.callbacks.copy()
        if callbacks:
            current_callbacks.extend(callbacks)
        current_generate_unique_id = get_value_or_default(
            generate_unique_id_function, self.generate_unique_id_function
        )
>       route = route_class(
            self.prefix + path,
            endpoint=endpoint,
            response_model=response_model,
            status_code=status_code,
            tags=current_tags,
            dependencies=current_dependencies,
            summary=summary,
            description=description,
            response_description=response_description,
            responses=combined_responses,
            deprecated=deprecated or self.deprecated,
            methods=methods,
            operation_id=operation_id,
            response_model_include=response_model_include,
            response_model_exclude=response_model_exclude,
            response_model_by_alias=response_model_by_alias,
            response_model_exclude_unset=response_model_exclude_unset,
            response_model_exclude_defaults=response_model_exclude_defaults,
            response_model_exclude_none=response_model_exclude_none,
            include_in_schema=include_in_schema and self.include_in_schema,
            response_class=current_response_class,
            name=name,
            dependency_overrides_provider=self.dependency_overrides_provider,
            callbacks=current_callbacks,
            openapi_extra=openapi_extra,
            generate_unique_id_function=current_generate_unique_id,
        )

C:\Users\lenovo\AppData\Roaming\Python\Python313\site-packages\fastapi\routing.py:1064: 
_ _ _ _ _ _ _ _ _ _ _ _ _ _ _ _ _ _ _ _ _ _ _ _ _ _ _ _ _ _ _ _ _ _ _ _ _ _ _ _

self = APIRoute(path='/log-meal', name='log_meal', methods=['POST'])
path = '/log-meal', endpoint = <function log_meal at 0x00000246C4B45440>

    def __init__(
        self,
        path: str,
        endpoint: Callable[..., Any],
        *,
        response_model: Any = Default(None),
        status_code: int | None = None,
        tags: list[str | Enum] | None = None,
        dependencies: Sequence[params.Depends] | None = None,
        summary: str | None = None,
        description: str | None = None,
        response_description: str = "Successful Response",
        responses: dict[int | str, dict[str, Any]] | None = None,
        deprecated: bool | None = None,
        name: str | None = None,
        methods: set[str] | list[str] | None = None,
        operation_id: str | None = None,
        response_model_include: IncEx | None = None,
        response_model_exclude: IncEx | None = None,
        response_model_by_alias: bool = True,
        response_model_exclude_unset: bool = False,
        response_model_exclude_defaults: bool = False,
        response_model_exclude_none: bool = False,
        include_in_schema: bool = True,
        response_class: type[Response] | DefaultPlaceholder = Default(JSONResponse),
        dependency_overrides_provider: Any | None = None,
        callbacks: list[BaseRoute] | None = None,
        openapi_extra: dict[str, Any] | None = None,
        generate_unique_id_function: Callable[["APIRoute"], str]
        | DefaultPlaceholder = Default(generate_unique_id),
    ) -> None:
        self.path = path
        self.endpoint = endpoint
        if isinstance(response_model, DefaultPlaceholder):
            return_annotation = get_typed_return_annotation(endpoint)
            if lenient_issubclass(return_annotation, Response):
                response_model = None
            else:
                response_model = return_annotation
        self.response_model = response_model
        self.summary = summary
        self.response_description = response_description
        self.deprecated = deprecated
        self.operation_id = operation_id
        self.response_model_include = response_model_include
        self.response_model_exclude = response_model_exclude
        self.response_model_by_alias = response_model_by_alias
        self.response_model_exclude_unset = response_model_exclude_unset
        self.response_model_exclude_defaults = response_model_exclude_defaults
        self.response_model_exclude_none = response_model_exclude_none
        self.include_in_schema = include_in_schema
        self.response_class = response_class
        self.dependency_overrides_provider = dependency_overrides_provider
        self.callbacks = callbacks
        self.openapi_extra = openapi_extra
        self.generate_unique_id_function = generate_unique_id_function
        self.tags = tags or []
        self.responses = responses or {}
        self.name = get_name(endpoint) if name is None else name
        self.path_regex, self.path_format, self.param_convertors = compile_path(path)
        if methods is None:
            methods = ["GET"]
        self.methods: set[str] = {method.upper() for method in methods}
        if isinstance(generate_unique_id_function, DefaultPlaceholder):
            current_generate_unique_id: Callable[[APIRoute], str] = (
                generate_unique_id_function.value
            )
        else:
            current_generate_unique_id = generate_unique_id_function
        self.unique_id = self.operation_id or current_generate_unique_id(self)
        # normalize enums e.g. http.HTTPStatus
        if isinstance(status_code, IntEnum):
            status_code = int(status_code)
        self.status_code = status_code
        if self.response_model:
            assert is_body_allowed_for_status_code(status_code), (
                f"Status code {status_code} must not have a response body"
            )
            response_name = "Response_" + self.unique_id
            self.response_field = create_model_field(
                name=response_name,
                type_=self.response_model,
                mode="serialization",
            )
        else:
            self.response_field = None  # type: ignore
        self.dependencies = list(dependencies or [])
        self.description = description or inspect.cleandoc(self.endpoint.__doc__ or "")
        # if a "form feed" character (page break) is found in the description text,
        # truncate description text to the content preceding the first "form feed"
        self.description = self.description.split("\f")[0].strip()
        response_fields = {}
        for additional_status_code, response in self.responses.items():
            assert isinstance(response, dict), "An additional response must be a dict"
            model = response.get("model")
            if model:
                assert is_body_allowed_for_status_code(additional_status_code), (
                    f"Status code {additional_status_code} must not have a response body"
                )
                response_name = f"Response_{additional_status_code}_{self.unique_id}"
                response_field = create_model_field(
                    name=response_name, type_=model, mode="serialization"
                )
                response_fields[additional_status_code] = response_field
        if response_fields:
            self.response_fields: dict[int | str, ModelField] = response_fields
        else:
            self.response_fields = {}
    
        assert callable(endpoint), "An endpoint must be a callable"
>       self.dependant = get_dependant(
            path=self.path_format, call=self.endpoint, scope="function"
        )

C:\Users\lenovo\AppData\Roaming\Python\Python313\site-packages\fastapi\routing.py:665: 
_ _ _ _ _ _ _ _ _ _ _ _ _ _ _ _ _ _ _ _ _ _ _ _ _ _ _ _ _ _ _ _ _ _ _ _ _ _ _ _

    def get_dependant(
        *,
        path: str,
        call: Callable[..., Any],
        name: str | None = None,
        own_oauth_scopes: list[str] | None = None,
        parent_oauth_scopes: list[str] | None = None,
        use_cache: bool = True,
        scope: Literal["function", "request"] | None = None,
    ) -> Dependant:
        dependant = Dependant(
            call=call,
            name=name,
            path=path,
            use_cache=use_cache,
            scope=scope,
            own_oauth_scopes=own_oauth_scopes,
            parent_oauth_scopes=parent_oauth_scopes,
        )
        current_scopes = (parent_oauth_scopes or []) + (own_oauth_scopes or [])
        path_param_names = get_path_param_names(path)
        endpoint_signature = get_typed_signature(call)
        signature_params = endpoint_signature.parameters
        for param_name, param in signature_params.items():
            is_path_param = param_name in path_param_names
>           param_details = analyze_param(
                param_name=param_name,
                annotation=param.annotation,
                value=param.default,
                is_path_param=is_path_param,
            )

C:\Users\lenovo\AppData\Roaming\Python\Python313\site-packages\fastapi\dependencies\utils.py:279: 
_ _ _ _ _ _ _ _ _ _ _ _ _ _ _ _ _ _ _ _ _ _ _ _ _ _ _ _ _ _ _ _ _ _ _ _ _ _ _ _

    def analyze_param(
        *,
        param_name: str,
        annotation: Any,
        value: Any,
        is_path_param: bool,
    ) -> ParamDetails:
        field_info = None
        depends = None
        type_annotation: Any = Any
        use_annotation: Any = Any
        if is_typealiastype(annotation):
            # unpack in case PEP 695 type syntax is used
            annotation = annotation.__value__
        if annotation is not inspect.Signature.empty:
            use_annotation = annotation
            type_annotation = annotation
        # Extract Annotated info
        if get_origin(use_annotation) is Annotated:
            annotated_args = get_args(annotation)
            type_annotation = annotated_args[0]
            fastapi_annotations = [
                arg
                for arg in annotated_args[1:]
                if isinstance(arg, (FieldInfo, params.Depends))
            ]
            fastapi_specific_annotations = [
                arg
                for arg in fastapi_annotations
                if isinstance(
                    arg,
                    (
                        params.Param,
                        params.Body,
                        params.Depends,
                    ),
                )
            ]
            if fastapi_specific_annotations:
                fastapi_annotation: FieldInfo | params.Depends | None = (
                    fastapi_specific_annotations[-1]
                )
            else:
                fastapi_annotation = None
            # Set default for Annotated FieldInfo
            if isinstance(fastapi_annotation, FieldInfo):
                # Copy `field_info` because we mutate `field_info.default` below.
                field_info = copy_field_info(
                    field_info=fastapi_annotation,
                    annotation=use_annotation,
                )
                assert (
                    field_info.default == Undefined or field_info.default == RequiredParam
                ), (
                    f"`{field_info.__class__.__name__}` default value cannot be set in"
                    f" `Annotated` for {param_name!r}. Set the default value with `=` instead."
                )
                if value is not inspect.Signature.empty:
                    assert not is_path_param, "Path parameters cannot have default values"
                    field_info.default = value
                else:
                    field_info.default = RequiredParam
            # Get Annotated Depends
            elif isinstance(fastapi_annotation, params.Depends):
                depends = fastapi_annotation
        # Get Depends from default value
        if isinstance(value, params.Depends):
            assert depends is None, (
                "Cannot specify `Depends` in `Annotated` and default value"
                f" together for {param_name!r}"
            )
            assert field_info is None, (
                "Cannot specify a FastAPI annotation in `Annotated` and `Depends` as a"
                f" default value together for {param_name!r}"
            )
            depends = value
        # Get FieldInfo from default value
        elif isinstance(value, FieldInfo):
            assert field_info is None, (
                "Cannot specify FastAPI annotations in `Annotated` and default value"
                f" together for {param_name!r}"
            )
            field_info = value
            if isinstance(field_info, FieldInfo):
                field_info.annotation = type_annotation
    
        # Get Depends from type annotation
        if depends is not None and depends.dependency is None:
            # Copy `depends` before mutating it
            depends = copy(depends)
            depends = dataclasses.replace(depends, dependency=type_annotation)
    
        # Handle non-param type annotations like Request
        # Only apply special handling when there's no explicit Depends - if there's a Depends,
        # the dependency will be called and its return value used instead of the special injection
        if depends is None and lenient_issubclass(
            type_annotation,
            (
                Request,
                WebSocket,
                HTTPConnection,
                Response,
                StarletteBackgroundTasks,
                SecurityScopes,
            ),
        ):
            assert field_info is None, (
                f"Cannot specify FastAPI annotation for type {type_annotation!r}"
            )
        # Handle default assignations, neither field_info nor depends was not found in Annotated nor default value
        elif field_info is None and depends is None:
            default_value = value if value is not inspect.Signature.empty else RequiredParam
            if is_path_param:
                # We might check here that `default_value is RequiredParam`, but the fact is that the same
                # parameter might sometimes be a path parameter and sometimes not. See
                # `tests/test_infer_param_optionality.py` for an example.
                field_info = params.Path(annotation=use_annotation)
            elif is_uploadfile_or_nonable_uploadfile_annotation(
                type_annotation
            ) or is_uploadfile_sequence_annotation(type_annotation):
                field_info = params.File(annotation=use_annotation, default=default_value)
            elif not field_annotation_is_scalar(annotation=type_annotation):
                field_info = params.Body(annotation=use_annotation, default=default_value)
            else:
                field_info = params.Query(annotation=use_annotation, default=default_value)
    
        field = None
        # It's a field_info, not a dependency
        if field_info is not None:
            # Handle field_info.in_
            if is_path_param:
                assert isinstance(field_info, params.Path), (
                    f"Cannot use `{field_info.__class__.__name__}` for path param"
                    f" {param_name!r}"
                )
            elif (
                isinstance(field_info, params.Param)
                and getattr(field_info, "in_", None) is None
            ):
                field_info.in_ = params.ParamTypes.query
            use_annotation_from_field_info = use_annotation
            if isinstance(field_info, params.Form):
>               ensure_multipart_is_installed()

C:\Users\lenovo\AppData\Roaming\Python\Python313\site-packages\fastapi\dependencies\utils.py:502: 
_ _ _ _ _ _ _ _ _ _ _ _ _ _ _ _ _ _ _ _ _ _ _ _ _ _ _ _ _ _ _ _ _ _ _ _ _ _ _ _

    def ensure_multipart_is_installed() -> None:
        try:
            from python_multipart import __version__
    
            # Import an attribute that can be mocked/deleted in testing
            assert __version__ > "0.0.12"
        except (ImportError, AssertionError):
            try:
                # __version__ is available in both multiparts, and can be mocked
                from multipart import __version__  # type: ignore[no-redef,import-untyped]
    
                assert __version__
                try:
                    # parse_options_header is only available in the right multipart
                    from multipart.multipart import (  # type: ignore[import-untyped]
                        parse_options_header,
                    )
    
                    assert parse_options_header
                except ImportError:
                    logger.error(multipart_incorrect_install_error)
                    raise RuntimeError(multipart_incorrect_install_error) from None
            except ImportError:
                logger.error(multipart_not_installed_error)
>               raise RuntimeError(multipart_not_installed_error) from None
E               RuntimeError: Form data requires "python-multipart" to be installed. 
E               You can install "python-multipart" with: 
E               
E               pip install python-multipart

C:\Users\lenovo\AppData\Roaming\Python\Python313\site-packages\fastapi\dependencies\utils.py:108: RuntimeError
----------------------------- Captured log setup ------------------------------
ERROR    fastapi:utils.py:107 Form data requires "python-multipart" to be installed. 
You can install "python-multipart" with: 

pip install python-multipart
_______ ERROR at setup of TestLeaderboard.test_leaderboard_returns_list _______

    @pytest.fixture
    def client():
        """TestClient with mocked Supabase and mocked LangGraph pipeline."""
        mock_sb = _make_mock_supabase()
    
        # Mock nutrition_graph.invoke for /log-meal
        mock_graph_result = {
            "nutrition": {"calories": 350.0, "protein": 18.0, "carbs": 58.0, "fat": 8.0},
            "recommendation": "Try dal and roti for dinner!",
        }
        mock_graph = MagicMock()
        mock_graph.invoke.return_value = mock_graph_result
    
>       with patch("main.get_supabase_client", return_value=mock_sb):
             ^^^^^^^^^^^^^^^^^^^^^^^^^^^^^^^^^^^^^^^^^^^^^^^^^^^^^^^

tests\test_routes.py:95: 
_ _ _ _ _ _ _ _ _ _ _ _ _ _ _ _ _ _ _ _ _ _ _ _ _ _ _ _ _ _ _ _ _ _ _ _ _ _ _ _

self = <unittest.mock._patch object at 0x00000246C373AB30>

    def __enter__(self):
        """Perform the patch."""
        if self.is_started:
            raise RuntimeError("Patch is already started")
    
        new, spec, spec_set = self.new, self.spec, self.spec_set
        autospec, kwargs = self.autospec, self.kwargs
        new_callable = self.new_callable
>       self.target = self.getter()
                      ^^^^^^^^^^^^^

C:\Python313\Lib\unittest\mock.py:1479: 
_ _ _ _ _ _ _ _ _ _ _ _ _ _ _ _ _ _ _ _ _ _ _ _ _ _ _ _ _ _ _ _ _ _ _ _ _ _ _ _

name = 'main'

    def resolve_name(name):
        """
        Resolve a name to an object.
    
        It is expected that `name` will be a string in one of the following
        formats, where W is shorthand for a valid Python identifier and dot stands
        for a literal period in these pseudo-regexes:
    
        W(.W)*
        W(.W)*:(W(.W)*)?
    
        The first form is intended for backward compatibility only. It assumes that
        some part of the dotted name is a package, and the rest is an object
        somewhere within that package, possibly nested inside other objects.
        Because the place where the package stops and the object hierarchy starts
        can't be inferred by inspection, repeated attempts to import must be done
        with this form.
    
        In the second form, the caller makes the division point clear through the
        provision of a single colon: the dotted name to the left of the colon is a
        package to be imported, and the dotted name to the right is the object
        hierarchy within that package. Only one import is needed in this form. If
        it ends with the colon, then a module object is returned.
    
        The function will return an object (which might be a module), or raise one
        of the following exceptions:
    
        ValueError - if `name` isn't in a recognised format
        ImportError - if an import failed when it shouldn't have
        AttributeError - if a failure occurred when traversing the object hierarchy
                         within the imported package to get to the desired object.
        """
        global _NAME_PATTERN
        if _NAME_PATTERN is None:
            # Lazy import to speedup Python startup time
            import re
            dotted_words = r'(?!\d)(\w+)(\.(?!\d)(\w+))*'
            _NAME_PATTERN = re.compile(f'^(?P<pkg>{dotted_words})'
                                       f'(?P<cln>:(?P<obj>{dotted_words})?)?$',
                                       re.UNICODE)
    
        m = _NAME_PATTERN.match(name)
        if not m:
            raise ValueError(f'invalid format: {name!r}')
        gd = m.groupdict()
        if gd.get('cln'):
            # there is a colon - a one-step import is all that's needed
            mod = importlib.import_module(gd['pkg'])
            parts = gd.get('obj')
            parts = parts.split('.') if parts else []
        else:
            # no colon - have to iterate to find the package boundary
            parts = name.split('.')
            modname = parts.pop(0)
            # first part *must* be a module/package.
>           mod = importlib.import_module(modname)
                  ^^^^^^^^^^^^^^^^^^^^^^^^^^^^^^^^

C:\Python313\Lib\pkgutil.py:513: 
_ _ _ _ _ _ _ _ _ _ _ _ _ _ _ _ _ _ _ _ _ _ _ _ _ _ _ _ _ _ _ _ _ _ _ _ _ _ _ _

name = 'main', package = None

    def import_module(name, package=None):
        """Import a module.
    
        The 'package' argument is required when performing a relative import. It
        specifies the package to use as the anchor point from which to resolve the
        relative import to an absolute import.
    
        """
        level = 0
        if name.startswith('.'):
            if not package:
                raise TypeError("the 'package' argument is required to perform a "
                                f"relative import for {name!r}")
            for character in name:
                if character != '.':
                    break
                level += 1
>       return _bootstrap._gcd_import(name[level:], package, level)
               ^^^^^^^^^^^^^^^^^^^^^^^^^^^^^^^^^^^^^^^^^^^^^^^^^^^^

C:\Python313\Lib\importlib\__init__.py:88: 
_ _ _ _ _ _ _ _ _ _ _ _ _ _ _ _ _ _ _ _ _ _ _ _ _ _ _ _ _ _ _ _ _ _ _ _ _ _ _ _

name = 'main', package = None, level = 0

>   ???

<frozen importlib._bootstrap>:1387: 
_ _ _ _ _ _ _ _ _ _ _ _ _ _ _ _ _ _ _ _ _ _ _ _ _ _ _ _ _ _ _ _ _ _ _ _ _ _ _ _

name = 'main', import_ = <function _gcd_import at 0x00000246FDE604A0>

>   ???

<frozen importlib._bootstrap>:1360: 
_ _ _ _ _ _ _ _ _ _ _ _ _ _ _ _ _ _ _ _ _ _ _ _ _ _ _ _ _ _ _ _ _ _ _ _ _ _ _ _

name = 'main', import_ = <function _gcd_import at 0x00000246FDE604A0>

>   ???

<frozen importlib._bootstrap>:1331: 
_ _ _ _ _ _ _ _ _ _ _ _ _ _ _ _ _ _ _ _ _ _ _ _ _ _ _ _ _ _ _ _ _ _ _ _ _ _ _ _

spec = ModuleSpec(name='main', loader=<_frozen_importlib_external.SourceFileLoader object at 0x00000246C4C310D0>, origin='E:\\My Projects\\Nutrition app\\nutrition-tracker\\backend\\main.py')

>   ???

<frozen importlib._bootstrap>:935: 
_ _ _ _ _ _ _ _ _ _ _ _ _ _ _ _ _ _ _ _ _ _ _ _ _ _ _ _ _ _ _ _ _ _ _ _ _ _ _ _

self = <_frozen_importlib_external.SourceFileLoader object at 0x00000246C4C310D0>
module = <module 'main' from 'E:\\My Projects\\Nutrition app\\nutrition-tracker\\backend\\main.py'>

>   ???

<frozen importlib._bootstrap_external>:1026: 
_ _ _ _ _ _ _ _ _ _ _ _ _ _ _ _ _ _ _ _ _ _ _ _ _ _ _ _ _ _ _ _ _ _ _ _ _ _ _ _

f = <built-in function exec>
args = (<code object <module> at 0x00000246BF5418D0, file "E:\My Projects\Nutrition app\nutrition-tracker\backend\main.py", l...RSMiddleware'>, 'FastAPI': <class 'fastapi.applications.FastAPI'>, 'File': <function File at 0x00000246837B4AE0>, ...})
kwds = {}

>   ???

<frozen importlib._bootstrap>:488: 
_ _ _ _ _ _ _ _ _ _ _ _ _ _ _ _ _ _ _ _ _ _ _ _ _ _ _ _ _ _ _ _ _ _ _ _ _ _ _ _

    """
    Main entry point for the Nutrition Tracker API (FastAPI).
    
    Routes defined here:
      POST /log-meal          û Accepts text/image input, runs nutrition_graph, returns nutrition+recommendation
      POST /log-exercise      û Logs an exercise session and returns kcal burned via MET-based formula
      GET  /daily-summary     û Returns today's daily_logs row joined with daily_goals for a user
      GET  /leaderboard       û Returns all six users ranked by today's calorie intake (desc)
      POST /calculate-goals   û Computes macro/calorie goals via MifflinûSt Jeor and upserts to daily_goals
      GET  /suggestions       û Returns the latest recommendation stored in daily_logs for a user
    
    Supabase project reference: hyejucwqghkujckoshbr
    """
    
    import os
    import io
    import math
    import tempfile
    from datetime import date
    from typing import Optional
    
    from fastapi import FastAPI, HTTPException, UploadFile, File, Form, Query
    from fastapi.middleware.cors import CORSMiddleware
    from pydantic import BaseModel
    from dotenv import load_dotenv
    
    # \u2500\u2500 Load environment variables \u2500\u2500\u2500\u2500\u2500\u2500\u2500\u2500\u2500\u2500\u2500\u2500\u2500\u2500\u2500\u2500\u2500\u2500\u2500\u2500\u2500\u2500\u2500\u2500\u2500\u2500\u2500\u2500\u2500\u2500\u2500\u2500\u2500\u2500\u2500\u2500\u2500\u2500\u2500\u2500\u2500\u2500\u2500\u2500\u2500\u2500\u2500\u2500\u2500
    _dotenv_path = os.path.join(os.path.dirname(__file__), ".env")
    load_dotenv(dotenv_path=_dotenv_path)
    
    # \u2500\u2500 Supabase client \u2500\u2500\u2500\u2500\u2500\u2500\u2500\u2500\u2500\u2500\u2500\u2500\u2500\u2500\u2500\u2500\u2500\u2500\u2500\u2500\u2500\u2500\u2500\u2500\u2500\u2500\u2500\u2500\u2500\u2500\u2500\u2500\u2500\u2500\u2500\u2500\u2500\u2500\u2500\u2500\u2500\u2500\u2500\u2500\u2500\u2500\u2500\u2500\u2500\u2500\u2500\u2500\u2500\u2500\u2500\u2500\u2500\u2500\u2500\u2500
    from database.supabase_client import get_supabase_client
    
    # \u2500\u2500 LangGraph nutrition pipeline \u2500\u2500\u2500\u2500\u2500\u2500\u2500\u2500\u2500\u2500\u2500\u2500\u2500\u2500\u2500\u2500\u2500\u2500\u2500\u2500\u2500\u2500\u2500\u2500\u2500\u2500\u2500\u2500\u2500\u2500\u2500\u2500\u2500\u2500\u2500\u2500\u2500\u2500\u2500\u2500\u2500\u2500\u2500\u2500\u2500\u2500\u2500
    from agents.graph import nutrition_graph
    from agents.state import default_nutrition_state
    
    # \u2500\u2500 FastAPI app \u2500\u2500\u2500\u2500\u2500\u2500\u2500\u2500\u2500\u2500\u2500\u2500\u2500\u2500\u2500\u2500\u2500\u2500\u2500\u2500\u2500\u2500\u2500\u2500\u2500\u2500\u2500\u2500\u2500\u2500\u2500\u2500\u2500\u2500\u2500\u2500\u2500\u2500\u2500\u2500\u2500\u2500\u2500\u2500\u2500\u2500\u2500\u2500\u2500\u2500\u2500\u2500\u2500\u2500\u2500\u2500\u2500\u2500\u2500\u2500\u2500\u2500\u2500\u2500
    app = FastAPI(
        title="Nutrition Tracker API",
        description=(
            "Backend API for the AI-powered Nutrition Tracker. "
            "Handles meal logging via LangGraph, exercise tracking, "
            "daily summaries, leaderboards, goal calculation, and suggestion retrieval. "
            "Supabase project: hyejucwqghkujckoshbr"
        ),
        version="1.0.0",
    )
    
    # \u2500\u2500 CORS (local prototype \u2014 allow everything) \u2500\u2500\u2500\u2500\u2500\u2500\u2500\u2500\u2500\u2500\u2500\u2500\u2500\u2500\u2500\u2500\u2500\u2500\u2500\u2500\u2500\u2500\u2500\u2500\u2500\u2500\u2500\u2500\u2500\u2500\u2500\u2500\u2500\u2500
    app.add_middleware(
        CORSMiddleware,
        allow_origins=["*"],
        allow_credentials=True,
        allow_methods=["*"],
        allow_headers=["*"],
    )
    
    # \u2500\u2500 Global: preloaded Keras food-classifier model \u2500\u2500\u2500\u2500\u2500\u2500\u2500\u2500\u2500\u2500\u2500\u2500\u2500\u2500\u2500\u2500\u2500\u2500\u2500\u2500\u2500\u2500\u2500\u2500\u2500\u2500\u2500\u2500\u2500\u2500
    _food_classifier = None   # set during startup; None when model file is absent
    
    
    @app.on_event("startup")
    async def startup_event():
        """
        Runs once when the server boots.
        1. Ensures .env is loaded (redundant but defensive).
        2. Preloads the Keras food-classifier so the first request doesn't pay the
           cold-start penalty.  If the model file is missing, a warning is printed
           and the server continues ù routes that don't use the classifier still work.
        """
        global _food_classifier
    
        load_dotenv(dotenv_path=_dotenv_path)
    
        model_path = os.path.join(os.path.dirname(__file__), "models", "food_classifier.keras")
        if os.path.exists(model_path):
            try:
                import tensorflow as tf  # imported lazily so the app starts without TF if unneeded
                _food_classifier = tf.keras.models.load_model(model_path)
                print(f"[startup] Food classifier loaded from '{model_path}'.")
            except Exception as exc:
                print(f"[startup] WARNING û could not load food classifier: {exc}")
        else:
            print(
                f"[startup] WARNING û model file not found at '{model_path}'. "
                "Image-based food classification will be unavailable."
            )
    
    
    # \u2550\u2550\u2550\u2550\u2550\u2550\u2550\u2550\u2550\u2550\u2550\u2550\u2550\u2550\u2550\u2550\u2550\u2550\u2550\u2550\u2550\u2550\u2550\u2550\u2550\u2550\u2550\u2550\u2550\u2550\u2550\u2550\u2550\u2550\u2550\u2550\u2550\u2550\u2550\u2550\u2550\u2550\u2550\u2550\u2550\u2550\u2550\u2550\u2550\u2550\u2550\u2550\u2550\u2550\u2550\u2550\u2550\u2550\u2550\u2550\u2550\u2550\u2550\u2550\u2550\u2550\u2550\u2550\u2550\u2550\u2550\u2550\u2550\u2550\u2550\u2550\u2550\u2550
    # Route 1 û POST /log-meal
    # \u2550\u2550\u2550\u2550\u2550\u2550\u2550\u2550\u2550\u2550\u2550\u2550\u2550\u2550\u2550\u2550\u2550\u2550\u2550\u2550\u2550\u2550\u2550\u2550\u2550\u2550\u2550\u2550\u2550\u2550\u2550\u2550\u2550\u2550\u2550\u2550\u2550\u2550\u2550\u2550\u2550\u2550\u2550\u2550\u2550\u2550\u2550\u2550\u2550\u2550\u2550\u2550\u2550\u2550\u2550\u2550\u2550\u2550\u2550\u2550\u2550\u2550\u2550\u2550\u2550\u2550\u2550\u2550\u2550\u2550\u2550\u2550\u2550\u2550\u2550\u2550\u2550\u2550
    
>   @app.post("/log-meal", summary="Log a meal via text and/or image")
     ^^^^^^^^^^^^^^^^^^^^^^^^^^^^^^^^^^^^^^^^^^^^^^^^^^^^^^^^^^^^^^^^^

main.py:95: 
_ _ _ _ _ _ _ _ _ _ _ _ _ _ _ _ _ _ _ _ _ _ _ _ _ _ _ _ _ _ _ _ _ _ _ _ _ _ _ _

func = <function log_meal at 0x00000246C4B474C0>

    def decorator(func: DecoratedCallable) -> DecoratedCallable:
>       self.add_api_route(
            path,
            func,
            response_model=response_model,
            status_code=status_code,
            tags=tags,
            dependencies=dependencies,
            summary=summary,
            description=description,
            response_description=response_description,
            responses=responses,
            deprecated=deprecated,
            methods=methods,
            operation_id=operation_id,
            response_model_include=response_model_include,
            response_model_exclude=response_model_exclude,
            response_model_by_alias=response_model_by_alias,
            response_model_exclude_unset=response_model_exclude_unset,
            response_model_exclude_defaults=response_model_exclude_defaults,
            response_model_exclude_none=response_model_exclude_none,
            include_in_schema=include_in_schema,
            response_class=response_class,
            name=name,
            callbacks=callbacks,
            openapi_extra=openapi_extra,
            generate_unique_id_function=generate_unique_id_function,
        )

C:\Users\lenovo\AppData\Roaming\Python\Python313\site-packages\fastapi\routing.py:1125: 
_ _ _ _ _ _ _ _ _ _ _ _ _ _ _ _ _ _ _ _ _ _ _ _ _ _ _ _ _ _ _ _ _ _ _ _ _ _ _ _

self = <fastapi.routing.APIRouter object at 0x00000246C4B327B0>
path = '/log-meal', endpoint = <function log_meal at 0x00000246C4B474C0>

    def add_api_route(
        self,
        path: str,
        endpoint: Callable[..., Any],
        *,
        response_model: Any = Default(None),
        status_code: int | None = None,
        tags: list[str | Enum] | None = None,
        dependencies: Sequence[params.Depends] | None = None,
        summary: str | None = None,
        description: str | None = None,
        response_description: str = "Successful Response",
        responses: dict[int | str, dict[str, Any]] | None = None,
        deprecated: bool | None = None,
        methods: set[str] | list[str] | None = None,
        operation_id: str | None = None,
        response_model_include: IncEx | None = None,
        response_model_exclude: IncEx | None = None,
        response_model_by_alias: bool = True,
        response_model_exclude_unset: bool = False,
        response_model_exclude_defaults: bool = False,
        response_model_exclude_none: bool = False,
        include_in_schema: bool = True,
        response_class: type[Response] | DefaultPlaceholder = Default(JSONResponse),
        name: str | None = None,
        route_class_override: type[APIRoute] | None = None,
        callbacks: list[BaseRoute] | None = None,
        openapi_extra: dict[str, Any] | None = None,
        generate_unique_id_function: Callable[[APIRoute], str]
        | DefaultPlaceholder = Default(generate_unique_id),
    ) -> None:
        route_class = route_class_override or self.route_class
        responses = responses or {}
        combined_responses = {**self.responses, **responses}
        current_response_class = get_value_or_default(
            response_class, self.default_response_class
        )
        current_tags = self.tags.copy()
        if tags:
            current_tags.extend(tags)
        current_dependencies = self.dependencies.copy()
        if dependencies:
            current_dependencies.extend(dependencies)
        current_callbacks = self.callbacks.copy()
        if callbacks:
            current_callbacks.extend(callbacks)
        current_generate_unique_id = get_value_or_default(
            generate_unique_id_function, self.generate_unique_id_function
        )
>       route = route_class(
            self.prefix + path,
            endpoint=endpoint,
            response_model=response_model,
            status_code=status_code,
            tags=current_tags,
            dependencies=current_dependencies,
            summary=summary,
            description=description,
            response_description=response_description,
            responses=combined_responses,
            deprecated=deprecated or self.deprecated,
            methods=methods,
            operation_id=operation_id,
            response_model_include=response_model_include,
            response_model_exclude=response_model_exclude,
            response_model_by_alias=response_model_by_alias,
            response_model_exclude_unset=response_model_exclude_unset,
            response_model_exclude_defaults=response_model_exclude_defaults,
            response_model_exclude_none=response_model_exclude_none,
            include_in_schema=include_in_schema and self.include_in_schema,
            response_class=current_response_class,
            name=name,
            dependency_overrides_provider=self.dependency_overrides_provider,
            callbacks=current_callbacks,
            openapi_extra=openapi_extra,
            generate_unique_id_function=current_generate_unique_id,
        )

C:\Users\lenovo\AppData\Roaming\Python\Python313\site-packages\fastapi\routing.py:1064: 
_ _ _ _ _ _ _ _ _ _ _ _ _ _ _ _ _ _ _ _ _ _ _ _ _ _ _ _ _ _ _ _ _ _ _ _ _ _ _ _

self = APIRoute(path='/log-meal', name='log_meal', methods=['POST'])
path = '/log-meal', endpoint = <function log_meal at 0x00000246C4B474C0>

    def __init__(
        self,
        path: str,
        endpoint: Callable[..., Any],
        *,
        response_model: Any = Default(None),
        status_code: int | None = None,
        tags: list[str | Enum] | None = None,
        dependencies: Sequence[params.Depends] | None = None,
        summary: str | None = None,
        description: str | None = None,
        response_description: str = "Successful Response",
        responses: dict[int | str, dict[str, Any]] | None = None,
        deprecated: bool | None = None,
        name: str | None = None,
        methods: set[str] | list[str] | None = None,
        operation_id: str | None = None,
        response_model_include: IncEx | None = None,
        response_model_exclude: IncEx | None = None,
        response_model_by_alias: bool = True,
        response_model_exclude_unset: bool = False,
        response_model_exclude_defaults: bool = False,
        response_model_exclude_none: bool = False,
        include_in_schema: bool = True,
        response_class: type[Response] | DefaultPlaceholder = Default(JSONResponse),
        dependency_overrides_provider: Any | None = None,
        callbacks: list[BaseRoute] | None = None,
        openapi_extra: dict[str, Any] | None = None,
        generate_unique_id_function: Callable[["APIRoute"], str]
        | DefaultPlaceholder = Default(generate_unique_id),
    ) -> None:
        self.path = path
        self.endpoint = endpoint
        if isinstance(response_model, DefaultPlaceholder):
            return_annotation = get_typed_return_annotation(endpoint)
            if lenient_issubclass(return_annotation, Response):
                response_model = None
            else:
                response_model = return_annotation
        self.response_model = response_model
        self.summary = summary
        self.response_description = response_description
        self.deprecated = deprecated
        self.operation_id = operation_id
        self.response_model_include = response_model_include
        self.response_model_exclude = response_model_exclude
        self.response_model_by_alias = response_model_by_alias
        self.response_model_exclude_unset = response_model_exclude_unset
        self.response_model_exclude_defaults = response_model_exclude_defaults
        self.response_model_exclude_none = response_model_exclude_none
        self.include_in_schema = include_in_schema
        self.response_class = response_class
        self.dependency_overrides_provider = dependency_overrides_provider
        self.callbacks = callbacks
        self.openapi_extra = openapi_extra
        self.generate_unique_id_function = generate_unique_id_function
        self.tags = tags or []
        self.responses = responses or {}
        self.name = get_name(endpoint) if name is None else name
        self.path_regex, self.path_format, self.param_convertors = compile_path(path)
        if methods is None:
            methods = ["GET"]
        self.methods: set[str] = {method.upper() for method in methods}
        if isinstance(generate_unique_id_function, DefaultPlaceholder):
            current_generate_unique_id: Callable[[APIRoute], str] = (
                generate_unique_id_function.value
            )
        else:
            current_generate_unique_id = generate_unique_id_function
        self.unique_id = self.operation_id or current_generate_unique_id(self)
        # normalize enums e.g. http.HTTPStatus
        if isinstance(status_code, IntEnum):
            status_code = int(status_code)
        self.status_code = status_code
        if self.response_model:
            assert is_body_allowed_for_status_code(status_code), (
                f"Status code {status_code} must not have a response body"
            )
            response_name = "Response_" + self.unique_id
            self.response_field = create_model_field(
                name=response_name,
                type_=self.response_model,
                mode="serialization",
            )
        else:
            self.response_field = None  # type: ignore
        self.dependencies = list(dependencies or [])
        self.description = description or inspect.cleandoc(self.endpoint.__doc__ or "")
        # if a "form feed" character (page break) is found in the description text,
        # truncate description text to the content preceding the first "form feed"
        self.description = self.description.split("\f")[0].strip()
        response_fields = {}
        for additional_status_code, response in self.responses.items():
            assert isinstance(response, dict), "An additional response must be a dict"
            model = response.get("model")
            if model:
                assert is_body_allowed_for_status_code(additional_status_code), (
                    f"Status code {additional_status_code} must not have a response body"
                )
                response_name = f"Response_{additional_status_code}_{self.unique_id}"
                response_field = create_model_field(
                    name=response_name, type_=model, mode="serialization"
                )
                response_fields[additional_status_code] = response_field
        if response_fields:
            self.response_fields: dict[int | str, ModelField] = response_fields
        else:
            self.response_fields = {}
    
        assert callable(endpoint), "An endpoint must be a callable"
>       self.dependant = get_dependant(
            path=self.path_format, call=self.endpoint, scope="function"
        )

C:\Users\lenovo\AppData\Roaming\Python\Python313\site-packages\fastapi\routing.py:665: 
_ _ _ _ _ _ _ _ _ _ _ _ _ _ _ _ _ _ _ _ _ _ _ _ _ _ _ _ _ _ _ _ _ _ _ _ _ _ _ _

    def get_dependant(
        *,
        path: str,
        call: Callable[..., Any],
        name: str | None = None,
        own_oauth_scopes: list[str] | None = None,
        parent_oauth_scopes: list[str] | None = None,
        use_cache: bool = True,
        scope: Literal["function", "request"] | None = None,
    ) -> Dependant:
        dependant = Dependant(
            call=call,
            name=name,
            path=path,
            use_cache=use_cache,
            scope=scope,
            own_oauth_scopes=own_oauth_scopes,
            parent_oauth_scopes=parent_oauth_scopes,
        )
        current_scopes = (parent_oauth_scopes or []) + (own_oauth_scopes or [])
        path_param_names = get_path_param_names(path)
        endpoint_signature = get_typed_signature(call)
        signature_params = endpoint_signature.parameters
        for param_name, param in signature_params.items():
            is_path_param = param_name in path_param_names
>           param_details = analyze_param(
                param_name=param_name,
                annotation=param.annotation,
                value=param.default,
                is_path_param=is_path_param,
            )

C:\Users\lenovo\AppData\Roaming\Python\Python313\site-packages\fastapi\dependencies\utils.py:279: 
_ _ _ _ _ _ _ _ _ _ _ _ _ _ _ _ _ _ _ _ _ _ _ _ _ _ _ _ _ _ _ _ _ _ _ _ _ _ _ _

    def analyze_param(
        *,
        param_name: str,
        annotation: Any,
        value: Any,
        is_path_param: bool,
    ) -> ParamDetails:
        field_info = None
        depends = None
        type_annotation: Any = Any
        use_annotation: Any = Any
        if is_typealiastype(annotation):
            # unpack in case PEP 695 type syntax is used
            annotation = annotation.__value__
        if annotation is not inspect.Signature.empty:
            use_annotation = annotation
            type_annotation = annotation
        # Extract Annotated info
        if get_origin(use_annotation) is Annotated:
            annotated_args = get_args(annotation)
            type_annotation = annotated_args[0]
            fastapi_annotations = [
                arg
                for arg in annotated_args[1:]
                if isinstance(arg, (FieldInfo, params.Depends))
            ]
            fastapi_specific_annotations = [
                arg
                for arg in fastapi_annotations
                if isinstance(
                    arg,
                    (
                        params.Param,
                        params.Body,
                        params.Depends,
                    ),
                )
            ]
            if fastapi_specific_annotations:
                fastapi_annotation: FieldInfo | params.Depends | None = (
                    fastapi_specific_annotations[-1]
                )
            else:
                fastapi_annotation = None
            # Set default for Annotated FieldInfo
            if isinstance(fastapi_annotation, FieldInfo):
                # Copy `field_info` because we mutate `field_info.default` below.
                field_info = copy_field_info(
                    field_info=fastapi_annotation,
                    annotation=use_annotation,
                )
                assert (
                    field_info.default == Undefined or field_info.default == RequiredParam
                ), (
                    f"`{field_info.__class__.__name__}` default value cannot be set in"
                    f" `Annotated` for {param_name!r}. Set the default value with `=` instead."
                )
                if value is not inspect.Signature.empty:
                    assert not is_path_param, "Path parameters cannot have default values"
                    field_info.default = value
                else:
                    field_info.default = RequiredParam
            # Get Annotated Depends
            elif isinstance(fastapi_annotation, params.Depends):
                depends = fastapi_annotation
        # Get Depends from default value
        if isinstance(value, params.Depends):
            assert depends is None, (
                "Cannot specify `Depends` in `Annotated` and default value"
                f" together for {param_name!r}"
            )
            assert field_info is None, (
                "Cannot specify a FastAPI annotation in `Annotated` and `Depends` as a"
                f" default value together for {param_name!r}"
            )
            depends = value
        # Get FieldInfo from default value
        elif isinstance(value, FieldInfo):
            assert field_info is None, (
                "Cannot specify FastAPI annotations in `Annotated` and default value"
                f" together for {param_name!r}"
            )
            field_info = value
            if isinstance(field_info, FieldInfo):
                field_info.annotation = type_annotation
    
        # Get Depends from type annotation
        if depends is not None and depends.dependency is None:
            # Copy `depends` before mutating it
            depends = copy(depends)
            depends = dataclasses.replace(depends, dependency=type_annotation)
    
        # Handle non-param type annotations like Request
        # Only apply special handling when there's no explicit Depends - if there's a Depends,
        # the dependency will be called and its return value used instead of the special injection
        if depends is None and lenient_issubclass(
            type_annotation,
            (
                Request,
                WebSocket,
                HTTPConnection,
                Response,
                StarletteBackgroundTasks,
                SecurityScopes,
            ),
        ):
            assert field_info is None, (
                f"Cannot specify FastAPI annotation for type {type_annotation!r}"
            )
        # Handle default assignations, neither field_info nor depends was not found in Annotated nor default value
        elif field_info is None and depends is None:
            default_value = value if value is not inspect.Signature.empty else RequiredParam
            if is_path_param:
                # We might check here that `default_value is RequiredParam`, but the fact is that the same
                # parameter might sometimes be a path parameter and sometimes not. See
                # `tests/test_infer_param_optionality.py` for an example.
                field_info = params.Path(annotation=use_annotation)
            elif is_uploadfile_or_nonable_uploadfile_annotation(
                type_annotation
            ) or is_uploadfile_sequence_annotation(type_annotation):
                field_info = params.File(annotation=use_annotation, default=default_value)
            elif not field_annotation_is_scalar(annotation=type_annotation):
                field_info = params.Body(annotation=use_annotation, default=default_value)
            else:
                field_info = params.Query(annotation=use_annotation, default=default_value)
    
        field = None
        # It's a field_info, not a dependency
        if field_info is not None:
            # Handle field_info.in_
            if is_path_param:
                assert isinstance(field_info, params.Path), (
                    f"Cannot use `{field_info.__class__.__name__}` for path param"
                    f" {param_name!r}"
                )
            elif (
                isinstance(field_info, params.Param)
                and getattr(field_info, "in_", None) is None
            ):
                field_info.in_ = params.ParamTypes.query
            use_annotation_from_field_info = use_annotation
            if isinstance(field_info, params.Form):
>               ensure_multipart_is_installed()

C:\Users\lenovo\AppData\Roaming\Python\Python313\site-packages\fastapi\dependencies\utils.py:502: 
_ _ _ _ _ _ _ _ _ _ _ _ _ _ _ _ _ _ _ _ _ _ _ _ _ _ _ _ _ _ _ _ _ _ _ _ _ _ _ _

    def ensure_multipart_is_installed() -> None:
        try:
            from python_multipart import __version__
    
            # Import an attribute that can be mocked/deleted in testing
            assert __version__ > "0.0.12"
        except (ImportError, AssertionError):
            try:
                # __version__ is available in both multiparts, and can be mocked
                from multipart import __version__  # type: ignore[no-redef,import-untyped]
    
                assert __version__
                try:
                    # parse_options_header is only available in the right multipart
                    from multipart.multipart import (  # type: ignore[import-untyped]
                        parse_options_header,
                    )
    
                    assert parse_options_header
                except ImportError:
                    logger.error(multipart_incorrect_install_error)
                    raise RuntimeError(multipart_incorrect_install_error) from None
            except ImportError:
                logger.error(multipart_not_installed_error)
>               raise RuntimeError(multipart_not_installed_error) from None
E               RuntimeError: Form data requires "python-multipart" to be installed. 
E               You can install "python-multipart" with: 
E               
E               pip install python-multipart

C:\Users\lenovo\AppData\Roaming\Python\Python313\site-packages\fastapi\dependencies\utils.py:108: RuntimeError
----------------------------- Captured log setup ------------------------------
ERROR    fastapi:utils.py:107 Form data requires "python-multipart" to be installed. 
You can install "python-multipart" with: 

pip install python-multipart
_ ERROR at setup of TestLeaderboard.test_leaderboard_entries_have_required_fields _

    @pytest.fixture
    def client():
        """TestClient with mocked Supabase and mocked LangGraph pipeline."""
        mock_sb = _make_mock_supabase()
    
        # Mock nutrition_graph.invoke for /log-meal
        mock_graph_result = {
            "nutrition": {"calories": 350.0, "protein": 18.0, "carbs": 58.0, "fat": 8.0},
            "recommendation": "Try dal and roti for dinner!",
        }
        mock_graph = MagicMock()
        mock_graph.invoke.return_value = mock_graph_result
    
>       with patch("main.get_supabase_client", return_value=mock_sb):
             ^^^^^^^^^^^^^^^^^^^^^^^^^^^^^^^^^^^^^^^^^^^^^^^^^^^^^^^

tests\test_routes.py:95: 
_ _ _ _ _ _ _ _ _ _ _ _ _ _ _ _ _ _ _ _ _ _ _ _ _ _ _ _ _ _ _ _ _ _ _ _ _ _ _ _

self = <unittest.mock._patch object at 0x00000246C3707BD0>

    def __enter__(self):
        """Perform the patch."""
        if self.is_started:
            raise RuntimeError("Patch is already started")
    
        new, spec, spec_set = self.new, self.spec, self.spec_set
        autospec, kwargs = self.autospec, self.kwargs
        new_callable = self.new_callable
>       self.target = self.getter()
                      ^^^^^^^^^^^^^

C:\Python313\Lib\unittest\mock.py:1479: 
_ _ _ _ _ _ _ _ _ _ _ _ _ _ _ _ _ _ _ _ _ _ _ _ _ _ _ _ _ _ _ _ _ _ _ _ _ _ _ _

name = 'main'

    def resolve_name(name):
        """
        Resolve a name to an object.
    
        It is expected that `name` will be a string in one of the following
        formats, where W is shorthand for a valid Python identifier and dot stands
        for a literal period in these pseudo-regexes:
    
        W(.W)*
        W(.W)*:(W(.W)*)?
    
        The first form is intended for backward compatibility only. It assumes that
        some part of the dotted name is a package, and the rest is an object
        somewhere within that package, possibly nested inside other objects.
        Because the place where the package stops and the object hierarchy starts
        can't be inferred by inspection, repeated attempts to import must be done
        with this form.
    
        In the second form, the caller makes the division point clear through the
        provision of a single colon: the dotted name to the left of the colon is a
        package to be imported, and the dotted name to the right is the object
        hierarchy within that package. Only one import is needed in this form. If
        it ends with the colon, then a module object is returned.
    
        The function will return an object (which might be a module), or raise one
        of the following exceptions:
    
        ValueError - if `name` isn't in a recognised format
        ImportError - if an import failed when it shouldn't have
        AttributeError - if a failure occurred when traversing the object hierarchy
                         within the imported package to get to the desired object.
        """
        global _NAME_PATTERN
        if _NAME_PATTERN is None:
            # Lazy import to speedup Python startup time
            import re
            dotted_words = r'(?!\d)(\w+)(\.(?!\d)(\w+))*'
            _NAME_PATTERN = re.compile(f'^(?P<pkg>{dotted_words})'
                                       f'(?P<cln>:(?P<obj>{dotted_words})?)?$',
                                       re.UNICODE)
    
        m = _NAME_PATTERN.match(name)
        if not m:
            raise ValueError(f'invalid format: {name!r}')
        gd = m.groupdict()
        if gd.get('cln'):
            # there is a colon - a one-step import is all that's needed
            mod = importlib.import_module(gd['pkg'])
            parts = gd.get('obj')
            parts = parts.split('.') if parts else []
        else:
            # no colon - have to iterate to find the package boundary
            parts = name.split('.')
            modname = parts.pop(0)
            # first part *must* be a module/package.
>           mod = importlib.import_module(modname)
                  ^^^^^^^^^^^^^^^^^^^^^^^^^^^^^^^^

C:\Python313\Lib\pkgutil.py:513: 
_ _ _ _ _ _ _ _ _ _ _ _ _ _ _ _ _ _ _ _ _ _ _ _ _ _ _ _ _ _ _ _ _ _ _ _ _ _ _ _

name = 'main', package = None

    def import_module(name, package=None):
        """Import a module.
    
        The 'package' argument is required when performing a relative import. It
        specifies the package to use as the anchor point from which to resolve the
        relative import to an absolute import.
    
        """
        level = 0
        if name.startswith('.'):
            if not package:
                raise TypeError("the 'package' argument is required to perform a "
                                f"relative import for {name!r}")
            for character in name:
                if character != '.':
                    break
                level += 1
>       return _bootstrap._gcd_import(name[level:], package, level)
               ^^^^^^^^^^^^^^^^^^^^^^^^^^^^^^^^^^^^^^^^^^^^^^^^^^^^

C:\Python313\Lib\importlib\__init__.py:88: 
_ _ _ _ _ _ _ _ _ _ _ _ _ _ _ _ _ _ _ _ _ _ _ _ _ _ _ _ _ _ _ _ _ _ _ _ _ _ _ _

name = 'main', package = None, level = 0

>   ???

<frozen importlib._bootstrap>:1387: 
_ _ _ _ _ _ _ _ _ _ _ _ _ _ _ _ _ _ _ _ _ _ _ _ _ _ _ _ _ _ _ _ _ _ _ _ _ _ _ _

name = 'main', import_ = <function _gcd_import at 0x00000246FDE604A0>

>   ???

<frozen importlib._bootstrap>:1360: 
_ _ _ _ _ _ _ _ _ _ _ _ _ _ _ _ _ _ _ _ _ _ _ _ _ _ _ _ _ _ _ _ _ _ _ _ _ _ _ _

name = 'main', import_ = <function _gcd_import at 0x00000246FDE604A0>

>   ???

<frozen importlib._bootstrap>:1331: 
_ _ _ _ _ _ _ _ _ _ _ _ _ _ _ _ _ _ _ _ _ _ _ _ _ _ _ _ _ _ _ _ _ _ _ _ _ _ _ _

spec = ModuleSpec(name='main', loader=<_frozen_importlib_external.SourceFileLoader object at 0x00000246C4CC0E90>, origin='E:\\My Projects\\Nutrition app\\nutrition-tracker\\backend\\main.py')

>   ???

<frozen importlib._bootstrap>:935: 
_ _ _ _ _ _ _ _ _ _ _ _ _ _ _ _ _ _ _ _ _ _ _ _ _ _ _ _ _ _ _ _ _ _ _ _ _ _ _ _

self = <_frozen_importlib_external.SourceFileLoader object at 0x00000246C4CC0E90>
module = <module 'main' from 'E:\\My Projects\\Nutrition app\\nutrition-tracker\\backend\\main.py'>

>   ???

<frozen importlib._bootstrap_external>:1026: 
_ _ _ _ _ _ _ _ _ _ _ _ _ _ _ _ _ _ _ _ _ _ _ _ _ _ _ _ _ _ _ _ _ _ _ _ _ _ _ _

f = <built-in function exec>
args = (<code object <module> at 0x00000246BF53C700, file "E:\My Projects\Nutrition app\nutrition-tracker\backend\main.py", l...RSMiddleware'>, 'FastAPI': <class 'fastapi.applications.FastAPI'>, 'File': <function File at 0x00000246837B4AE0>, ...})
kwds = {}

>   ???

<frozen importlib._bootstrap>:488: 
_ _ _ _ _ _ _ _ _ _ _ _ _ _ _ _ _ _ _ _ _ _ _ _ _ _ _ _ _ _ _ _ _ _ _ _ _ _ _ _

    """
    Main entry point for the Nutrition Tracker API (FastAPI).
    
    Routes defined here:
      POST /log-meal          û Accepts text/image input, runs nutrition_graph, returns nutrition+recommendation
      POST /log-exercise      û Logs an exercise session and returns kcal burned via MET-based formula
      GET  /daily-summary     û Returns today's daily_logs row joined with daily_goals for a user
      GET  /leaderboard       û Returns all six users ranked by today's calorie intake (desc)
      POST /calculate-goals   û Computes macro/calorie goals via MifflinûSt Jeor and upserts to daily_goals
      GET  /suggestions       û Returns the latest recommendation stored in daily_logs for a user
    
    Supabase project reference: hyejucwqghkujckoshbr
    """
    
    import os
    import io
    import math
    import tempfile
    from datetime import date
    from typing import Optional
    
    from fastapi import FastAPI, HTTPException, UploadFile, File, Form, Query
    from fastapi.middleware.cors import CORSMiddleware
    from pydantic import BaseModel
    from dotenv import load_dotenv
    
    # \u2500\u2500 Load environment variables \u2500\u2500\u2500\u2500\u2500\u2500\u2500\u2500\u2500\u2500\u2500\u2500\u2500\u2500\u2500\u2500\u2500\u2500\u2500\u2500\u2500\u2500\u2500\u2500\u2500\u2500\u2500\u2500\u2500\u2500\u2500\u2500\u2500\u2500\u2500\u2500\u2500\u2500\u2500\u2500\u2500\u2500\u2500\u2500\u2500\u2500\u2500\u2500\u2500
    _dotenv_path = os.path.join(os.path.dirname(__file__), ".env")
    load_dotenv(dotenv_path=_dotenv_path)
    
    # \u2500\u2500 Supabase client \u2500\u2500\u2500\u2500\u2500\u2500\u2500\u2500\u2500\u2500\u2500\u2500\u2500\u2500\u2500\u2500\u2500\u2500\u2500\u2500\u2500\u2500\u2500\u2500\u2500\u2500\u2500\u2500\u2500\u2500\u2500\u2500\u2500\u2500\u2500\u2500\u2500\u2500\u2500\u2500\u2500\u2500\u2500\u2500\u2500\u2500\u2500\u2500\u2500\u2500\u2500\u2500\u2500\u2500\u2500\u2500\u2500\u2500\u2500\u2500
    from database.supabase_client import get_supabase_client
    
    # \u2500\u2500 LangGraph nutrition pipeline \u2500\u2500\u2500\u2500\u2500\u2500\u2500\u2500\u2500\u2500\u2500\u2500\u2500\u2500\u2500\u2500\u2500\u2500\u2500\u2500\u2500\u2500\u2500\u2500\u2500\u2500\u2500\u2500\u2500\u2500\u2500\u2500\u2500\u2500\u2500\u2500\u2500\u2500\u2500\u2500\u2500\u2500\u2500\u2500\u2500\u2500\u2500
    from agents.graph import nutrition_graph
    from agents.state import default_nutrition_state
    
    # \u2500\u2500 FastAPI app \u2500\u2500\u2500\u2500\u2500\u2500\u2500\u2500\u2500\u2500\u2500\u2500\u2500\u2500\u2500\u2500\u2500\u2500\u2500\u2500\u2500\u2500\u2500\u2500\u2500\u2500\u2500\u2500\u2500\u2500\u2500\u2500\u2500\u2500\u2500\u2500\u2500\u2500\u2500\u2500\u2500\u2500\u2500\u2500\u2500\u2500\u2500\u2500\u2500\u2500\u2500\u2500\u2500\u2500\u2500\u2500\u2500\u2500\u2500\u2500\u2500\u2500\u2500\u2500
    app = FastAPI(
        title="Nutrition Tracker API",
        description=(
            "Backend API for the AI-powered Nutrition Tracker. "
            "Handles meal logging via LangGraph, exercise tracking, "
            "daily summaries, leaderboards, goal calculation, and suggestion retrieval. "
            "Supabase project: hyejucwqghkujckoshbr"
        ),
        version="1.0.0",
    )
    
    # \u2500\u2500 CORS (local prototype \u2014 allow everything) \u2500\u2500\u2500\u2500\u2500\u2500\u2500\u2500\u2500\u2500\u2500\u2500\u2500\u2500\u2500\u2500\u2500\u2500\u2500\u2500\u2500\u2500\u2500\u2500\u2500\u2500\u2500\u2500\u2500\u2500\u2500\u2500\u2500\u2500
    app.add_middleware(
        CORSMiddleware,
        allow_origins=["*"],
        allow_credentials=True,
        allow_methods=["*"],
        allow_headers=["*"],
    )
    
    # \u2500\u2500 Global: preloaded Keras food-classifier model \u2500\u2500\u2500\u2500\u2500\u2500\u2500\u2500\u2500\u2500\u2500\u2500\u2500\u2500\u2500\u2500\u2500\u2500\u2500\u2500\u2500\u2500\u2500\u2500\u2500\u2500\u2500\u2500\u2500\u2500
    _food_classifier = None   # set during startup; None when model file is absent
    
    
    @app.on_event("startup")
    async def startup_event():
        """
        Runs once when the server boots.
        1. Ensures .env is loaded (redundant but defensive).
        2. Preloads the Keras food-classifier so the first request doesn't pay the
           cold-start penalty.  If the model file is missing, a warning is printed
           and the server continues ù routes that don't use the classifier still work.
        """
        global _food_classifier
    
        load_dotenv(dotenv_path=_dotenv_path)
    
        model_path = os.path.join(os.path.dirname(__file__), "models", "food_classifier.keras")
        if os.path.exists(model_path):
            try:
                import tensorflow as tf  # imported lazily so the app starts without TF if unneeded
                _food_classifier = tf.keras.models.load_model(model_path)
                print(f"[startup] Food classifier loaded from '{model_path}'.")
            except Exception as exc:
                print(f"[startup] WARNING û could not load food classifier: {exc}")
        else:
            print(
                f"[startup] WARNING û model file not found at '{model_path}'. "
                "Image-based food classification will be unavailable."
            )
    
    
    # \u2550\u2550\u2550\u2550\u2550\u2550\u2550\u2550\u2550\u2550\u2550\u2550\u2550\u2550\u2550\u2550\u2550\u2550\u2550\u2550\u2550\u2550\u2550\u2550\u2550\u2550\u2550\u2550\u2550\u2550\u2550\u2550\u2550\u2550\u2550\u2550\u2550\u2550\u2550\u2550\u2550\u2550\u2550\u2550\u2550\u2550\u2550\u2550\u2550\u2550\u2550\u2550\u2550\u2550\u2550\u2550\u2550\u2550\u2550\u2550\u2550\u2550\u2550\u2550\u2550\u2550\u2550\u2550\u2550\u2550\u2550\u2550\u2550\u2550\u2550\u2550\u2550\u2550
    # Route 1 û POST /log-meal
    # \u2550\u2550\u2550\u2550\u2550\u2550\u2550\u2550\u2550\u2550\u2550\u2550\u2550\u2550\u2550\u2550\u2550\u2550\u2550\u2550\u2550\u2550\u2550\u2550\u2550\u2550\u2550\u2550\u2550\u2550\u2550\u2550\u2550\u2550\u2550\u2550\u2550\u2550\u2550\u2550\u2550\u2550\u2550\u2550\u2550\u2550\u2550\u2550\u2550\u2550\u2550\u2550\u2550\u2550\u2550\u2550\u2550\u2550\u2550\u2550\u2550\u2550\u2550\u2550\u2550\u2550\u2550\u2550\u2550\u2550\u2550\u2550\u2550\u2550\u2550\u2550\u2550\u2550
    
>   @app.post("/log-meal", summary="Log a meal via text and/or image")
     ^^^^^^^^^^^^^^^^^^^^^^^^^^^^^^^^^^^^^^^^^^^^^^^^^^^^^^^^^^^^^^^^^

main.py:95: 
_ _ _ _ _ _ _ _ _ _ _ _ _ _ _ _ _ _ _ _ _ _ _ _ _ _ _ _ _ _ _ _ _ _ _ _ _ _ _ _

func = <function log_meal at 0x00000246C4B467A0>

    def decorator(func: DecoratedCallable) -> DecoratedCallable:
>       self.add_api_route(
            path,
            func,
            response_model=response_model,
            status_code=status_code,
            tags=tags,
            dependencies=dependencies,
            summary=summary,
            description=description,
            response_description=response_description,
            responses=responses,
            deprecated=deprecated,
            methods=methods,
            operation_id=operation_id,
            response_model_include=response_model_include,
            response_model_exclude=response_model_exclude,
            response_model_by_alias=response_model_by_alias,
            response_model_exclude_unset=response_model_exclude_unset,
            response_model_exclude_defaults=response_model_exclude_defaults,
            response_model_exclude_none=response_model_exclude_none,
            include_in_schema=include_in_schema,
            response_class=response_class,
            name=name,
            callbacks=callbacks,
            openapi_extra=openapi_extra,
            generate_unique_id_function=generate_unique_id_function,
        )

C:\Users\lenovo\AppData\Roaming\Python\Python313\site-packages\fastapi\routing.py:1125: 
_ _ _ _ _ _ _ _ _ _ _ _ _ _ _ _ _ _ _ _ _ _ _ _ _ _ _ _ _ _ _ _ _ _ _ _ _ _ _ _

self = <fastapi.routing.APIRouter object at 0x00000246C4B326C0>
path = '/log-meal', endpoint = <function log_meal at 0x00000246C4B467A0>

    def add_api_route(
        self,
        path: str,
        endpoint: Callable[..., Any],
        *,
        response_model: Any = Default(None),
        status_code: int | None = None,
        tags: list[str | Enum] | None = None,
        dependencies: Sequence[params.Depends] | None = None,
        summary: str | None = None,
        description: str | None = None,
        response_description: str = "Successful Response",
        responses: dict[int | str, dict[str, Any]] | None = None,
        deprecated: bool | None = None,
        methods: set[str] | list[str] | None = None,
        operation_id: str | None = None,
        response_model_include: IncEx | None = None,
        response_model_exclude: IncEx | None = None,
        response_model_by_alias: bool = True,
        response_model_exclude_unset: bool = False,
        response_model_exclude_defaults: bool = False,
        response_model_exclude_none: bool = False,
        include_in_schema: bool = True,
        response_class: type[Response] | DefaultPlaceholder = Default(JSONResponse),
        name: str | None = None,
        route_class_override: type[APIRoute] | None = None,
        callbacks: list[BaseRoute] | None = None,
        openapi_extra: dict[str, Any] | None = None,
        generate_unique_id_function: Callable[[APIRoute], str]
        | DefaultPlaceholder = Default(generate_unique_id),
    ) -> None:
        route_class = route_class_override or self.route_class
        responses = responses or {}
        combined_responses = {**self.responses, **responses}
        current_response_class = get_value_or_default(
            response_class, self.default_response_class
        )
        current_tags = self.tags.copy()
        if tags:
            current_tags.extend(tags)
        current_dependencies = self.dependencies.copy()
        if dependencies:
            current_dependencies.extend(dependencies)
        current_callbacks = self.callbacks.copy()
        if callbacks:
            current_callbacks.extend(callbacks)
        current_generate_unique_id = get_value_or_default(
            generate_unique_id_function, self.generate_unique_id_function
        )
>       route = route_class(
            self.prefix + path,
            endpoint=endpoint,
            response_model=response_model,
            status_code=status_code,
            tags=current_tags,
            dependencies=current_dependencies,
            summary=summary,
            description=description,
            response_description=response_description,
            responses=combined_responses,
            deprecated=deprecated or self.deprecated,
            methods=methods,
            operation_id=operation_id,
            response_model_include=response_model_include,
            response_model_exclude=response_model_exclude,
            response_model_by_alias=response_model_by_alias,
            response_model_exclude_unset=response_model_exclude_unset,
            response_model_exclude_defaults=response_model_exclude_defaults,
            response_model_exclude_none=response_model_exclude_none,
            include_in_schema=include_in_schema and self.include_in_schema,
            response_class=current_response_class,
            name=name,
            dependency_overrides_provider=self.dependency_overrides_provider,
            callbacks=current_callbacks,
            openapi_extra=openapi_extra,
            generate_unique_id_function=current_generate_unique_id,
        )

C:\Users\lenovo\AppData\Roaming\Python\Python313\site-packages\fastapi\routing.py:1064: 
_ _ _ _ _ _ _ _ _ _ _ _ _ _ _ _ _ _ _ _ _ _ _ _ _ _ _ _ _ _ _ _ _ _ _ _ _ _ _ _

self = APIRoute(path='/log-meal', name='log_meal', methods=['POST'])
path = '/log-meal', endpoint = <function log_meal at 0x00000246C4B467A0>

    def __init__(
        self,
        path: str,
        endpoint: Callable[..., Any],
        *,
        response_model: Any = Default(None),
        status_code: int | None = None,
        tags: list[str | Enum] | None = None,
        dependencies: Sequence[params.Depends] | None = None,
        summary: str | None = None,
        description: str | None = None,
        response_description: str = "Successful Response",
        responses: dict[int | str, dict[str, Any]] | None = None,
        deprecated: bool | None = None,
        name: str | None = None,
        methods: set[str] | list[str] | None = None,
        operation_id: str | None = None,
        response_model_include: IncEx | None = None,
        response_model_exclude: IncEx | None = None,
        response_model_by_alias: bool = True,
        response_model_exclude_unset: bool = False,
        response_model_exclude_defaults: bool = False,
        response_model_exclude_none: bool = False,
        include_in_schema: bool = True,
        response_class: type[Response] | DefaultPlaceholder = Default(JSONResponse),
        dependency_overrides_provider: Any | None = None,
        callbacks: list[BaseRoute] | None = None,
        openapi_extra: dict[str, Any] | None = None,
        generate_unique_id_function: Callable[["APIRoute"], str]
        | DefaultPlaceholder = Default(generate_unique_id),
    ) -> None:
        self.path = path
        self.endpoint = endpoint
        if isinstance(response_model, DefaultPlaceholder):
            return_annotation = get_typed_return_annotation(endpoint)
            if lenient_issubclass(return_annotation, Response):
                response_model = None
            else:
                response_model = return_annotation
        self.response_model = response_model
        self.summary = summary
        self.response_description = response_description
        self.deprecated = deprecated
        self.operation_id = operation_id
        self.response_model_include = response_model_include
        self.response_model_exclude = response_model_exclude
        self.response_model_by_alias = response_model_by_alias
        self.response_model_exclude_unset = response_model_exclude_unset
        self.response_model_exclude_defaults = response_model_exclude_defaults
        self.response_model_exclude_none = response_model_exclude_none
        self.include_in_schema = include_in_schema
        self.response_class = response_class
        self.dependency_overrides_provider = dependency_overrides_provider
        self.callbacks = callbacks
        self.openapi_extra = openapi_extra
        self.generate_unique_id_function = generate_unique_id_function
        self.tags = tags or []
        self.responses = responses or {}
        self.name = get_name(endpoint) if name is None else name
        self.path_regex, self.path_format, self.param_convertors = compile_path(path)
        if methods is None:
            methods = ["GET"]
        self.methods: set[str] = {method.upper() for method in methods}
        if isinstance(generate_unique_id_function, DefaultPlaceholder):
            current_generate_unique_id: Callable[[APIRoute], str] = (
                generate_unique_id_function.value
            )
        else:
            current_generate_unique_id = generate_unique_id_function
        self.unique_id = self.operation_id or current_generate_unique_id(self)
        # normalize enums e.g. http.HTTPStatus
        if isinstance(status_code, IntEnum):
            status_code = int(status_code)
        self.status_code = status_code
        if self.response_model:
            assert is_body_allowed_for_status_code(status_code), (
                f"Status code {status_code} must not have a response body"
            )
            response_name = "Response_" + self.unique_id
            self.response_field = create_model_field(
                name=response_name,
                type_=self.response_model,
                mode="serialization",
            )
        else:
            self.response_field = None  # type: ignore
        self.dependencies = list(dependencies or [])
        self.description = description or inspect.cleandoc(self.endpoint.__doc__ or "")
        # if a "form feed" character (page break) is found in the description text,
        # truncate description text to the content preceding the first "form feed"
        self.description = self.description.split("\f")[0].strip()
        response_fields = {}
        for additional_status_code, response in self.responses.items():
            assert isinstance(response, dict), "An additional response must be a dict"
            model = response.get("model")
            if model:
                assert is_body_allowed_for_status_code(additional_status_code), (
                    f"Status code {additional_status_code} must not have a response body"
                )
                response_name = f"Response_{additional_status_code}_{self.unique_id}"
                response_field = create_model_field(
                    name=response_name, type_=model, mode="serialization"
                )
                response_fields[additional_status_code] = response_field
        if response_fields:
            self.response_fields: dict[int | str, ModelField] = response_fields
        else:
            self.response_fields = {}
    
        assert callable(endpoint), "An endpoint must be a callable"
>       self.dependant = get_dependant(
            path=self.path_format, call=self.endpoint, scope="function"
        )

C:\Users\lenovo\AppData\Roaming\Python\Python313\site-packages\fastapi\routing.py:665: 
_ _ _ _ _ _ _ _ _ _ _ _ _ _ _ _ _ _ _ _ _ _ _ _ _ _ _ _ _ _ _ _ _ _ _ _ _ _ _ _

    def get_dependant(
        *,
        path: str,
        call: Callable[..., Any],
        name: str | None = None,
        own_oauth_scopes: list[str] | None = None,
        parent_oauth_scopes: list[str] | None = None,
        use_cache: bool = True,
        scope: Literal["function", "request"] | None = None,
    ) -> Dependant:
        dependant = Dependant(
            call=call,
            name=name,
            path=path,
            use_cache=use_cache,
            scope=scope,
            own_oauth_scopes=own_oauth_scopes,
            parent_oauth_scopes=parent_oauth_scopes,
        )
        current_scopes = (parent_oauth_scopes or []) + (own_oauth_scopes or [])
        path_param_names = get_path_param_names(path)
        endpoint_signature = get_typed_signature(call)
        signature_params = endpoint_signature.parameters
        for param_name, param in signature_params.items():
            is_path_param = param_name in path_param_names
>           param_details = analyze_param(
                param_name=param_name,
                annotation=param.annotation,
                value=param.default,
                is_path_param=is_path_param,
            )

C:\Users\lenovo\AppData\Roaming\Python\Python313\site-packages\fastapi\dependencies\utils.py:279: 
_ _ _ _ _ _ _ _ _ _ _ _ _ _ _ _ _ _ _ _ _ _ _ _ _ _ _ _ _ _ _ _ _ _ _ _ _ _ _ _

    def analyze_param(
        *,
        param_name: str,
        annotation: Any,
        value: Any,
        is_path_param: bool,
    ) -> ParamDetails:
        field_info = None
        depends = None
        type_annotation: Any = Any
        use_annotation: Any = Any
        if is_typealiastype(annotation):
            # unpack in case PEP 695 type syntax is used
            annotation = annotation.__value__
        if annotation is not inspect.Signature.empty:
            use_annotation = annotation
            type_annotation = annotation
        # Extract Annotated info
        if get_origin(use_annotation) is Annotated:
            annotated_args = get_args(annotation)
            type_annotation = annotated_args[0]
            fastapi_annotations = [
                arg
                for arg in annotated_args[1:]
                if isinstance(arg, (FieldInfo, params.Depends))
            ]
            fastapi_specific_annotations = [
                arg
                for arg in fastapi_annotations
                if isinstance(
                    arg,
                    (
                        params.Param,
                        params.Body,
                        params.Depends,
                    ),
                )
            ]
            if fastapi_specific_annotations:
                fastapi_annotation: FieldInfo | params.Depends | None = (
                    fastapi_specific_annotations[-1]
                )
            else:
                fastapi_annotation = None
            # Set default for Annotated FieldInfo
            if isinstance(fastapi_annotation, FieldInfo):
                # Copy `field_info` because we mutate `field_info.default` below.
                field_info = copy_field_info(
                    field_info=fastapi_annotation,
                    annotation=use_annotation,
                )
                assert (
                    field_info.default == Undefined or field_info.default == RequiredParam
                ), (
                    f"`{field_info.__class__.__name__}` default value cannot be set in"
                    f" `Annotated` for {param_name!r}. Set the default value with `=` instead."
                )
                if value is not inspect.Signature.empty:
                    assert not is_path_param, "Path parameters cannot have default values"
                    field_info.default = value
                else:
                    field_info.default = RequiredParam
            # Get Annotated Depends
            elif isinstance(fastapi_annotation, params.Depends):
                depends = fastapi_annotation
        # Get Depends from default value
        if isinstance(value, params.Depends):
            assert depends is None, (
                "Cannot specify `Depends` in `Annotated` and default value"
                f" together for {param_name!r}"
            )
            assert field_info is None, (
                "Cannot specify a FastAPI annotation in `Annotated` and `Depends` as a"
                f" default value together for {param_name!r}"
            )
            depends = value
        # Get FieldInfo from default value
        elif isinstance(value, FieldInfo):
            assert field_info is None, (
                "Cannot specify FastAPI annotations in `Annotated` and default value"
                f" together for {param_name!r}"
            )
            field_info = value
            if isinstance(field_info, FieldInfo):
                field_info.annotation = type_annotation
    
        # Get Depends from type annotation
        if depends is not None and depends.dependency is None:
            # Copy `depends` before mutating it
            depends = copy(depends)
            depends = dataclasses.replace(depends, dependency=type_annotation)
    
        # Handle non-param type annotations like Request
        # Only apply special handling when there's no explicit Depends - if there's a Depends,
        # the dependency will be called and its return value used instead of the special injection
        if depends is None and lenient_issubclass(
            type_annotation,
            (
                Request,
                WebSocket,
                HTTPConnection,
                Response,
                StarletteBackgroundTasks,
                SecurityScopes,
            ),
        ):
            assert field_info is None, (
                f"Cannot specify FastAPI annotation for type {type_annotation!r}"
            )
        # Handle default assignations, neither field_info nor depends was not found in Annotated nor default value
        elif field_info is None and depends is None:
            default_value = value if value is not inspect.Signature.empty else RequiredParam
            if is_path_param:
                # We might check here that `default_value is RequiredParam`, but the fact is that the same
                # parameter might sometimes be a path parameter and sometimes not. See
                # `tests/test_infer_param_optionality.py` for an example.
                field_info = params.Path(annotation=use_annotation)
            elif is_uploadfile_or_nonable_uploadfile_annotation(
                type_annotation
            ) or is_uploadfile_sequence_annotation(type_annotation):
                field_info = params.File(annotation=use_annotation, default=default_value)
            elif not field_annotation_is_scalar(annotation=type_annotation):
                field_info = params.Body(annotation=use_annotation, default=default_value)
            else:
                field_info = params.Query(annotation=use_annotation, default=default_value)
    
        field = None
        # It's a field_info, not a dependency
        if field_info is not None:
            # Handle field_info.in_
            if is_path_param:
                assert isinstance(field_info, params.Path), (
                    f"Cannot use `{field_info.__class__.__name__}` for path param"
                    f" {param_name!r}"
                )
            elif (
                isinstance(field_info, params.Param)
                and getattr(field_info, "in_", None) is None
            ):
                field_info.in_ = params.ParamTypes.query
            use_annotation_from_field_info = use_annotation
            if isinstance(field_info, params.Form):
>               ensure_multipart_is_installed()

C:\Users\lenovo\AppData\Roaming\Python\Python313\site-packages\fastapi\dependencies\utils.py:502: 
_ _ _ _ _ _ _ _ _ _ _ _ _ _ _ _ _ _ _ _ _ _ _ _ _ _ _ _ _ _ _ _ _ _ _ _ _ _ _ _

    def ensure_multipart_is_installed() -> None:
        try:
            from python_multipart import __version__
    
            # Import an attribute that can be mocked/deleted in testing
            assert __version__ > "0.0.12"
        except (ImportError, AssertionError):
            try:
                # __version__ is available in both multiparts, and can be mocked
                from multipart import __version__  # type: ignore[no-redef,import-untyped]
    
                assert __version__
                try:
                    # parse_options_header is only available in the right multipart
                    from multipart.multipart import (  # type: ignore[import-untyped]
                        parse_options_header,
                    )
    
                    assert parse_options_header
                except ImportError:
                    logger.error(multipart_incorrect_install_error)
                    raise RuntimeError(multipart_incorrect_install_error) from None
            except ImportError:
                logger.error(multipart_not_installed_error)
>               raise RuntimeError(multipart_not_installed_error) from None
E               RuntimeError: Form data requires "python-multipart" to be installed. 
E               You can install "python-multipart" with: 
E               
E               pip install python-multipart

C:\Users\lenovo\AppData\Roaming\Python\Python313\site-packages\fastapi\dependencies\utils.py:108: RuntimeError
----------------------------- Captured log setup ------------------------------
ERROR    fastapi:utils.py:107 Form data requires "python-multipart" to be installed. 
You can install "python-multipart" with: 

pip install python-multipart
____ ERROR at setup of TestLeaderboard.test_leaderboard_sorted_descending _____

    @pytest.fixture
    def client():
        """TestClient with mocked Supabase and mocked LangGraph pipeline."""
        mock_sb = _make_mock_supabase()
    
        # Mock nutrition_graph.invoke for /log-meal
        mock_graph_result = {
            "nutrition": {"calories": 350.0, "protein": 18.0, "carbs": 58.0, "fat": 8.0},
            "recommendation": "Try dal and roti for dinner!",
        }
        mock_graph = MagicMock()
        mock_graph.invoke.return_value = mock_graph_result
    
>       with patch("main.get_supabase_client", return_value=mock_sb):
             ^^^^^^^^^^^^^^^^^^^^^^^^^^^^^^^^^^^^^^^^^^^^^^^^^^^^^^^

tests\test_routes.py:95: 
_ _ _ _ _ _ _ _ _ _ _ _ _ _ _ _ _ _ _ _ _ _ _ _ _ _ _ _ _ _ _ _ _ _ _ _ _ _ _ _

self = <unittest.mock._patch object at 0x00000246C4CCAA50>

    def __enter__(self):
        """Perform the patch."""
        if self.is_started:
            raise RuntimeError("Patch is already started")
    
        new, spec, spec_set = self.new, self.spec, self.spec_set
        autospec, kwargs = self.autospec, self.kwargs
        new_callable = self.new_callable
>       self.target = self.getter()
                      ^^^^^^^^^^^^^

C:\Python313\Lib\unittest\mock.py:1479: 
_ _ _ _ _ _ _ _ _ _ _ _ _ _ _ _ _ _ _ _ _ _ _ _ _ _ _ _ _ _ _ _ _ _ _ _ _ _ _ _

name = 'main'

    def resolve_name(name):
        """
        Resolve a name to an object.
    
        It is expected that `name` will be a string in one of the following
        formats, where W is shorthand for a valid Python identifier and dot stands
        for a literal period in these pseudo-regexes:
    
        W(.W)*
        W(.W)*:(W(.W)*)?
    
        The first form is intended for backward compatibility only. It assumes that
        some part of the dotted name is a package, and the rest is an object
        somewhere within that package, possibly nested inside other objects.
        Because the place where the package stops and the object hierarchy starts
        can't be inferred by inspection, repeated attempts to import must be done
        with this form.
    
        In the second form, the caller makes the division point clear through the
        provision of a single colon: the dotted name to the left of the colon is a
        package to be imported, and the dotted name to the right is the object
        hierarchy within that package. Only one import is needed in this form. If
        it ends with the colon, then a module object is returned.
    
        The function will return an object (which might be a module), or raise one
        of the following exceptions:
    
        ValueError - if `name` isn't in a recognised format
        ImportError - if an import failed when it shouldn't have
        AttributeError - if a failure occurred when traversing the object hierarchy
                         within the imported package to get to the desired object.
        """
        global _NAME_PATTERN
        if _NAME_PATTERN is None:
            # Lazy import to speedup Python startup time
            import re
            dotted_words = r'(?!\d)(\w+)(\.(?!\d)(\w+))*'
            _NAME_PATTERN = re.compile(f'^(?P<pkg>{dotted_words})'
                                       f'(?P<cln>:(?P<obj>{dotted_words})?)?$',
                                       re.UNICODE)
    
        m = _NAME_PATTERN.match(name)
        if not m:
            raise ValueError(f'invalid format: {name!r}')
        gd = m.groupdict()
        if gd.get('cln'):
            # there is a colon - a one-step import is all that's needed
            mod = importlib.import_module(gd['pkg'])
            parts = gd.get('obj')
            parts = parts.split('.') if parts else []
        else:
            # no colon - have to iterate to find the package boundary
            parts = name.split('.')
            modname = parts.pop(0)
            # first part *must* be a module/package.
>           mod = importlib.import_module(modname)
                  ^^^^^^^^^^^^^^^^^^^^^^^^^^^^^^^^

C:\Python313\Lib\pkgutil.py:513: 
_ _ _ _ _ _ _ _ _ _ _ _ _ _ _ _ _ _ _ _ _ _ _ _ _ _ _ _ _ _ _ _ _ _ _ _ _ _ _ _

name = 'main', package = None

    def import_module(name, package=None):
        """Import a module.
    
        The 'package' argument is required when performing a relative import. It
        specifies the package to use as the anchor point from which to resolve the
        relative import to an absolute import.
    
        """
        level = 0
        if name.startswith('.'):
            if not package:
                raise TypeError("the 'package' argument is required to perform a "
                                f"relative import for {name!r}")
            for character in name:
                if character != '.':
                    break
                level += 1
>       return _bootstrap._gcd_import(name[level:], package, level)
               ^^^^^^^^^^^^^^^^^^^^^^^^^^^^^^^^^^^^^^^^^^^^^^^^^^^^

C:\Python313\Lib\importlib\__init__.py:88: 
_ _ _ _ _ _ _ _ _ _ _ _ _ _ _ _ _ _ _ _ _ _ _ _ _ _ _ _ _ _ _ _ _ _ _ _ _ _ _ _

name = 'main', package = None, level = 0

>   ???

<frozen importlib._bootstrap>:1387: 
_ _ _ _ _ _ _ _ _ _ _ _ _ _ _ _ _ _ _ _ _ _ _ _ _ _ _ _ _ _ _ _ _ _ _ _ _ _ _ _

name = 'main', import_ = <function _gcd_import at 0x00000246FDE604A0>

>   ???

<frozen importlib._bootstrap>:1360: 
_ _ _ _ _ _ _ _ _ _ _ _ _ _ _ _ _ _ _ _ _ _ _ _ _ _ _ _ _ _ _ _ _ _ _ _ _ _ _ _

name = 'main', import_ = <function _gcd_import at 0x00000246FDE604A0>

>   ???

<frozen importlib._bootstrap>:1331: 
_ _ _ _ _ _ _ _ _ _ _ _ _ _ _ _ _ _ _ _ _ _ _ _ _ _ _ _ _ _ _ _ _ _ _ _ _ _ _ _

spec = ModuleSpec(name='main', loader=<_frozen_importlib_external.SourceFileLoader object at 0x00000246C4C20530>, origin='E:\\My Projects\\Nutrition app\\nutrition-tracker\\backend\\main.py')

>   ???

<frozen importlib._bootstrap>:935: 
_ _ _ _ _ _ _ _ _ _ _ _ _ _ _ _ _ _ _ _ _ _ _ _ _ _ _ _ _ _ _ _ _ _ _ _ _ _ _ _

self = <_frozen_importlib_external.SourceFileLoader object at 0x00000246C4C20530>
module = <module 'main' from 'E:\\My Projects\\Nutrition app\\nutrition-tracker\\backend\\main.py'>

>   ???

<frozen importlib._bootstrap_external>:1026: 
_ _ _ _ _ _ _ _ _ _ _ _ _ _ _ _ _ _ _ _ _ _ _ _ _ _ _ _ _ _ _ _ _ _ _ _ _ _ _ _

f = <built-in function exec>
args = (<code object <module> at 0x00000246BF541DA0, file "E:\My Projects\Nutrition app\nutrition-tracker\backend\main.py", l...RSMiddleware'>, 'FastAPI': <class 'fastapi.applications.FastAPI'>, 'File': <function File at 0x00000246837B4AE0>, ...})
kwds = {}

>   ???

<frozen importlib._bootstrap>:488: 
_ _ _ _ _ _ _ _ _ _ _ _ _ _ _ _ _ _ _ _ _ _ _ _ _ _ _ _ _ _ _ _ _ _ _ _ _ _ _ _

    """
    Main entry point for the Nutrition Tracker API (FastAPI).
    
    Routes defined here:
      POST /log-meal          û Accepts text/image input, runs nutrition_graph, returns nutrition+recommendation
      POST /log-exercise      û Logs an exercise session and returns kcal burned via MET-based formula
      GET  /daily-summary     û Returns today's daily_logs row joined with daily_goals for a user
      GET  /leaderboard       û Returns all six users ranked by today's calorie intake (desc)
      POST /calculate-goals   û Computes macro/calorie goals via MifflinûSt Jeor and upserts to daily_goals
      GET  /suggestions       û Returns the latest recommendation stored in daily_logs for a user
    
    Supabase project reference: hyejucwqghkujckoshbr
    """
    
    import os
    import io
    import math
    import tempfile
    from datetime import date
    from typing import Optional
    
    from fastapi import FastAPI, HTTPException, UploadFile, File, Form, Query
    from fastapi.middleware.cors import CORSMiddleware
    from pydantic import BaseModel
    from dotenv import load_dotenv
    
    # \u2500\u2500 Load environment variables \u2500\u2500\u2500\u2500\u2500\u2500\u2500\u2500\u2500\u2500\u2500\u2500\u2500\u2500\u2500\u2500\u2500\u2500\u2500\u2500\u2500\u2500\u2500\u2500\u2500\u2500\u2500\u2500\u2500\u2500\u2500\u2500\u2500\u2500\u2500\u2500\u2500\u2500\u2500\u2500\u2500\u2500\u2500\u2500\u2500\u2500\u2500\u2500\u2500
    _dotenv_path = os.path.join(os.path.dirname(__file__), ".env")
    load_dotenv(dotenv_path=_dotenv_path)
    
    # \u2500\u2500 Supabase client \u2500\u2500\u2500\u2500\u2500\u2500\u2500\u2500\u2500\u2500\u2500\u2500\u2500\u2500\u2500\u2500\u2500\u2500\u2500\u2500\u2500\u2500\u2500\u2500\u2500\u2500\u2500\u2500\u2500\u2500\u2500\u2500\u2500\u2500\u2500\u2500\u2500\u2500\u2500\u2500\u2500\u2500\u2500\u2500\u2500\u2500\u2500\u2500\u2500\u2500\u2500\u2500\u2500\u2500\u2500\u2500\u2500\u2500\u2500\u2500
    from database.supabase_client import get_supabase_client
    
    # \u2500\u2500 LangGraph nutrition pipeline \u2500\u2500\u2500\u2500\u2500\u2500\u2500\u2500\u2500\u2500\u2500\u2500\u2500\u2500\u2500\u2500\u2500\u2500\u2500\u2500\u2500\u2500\u2500\u2500\u2500\u2500\u2500\u2500\u2500\u2500\u2500\u2500\u2500\u2500\u2500\u2500\u2500\u2500\u2500\u2500\u2500\u2500\u2500\u2500\u2500\u2500\u2500
    from agents.graph import nutrition_graph
    from agents.state import default_nutrition_state
    
    # \u2500\u2500 FastAPI app \u2500\u2500\u2500\u2500\u2500\u2500\u2500\u2500\u2500\u2500\u2500\u2500\u2500\u2500\u2500\u2500\u2500\u2500\u2500\u2500\u2500\u2500\u2500\u2500\u2500\u2500\u2500\u2500\u2500\u2500\u2500\u2500\u2500\u2500\u2500\u2500\u2500\u2500\u2500\u2500\u2500\u2500\u2500\u2500\u2500\u2500\u2500\u2500\u2500\u2500\u2500\u2500\u2500\u2500\u2500\u2500\u2500\u2500\u2500\u2500\u2500\u2500\u2500\u2500
    app = FastAPI(
        title="Nutrition Tracker API",
        description=(
            "Backend API for the AI-powered Nutrition Tracker. "
            "Handles meal logging via LangGraph, exercise tracking, "
            "daily summaries, leaderboards, goal calculation, and suggestion retrieval. "
            "Supabase project: hyejucwqghkujckoshbr"
        ),
        version="1.0.0",
    )
    
    # \u2500\u2500 CORS (local prototype \u2014 allow everything) \u2500\u2500\u2500\u2500\u2500\u2500\u2500\u2500\u2500\u2500\u2500\u2500\u2500\u2500\u2500\u2500\u2500\u2500\u2500\u2500\u2500\u2500\u2500\u2500\u2500\u2500\u2500\u2500\u2500\u2500\u2500\u2500\u2500\u2500
    app.add_middleware(
        CORSMiddleware,
        allow_origins=["*"],
        allow_credentials=True,
        allow_methods=["*"],
        allow_headers=["*"],
    )
    
    # \u2500\u2500 Global: preloaded Keras food-classifier model \u2500\u2500\u2500\u2500\u2500\u2500\u2500\u2500\u2500\u2500\u2500\u2500\u2500\u2500\u2500\u2500\u2500\u2500\u2500\u2500\u2500\u2500\u2500\u2500\u2500\u2500\u2500\u2500\u2500\u2500
    _food_classifier = None   # set during startup; None when model file is absent
    
    
    @app.on_event("startup")
    async def startup_event():
        """
        Runs once when the server boots.
        1. Ensures .env is loaded (redundant but defensive).
        2. Preloads the Keras food-classifier so the first request doesn't pay the
           cold-start penalty.  If the model file is missing, a warning is printed
           and the server continues ù routes that don't use the classifier still work.
        """
        global _food_classifier
    
        load_dotenv(dotenv_path=_dotenv_path)
    
        model_path = os.path.join(os.path.dirname(__file__), "models", "food_classifier.keras")
        if os.path.exists(model_path):
            try:
                import tensorflow as tf  # imported lazily so the app starts without TF if unneeded
                _food_classifier = tf.keras.models.load_model(model_path)
                print(f"[startup] Food classifier loaded from '{model_path}'.")
            except Exception as exc:
                print(f"[startup] WARNING û could not load food classifier: {exc}")
        else:
            print(
                f"[startup] WARNING û model file not found at '{model_path}'. "
                "Image-based food classification will be unavailable."
            )
    
    
    # \u2550\u2550\u2550\u2550\u2550\u2550\u2550\u2550\u2550\u2550\u2550\u2550\u2550\u2550\u2550\u2550\u2550\u2550\u2550\u2550\u2550\u2550\u2550\u2550\u2550\u2550\u2550\u2550\u2550\u2550\u2550\u2550\u2550\u2550\u2550\u2550\u2550\u2550\u2550\u2550\u2550\u2550\u2550\u2550\u2550\u2550\u2550\u2550\u2550\u2550\u2550\u2550\u2550\u2550\u2550\u2550\u2550\u2550\u2550\u2550\u2550\u2550\u2550\u2550\u2550\u2550\u2550\u2550\u2550\u2550\u2550\u2550\u2550\u2550\u2550\u2550\u2550\u2550
    # Route 1 û POST /log-meal
    # \u2550\u2550\u2550\u2550\u2550\u2550\u2550\u2550\u2550\u2550\u2550\u2550\u2550\u2550\u2550\u2550\u2550\u2550\u2550\u2550\u2550\u2550\u2550\u2550\u2550\u2550\u2550\u2550\u2550\u2550\u2550\u2550\u2550\u2550\u2550\u2550\u2550\u2550\u2550\u2550\u2550\u2550\u2550\u2550\u2550\u2550\u2550\u2550\u2550\u2550\u2550\u2550\u2550\u2550\u2550\u2550\u2550\u2550\u2550\u2550\u2550\u2550\u2550\u2550\u2550\u2550\u2550\u2550\u2550\u2550\u2550\u2550\u2550\u2550\u2550\u2550\u2550\u2550
    
>   @app.post("/log-meal", summary="Log a meal via text and/or image")
     ^^^^^^^^^^^^^^^^^^^^^^^^^^^^^^^^^^^^^^^^^^^^^^^^^^^^^^^^^^^^^^^^^

main.py:95: 
_ _ _ _ _ _ _ _ _ _ _ _ _ _ _ _ _ _ _ _ _ _ _ _ _ _ _ _ _ _ _ _ _ _ _ _ _ _ _ _

func = <function log_meal at 0x00000246C4C3C9A0>

    def decorator(func: DecoratedCallable) -> DecoratedCallable:
>       self.add_api_route(
            path,
            func,
            response_model=response_model,
            status_code=status_code,
            tags=tags,
            dependencies=dependencies,
            summary=summary,
            description=description,
            response_description=response_description,
            responses=responses,
            deprecated=deprecated,
            methods=methods,
            operation_id=operation_id,
            response_model_include=response_model_include,
            response_model_exclude=response_model_exclude,
            response_model_by_alias=response_model_by_alias,
            response_model_exclude_unset=response_model_exclude_unset,
            response_model_exclude_defaults=response_model_exclude_defaults,
            response_model_exclude_none=response_model_exclude_none,
            include_in_schema=include_in_schema,
            response_class=response_class,
            name=name,
            callbacks=callbacks,
            openapi_extra=openapi_extra,
            generate_unique_id_function=generate_unique_id_function,
        )

C:\Users\lenovo\AppData\Roaming\Python\Python313\site-packages\fastapi\routing.py:1125: 
_ _ _ _ _ _ _ _ _ _ _ _ _ _ _ _ _ _ _ _ _ _ _ _ _ _ _ _ _ _ _ _ _ _ _ _ _ _ _ _

self = <fastapi.routing.APIRouter object at 0x00000246C4B33980>
path = '/log-meal', endpoint = <function log_meal at 0x00000246C4C3C9A0>

    def add_api_route(
        self,
        path: str,
        endpoint: Callable[..., Any],
        *,
        response_model: Any = Default(None),
        status_code: int | None = None,
        tags: list[str | Enum] | None = None,
        dependencies: Sequence[params.Depends] | None = None,
        summary: str | None = None,
        description: str | None = None,
        response_description: str = "Successful Response",
        responses: dict[int | str, dict[str, Any]] | None = None,
        deprecated: bool | None = None,
        methods: set[str] | list[str] | None = None,
        operation_id: str | None = None,
        response_model_include: IncEx | None = None,
        response_model_exclude: IncEx | None = None,
        response_model_by_alias: bool = True,
        response_model_exclude_unset: bool = False,
        response_model_exclude_defaults: bool = False,
        response_model_exclude_none: bool = False,
        include_in_schema: bool = True,
        response_class: type[Response] | DefaultPlaceholder = Default(JSONResponse),
        name: str | None = None,
        route_class_override: type[APIRoute] | None = None,
        callbacks: list[BaseRoute] | None = None,
        openapi_extra: dict[str, Any] | None = None,
        generate_unique_id_function: Callable[[APIRoute], str]
        | DefaultPlaceholder = Default(generate_unique_id),
    ) -> None:
        route_class = route_class_override or self.route_class
        responses = responses or {}
        combined_responses = {**self.responses, **responses}
        current_response_class = get_value_or_default(
            response_class, self.default_response_class
        )
        current_tags = self.tags.copy()
        if tags:
            current_tags.extend(tags)
        current_dependencies = self.dependencies.copy()
        if dependencies:
            current_dependencies.extend(dependencies)
        current_callbacks = self.callbacks.copy()
        if callbacks:
            current_callbacks.extend(callbacks)
        current_generate_unique_id = get_value_or_default(
            generate_unique_id_function, self.generate_unique_id_function
        )
>       route = route_class(
            self.prefix + path,
            endpoint=endpoint,
            response_model=response_model,
            status_code=status_code,
            tags=current_tags,
            dependencies=current_dependencies,
            summary=summary,
            description=description,
            response_description=response_description,
            responses=combined_responses,
            deprecated=deprecated or self.deprecated,
            methods=methods,
            operation_id=operation_id,
            response_model_include=response_model_include,
            response_model_exclude=response_model_exclude,
            response_model_by_alias=response_model_by_alias,
            response_model_exclude_unset=response_model_exclude_unset,
            response_model_exclude_defaults=response_model_exclude_defaults,
            response_model_exclude_none=response_model_exclude_none,
            include_in_schema=include_in_schema and self.include_in_schema,
            response_class=current_response_class,
            name=name,
            dependency_overrides_provider=self.dependency_overrides_provider,
            callbacks=current_callbacks,
            openapi_extra=openapi_extra,
            generate_unique_id_function=current_generate_unique_id,
        )

C:\Users\lenovo\AppData\Roaming\Python\Python313\site-packages\fastapi\routing.py:1064: 
_ _ _ _ _ _ _ _ _ _ _ _ _ _ _ _ _ _ _ _ _ _ _ _ _ _ _ _ _ _ _ _ _ _ _ _ _ _ _ _

self = APIRoute(path='/log-meal', name='log_meal', methods=['POST'])
path = '/log-meal', endpoint = <function log_meal at 0x00000246C4C3C9A0>

    def __init__(
        self,
        path: str,
        endpoint: Callable[..., Any],
        *,
        response_model: Any = Default(None),
        status_code: int | None = None,
        tags: list[str | Enum] | None = None,
        dependencies: Sequence[params.Depends] | None = None,
        summary: str | None = None,
        description: str | None = None,
        response_description: str = "Successful Response",
        responses: dict[int | str, dict[str, Any]] | None = None,
        deprecated: bool | None = None,
        name: str | None = None,
        methods: set[str] | list[str] | None = None,
        operation_id: str | None = None,
        response_model_include: IncEx | None = None,
        response_model_exclude: IncEx | None = None,
        response_model_by_alias: bool = True,
        response_model_exclude_unset: bool = False,
        response_model_exclude_defaults: bool = False,
        response_model_exclude_none: bool = False,
        include_in_schema: bool = True,
        response_class: type[Response] | DefaultPlaceholder = Default(JSONResponse),
        dependency_overrides_provider: Any | None = None,
        callbacks: list[BaseRoute] | None = None,
        openapi_extra: dict[str, Any] | None = None,
        generate_unique_id_function: Callable[["APIRoute"], str]
        | DefaultPlaceholder = Default(generate_unique_id),
    ) -> None:
        self.path = path
        self.endpoint = endpoint
        if isinstance(response_model, DefaultPlaceholder):
            return_annotation = get_typed_return_annotation(endpoint)
            if lenient_issubclass(return_annotation, Response):
                response_model = None
            else:
                response_model = return_annotation
        self.response_model = response_model
        self.summary = summary
        self.response_description = response_description
        self.deprecated = deprecated
        self.operation_id = operation_id
        self.response_model_include = response_model_include
        self.response_model_exclude = response_model_exclude
        self.response_model_by_alias = response_model_by_alias
        self.response_model_exclude_unset = response_model_exclude_unset
        self.response_model_exclude_defaults = response_model_exclude_defaults
        self.response_model_exclude_none = response_model_exclude_none
        self.include_in_schema = include_in_schema
        self.response_class = response_class
        self.dependency_overrides_provider = dependency_overrides_provider
        self.callbacks = callbacks
        self.openapi_extra = openapi_extra
        self.generate_unique_id_function = generate_unique_id_function
        self.tags = tags or []
        self.responses = responses or {}
        self.name = get_name(endpoint) if name is None else name
        self.path_regex, self.path_format, self.param_convertors = compile_path(path)
        if methods is None:
            methods = ["GET"]
        self.methods: set[str] = {method.upper() for method in methods}
        if isinstance(generate_unique_id_function, DefaultPlaceholder):
            current_generate_unique_id: Callable[[APIRoute], str] = (
                generate_unique_id_function.value
            )
        else:
            current_generate_unique_id = generate_unique_id_function
        self.unique_id = self.operation_id or current_generate_unique_id(self)
        # normalize enums e.g. http.HTTPStatus
        if isinstance(status_code, IntEnum):
            status_code = int(status_code)
        self.status_code = status_code
        if self.response_model:
            assert is_body_allowed_for_status_code(status_code), (
                f"Status code {status_code} must not have a response body"
            )
            response_name = "Response_" + self.unique_id
            self.response_field = create_model_field(
                name=response_name,
                type_=self.response_model,
                mode="serialization",
            )
        else:
            self.response_field = None  # type: ignore
        self.dependencies = list(dependencies or [])
        self.description = description or inspect.cleandoc(self.endpoint.__doc__ or "")
        # if a "form feed" character (page break) is found in the description text,
        # truncate description text to the content preceding the first "form feed"
        self.description = self.description.split("\f")[0].strip()
        response_fields = {}
        for additional_status_code, response in self.responses.items():
            assert isinstance(response, dict), "An additional response must be a dict"
            model = response.get("model")
            if model:
                assert is_body_allowed_for_status_code(additional_status_code), (
                    f"Status code {additional_status_code} must not have a response body"
                )
                response_name = f"Response_{additional_status_code}_{self.unique_id}"
                response_field = create_model_field(
                    name=response_name, type_=model, mode="serialization"
                )
                response_fields[additional_status_code] = response_field
        if response_fields:
            self.response_fields: dict[int | str, ModelField] = response_fields
        else:
            self.response_fields = {}
    
        assert callable(endpoint), "An endpoint must be a callable"
>       self.dependant = get_dependant(
            path=self.path_format, call=self.endpoint, scope="function"
        )

C:\Users\lenovo\AppData\Roaming\Python\Python313\site-packages\fastapi\routing.py:665: 
_ _ _ _ _ _ _ _ _ _ _ _ _ _ _ _ _ _ _ _ _ _ _ _ _ _ _ _ _ _ _ _ _ _ _ _ _ _ _ _

    def get_dependant(
        *,
        path: str,
        call: Callable[..., Any],
        name: str | None = None,
        own_oauth_scopes: list[str] | None = None,
        parent_oauth_scopes: list[str] | None = None,
        use_cache: bool = True,
        scope: Literal["function", "request"] | None = None,
    ) -> Dependant:
        dependant = Dependant(
            call=call,
            name=name,
            path=path,
            use_cache=use_cache,
            scope=scope,
            own_oauth_scopes=own_oauth_scopes,
            parent_oauth_scopes=parent_oauth_scopes,
        )
        current_scopes = (parent_oauth_scopes or []) + (own_oauth_scopes or [])
        path_param_names = get_path_param_names(path)
        endpoint_signature = get_typed_signature(call)
        signature_params = endpoint_signature.parameters
        for param_name, param in signature_params.items():
            is_path_param = param_name in path_param_names
>           param_details = analyze_param(
                param_name=param_name,
                annotation=param.annotation,
                value=param.default,
                is_path_param=is_path_param,
            )

C:\Users\lenovo\AppData\Roaming\Python\Python313\site-packages\fastapi\dependencies\utils.py:279: 
_ _ _ _ _ _ _ _ _ _ _ _ _ _ _ _ _ _ _ _ _ _ _ _ _ _ _ _ _ _ _ _ _ _ _ _ _ _ _ _

    def analyze_param(
        *,
        param_name: str,
        annotation: Any,
        value: Any,
        is_path_param: bool,
    ) -> ParamDetails:
        field_info = None
        depends = None
        type_annotation: Any = Any
        use_annotation: Any = Any
        if is_typealiastype(annotation):
            # unpack in case PEP 695 type syntax is used
            annotation = annotation.__value__
        if annotation is not inspect.Signature.empty:
            use_annotation = annotation
            type_annotation = annotation
        # Extract Annotated info
        if get_origin(use_annotation) is Annotated:
            annotated_args = get_args(annotation)
            type_annotation = annotated_args[0]
            fastapi_annotations = [
                arg
                for arg in annotated_args[1:]
                if isinstance(arg, (FieldInfo, params.Depends))
            ]
            fastapi_specific_annotations = [
                arg
                for arg in fastapi_annotations
                if isinstance(
                    arg,
                    (
                        params.Param,
                        params.Body,
                        params.Depends,
                    ),
                )
            ]
            if fastapi_specific_annotations:
                fastapi_annotation: FieldInfo | params.Depends | None = (
                    fastapi_specific_annotations[-1]
                )
            else:
                fastapi_annotation = None
            # Set default for Annotated FieldInfo
            if isinstance(fastapi_annotation, FieldInfo):
                # Copy `field_info` because we mutate `field_info.default` below.
                field_info = copy_field_info(
                    field_info=fastapi_annotation,
                    annotation=use_annotation,
                )
                assert (
                    field_info.default == Undefined or field_info.default == RequiredParam
                ), (
                    f"`{field_info.__class__.__name__}` default value cannot be set in"
                    f" `Annotated` for {param_name!r}. Set the default value with `=` instead."
                )
                if value is not inspect.Signature.empty:
                    assert not is_path_param, "Path parameters cannot have default values"
                    field_info.default = value
                else:
                    field_info.default = RequiredParam
            # Get Annotated Depends
            elif isinstance(fastapi_annotation, params.Depends):
                depends = fastapi_annotation
        # Get Depends from default value
        if isinstance(value, params.Depends):
            assert depends is None, (
                "Cannot specify `Depends` in `Annotated` and default value"
                f" together for {param_name!r}"
            )
            assert field_info is None, (
                "Cannot specify a FastAPI annotation in `Annotated` and `Depends` as a"
                f" default value together for {param_name!r}"
            )
            depends = value
        # Get FieldInfo from default value
        elif isinstance(value, FieldInfo):
            assert field_info is None, (
                "Cannot specify FastAPI annotations in `Annotated` and default value"
                f" together for {param_name!r}"
            )
            field_info = value
            if isinstance(field_info, FieldInfo):
                field_info.annotation = type_annotation
    
        # Get Depends from type annotation
        if depends is not None and depends.dependency is None:
            # Copy `depends` before mutating it
            depends = copy(depends)
            depends = dataclasses.replace(depends, dependency=type_annotation)
    
        # Handle non-param type annotations like Request
        # Only apply special handling when there's no explicit Depends - if there's a Depends,
        # the dependency will be called and its return value used instead of the special injection
        if depends is None and lenient_issubclass(
            type_annotation,
            (
                Request,
                WebSocket,
                HTTPConnection,
                Response,
                StarletteBackgroundTasks,
                SecurityScopes,
            ),
        ):
            assert field_info is None, (
                f"Cannot specify FastAPI annotation for type {type_annotation!r}"
            )
        # Handle default assignations, neither field_info nor depends was not found in Annotated nor default value
        elif field_info is None and depends is None:
            default_value = value if value is not inspect.Signature.empty else RequiredParam
            if is_path_param:
                # We might check here that `default_value is RequiredParam`, but the fact is that the same
                # parameter might sometimes be a path parameter and sometimes not. See
                # `tests/test_infer_param_optionality.py` for an example.
                field_info = params.Path(annotation=use_annotation)
            elif is_uploadfile_or_nonable_uploadfile_annotation(
                type_annotation
            ) or is_uploadfile_sequence_annotation(type_annotation):
                field_info = params.File(annotation=use_annotation, default=default_value)
            elif not field_annotation_is_scalar(annotation=type_annotation):
                field_info = params.Body(annotation=use_annotation, default=default_value)
            else:
                field_info = params.Query(annotation=use_annotation, default=default_value)
    
        field = None
        # It's a field_info, not a dependency
        if field_info is not None:
            # Handle field_info.in_
            if is_path_param:
                assert isinstance(field_info, params.Path), (
                    f"Cannot use `{field_info.__class__.__name__}` for path param"
                    f" {param_name!r}"
                )
            elif (
                isinstance(field_info, params.Param)
                and getattr(field_info, "in_", None) is None
            ):
                field_info.in_ = params.ParamTypes.query
            use_annotation_from_field_info = use_annotation
            if isinstance(field_info, params.Form):
>               ensure_multipart_is_installed()

C:\Users\lenovo\AppData\Roaming\Python\Python313\site-packages\fastapi\dependencies\utils.py:502: 
_ _ _ _ _ _ _ _ _ _ _ _ _ _ _ _ _ _ _ _ _ _ _ _ _ _ _ _ _ _ _ _ _ _ _ _ _ _ _ _

    def ensure_multipart_is_installed() -> None:
        try:
            from python_multipart import __version__
    
            # Import an attribute that can be mocked/deleted in testing
            assert __version__ > "0.0.12"
        except (ImportError, AssertionError):
            try:
                # __version__ is available in both multiparts, and can be mocked
                from multipart import __version__  # type: ignore[no-redef,import-untyped]
    
                assert __version__
                try:
                    # parse_options_header is only available in the right multipart
                    from multipart.multipart import (  # type: ignore[import-untyped]
                        parse_options_header,
                    )
    
                    assert parse_options_header
                except ImportError:
                    logger.error(multipart_incorrect_install_error)
                    raise RuntimeError(multipart_incorrect_install_error) from None
            except ImportError:
                logger.error(multipart_not_installed_error)
>               raise RuntimeError(multipart_not_installed_error) from None
E               RuntimeError: Form data requires "python-multipart" to be installed. 
E               You can install "python-multipart" with: 
E               
E               pip install python-multipart

C:\Users\lenovo\AppData\Roaming\Python\Python313\site-packages\fastapi\dependencies\utils.py:108: RuntimeError
----------------------------- Captured log setup ------------------------------
ERROR    fastapi:utils.py:107 Form data requires "python-multipart" to be installed. 
You can install "python-multipart" with: 

pip install python-multipart
_____ ERROR at setup of TestDailySummary.test_returns_200_with_valid_user _____

    @pytest.fixture
    def client():
        """TestClient with mocked Supabase and mocked LangGraph pipeline."""
        mock_sb = _make_mock_supabase()
    
        # Mock nutrition_graph.invoke for /log-meal
        mock_graph_result = {
            "nutrition": {"calories": 350.0, "protein": 18.0, "carbs": 58.0, "fat": 8.0},
            "recommendation": "Try dal and roti for dinner!",
        }
        mock_graph = MagicMock()
        mock_graph.invoke.return_value = mock_graph_result
    
>       with patch("main.get_supabase_client", return_value=mock_sb):
             ^^^^^^^^^^^^^^^^^^^^^^^^^^^^^^^^^^^^^^^^^^^^^^^^^^^^^^^

tests\test_routes.py:95: 
_ _ _ _ _ _ _ _ _ _ _ _ _ _ _ _ _ _ _ _ _ _ _ _ _ _ _ _ _ _ _ _ _ _ _ _ _ _ _ _

self = <unittest.mock._patch object at 0x00000246C373A7B0>

    def __enter__(self):
        """Perform the patch."""
        if self.is_started:
            raise RuntimeError("Patch is already started")
    
        new, spec, spec_set = self.new, self.spec, self.spec_set
        autospec, kwargs = self.autospec, self.kwargs
        new_callable = self.new_callable
>       self.target = self.getter()
                      ^^^^^^^^^^^^^

C:\Python313\Lib\unittest\mock.py:1479: 
_ _ _ _ _ _ _ _ _ _ _ _ _ _ _ _ _ _ _ _ _ _ _ _ _ _ _ _ _ _ _ _ _ _ _ _ _ _ _ _

name = 'main'

    def resolve_name(name):
        """
        Resolve a name to an object.
    
        It is expected that `name` will be a string in one of the following
        formats, where W is shorthand for a valid Python identifier and dot stands
        for a literal period in these pseudo-regexes:
    
        W(.W)*
        W(.W)*:(W(.W)*)?
    
        The first form is intended for backward compatibility only. It assumes that
        some part of the dotted name is a package, and the rest is an object
        somewhere within that package, possibly nested inside other objects.
        Because the place where the package stops and the object hierarchy starts
        can't be inferred by inspection, repeated attempts to import must be done
        with this form.
    
        In the second form, the caller makes the division point clear through the
        provision of a single colon: the dotted name to the left of the colon is a
        package to be imported, and the dotted name to the right is the object
        hierarchy within that package. Only one import is needed in this form. If
        it ends with the colon, then a module object is returned.
    
        The function will return an object (which might be a module), or raise one
        of the following exceptions:
    
        ValueError - if `name` isn't in a recognised format
        ImportError - if an import failed when it shouldn't have
        AttributeError - if a failure occurred when traversing the object hierarchy
                         within the imported package to get to the desired object.
        """
        global _NAME_PATTERN
        if _NAME_PATTERN is None:
            # Lazy import to speedup Python startup time
            import re
            dotted_words = r'(?!\d)(\w+)(\.(?!\d)(\w+))*'
            _NAME_PATTERN = re.compile(f'^(?P<pkg>{dotted_words})'
                                       f'(?P<cln>:(?P<obj>{dotted_words})?)?$',
                                       re.UNICODE)
    
        m = _NAME_PATTERN.match(name)
        if not m:
            raise ValueError(f'invalid format: {name!r}')
        gd = m.groupdict()
        if gd.get('cln'):
            # there is a colon - a one-step import is all that's needed
            mod = importlib.import_module(gd['pkg'])
            parts = gd.get('obj')
            parts = parts.split('.') if parts else []
        else:
            # no colon - have to iterate to find the package boundary
            parts = name.split('.')
            modname = parts.pop(0)
            # first part *must* be a module/package.
>           mod = importlib.import_module(modname)
                  ^^^^^^^^^^^^^^^^^^^^^^^^^^^^^^^^

C:\Python313\Lib\pkgutil.py:513: 
_ _ _ _ _ _ _ _ _ _ _ _ _ _ _ _ _ _ _ _ _ _ _ _ _ _ _ _ _ _ _ _ _ _ _ _ _ _ _ _

name = 'main', package = None

    def import_module(name, package=None):
        """Import a module.
    
        The 'package' argument is required when performing a relative import. It
        specifies the package to use as the anchor point from which to resolve the
        relative import to an absolute import.
    
        """
        level = 0
        if name.startswith('.'):
            if not package:
                raise TypeError("the 'package' argument is required to perform a "
                                f"relative import for {name!r}")
            for character in name:
                if character != '.':
                    break
                level += 1
>       return _bootstrap._gcd_import(name[level:], package, level)
               ^^^^^^^^^^^^^^^^^^^^^^^^^^^^^^^^^^^^^^^^^^^^^^^^^^^^

C:\Python313\Lib\importlib\__init__.py:88: 
_ _ _ _ _ _ _ _ _ _ _ _ _ _ _ _ _ _ _ _ _ _ _ _ _ _ _ _ _ _ _ _ _ _ _ _ _ _ _ _

name = 'main', package = None, level = 0

>   ???

<frozen importlib._bootstrap>:1387: 
_ _ _ _ _ _ _ _ _ _ _ _ _ _ _ _ _ _ _ _ _ _ _ _ _ _ _ _ _ _ _ _ _ _ _ _ _ _ _ _

name = 'main', import_ = <function _gcd_import at 0x00000246FDE604A0>

>   ???

<frozen importlib._bootstrap>:1360: 
_ _ _ _ _ _ _ _ _ _ _ _ _ _ _ _ _ _ _ _ _ _ _ _ _ _ _ _ _ _ _ _ _ _ _ _ _ _ _ _

name = 'main', import_ = <function _gcd_import at 0x00000246FDE604A0>

>   ???

<frozen importlib._bootstrap>:1331: 
_ _ _ _ _ _ _ _ _ _ _ _ _ _ _ _ _ _ _ _ _ _ _ _ _ _ _ _ _ _ _ _ _ _ _ _ _ _ _ _

spec = ModuleSpec(name='main', loader=<_frozen_importlib_external.SourceFileLoader object at 0x00000246C4C34290>, origin='E:\\My Projects\\Nutrition app\\nutrition-tracker\\backend\\main.py')

>   ???

<frozen importlib._bootstrap>:935: 
_ _ _ _ _ _ _ _ _ _ _ _ _ _ _ _ _ _ _ _ _ _ _ _ _ _ _ _ _ _ _ _ _ _ _ _ _ _ _ _

self = <_frozen_importlib_external.SourceFileLoader object at 0x00000246C4C34290>
module = <module 'main' from 'E:\\My Projects\\Nutrition app\\nutrition-tracker\\backend\\main.py'>

>   ???

<frozen importlib._bootstrap_external>:1026: 
_ _ _ _ _ _ _ _ _ _ _ _ _ _ _ _ _ _ _ _ _ _ _ _ _ _ _ _ _ _ _ _ _ _ _ _ _ _ _ _

f = <built-in function exec>
args = (<code object <module> at 0x00000246BF53C700, file "E:\My Projects\Nutrition app\nutrition-tracker\backend\main.py", l...RSMiddleware'>, 'FastAPI': <class 'fastapi.applications.FastAPI'>, 'File': <function File at 0x00000246837B4AE0>, ...})
kwds = {}

>   ???

<frozen importlib._bootstrap>:488: 
_ _ _ _ _ _ _ _ _ _ _ _ _ _ _ _ _ _ _ _ _ _ _ _ _ _ _ _ _ _ _ _ _ _ _ _ _ _ _ _

    """
    Main entry point for the Nutrition Tracker API (FastAPI).
    
    Routes defined here:
      POST /log-meal          û Accepts text/image input, runs nutrition_graph, returns nutrition+recommendation
      POST /log-exercise      û Logs an exercise session and returns kcal burned via MET-based formula
      GET  /daily-summary     û Returns today's daily_logs row joined with daily_goals for a user
      GET  /leaderboard       û Returns all six users ranked by today's calorie intake (desc)
      POST /calculate-goals   û Computes macro/calorie goals via MifflinûSt Jeor and upserts to daily_goals
      GET  /suggestions       û Returns the latest recommendation stored in daily_logs for a user
    
    Supabase project reference: hyejucwqghkujckoshbr
    """
    
    import os
    import io
    import math
    import tempfile
    from datetime import date
    from typing import Optional
    
    from fastapi import FastAPI, HTTPException, UploadFile, File, Form, Query
    from fastapi.middleware.cors import CORSMiddleware
    from pydantic import BaseModel
    from dotenv import load_dotenv
    
    # \u2500\u2500 Load environment variables \u2500\u2500\u2500\u2500\u2500\u2500\u2500\u2500\u2500\u2500\u2500\u2500\u2500\u2500\u2500\u2500\u2500\u2500\u2500\u2500\u2500\u2500\u2500\u2500\u2500\u2500\u2500\u2500\u2500\u2500\u2500\u2500\u2500\u2500\u2500\u2500\u2500\u2500\u2500\u2500\u2500\u2500\u2500\u2500\u2500\u2500\u2500\u2500\u2500
    _dotenv_path = os.path.join(os.path.dirname(__file__), ".env")
    load_dotenv(dotenv_path=_dotenv_path)
    
    # \u2500\u2500 Supabase client \u2500\u2500\u2500\u2500\u2500\u2500\u2500\u2500\u2500\u2500\u2500\u2500\u2500\u2500\u2500\u2500\u2500\u2500\u2500\u2500\u2500\u2500\u2500\u2500\u2500\u2500\u2500\u2500\u2500\u2500\u2500\u2500\u2500\u2500\u2500\u2500\u2500\u2500\u2500\u2500\u2500\u2500\u2500\u2500\u2500\u2500\u2500\u2500\u2500\u2500\u2500\u2500\u2500\u2500\u2500\u2500\u2500\u2500\u2500\u2500
    from database.supabase_client import get_supabase_client
    
    # \u2500\u2500 LangGraph nutrition pipeline \u2500\u2500\u2500\u2500\u2500\u2500\u2500\u2500\u2500\u2500\u2500\u2500\u2500\u2500\u2500\u2500\u2500\u2500\u2500\u2500\u2500\u2500\u2500\u2500\u2500\u2500\u2500\u2500\u2500\u2500\u2500\u2500\u2500\u2500\u2500\u2500\u2500\u2500\u2500\u2500\u2500\u2500\u2500\u2500\u2500\u2500\u2500
    from agents.graph import nutrition_graph
    from agents.state import default_nutrition_state
    
    # \u2500\u2500 FastAPI app \u2500\u2500\u2500\u2500\u2500\u2500\u2500\u2500\u2500\u2500\u2500\u2500\u2500\u2500\u2500\u2500\u2500\u2500\u2500\u2500\u2500\u2500\u2500\u2500\u2500\u2500\u2500\u2500\u2500\u2500\u2500\u2500\u2500\u2500\u2500\u2500\u2500\u2500\u2500\u2500\u2500\u2500\u2500\u2500\u2500\u2500\u2500\u2500\u2500\u2500\u2500\u2500\u2500\u2500\u2500\u2500\u2500\u2500\u2500\u2500\u2500\u2500\u2500\u2500
    app = FastAPI(
        title="Nutrition Tracker API",
        description=(
            "Backend API for the AI-powered Nutrition Tracker. "
            "Handles meal logging via LangGraph, exercise tracking, "
            "daily summaries, leaderboards, goal calculation, and suggestion retrieval. "
            "Supabase project: hyejucwqghkujckoshbr"
        ),
        version="1.0.0",
    )
    
    # \u2500\u2500 CORS (local prototype \u2014 allow everything) \u2500\u2500\u2500\u2500\u2500\u2500\u2500\u2500\u2500\u2500\u2500\u2500\u2500\u2500\u2500\u2500\u2500\u2500\u2500\u2500\u2500\u2500\u2500\u2500\u2500\u2500\u2500\u2500\u2500\u2500\u2500\u2500\u2500\u2500
    app.add_middleware(
        CORSMiddleware,
        allow_origins=["*"],
        allow_credentials=True,
        allow_methods=["*"],
        allow_headers=["*"],
    )
    
    # \u2500\u2500 Global: preloaded Keras food-classifier model \u2500\u2500\u2500\u2500\u2500\u2500\u2500\u2500\u2500\u2500\u2500\u2500\u2500\u2500\u2500\u2500\u2500\u2500\u2500\u2500\u2500\u2500\u2500\u2500\u2500\u2500\u2500\u2500\u2500\u2500
    _food_classifier = None   # set during startup; None when model file is absent
    
    
    @app.on_event("startup")
    async def startup_event():
        """
        Runs once when the server boots.
        1. Ensures .env is loaded (redundant but defensive).
        2. Preloads the Keras food-classifier so the first request doesn't pay the
           cold-start penalty.  If the model file is missing, a warning is printed
           and the server continues ù routes that don't use the classifier still work.
        """
        global _food_classifier
    
        load_dotenv(dotenv_path=_dotenv_path)
    
        model_path = os.path.join(os.path.dirname(__file__), "models", "food_classifier.keras")
        if os.path.exists(model_path):
            try:
                import tensorflow as tf  # imported lazily so the app starts without TF if unneeded
                _food_classifier = tf.keras.models.load_model(model_path)
                print(f"[startup] Food classifier loaded from '{model_path}'.")
            except Exception as exc:
                print(f"[startup] WARNING û could not load food classifier: {exc}")
        else:
            print(
                f"[startup] WARNING û model file not found at '{model_path}'. "
                "Image-based food classification will be unavailable."
            )
    
    
    # \u2550\u2550\u2550\u2550\u2550\u2550\u2550\u2550\u2550\u2550\u2550\u2550\u2550\u2550\u2550\u2550\u2550\u2550\u2550\u2550\u2550\u2550\u2550\u2550\u2550\u2550\u2550\u2550\u2550\u2550\u2550\u2550\u2550\u2550\u2550\u2550\u2550\u2550\u2550\u2550\u2550\u2550\u2550\u2550\u2550\u2550\u2550\u2550\u2550\u2550\u2550\u2550\u2550\u2550\u2550\u2550\u2550\u2550\u2550\u2550\u2550\u2550\u2550\u2550\u2550\u2550\u2550\u2550\u2550\u2550\u2550\u2550\u2550\u2550\u2550\u2550\u2550\u2550
    # Route 1 û POST /log-meal
    # \u2550\u2550\u2550\u2550\u2550\u2550\u2550\u2550\u2550\u2550\u2550\u2550\u2550\u2550\u2550\u2550\u2550\u2550\u2550\u2550\u2550\u2550\u2550\u2550\u2550\u2550\u2550\u2550\u2550\u2550\u2550\u2550\u2550\u2550\u2550\u2550\u2550\u2550\u2550\u2550\u2550\u2550\u2550\u2550\u2550\u2550\u2550\u2550\u2550\u2550\u2550\u2550\u2550\u2550\u2550\u2550\u2550\u2550\u2550\u2550\u2550\u2550\u2550\u2550\u2550\u2550\u2550\u2550\u2550\u2550\u2550\u2550\u2550\u2550\u2550\u2550\u2550\u2550
    
>   @app.post("/log-meal", summary="Log a meal via text and/or image")
     ^^^^^^^^^^^^^^^^^^^^^^^^^^^^^^^^^^^^^^^^^^^^^^^^^^^^^^^^^^^^^^^^^

main.py:95: 
_ _ _ _ _ _ _ _ _ _ _ _ _ _ _ _ _ _ _ _ _ _ _ _ _ _ _ _ _ _ _ _ _ _ _ _ _ _ _ _

func = <function log_meal at 0x00000246C4C3CC20>

    def decorator(func: DecoratedCallable) -> DecoratedCallable:
>       self.add_api_route(
            path,
            func,
            response_model=response_model,
            status_code=status_code,
            tags=tags,
            dependencies=dependencies,
            summary=summary,
            description=description,
            response_description=response_description,
            responses=responses,
            deprecated=deprecated,
            methods=methods,
            operation_id=operation_id,
            response_model_include=response_model_include,
            response_model_exclude=response_model_exclude,
            response_model_by_alias=response_model_by_alias,
            response_model_exclude_unset=response_model_exclude_unset,
            response_model_exclude_defaults=response_model_exclude_defaults,
            response_model_exclude_none=response_model_exclude_none,
            include_in_schema=include_in_schema,
            response_class=response_class,
            name=name,
            callbacks=callbacks,
            openapi_extra=openapi_extra,
            generate_unique_id_function=generate_unique_id_function,
        )

C:\Users\lenovo\AppData\Roaming\Python\Python313\site-packages\fastapi\routing.py:1125: 
_ _ _ _ _ _ _ _ _ _ _ _ _ _ _ _ _ _ _ _ _ _ _ _ _ _ _ _ _ _ _ _ _ _ _ _ _ _ _ _

self = <fastapi.routing.APIRouter object at 0x00000246C4C14410>
path = '/log-meal', endpoint = <function log_meal at 0x00000246C4C3CC20>

    def add_api_route(
        self,
        path: str,
        endpoint: Callable[..., Any],
        *,
        response_model: Any = Default(None),
        status_code: int | None = None,
        tags: list[str | Enum] | None = None,
        dependencies: Sequence[params.Depends] | None = None,
        summary: str | None = None,
        description: str | None = None,
        response_description: str = "Successful Response",
        responses: dict[int | str, dict[str, Any]] | None = None,
        deprecated: bool | None = None,
        methods: set[str] | list[str] | None = None,
        operation_id: str | None = None,
        response_model_include: IncEx | None = None,
        response_model_exclude: IncEx | None = None,
        response_model_by_alias: bool = True,
        response_model_exclude_unset: bool = False,
        response_model_exclude_defaults: bool = False,
        response_model_exclude_none: bool = False,
        include_in_schema: bool = True,
        response_class: type[Response] | DefaultPlaceholder = Default(JSONResponse),
        name: str | None = None,
        route_class_override: type[APIRoute] | None = None,
        callbacks: list[BaseRoute] | None = None,
        openapi_extra: dict[str, Any] | None = None,
        generate_unique_id_function: Callable[[APIRoute], str]
        | DefaultPlaceholder = Default(generate_unique_id),
    ) -> None:
        route_class = route_class_override or self.route_class
        responses = responses or {}
        combined_responses = {**self.responses, **responses}
        current_response_class = get_value_or_default(
            response_class, self.default_response_class
        )
        current_tags = self.tags.copy()
        if tags:
            current_tags.extend(tags)
        current_dependencies = self.dependencies.copy()
        if dependencies:
            current_dependencies.extend(dependencies)
        current_callbacks = self.callbacks.copy()
        if callbacks:
            current_callbacks.extend(callbacks)
        current_generate_unique_id = get_value_or_default(
            generate_unique_id_function, self.generate_unique_id_function
        )
>       route = route_class(
            self.prefix + path,
            endpoint=endpoint,
            response_model=response_model,
            status_code=status_code,
            tags=current_tags,
            dependencies=current_dependencies,
            summary=summary,
            description=description,
            response_description=response_description,
            responses=combined_responses,
            deprecated=deprecated or self.deprecated,
            methods=methods,
            operation_id=operation_id,
            response_model_include=response_model_include,
            response_model_exclude=response_model_exclude,
            response_model_by_alias=response_model_by_alias,
            response_model_exclude_unset=response_model_exclude_unset,
            response_model_exclude_defaults=response_model_exclude_defaults,
            response_model_exclude_none=response_model_exclude_none,
            include_in_schema=include_in_schema and self.include_in_schema,
            response_class=current_response_class,
            name=name,
            dependency_overrides_provider=self.dependency_overrides_provider,
            callbacks=current_callbacks,
            openapi_extra=openapi_extra,
            generate_unique_id_function=current_generate_unique_id,
        )

C:\Users\lenovo\AppData\Roaming\Python\Python313\site-packages\fastapi\routing.py:1064: 
_ _ _ _ _ _ _ _ _ _ _ _ _ _ _ _ _ _ _ _ _ _ _ _ _ _ _ _ _ _ _ _ _ _ _ _ _ _ _ _

self = APIRoute(path='/log-meal', name='log_meal', methods=['POST'])
path = '/log-meal', endpoint = <function log_meal at 0x00000246C4C3CC20>

    def __init__(
        self,
        path: str,
        endpoint: Callable[..., Any],
        *,
        response_model: Any = Default(None),
        status_code: int | None = None,
        tags: list[str | Enum] | None = None,
        dependencies: Sequence[params.Depends] | None = None,
        summary: str | None = None,
        description: str | None = None,
        response_description: str = "Successful Response",
        responses: dict[int | str, dict[str, Any]] | None = None,
        deprecated: bool | None = None,
        name: str | None = None,
        methods: set[str] | list[str] | None = None,
        operation_id: str | None = None,
        response_model_include: IncEx | None = None,
        response_model_exclude: IncEx | None = None,
        response_model_by_alias: bool = True,
        response_model_exclude_unset: bool = False,
        response_model_exclude_defaults: bool = False,
        response_model_exclude_none: bool = False,
        include_in_schema: bool = True,
        response_class: type[Response] | DefaultPlaceholder = Default(JSONResponse),
        dependency_overrides_provider: Any | None = None,
        callbacks: list[BaseRoute] | None = None,
        openapi_extra: dict[str, Any] | None = None,
        generate_unique_id_function: Callable[["APIRoute"], str]
        | DefaultPlaceholder = Default(generate_unique_id),
    ) -> None:
        self.path = path
        self.endpoint = endpoint
        if isinstance(response_model, DefaultPlaceholder):
            return_annotation = get_typed_return_annotation(endpoint)
            if lenient_issubclass(return_annotation, Response):
                response_model = None
            else:
                response_model = return_annotation
        self.response_model = response_model
        self.summary = summary
        self.response_description = response_description
        self.deprecated = deprecated
        self.operation_id = operation_id
        self.response_model_include = response_model_include
        self.response_model_exclude = response_model_exclude
        self.response_model_by_alias = response_model_by_alias
        self.response_model_exclude_unset = response_model_exclude_unset
        self.response_model_exclude_defaults = response_model_exclude_defaults
        self.response_model_exclude_none = response_model_exclude_none
        self.include_in_schema = include_in_schema
        self.response_class = response_class
        self.dependency_overrides_provider = dependency_overrides_provider
        self.callbacks = callbacks
        self.openapi_extra = openapi_extra
        self.generate_unique_id_function = generate_unique_id_function
        self.tags = tags or []
        self.responses = responses or {}
        self.name = get_name(endpoint) if name is None else name
        self.path_regex, self.path_format, self.param_convertors = compile_path(path)
        if methods is None:
            methods = ["GET"]
        self.methods: set[str] = {method.upper() for method in methods}
        if isinstance(generate_unique_id_function, DefaultPlaceholder):
            current_generate_unique_id: Callable[[APIRoute], str] = (
                generate_unique_id_function.value
            )
        else:
            current_generate_unique_id = generate_unique_id_function
        self.unique_id = self.operation_id or current_generate_unique_id(self)
        # normalize enums e.g. http.HTTPStatus
        if isinstance(status_code, IntEnum):
            status_code = int(status_code)
        self.status_code = status_code
        if self.response_model:
            assert is_body_allowed_for_status_code(status_code), (
                f"Status code {status_code} must not have a response body"
            )
            response_name = "Response_" + self.unique_id
            self.response_field = create_model_field(
                name=response_name,
                type_=self.response_model,
                mode="serialization",
            )
        else:
            self.response_field = None  # type: ignore
        self.dependencies = list(dependencies or [])
        self.description = description or inspect.cleandoc(self.endpoint.__doc__ or "")
        # if a "form feed" character (page break) is found in the description text,
        # truncate description text to the content preceding the first "form feed"
        self.description = self.description.split("\f")[0].strip()
        response_fields = {}
        for additional_status_code, response in self.responses.items():
            assert isinstance(response, dict), "An additional response must be a dict"
            model = response.get("model")
            if model:
                assert is_body_allowed_for_status_code(additional_status_code), (
                    f"Status code {additional_status_code} must not have a response body"
                )
                response_name = f"Response_{additional_status_code}_{self.unique_id}"
                response_field = create_model_field(
                    name=response_name, type_=model, mode="serialization"
                )
                response_fields[additional_status_code] = response_field
        if response_fields:
            self.response_fields: dict[int | str, ModelField] = response_fields
        else:
            self.response_fields = {}
    
        assert callable(endpoint), "An endpoint must be a callable"
>       self.dependant = get_dependant(
            path=self.path_format, call=self.endpoint, scope="function"
        )

C:\Users\lenovo\AppData\Roaming\Python\Python313\site-packages\fastapi\routing.py:665: 
_ _ _ _ _ _ _ _ _ _ _ _ _ _ _ _ _ _ _ _ _ _ _ _ _ _ _ _ _ _ _ _ _ _ _ _ _ _ _ _

    def get_dependant(
        *,
        path: str,
        call: Callable[..., Any],
        name: str | None = None,
        own_oauth_scopes: list[str] | None = None,
        parent_oauth_scopes: list[str] | None = None,
        use_cache: bool = True,
        scope: Literal["function", "request"] | None = None,
    ) -> Dependant:
        dependant = Dependant(
            call=call,
            name=name,
            path=path,
            use_cache=use_cache,
            scope=scope,
            own_oauth_scopes=own_oauth_scopes,
            parent_oauth_scopes=parent_oauth_scopes,
        )
        current_scopes = (parent_oauth_scopes or []) + (own_oauth_scopes or [])
        path_param_names = get_path_param_names(path)
        endpoint_signature = get_typed_signature(call)
        signature_params = endpoint_signature.parameters
        for param_name, param in signature_params.items():
            is_path_param = param_name in path_param_names
>           param_details = analyze_param(
                param_name=param_name,
                annotation=param.annotation,
                value=param.default,
                is_path_param=is_path_param,
            )

C:\Users\lenovo\AppData\Roaming\Python\Python313\site-packages\fastapi\dependencies\utils.py:279: 
_ _ _ _ _ _ _ _ _ _ _ _ _ _ _ _ _ _ _ _ _ _ _ _ _ _ _ _ _ _ _ _ _ _ _ _ _ _ _ _

    def analyze_param(
        *,
        param_name: str,
        annotation: Any,
        value: Any,
        is_path_param: bool,
    ) -> ParamDetails:
        field_info = None
        depends = None
        type_annotation: Any = Any
        use_annotation: Any = Any
        if is_typealiastype(annotation):
            # unpack in case PEP 695 type syntax is used
            annotation = annotation.__value__
        if annotation is not inspect.Signature.empty:
            use_annotation = annotation
            type_annotation = annotation
        # Extract Annotated info
        if get_origin(use_annotation) is Annotated:
            annotated_args = get_args(annotation)
            type_annotation = annotated_args[0]
            fastapi_annotations = [
                arg
                for arg in annotated_args[1:]
                if isinstance(arg, (FieldInfo, params.Depends))
            ]
            fastapi_specific_annotations = [
                arg
                for arg in fastapi_annotations
                if isinstance(
                    arg,
                    (
                        params.Param,
                        params.Body,
                        params.Depends,
                    ),
                )
            ]
            if fastapi_specific_annotations:
                fastapi_annotation: FieldInfo | params.Depends | None = (
                    fastapi_specific_annotations[-1]
                )
            else:
                fastapi_annotation = None
            # Set default for Annotated FieldInfo
            if isinstance(fastapi_annotation, FieldInfo):
                # Copy `field_info` because we mutate `field_info.default` below.
                field_info = copy_field_info(
                    field_info=fastapi_annotation,
                    annotation=use_annotation,
                )
                assert (
                    field_info.default == Undefined or field_info.default == RequiredParam
                ), (
                    f"`{field_info.__class__.__name__}` default value cannot be set in"
                    f" `Annotated` for {param_name!r}. Set the default value with `=` instead."
                )
                if value is not inspect.Signature.empty:
                    assert not is_path_param, "Path parameters cannot have default values"
                    field_info.default = value
                else:
                    field_info.default = RequiredParam
            # Get Annotated Depends
            elif isinstance(fastapi_annotation, params.Depends):
                depends = fastapi_annotation
        # Get Depends from default value
        if isinstance(value, params.Depends):
            assert depends is None, (
                "Cannot specify `Depends` in `Annotated` and default value"
                f" together for {param_name!r}"
            )
            assert field_info is None, (
                "Cannot specify a FastAPI annotation in `Annotated` and `Depends` as a"
                f" default value together for {param_name!r}"
            )
            depends = value
        # Get FieldInfo from default value
        elif isinstance(value, FieldInfo):
            assert field_info is None, (
                "Cannot specify FastAPI annotations in `Annotated` and default value"
                f" together for {param_name!r}"
            )
            field_info = value
            if isinstance(field_info, FieldInfo):
                field_info.annotation = type_annotation
    
        # Get Depends from type annotation
        if depends is not None and depends.dependency is None:
            # Copy `depends` before mutating it
            depends = copy(depends)
            depends = dataclasses.replace(depends, dependency=type_annotation)
    
        # Handle non-param type annotations like Request
        # Only apply special handling when there's no explicit Depends - if there's a Depends,
        # the dependency will be called and its return value used instead of the special injection
        if depends is None and lenient_issubclass(
            type_annotation,
            (
                Request,
                WebSocket,
                HTTPConnection,
                Response,
                StarletteBackgroundTasks,
                SecurityScopes,
            ),
        ):
            assert field_info is None, (
                f"Cannot specify FastAPI annotation for type {type_annotation!r}"
            )
        # Handle default assignations, neither field_info nor depends was not found in Annotated nor default value
        elif field_info is None and depends is None:
            default_value = value if value is not inspect.Signature.empty else RequiredParam
            if is_path_param:
                # We might check here that `default_value is RequiredParam`, but the fact is that the same
                # parameter might sometimes be a path parameter and sometimes not. See
                # `tests/test_infer_param_optionality.py` for an example.
                field_info = params.Path(annotation=use_annotation)
            elif is_uploadfile_or_nonable_uploadfile_annotation(
                type_annotation
            ) or is_uploadfile_sequence_annotation(type_annotation):
                field_info = params.File(annotation=use_annotation, default=default_value)
            elif not field_annotation_is_scalar(annotation=type_annotation):
                field_info = params.Body(annotation=use_annotation, default=default_value)
            else:
                field_info = params.Query(annotation=use_annotation, default=default_value)
    
        field = None
        # It's a field_info, not a dependency
        if field_info is not None:
            # Handle field_info.in_
            if is_path_param:
                assert isinstance(field_info, params.Path), (
                    f"Cannot use `{field_info.__class__.__name__}` for path param"
                    f" {param_name!r}"
                )
            elif (
                isinstance(field_info, params.Param)
                and getattr(field_info, "in_", None) is None
            ):
                field_info.in_ = params.ParamTypes.query
            use_annotation_from_field_info = use_annotation
            if isinstance(field_info, params.Form):
>               ensure_multipart_is_installed()

C:\Users\lenovo\AppData\Roaming\Python\Python313\site-packages\fastapi\dependencies\utils.py:502: 
_ _ _ _ _ _ _ _ _ _ _ _ _ _ _ _ _ _ _ _ _ _ _ _ _ _ _ _ _ _ _ _ _ _ _ _ _ _ _ _

    def ensure_multipart_is_installed() -> None:
        try:
            from python_multipart import __version__
    
            # Import an attribute that can be mocked/deleted in testing
            assert __version__ > "0.0.12"
        except (ImportError, AssertionError):
            try:
                # __version__ is available in both multiparts, and can be mocked
                from multipart import __version__  # type: ignore[no-redef,import-untyped]
    
                assert __version__
                try:
                    # parse_options_header is only available in the right multipart
                    from multipart.multipart import (  # type: ignore[import-untyped]
                        parse_options_header,
                    )
    
                    assert parse_options_header
                except ImportError:
                    logger.error(multipart_incorrect_install_error)
                    raise RuntimeError(multipart_incorrect_install_error) from None
            except ImportError:
                logger.error(multipart_not_installed_error)
>               raise RuntimeError(multipart_not_installed_error) from None
E               RuntimeError: Form data requires "python-multipart" to be installed. 
E               You can install "python-multipart" with: 
E               
E               pip install python-multipart

C:\Users\lenovo\AppData\Roaming\Python\Python313\site-packages\fastapi\dependencies\utils.py:108: RuntimeError
----------------------------- Captured log setup ------------------------------
ERROR    fastapi:utils.py:107 Form data requires "python-multipart" to be installed. 
You can install "python-multipart" with: 

pip install python-multipart
___ ERROR at setup of TestDailySummary.test_response_has_date_and_log_keys ____

    @pytest.fixture
    def client():
        """TestClient with mocked Supabase and mocked LangGraph pipeline."""
        mock_sb = _make_mock_supabase()
    
        # Mock nutrition_graph.invoke for /log-meal
        mock_graph_result = {
            "nutrition": {"calories": 350.0, "protein": 18.0, "carbs": 58.0, "fat": 8.0},
            "recommendation": "Try dal and roti for dinner!",
        }
        mock_graph = MagicMock()
        mock_graph.invoke.return_value = mock_graph_result
    
>       with patch("main.get_supabase_client", return_value=mock_sb):
             ^^^^^^^^^^^^^^^^^^^^^^^^^^^^^^^^^^^^^^^^^^^^^^^^^^^^^^^

tests\test_routes.py:95: 
_ _ _ _ _ _ _ _ _ _ _ _ _ _ _ _ _ _ _ _ _ _ _ _ _ _ _ _ _ _ _ _ _ _ _ _ _ _ _ _

self = <unittest.mock._patch object at 0x00000246C4CCAEB0>

    def __enter__(self):
        """Perform the patch."""
        if self.is_started:
            raise RuntimeError("Patch is already started")
    
        new, spec, spec_set = self.new, self.spec, self.spec_set
        autospec, kwargs = self.autospec, self.kwargs
        new_callable = self.new_callable
>       self.target = self.getter()
                      ^^^^^^^^^^^^^

C:\Python313\Lib\unittest\mock.py:1479: 
_ _ _ _ _ _ _ _ _ _ _ _ _ _ _ _ _ _ _ _ _ _ _ _ _ _ _ _ _ _ _ _ _ _ _ _ _ _ _ _

name = 'main'

    def resolve_name(name):
        """
        Resolve a name to an object.
    
        It is expected that `name` will be a string in one of the following
        formats, where W is shorthand for a valid Python identifier and dot stands
        for a literal period in these pseudo-regexes:
    
        W(.W)*
        W(.W)*:(W(.W)*)?
    
        The first form is intended for backward compatibility only. It assumes that
        some part of the dotted name is a package, and the rest is an object
        somewhere within that package, possibly nested inside other objects.
        Because the place where the package stops and the object hierarchy starts
        can't be inferred by inspection, repeated attempts to import must be done
        with this form.
    
        In the second form, the caller makes the division point clear through the
        provision of a single colon: the dotted name to the left of the colon is a
        package to be imported, and the dotted name to the right is the object
        hierarchy within that package. Only one import is needed in this form. If
        it ends with the colon, then a module object is returned.
    
        The function will return an object (which might be a module), or raise one
        of the following exceptions:
    
        ValueError - if `name` isn't in a recognised format
        ImportError - if an import failed when it shouldn't have
        AttributeError - if a failure occurred when traversing the object hierarchy
                         within the imported package to get to the desired object.
        """
        global _NAME_PATTERN
        if _NAME_PATTERN is None:
            # Lazy import to speedup Python startup time
            import re
            dotted_words = r'(?!\d)(\w+)(\.(?!\d)(\w+))*'
            _NAME_PATTERN = re.compile(f'^(?P<pkg>{dotted_words})'
                                       f'(?P<cln>:(?P<obj>{dotted_words})?)?$',
                                       re.UNICODE)
    
        m = _NAME_PATTERN.match(name)
        if not m:
            raise ValueError(f'invalid format: {name!r}')
        gd = m.groupdict()
        if gd.get('cln'):
            # there is a colon - a one-step import is all that's needed
            mod = importlib.import_module(gd['pkg'])
            parts = gd.get('obj')
            parts = parts.split('.') if parts else []
        else:
            # no colon - have to iterate to find the package boundary
            parts = name.split('.')
            modname = parts.pop(0)
            # first part *must* be a module/package.
>           mod = importlib.import_module(modname)
                  ^^^^^^^^^^^^^^^^^^^^^^^^^^^^^^^^

C:\Python313\Lib\pkgutil.py:513: 
_ _ _ _ _ _ _ _ _ _ _ _ _ _ _ _ _ _ _ _ _ _ _ _ _ _ _ _ _ _ _ _ _ _ _ _ _ _ _ _

name = 'main', package = None

    def import_module(name, package=None):
        """Import a module.
    
        The 'package' argument is required when performing a relative import. It
        specifies the package to use as the anchor point from which to resolve the
        relative import to an absolute import.
    
        """
        level = 0
        if name.startswith('.'):
            if not package:
                raise TypeError("the 'package' argument is required to perform a "
                                f"relative import for {name!r}")
            for character in name:
                if character != '.':
                    break
                level += 1
>       return _bootstrap._gcd_import(name[level:], package, level)
               ^^^^^^^^^^^^^^^^^^^^^^^^^^^^^^^^^^^^^^^^^^^^^^^^^^^^

C:\Python313\Lib\importlib\__init__.py:88: 
_ _ _ _ _ _ _ _ _ _ _ _ _ _ _ _ _ _ _ _ _ _ _ _ _ _ _ _ _ _ _ _ _ _ _ _ _ _ _ _

name = 'main', package = None, level = 0

>   ???

<frozen importlib._bootstrap>:1387: 
_ _ _ _ _ _ _ _ _ _ _ _ _ _ _ _ _ _ _ _ _ _ _ _ _ _ _ _ _ _ _ _ _ _ _ _ _ _ _ _

name = 'main', import_ = <function _gcd_import at 0x00000246FDE604A0>

>   ???

<frozen importlib._bootstrap>:1360: 
_ _ _ _ _ _ _ _ _ _ _ _ _ _ _ _ _ _ _ _ _ _ _ _ _ _ _ _ _ _ _ _ _ _ _ _ _ _ _ _

name = 'main', import_ = <function _gcd_import at 0x00000246FDE604A0>

>   ???

<frozen importlib._bootstrap>:1331: 
_ _ _ _ _ _ _ _ _ _ _ _ _ _ _ _ _ _ _ _ _ _ _ _ _ _ _ _ _ _ _ _ _ _ _ _ _ _ _ _

spec = ModuleSpec(name='main', loader=<_frozen_importlib_external.SourceFileLoader object at 0x00000246C4CBF830>, origin='E:\\My Projects\\Nutrition app\\nutrition-tracker\\backend\\main.py')

>   ???

<frozen importlib._bootstrap>:935: 
_ _ _ _ _ _ _ _ _ _ _ _ _ _ _ _ _ _ _ _ _ _ _ _ _ _ _ _ _ _ _ _ _ _ _ _ _ _ _ _

self = <_frozen_importlib_external.SourceFileLoader object at 0x00000246C4CBF830>
module = <module 'main' from 'E:\\My Projects\\Nutrition app\\nutrition-tracker\\backend\\main.py'>

>   ???

<frozen importlib._bootstrap_external>:1026: 
_ _ _ _ _ _ _ _ _ _ _ _ _ _ _ _ _ _ _ _ _ _ _ _ _ _ _ _ _ _ _ _ _ _ _ _ _ _ _ _

f = <built-in function exec>
args = (<code object <module> at 0x00000246BF544420, file "E:\My Projects\Nutrition app\nutrition-tracker\backend\main.py", l...RSMiddleware'>, 'FastAPI': <class 'fastapi.applications.FastAPI'>, 'File': <function File at 0x00000246837B4AE0>, ...})
kwds = {}

>   ???

<frozen importlib._bootstrap>:488: 
_ _ _ _ _ _ _ _ _ _ _ _ _ _ _ _ _ _ _ _ _ _ _ _ _ _ _ _ _ _ _ _ _ _ _ _ _ _ _ _

    """
    Main entry point for the Nutrition Tracker API (FastAPI).
    
    Routes defined here:
      POST /log-meal          û Accepts text/image input, runs nutrition_graph, returns nutrition+recommendation
      POST /log-exercise      û Logs an exercise session and returns kcal burned via MET-based formula
      GET  /daily-summary     û Returns today's daily_logs row joined with daily_goals for a user
      GET  /leaderboard       û Returns all six users ranked by today's calorie intake (desc)
      POST /calculate-goals   û Computes macro/calorie goals via MifflinûSt Jeor and upserts to daily_goals
      GET  /suggestions       û Returns the latest recommendation stored in daily_logs for a user
    
    Supabase project reference: hyejucwqghkujckoshbr
    """
    
    import os
    import io
    import math
    import tempfile
    from datetime import date
    from typing import Optional
    
    from fastapi import FastAPI, HTTPException, UploadFile, File, Form, Query
    from fastapi.middleware.cors import CORSMiddleware
    from pydantic import BaseModel
    from dotenv import load_dotenv
    
    # \u2500\u2500 Load environment variables \u2500\u2500\u2500\u2500\u2500\u2500\u2500\u2500\u2500\u2500\u2500\u2500\u2500\u2500\u2500\u2500\u2500\u2500\u2500\u2500\u2500\u2500\u2500\u2500\u2500\u2500\u2500\u2500\u2500\u2500\u2500\u2500\u2500\u2500\u2500\u2500\u2500\u2500\u2500\u2500\u2500\u2500\u2500\u2500\u2500\u2500\u2500\u2500\u2500
    _dotenv_path = os.path.join(os.path.dirname(__file__), ".env")
    load_dotenv(dotenv_path=_dotenv_path)
    
    # \u2500\u2500 Supabase client \u2500\u2500\u2500\u2500\u2500\u2500\u2500\u2500\u2500\u2500\u2500\u2500\u2500\u2500\u2500\u2500\u2500\u2500\u2500\u2500\u2500\u2500\u2500\u2500\u2500\u2500\u2500\u2500\u2500\u2500\u2500\u2500\u2500\u2500\u2500\u2500\u2500\u2500\u2500\u2500\u2500\u2500\u2500\u2500\u2500\u2500\u2500\u2500\u2500\u2500\u2500\u2500\u2500\u2500\u2500\u2500\u2500\u2500\u2500\u2500
    from database.supabase_client import get_supabase_client
    
    # \u2500\u2500 LangGraph nutrition pipeline \u2500\u2500\u2500\u2500\u2500\u2500\u2500\u2500\u2500\u2500\u2500\u2500\u2500\u2500\u2500\u2500\u2500\u2500\u2500\u2500\u2500\u2500\u2500\u2500\u2500\u2500\u2500\u2500\u2500\u2500\u2500\u2500\u2500\u2500\u2500\u2500\u2500\u2500\u2500\u2500\u2500\u2500\u2500\u2500\u2500\u2500\u2500
    from agents.graph import nutrition_graph
    from agents.state import default_nutrition_state
    
    # \u2500\u2500 FastAPI app \u2500\u2500\u2500\u2500\u2500\u2500\u2500\u2500\u2500\u2500\u2500\u2500\u2500\u2500\u2500\u2500\u2500\u2500\u2500\u2500\u2500\u2500\u2500\u2500\u2500\u2500\u2500\u2500\u2500\u2500\u2500\u2500\u2500\u2500\u2500\u2500\u2500\u2500\u2500\u2500\u2500\u2500\u2500\u2500\u2500\u2500\u2500\u2500\u2500\u2500\u2500\u2500\u2500\u2500\u2500\u2500\u2500\u2500\u2500\u2500\u2500\u2500\u2500\u2500
    app = FastAPI(
        title="Nutrition Tracker API",
        description=(
            "Backend API for the AI-powered Nutrition Tracker. "
            "Handles meal logging via LangGraph, exercise tracking, "
            "daily summaries, leaderboards, goal calculation, and suggestion retrieval. "
            "Supabase project: hyejucwqghkujckoshbr"
        ),
        version="1.0.0",
    )
    
    # \u2500\u2500 CORS (local prototype \u2014 allow everything) \u2500\u2500\u2500\u2500\u2500\u2500\u2500\u2500\u2500\u2500\u2500\u2500\u2500\u2500\u2500\u2500\u2500\u2500\u2500\u2500\u2500\u2500\u2500\u2500\u2500\u2500\u2500\u2500\u2500\u2500\u2500\u2500\u2500\u2500
    app.add_middleware(
        CORSMiddleware,
        allow_origins=["*"],
        allow_credentials=True,
        allow_methods=["*"],
        allow_headers=["*"],
    )
    
    # \u2500\u2500 Global: preloaded Keras food-classifier model \u2500\u2500\u2500\u2500\u2500\u2500\u2500\u2500\u2500\u2500\u2500\u2500\u2500\u2500\u2500\u2500\u2500\u2500\u2500\u2500\u2500\u2500\u2500\u2500\u2500\u2500\u2500\u2500\u2500\u2500
    _food_classifier = None   # set during startup; None when model file is absent
    
    
    @app.on_event("startup")
    async def startup_event():
        """
        Runs once when the server boots.
        1. Ensures .env is loaded (redundant but defensive).
        2. Preloads the Keras food-classifier so the first request doesn't pay the
           cold-start penalty.  If the model file is missing, a warning is printed
           and the server continues ù routes that don't use the classifier still work.
        """
        global _food_classifier
    
        load_dotenv(dotenv_path=_dotenv_path)
    
        model_path = os.path.join(os.path.dirname(__file__), "models", "food_classifier.keras")
        if os.path.exists(model_path):
            try:
                import tensorflow as tf  # imported lazily so the app starts without TF if unneeded
                _food_classifier = tf.keras.models.load_model(model_path)
                print(f"[startup] Food classifier loaded from '{model_path}'.")
            except Exception as exc:
                print(f"[startup] WARNING û could not load food classifier: {exc}")
        else:
            print(
                f"[startup] WARNING û model file not found at '{model_path}'. "
                "Image-based food classification will be unavailable."
            )
    
    
    # \u2550\u2550\u2550\u2550\u2550\u2550\u2550\u2550\u2550\u2550\u2550\u2550\u2550\u2550\u2550\u2550\u2550\u2550\u2550\u2550\u2550\u2550\u2550\u2550\u2550\u2550\u2550\u2550\u2550\u2550\u2550\u2550\u2550\u2550\u2550\u2550\u2550\u2550\u2550\u2550\u2550\u2550\u2550\u2550\u2550\u2550\u2550\u2550\u2550\u2550\u2550\u2550\u2550\u2550\u2550\u2550\u2550\u2550\u2550\u2550\u2550\u2550\u2550\u2550\u2550\u2550\u2550\u2550\u2550\u2550\u2550\u2550\u2550\u2550\u2550\u2550\u2550\u2550
    # Route 1 û POST /log-meal
    # \u2550\u2550\u2550\u2550\u2550\u2550\u2550\u2550\u2550\u2550\u2550\u2550\u2550\u2550\u2550\u2550\u2550\u2550\u2550\u2550\u2550\u2550\u2550\u2550\u2550\u2550\u2550\u2550\u2550\u2550\u2550\u2550\u2550\u2550\u2550\u2550\u2550\u2550\u2550\u2550\u2550\u2550\u2550\u2550\u2550\u2550\u2550\u2550\u2550\u2550\u2550\u2550\u2550\u2550\u2550\u2550\u2550\u2550\u2550\u2550\u2550\u2550\u2550\u2550\u2550\u2550\u2550\u2550\u2550\u2550\u2550\u2550\u2550\u2550\u2550\u2550\u2550\u2550
    
>   @app.post("/log-meal", summary="Log a meal via text and/or image")
     ^^^^^^^^^^^^^^^^^^^^^^^^^^^^^^^^^^^^^^^^^^^^^^^^^^^^^^^^^^^^^^^^^

main.py:95: 
_ _ _ _ _ _ _ _ _ _ _ _ _ _ _ _ _ _ _ _ _ _ _ _ _ _ _ _ _ _ _ _ _ _ _ _ _ _ _ _

func = <function log_meal at 0x00000246C4C3DD00>

    def decorator(func: DecoratedCallable) -> DecoratedCallable:
>       self.add_api_route(
            path,
            func,
            response_model=response_model,
            status_code=status_code,
            tags=tags,
            dependencies=dependencies,
            summary=summary,
            description=description,
            response_description=response_description,
            responses=responses,
            deprecated=deprecated,
            methods=methods,
            operation_id=operation_id,
            response_model_include=response_model_include,
            response_model_exclude=response_model_exclude,
            response_model_by_alias=response_model_by_alias,
            response_model_exclude_unset=response_model_exclude_unset,
            response_model_exclude_defaults=response_model_exclude_defaults,
            response_model_exclude_none=response_model_exclude_none,
            include_in_schema=include_in_schema,
            response_class=response_class,
            name=name,
            callbacks=callbacks,
            openapi_extra=openapi_extra,
            generate_unique_id_function=generate_unique_id_function,
        )

C:\Users\lenovo\AppData\Roaming\Python\Python313\site-packages\fastapi\routing.py:1125: 
_ _ _ _ _ _ _ _ _ _ _ _ _ _ _ _ _ _ _ _ _ _ _ _ _ _ _ _ _ _ _ _ _ _ _ _ _ _ _ _

self = <fastapi.routing.APIRouter object at 0x00000246C4C17110>
path = '/log-meal', endpoint = <function log_meal at 0x00000246C4C3DD00>

    def add_api_route(
        self,
        path: str,
        endpoint: Callable[..., Any],
        *,
        response_model: Any = Default(None),
        status_code: int | None = None,
        tags: list[str | Enum] | None = None,
        dependencies: Sequence[params.Depends] | None = None,
        summary: str | None = None,
        description: str | None = None,
        response_description: str = "Successful Response",
        responses: dict[int | str, dict[str, Any]] | None = None,
        deprecated: bool | None = None,
        methods: set[str] | list[str] | None = None,
        operation_id: str | None = None,
        response_model_include: IncEx | None = None,
        response_model_exclude: IncEx | None = None,
        response_model_by_alias: bool = True,
        response_model_exclude_unset: bool = False,
        response_model_exclude_defaults: bool = False,
        response_model_exclude_none: bool = False,
        include_in_schema: bool = True,
        response_class: type[Response] | DefaultPlaceholder = Default(JSONResponse),
        name: str | None = None,
        route_class_override: type[APIRoute] | None = None,
        callbacks: list[BaseRoute] | None = None,
        openapi_extra: dict[str, Any] | None = None,
        generate_unique_id_function: Callable[[APIRoute], str]
        | DefaultPlaceholder = Default(generate_unique_id),
    ) -> None:
        route_class = route_class_override or self.route_class
        responses = responses or {}
        combined_responses = {**self.responses, **responses}
        current_response_class = get_value_or_default(
            response_class, self.default_response_class
        )
        current_tags = self.tags.copy()
        if tags:
            current_tags.extend(tags)
        current_dependencies = self.dependencies.copy()
        if dependencies:
            current_dependencies.extend(dependencies)
        current_callbacks = self.callbacks.copy()
        if callbacks:
            current_callbacks.extend(callbacks)
        current_generate_unique_id = get_value_or_default(
            generate_unique_id_function, self.generate_unique_id_function
        )
>       route = route_class(
            self.prefix + path,
            endpoint=endpoint,
            response_model=response_model,
            status_code=status_code,
            tags=current_tags,
            dependencies=current_dependencies,
            summary=summary,
            description=description,
            response_description=response_description,
            responses=combined_responses,
            deprecated=deprecated or self.deprecated,
            methods=methods,
            operation_id=operation_id,
            response_model_include=response_model_include,
            response_model_exclude=response_model_exclude,
            response_model_by_alias=response_model_by_alias,
            response_model_exclude_unset=response_model_exclude_unset,
            response_model_exclude_defaults=response_model_exclude_defaults,
            response_model_exclude_none=response_model_exclude_none,
            include_in_schema=include_in_schema and self.include_in_schema,
            response_class=current_response_class,
            name=name,
            dependency_overrides_provider=self.dependency_overrides_provider,
            callbacks=current_callbacks,
            openapi_extra=openapi_extra,
            generate_unique_id_function=current_generate_unique_id,
        )

C:\Users\lenovo\AppData\Roaming\Python\Python313\site-packages\fastapi\routing.py:1064: 
_ _ _ _ _ _ _ _ _ _ _ _ _ _ _ _ _ _ _ _ _ _ _ _ _ _ _ _ _ _ _ _ _ _ _ _ _ _ _ _

self = APIRoute(path='/log-meal', name='log_meal', methods=['POST'])
path = '/log-meal', endpoint = <function log_meal at 0x00000246C4C3DD00>

    def __init__(
        self,
        path: str,
        endpoint: Callable[..., Any],
        *,
        response_model: Any = Default(None),
        status_code: int | None = None,
        tags: list[str | Enum] | None = None,
        dependencies: Sequence[params.Depends] | None = None,
        summary: str | None = None,
        description: str | None = None,
        response_description: str = "Successful Response",
        responses: dict[int | str, dict[str, Any]] | None = None,
        deprecated: bool | None = None,
        name: str | None = None,
        methods: set[str] | list[str] | None = None,
        operation_id: str | None = None,
        response_model_include: IncEx | None = None,
        response_model_exclude: IncEx | None = None,
        response_model_by_alias: bool = True,
        response_model_exclude_unset: bool = False,
        response_model_exclude_defaults: bool = False,
        response_model_exclude_none: bool = False,
        include_in_schema: bool = True,
        response_class: type[Response] | DefaultPlaceholder = Default(JSONResponse),
        dependency_overrides_provider: Any | None = None,
        callbacks: list[BaseRoute] | None = None,
        openapi_extra: dict[str, Any] | None = None,
        generate_unique_id_function: Callable[["APIRoute"], str]
        | DefaultPlaceholder = Default(generate_unique_id),
    ) -> None:
        self.path = path
        self.endpoint = endpoint
        if isinstance(response_model, DefaultPlaceholder):
            return_annotation = get_typed_return_annotation(endpoint)
            if lenient_issubclass(return_annotation, Response):
                response_model = None
            else:
                response_model = return_annotation
        self.response_model = response_model
        self.summary = summary
        self.response_description = response_description
        self.deprecated = deprecated
        self.operation_id = operation_id
        self.response_model_include = response_model_include
        self.response_model_exclude = response_model_exclude
        self.response_model_by_alias = response_model_by_alias
        self.response_model_exclude_unset = response_model_exclude_unset
        self.response_model_exclude_defaults = response_model_exclude_defaults
        self.response_model_exclude_none = response_model_exclude_none
        self.include_in_schema = include_in_schema
        self.response_class = response_class
        self.dependency_overrides_provider = dependency_overrides_provider
        self.callbacks = callbacks
        self.openapi_extra = openapi_extra
        self.generate_unique_id_function = generate_unique_id_function
        self.tags = tags or []
        self.responses = responses or {}
        self.name = get_name(endpoint) if name is None else name
        self.path_regex, self.path_format, self.param_convertors = compile_path(path)
        if methods is None:
            methods = ["GET"]
        self.methods: set[str] = {method.upper() for method in methods}
        if isinstance(generate_unique_id_function, DefaultPlaceholder):
            current_generate_unique_id: Callable[[APIRoute], str] = (
                generate_unique_id_function.value
            )
        else:
            current_generate_unique_id = generate_unique_id_function
        self.unique_id = self.operation_id or current_generate_unique_id(self)
        # normalize enums e.g. http.HTTPStatus
        if isinstance(status_code, IntEnum):
            status_code = int(status_code)
        self.status_code = status_code
        if self.response_model:
            assert is_body_allowed_for_status_code(status_code), (
                f"Status code {status_code} must not have a response body"
            )
            response_name = "Response_" + self.unique_id
            self.response_field = create_model_field(
                name=response_name,
                type_=self.response_model,
                mode="serialization",
            )
        else:
            self.response_field = None  # type: ignore
        self.dependencies = list(dependencies or [])
        self.description = description or inspect.cleandoc(self.endpoint.__doc__ or "")
        # if a "form feed" character (page break) is found in the description text,
        # truncate description text to the content preceding the first "form feed"
        self.description = self.description.split("\f")[0].strip()
        response_fields = {}
        for additional_status_code, response in self.responses.items():
            assert isinstance(response, dict), "An additional response must be a dict"
            model = response.get("model")
            if model:
                assert is_body_allowed_for_status_code(additional_status_code), (
                    f"Status code {additional_status_code} must not have a response body"
                )
                response_name = f"Response_{additional_status_code}_{self.unique_id}"
                response_field = create_model_field(
                    name=response_name, type_=model, mode="serialization"
                )
                response_fields[additional_status_code] = response_field
        if response_fields:
            self.response_fields: dict[int | str, ModelField] = response_fields
        else:
            self.response_fields = {}
    
        assert callable(endpoint), "An endpoint must be a callable"
>       self.dependant = get_dependant(
            path=self.path_format, call=self.endpoint, scope="function"
        )

C:\Users\lenovo\AppData\Roaming\Python\Python313\site-packages\fastapi\routing.py:665: 
_ _ _ _ _ _ _ _ _ _ _ _ _ _ _ _ _ _ _ _ _ _ _ _ _ _ _ _ _ _ _ _ _ _ _ _ _ _ _ _

    def get_dependant(
        *,
        path: str,
        call: Callable[..., Any],
        name: str | None = None,
        own_oauth_scopes: list[str] | None = None,
        parent_oauth_scopes: list[str] | None = None,
        use_cache: bool = True,
        scope: Literal["function", "request"] | None = None,
    ) -> Dependant:
        dependant = Dependant(
            call=call,
            name=name,
            path=path,
            use_cache=use_cache,
            scope=scope,
            own_oauth_scopes=own_oauth_scopes,
            parent_oauth_scopes=parent_oauth_scopes,
        )
        current_scopes = (parent_oauth_scopes or []) + (own_oauth_scopes or [])
        path_param_names = get_path_param_names(path)
        endpoint_signature = get_typed_signature(call)
        signature_params = endpoint_signature.parameters
        for param_name, param in signature_params.items():
            is_path_param = param_name in path_param_names
>           param_details = analyze_param(
                param_name=param_name,
                annotation=param.annotation,
                value=param.default,
                is_path_param=is_path_param,
            )

C:\Users\lenovo\AppData\Roaming\Python\Python313\site-packages\fastapi\dependencies\utils.py:279: 
_ _ _ _ _ _ _ _ _ _ _ _ _ _ _ _ _ _ _ _ _ _ _ _ _ _ _ _ _ _ _ _ _ _ _ _ _ _ _ _

    def analyze_param(
        *,
        param_name: str,
        annotation: Any,
        value: Any,
        is_path_param: bool,
    ) -> ParamDetails:
        field_info = None
        depends = None
        type_annotation: Any = Any
        use_annotation: Any = Any
        if is_typealiastype(annotation):
            # unpack in case PEP 695 type syntax is used
            annotation = annotation.__value__
        if annotation is not inspect.Signature.empty:
            use_annotation = annotation
            type_annotation = annotation
        # Extract Annotated info
        if get_origin(use_annotation) is Annotated:
            annotated_args = get_args(annotation)
            type_annotation = annotated_args[0]
            fastapi_annotations = [
                arg
                for arg in annotated_args[1:]
                if isinstance(arg, (FieldInfo, params.Depends))
            ]
            fastapi_specific_annotations = [
                arg
                for arg in fastapi_annotations
                if isinstance(
                    arg,
                    (
                        params.Param,
                        params.Body,
                        params.Depends,
                    ),
                )
            ]
            if fastapi_specific_annotations:
                fastapi_annotation: FieldInfo | params.Depends | None = (
                    fastapi_specific_annotations[-1]
                )
            else:
                fastapi_annotation = None
            # Set default for Annotated FieldInfo
            if isinstance(fastapi_annotation, FieldInfo):
                # Copy `field_info` because we mutate `field_info.default` below.
                field_info = copy_field_info(
                    field_info=fastapi_annotation,
                    annotation=use_annotation,
                )
                assert (
                    field_info.default == Undefined or field_info.default == RequiredParam
                ), (
                    f"`{field_info.__class__.__name__}` default value cannot be set in"
                    f" `Annotated` for {param_name!r}. Set the default value with `=` instead."
                )
                if value is not inspect.Signature.empty:
                    assert not is_path_param, "Path parameters cannot have default values"
                    field_info.default = value
                else:
                    field_info.default = RequiredParam
            # Get Annotated Depends
            elif isinstance(fastapi_annotation, params.Depends):
                depends = fastapi_annotation
        # Get Depends from default value
        if isinstance(value, params.Depends):
            assert depends is None, (
                "Cannot specify `Depends` in `Annotated` and default value"
                f" together for {param_name!r}"
            )
            assert field_info is None, (
                "Cannot specify a FastAPI annotation in `Annotated` and `Depends` as a"
                f" default value together for {param_name!r}"
            )
            depends = value
        # Get FieldInfo from default value
        elif isinstance(value, FieldInfo):
            assert field_info is None, (
                "Cannot specify FastAPI annotations in `Annotated` and default value"
                f" together for {param_name!r}"
            )
            field_info = value
            if isinstance(field_info, FieldInfo):
                field_info.annotation = type_annotation
    
        # Get Depends from type annotation
        if depends is not None and depends.dependency is None:
            # Copy `depends` before mutating it
            depends = copy(depends)
            depends = dataclasses.replace(depends, dependency=type_annotation)
    
        # Handle non-param type annotations like Request
        # Only apply special handling when there's no explicit Depends - if there's a Depends,
        # the dependency will be called and its return value used instead of the special injection
        if depends is None and lenient_issubclass(
            type_annotation,
            (
                Request,
                WebSocket,
                HTTPConnection,
                Response,
                StarletteBackgroundTasks,
                SecurityScopes,
            ),
        ):
            assert field_info is None, (
                f"Cannot specify FastAPI annotation for type {type_annotation!r}"
            )
        # Handle default assignations, neither field_info nor depends was not found in Annotated nor default value
        elif field_info is None and depends is None:
            default_value = value if value is not inspect.Signature.empty else RequiredParam
            if is_path_param:
                # We might check here that `default_value is RequiredParam`, but the fact is that the same
                # parameter might sometimes be a path parameter and sometimes not. See
                # `tests/test_infer_param_optionality.py` for an example.
                field_info = params.Path(annotation=use_annotation)
            elif is_uploadfile_or_nonable_uploadfile_annotation(
                type_annotation
            ) or is_uploadfile_sequence_annotation(type_annotation):
                field_info = params.File(annotation=use_annotation, default=default_value)
            elif not field_annotation_is_scalar(annotation=type_annotation):
                field_info = params.Body(annotation=use_annotation, default=default_value)
            else:
                field_info = params.Query(annotation=use_annotation, default=default_value)
    
        field = None
        # It's a field_info, not a dependency
        if field_info is not None:
            # Handle field_info.in_
            if is_path_param:
                assert isinstance(field_info, params.Path), (
                    f"Cannot use `{field_info.__class__.__name__}` for path param"
                    f" {param_name!r}"
                )
            elif (
                isinstance(field_info, params.Param)
                and getattr(field_info, "in_", None) is None
            ):
                field_info.in_ = params.ParamTypes.query
            use_annotation_from_field_info = use_annotation
            if isinstance(field_info, params.Form):
>               ensure_multipart_is_installed()

C:\Users\lenovo\AppData\Roaming\Python\Python313\site-packages\fastapi\dependencies\utils.py:502: 
_ _ _ _ _ _ _ _ _ _ _ _ _ _ _ _ _ _ _ _ _ _ _ _ _ _ _ _ _ _ _ _ _ _ _ _ _ _ _ _

    def ensure_multipart_is_installed() -> None:
        try:
            from python_multipart import __version__
    
            # Import an attribute that can be mocked/deleted in testing
            assert __version__ > "0.0.12"
        except (ImportError, AssertionError):
            try:
                # __version__ is available in both multiparts, and can be mocked
                from multipart import __version__  # type: ignore[no-redef,import-untyped]
    
                assert __version__
                try:
                    # parse_options_header is only available in the right multipart
                    from multipart.multipart import (  # type: ignore[import-untyped]
                        parse_options_header,
                    )
    
                    assert parse_options_header
                except ImportError:
                    logger.error(multipart_incorrect_install_error)
                    raise RuntimeError(multipart_incorrect_install_error) from None
            except ImportError:
                logger.error(multipart_not_installed_error)
>               raise RuntimeError(multipart_not_installed_error) from None
E               RuntimeError: Form data requires "python-multipart" to be installed. 
E               You can install "python-multipart" with: 
E               
E               pip install python-multipart

C:\Users\lenovo\AppData\Roaming\Python\Python313\site-packages\fastapi\dependencies\utils.py:108: RuntimeError
----------------------------- Captured log setup ------------------------------
ERROR    fastapi:utils.py:107 Form data requires "python-multipart" to be installed. 
You can install "python-multipart" with: 

pip install python-multipart
_____ ERROR at setup of TestDailySummary.test_missing_user_id_returns_422 _____

    @pytest.fixture
    def client():
        """TestClient with mocked Supabase and mocked LangGraph pipeline."""
        mock_sb = _make_mock_supabase()
    
        # Mock nutrition_graph.invoke for /log-meal
        mock_graph_result = {
            "nutrition": {"calories": 350.0, "protein": 18.0, "carbs": 58.0, "fat": 8.0},
            "recommendation": "Try dal and roti for dinner!",
        }
        mock_graph = MagicMock()
        mock_graph.invoke.return_value = mock_graph_result
    
>       with patch("main.get_supabase_client", return_value=mock_sb):
             ^^^^^^^^^^^^^^^^^^^^^^^^^^^^^^^^^^^^^^^^^^^^^^^^^^^^^^^

tests\test_routes.py:95: 
_ _ _ _ _ _ _ _ _ _ _ _ _ _ _ _ _ _ _ _ _ _ _ _ _ _ _ _ _ _ _ _ _ _ _ _ _ _ _ _

self = <unittest.mock._patch object at 0x00000246C3707BD0>

    def __enter__(self):
        """Perform the patch."""
        if self.is_started:
            raise RuntimeError("Patch is already started")
    
        new, spec, spec_set = self.new, self.spec, self.spec_set
        autospec, kwargs = self.autospec, self.kwargs
        new_callable = self.new_callable
>       self.target = self.getter()
                      ^^^^^^^^^^^^^

C:\Python313\Lib\unittest\mock.py:1479: 
_ _ _ _ _ _ _ _ _ _ _ _ _ _ _ _ _ _ _ _ _ _ _ _ _ _ _ _ _ _ _ _ _ _ _ _ _ _ _ _

name = 'main'

    def resolve_name(name):
        """
        Resolve a name to an object.
    
        It is expected that `name` will be a string in one of the following
        formats, where W is shorthand for a valid Python identifier and dot stands
        for a literal period in these pseudo-regexes:
    
        W(.W)*
        W(.W)*:(W(.W)*)?
    
        The first form is intended for backward compatibility only. It assumes that
        some part of the dotted name is a package, and the rest is an object
        somewhere within that package, possibly nested inside other objects.
        Because the place where the package stops and the object hierarchy starts
        can't be inferred by inspection, repeated attempts to import must be done
        with this form.
    
        In the second form, the caller makes the division point clear through the
        provision of a single colon: the dotted name to the left of the colon is a
        package to be imported, and the dotted name to the right is the object
        hierarchy within that package. Only one import is needed in this form. If
        it ends with the colon, then a module object is returned.
    
        The function will return an object (which might be a module), or raise one
        of the following exceptions:
    
        ValueError - if `name` isn't in a recognised format
        ImportError - if an import failed when it shouldn't have
        AttributeError - if a failure occurred when traversing the object hierarchy
                         within the imported package to get to the desired object.
        """
        global _NAME_PATTERN
        if _NAME_PATTERN is None:
            # Lazy import to speedup Python startup time
            import re
            dotted_words = r'(?!\d)(\w+)(\.(?!\d)(\w+))*'
            _NAME_PATTERN = re.compile(f'^(?P<pkg>{dotted_words})'
                                       f'(?P<cln>:(?P<obj>{dotted_words})?)?$',
                                       re.UNICODE)
    
        m = _NAME_PATTERN.match(name)
        if not m:
            raise ValueError(f'invalid format: {name!r}')
        gd = m.groupdict()
        if gd.get('cln'):
            # there is a colon - a one-step import is all that's needed
            mod = importlib.import_module(gd['pkg'])
            parts = gd.get('obj')
            parts = parts.split('.') if parts else []
        else:
            # no colon - have to iterate to find the package boundary
            parts = name.split('.')
            modname = parts.pop(0)
            # first part *must* be a module/package.
>           mod = importlib.import_module(modname)
                  ^^^^^^^^^^^^^^^^^^^^^^^^^^^^^^^^

C:\Python313\Lib\pkgutil.py:513: 
_ _ _ _ _ _ _ _ _ _ _ _ _ _ _ _ _ _ _ _ _ _ _ _ _ _ _ _ _ _ _ _ _ _ _ _ _ _ _ _

name = 'main', package = None

    def import_module(name, package=None):
        """Import a module.
    
        The 'package' argument is required when performing a relative import. It
        specifies the package to use as the anchor point from which to resolve the
        relative import to an absolute import.
    
        """
        level = 0
        if name.startswith('.'):
            if not package:
                raise TypeError("the 'package' argument is required to perform a "
                                f"relative import for {name!r}")
            for character in name:
                if character != '.':
                    break
                level += 1
>       return _bootstrap._gcd_import(name[level:], package, level)
               ^^^^^^^^^^^^^^^^^^^^^^^^^^^^^^^^^^^^^^^^^^^^^^^^^^^^

C:\Python313\Lib\importlib\__init__.py:88: 
_ _ _ _ _ _ _ _ _ _ _ _ _ _ _ _ _ _ _ _ _ _ _ _ _ _ _ _ _ _ _ _ _ _ _ _ _ _ _ _

name = 'main', package = None, level = 0

>   ???

<frozen importlib._bootstrap>:1387: 
_ _ _ _ _ _ _ _ _ _ _ _ _ _ _ _ _ _ _ _ _ _ _ _ _ _ _ _ _ _ _ _ _ _ _ _ _ _ _ _

name = 'main', import_ = <function _gcd_import at 0x00000246FDE604A0>

>   ???

<frozen importlib._bootstrap>:1360: 
_ _ _ _ _ _ _ _ _ _ _ _ _ _ _ _ _ _ _ _ _ _ _ _ _ _ _ _ _ _ _ _ _ _ _ _ _ _ _ _

name = 'main', import_ = <function _gcd_import at 0x00000246FDE604A0>

>   ???

<frozen importlib._bootstrap>:1331: 
_ _ _ _ _ _ _ _ _ _ _ _ _ _ _ _ _ _ _ _ _ _ _ _ _ _ _ _ _ _ _ _ _ _ _ _ _ _ _ _

spec = ModuleSpec(name='main', loader=<_frozen_importlib_external.SourceFileLoader object at 0x00000246C4CBB710>, origin='E:\\My Projects\\Nutrition app\\nutrition-tracker\\backend\\main.py')

>   ???

<frozen importlib._bootstrap>:935: 
_ _ _ _ _ _ _ _ _ _ _ _ _ _ _ _ _ _ _ _ _ _ _ _ _ _ _ _ _ _ _ _ _ _ _ _ _ _ _ _

self = <_frozen_importlib_external.SourceFileLoader object at 0x00000246C4CBB710>
module = <module 'main' from 'E:\\My Projects\\Nutrition app\\nutrition-tracker\\backend\\main.py'>

>   ???

<frozen importlib._bootstrap_external>:1026: 
_ _ _ _ _ _ _ _ _ _ _ _ _ _ _ _ _ _ _ _ _ _ _ _ _ _ _ _ _ _ _ _ _ _ _ _ _ _ _ _

f = <built-in function exec>
args = (<code object <module> at 0x00000246BF53C700, file "E:\My Projects\Nutrition app\nutrition-tracker\backend\main.py", l...RSMiddleware'>, 'FastAPI': <class 'fastapi.applications.FastAPI'>, 'File': <function File at 0x00000246837B4AE0>, ...})
kwds = {}

>   ???

<frozen importlib._bootstrap>:488: 
_ _ _ _ _ _ _ _ _ _ _ _ _ _ _ _ _ _ _ _ _ _ _ _ _ _ _ _ _ _ _ _ _ _ _ _ _ _ _ _

    """
    Main entry point for the Nutrition Tracker API (FastAPI).
    
    Routes defined here:
      POST /log-meal          û Accepts text/image input, runs nutrition_graph, returns nutrition+recommendation
      POST /log-exercise      û Logs an exercise session and returns kcal burned via MET-based formula
      GET  /daily-summary     û Returns today's daily_logs row joined with daily_goals for a user
      GET  /leaderboard       û Returns all six users ranked by today's calorie intake (desc)
      POST /calculate-goals   û Computes macro/calorie goals via MifflinûSt Jeor and upserts to daily_goals
      GET  /suggestions       û Returns the latest recommendation stored in daily_logs for a user
    
    Supabase project reference: hyejucwqghkujckoshbr
    """
    
    import os
    import io
    import math
    import tempfile
    from datetime import date
    from typing import Optional
    
    from fastapi import FastAPI, HTTPException, UploadFile, File, Form, Query
    from fastapi.middleware.cors import CORSMiddleware
    from pydantic import BaseModel
    from dotenv import load_dotenv
    
    # \u2500\u2500 Load environment variables \u2500\u2500\u2500\u2500\u2500\u2500\u2500\u2500\u2500\u2500\u2500\u2500\u2500\u2500\u2500\u2500\u2500\u2500\u2500\u2500\u2500\u2500\u2500\u2500\u2500\u2500\u2500\u2500\u2500\u2500\u2500\u2500\u2500\u2500\u2500\u2500\u2500\u2500\u2500\u2500\u2500\u2500\u2500\u2500\u2500\u2500\u2500\u2500\u2500
    _dotenv_path = os.path.join(os.path.dirname(__file__), ".env")
    load_dotenv(dotenv_path=_dotenv_path)
    
    # \u2500\u2500 Supabase client \u2500\u2500\u2500\u2500\u2500\u2500\u2500\u2500\u2500\u2500\u2500\u2500\u2500\u2500\u2500\u2500\u2500\u2500\u2500\u2500\u2500\u2500\u2500\u2500\u2500\u2500\u2500\u2500\u2500\u2500\u2500\u2500\u2500\u2500\u2500\u2500\u2500\u2500\u2500\u2500\u2500\u2500\u2500\u2500\u2500\u2500\u2500\u2500\u2500\u2500\u2500\u2500\u2500\u2500\u2500\u2500\u2500\u2500\u2500\u2500
    from database.supabase_client import get_supabase_client
    
    # \u2500\u2500 LangGraph nutrition pipeline \u2500\u2500\u2500\u2500\u2500\u2500\u2500\u2500\u2500\u2500\u2500\u2500\u2500\u2500\u2500\u2500\u2500\u2500\u2500\u2500\u2500\u2500\u2500\u2500\u2500\u2500\u2500\u2500\u2500\u2500\u2500\u2500\u2500\u2500\u2500\u2500\u2500\u2500\u2500\u2500\u2500\u2500\u2500\u2500\u2500\u2500\u2500
    from agents.graph import nutrition_graph
    from agents.state import default_nutrition_state
    
    # \u2500\u2500 FastAPI app \u2500\u2500\u2500\u2500\u2500\u2500\u2500\u2500\u2500\u2500\u2500\u2500\u2500\u2500\u2500\u2500\u2500\u2500\u2500\u2500\u2500\u2500\u2500\u2500\u2500\u2500\u2500\u2500\u2500\u2500\u2500\u2500\u2500\u2500\u2500\u2500\u2500\u2500\u2500\u2500\u2500\u2500\u2500\u2500\u2500\u2500\u2500\u2500\u2500\u2500\u2500\u2500\u2500\u2500\u2500\u2500\u2500\u2500\u2500\u2500\u2500\u2500\u2500\u2500
    app = FastAPI(
        title="Nutrition Tracker API",
        description=(
            "Backend API for the AI-powered Nutrition Tracker. "
            "Handles meal logging via LangGraph, exercise tracking, "
            "daily summaries, leaderboards, goal calculation, and suggestion retrieval. "
            "Supabase project: hyejucwqghkujckoshbr"
        ),
        version="1.0.0",
    )
    
    # \u2500\u2500 CORS (local prototype \u2014 allow everything) \u2500\u2500\u2500\u2500\u2500\u2500\u2500\u2500\u2500\u2500\u2500\u2500\u2500\u2500\u2500\u2500\u2500\u2500\u2500\u2500\u2500\u2500\u2500\u2500\u2500\u2500\u2500\u2500\u2500\u2500\u2500\u2500\u2500\u2500
    app.add_middleware(
        CORSMiddleware,
        allow_origins=["*"],
        allow_credentials=True,
        allow_methods=["*"],
        allow_headers=["*"],
    )
    
    # \u2500\u2500 Global: preloaded Keras food-classifier model \u2500\u2500\u2500\u2500\u2500\u2500\u2500\u2500\u2500\u2500\u2500\u2500\u2500\u2500\u2500\u2500\u2500\u2500\u2500\u2500\u2500\u2500\u2500\u2500\u2500\u2500\u2500\u2500\u2500\u2500
    _food_classifier = None   # set during startup; None when model file is absent
    
    
    @app.on_event("startup")
    async def startup_event():
        """
        Runs once when the server boots.
        1. Ensures .env is loaded (redundant but defensive).
        2. Preloads the Keras food-classifier so the first request doesn't pay the
           cold-start penalty.  If the model file is missing, a warning is printed
           and the server continues ù routes that don't use the classifier still work.
        """
        global _food_classifier
    
        load_dotenv(dotenv_path=_dotenv_path)
    
        model_path = os.path.join(os.path.dirname(__file__), "models", "food_classifier.keras")
        if os.path.exists(model_path):
            try:
                import tensorflow as tf  # imported lazily so the app starts without TF if unneeded
                _food_classifier = tf.keras.models.load_model(model_path)
                print(f"[startup] Food classifier loaded from '{model_path}'.")
            except Exception as exc:
                print(f"[startup] WARNING û could not load food classifier: {exc}")
        else:
            print(
                f"[startup] WARNING û model file not found at '{model_path}'. "
                "Image-based food classification will be unavailable."
            )
    
    
    # \u2550\u2550\u2550\u2550\u2550\u2550\u2550\u2550\u2550\u2550\u2550\u2550\u2550\u2550\u2550\u2550\u2550\u2550\u2550\u2550\u2550\u2550\u2550\u2550\u2550\u2550\u2550\u2550\u2550\u2550\u2550\u2550\u2550\u2550\u2550\u2550\u2550\u2550\u2550\u2550\u2550\u2550\u2550\u2550\u2550\u2550\u2550\u2550\u2550\u2550\u2550\u2550\u2550\u2550\u2550\u2550\u2550\u2550\u2550\u2550\u2550\u2550\u2550\u2550\u2550\u2550\u2550\u2550\u2550\u2550\u2550\u2550\u2550\u2550\u2550\u2550\u2550\u2550
    # Route 1 û POST /log-meal
    # \u2550\u2550\u2550\u2550\u2550\u2550\u2550\u2550\u2550\u2550\u2550\u2550\u2550\u2550\u2550\u2550\u2550\u2550\u2550\u2550\u2550\u2550\u2550\u2550\u2550\u2550\u2550\u2550\u2550\u2550\u2550\u2550\u2550\u2550\u2550\u2550\u2550\u2550\u2550\u2550\u2550\u2550\u2550\u2550\u2550\u2550\u2550\u2550\u2550\u2550\u2550\u2550\u2550\u2550\u2550\u2550\u2550\u2550\u2550\u2550\u2550\u2550\u2550\u2550\u2550\u2550\u2550\u2550\u2550\u2550\u2550\u2550\u2550\u2550\u2550\u2550\u2550\u2550
    
>   @app.post("/log-meal", summary="Log a meal via text and/or image")
     ^^^^^^^^^^^^^^^^^^^^^^^^^^^^^^^^^^^^^^^^^^^^^^^^^^^^^^^^^^^^^^^^^

main.py:95: 
_ _ _ _ _ _ _ _ _ _ _ _ _ _ _ _ _ _ _ _ _ _ _ _ _ _ _ _ _ _ _ _ _ _ _ _ _ _ _ _

func = <function log_meal at 0x00000246C4C3D3A0>

    def decorator(func: DecoratedCallable) -> DecoratedCallable:
>       self.add_api_route(
            path,
            func,
            response_model=response_model,
            status_code=status_code,
            tags=tags,
            dependencies=dependencies,
            summary=summary,
            description=description,
            response_description=response_description,
            responses=responses,
            deprecated=deprecated,
            methods=methods,
            operation_id=operation_id,
            response_model_include=response_model_include,
            response_model_exclude=response_model_exclude,
            response_model_by_alias=response_model_by_alias,
            response_model_exclude_unset=response_model_exclude_unset,
            response_model_exclude_defaults=response_model_exclude_defaults,
            response_model_exclude_none=response_model_exclude_none,
            include_in_schema=include_in_schema,
            response_class=response_class,
            name=name,
            callbacks=callbacks,
            openapi_extra=openapi_extra,
            generate_unique_id_function=generate_unique_id_function,
        )

C:\Users\lenovo\AppData\Roaming\Python\Python313\site-packages\fastapi\routing.py:1125: 
_ _ _ _ _ _ _ _ _ _ _ _ _ _ _ _ _ _ _ _ _ _ _ _ _ _ _ _ _ _ _ _ _ _ _ _ _ _ _ _

self = <fastapi.routing.APIRouter object at 0x00000246C4C17B60>
path = '/log-meal', endpoint = <function log_meal at 0x00000246C4C3D3A0>

    def add_api_route(
        self,
        path: str,
        endpoint: Callable[..., Any],
        *,
        response_model: Any = Default(None),
        status_code: int | None = None,
        tags: list[str | Enum] | None = None,
        dependencies: Sequence[params.Depends] | None = None,
        summary: str | None = None,
        description: str | None = None,
        response_description: str = "Successful Response",
        responses: dict[int | str, dict[str, Any]] | None = None,
        deprecated: bool | None = None,
        methods: set[str] | list[str] | None = None,
        operation_id: str | None = None,
        response_model_include: IncEx | None = None,
        response_model_exclude: IncEx | None = None,
        response_model_by_alias: bool = True,
        response_model_exclude_unset: bool = False,
        response_model_exclude_defaults: bool = False,
        response_model_exclude_none: bool = False,
        include_in_schema: bool = True,
        response_class: type[Response] | DefaultPlaceholder = Default(JSONResponse),
        name: str | None = None,
        route_class_override: type[APIRoute] | None = None,
        callbacks: list[BaseRoute] | None = None,
        openapi_extra: dict[str, Any] | None = None,
        generate_unique_id_function: Callable[[APIRoute], str]
        | DefaultPlaceholder = Default(generate_unique_id),
    ) -> None:
        route_class = route_class_override or self.route_class
        responses = responses or {}
        combined_responses = {**self.responses, **responses}
        current_response_class = get_value_or_default(
            response_class, self.default_response_class
        )
        current_tags = self.tags.copy()
        if tags:
            current_tags.extend(tags)
        current_dependencies = self.dependencies.copy()
        if dependencies:
            current_dependencies.extend(dependencies)
        current_callbacks = self.callbacks.copy()
        if callbacks:
            current_callbacks.extend(callbacks)
        current_generate_unique_id = get_value_or_default(
            generate_unique_id_function, self.generate_unique_id_function
        )
>       route = route_class(
            self.prefix + path,
            endpoint=endpoint,
            response_model=response_model,
            status_code=status_code,
            tags=current_tags,
            dependencies=current_dependencies,
            summary=summary,
            description=description,
            response_description=response_description,
            responses=combined_responses,
            deprecated=deprecated or self.deprecated,
            methods=methods,
            operation_id=operation_id,
            response_model_include=response_model_include,
            response_model_exclude=response_model_exclude,
            response_model_by_alias=response_model_by_alias,
            response_model_exclude_unset=response_model_exclude_unset,
            response_model_exclude_defaults=response_model_exclude_defaults,
            response_model_exclude_none=response_model_exclude_none,
            include_in_schema=include_in_schema and self.include_in_schema,
            response_class=current_response_class,
            name=name,
            dependency_overrides_provider=self.dependency_overrides_provider,
            callbacks=current_callbacks,
            openapi_extra=openapi_extra,
            generate_unique_id_function=current_generate_unique_id,
        )

C:\Users\lenovo\AppData\Roaming\Python\Python313\site-packages\fastapi\routing.py:1064: 
_ _ _ _ _ _ _ _ _ _ _ _ _ _ _ _ _ _ _ _ _ _ _ _ _ _ _ _ _ _ _ _ _ _ _ _ _ _ _ _

self = APIRoute(path='/log-meal', name='log_meal', methods=['POST'])
path = '/log-meal', endpoint = <function log_meal at 0x00000246C4C3D3A0>

    def __init__(
        self,
        path: str,
        endpoint: Callable[..., Any],
        *,
        response_model: Any = Default(None),
        status_code: int | None = None,
        tags: list[str | Enum] | None = None,
        dependencies: Sequence[params.Depends] | None = None,
        summary: str | None = None,
        description: str | None = None,
        response_description: str = "Successful Response",
        responses: dict[int | str, dict[str, Any]] | None = None,
        deprecated: bool | None = None,
        name: str | None = None,
        methods: set[str] | list[str] | None = None,
        operation_id: str | None = None,
        response_model_include: IncEx | None = None,
        response_model_exclude: IncEx | None = None,
        response_model_by_alias: bool = True,
        response_model_exclude_unset: bool = False,
        response_model_exclude_defaults: bool = False,
        response_model_exclude_none: bool = False,
        include_in_schema: bool = True,
        response_class: type[Response] | DefaultPlaceholder = Default(JSONResponse),
        dependency_overrides_provider: Any | None = None,
        callbacks: list[BaseRoute] | None = None,
        openapi_extra: dict[str, Any] | None = None,
        generate_unique_id_function: Callable[["APIRoute"], str]
        | DefaultPlaceholder = Default(generate_unique_id),
    ) -> None:
        self.path = path
        self.endpoint = endpoint
        if isinstance(response_model, DefaultPlaceholder):
            return_annotation = get_typed_return_annotation(endpoint)
            if lenient_issubclass(return_annotation, Response):
                response_model = None
            else:
                response_model = return_annotation
        self.response_model = response_model
        self.summary = summary
        self.response_description = response_description
        self.deprecated = deprecated
        self.operation_id = operation_id
        self.response_model_include = response_model_include
        self.response_model_exclude = response_model_exclude
        self.response_model_by_alias = response_model_by_alias
        self.response_model_exclude_unset = response_model_exclude_unset
        self.response_model_exclude_defaults = response_model_exclude_defaults
        self.response_model_exclude_none = response_model_exclude_none
        self.include_in_schema = include_in_schema
        self.response_class = response_class
        self.dependency_overrides_provider = dependency_overrides_provider
        self.callbacks = callbacks
        self.openapi_extra = openapi_extra
        self.generate_unique_id_function = generate_unique_id_function
        self.tags = tags or []
        self.responses = responses or {}
        self.name = get_name(endpoint) if name is None else name
        self.path_regex, self.path_format, self.param_convertors = compile_path(path)
        if methods is None:
            methods = ["GET"]
        self.methods: set[str] = {method.upper() for method in methods}
        if isinstance(generate_unique_id_function, DefaultPlaceholder):
            current_generate_unique_id: Callable[[APIRoute], str] = (
                generate_unique_id_function.value
            )
        else:
            current_generate_unique_id = generate_unique_id_function
        self.unique_id = self.operation_id or current_generate_unique_id(self)
        # normalize enums e.g. http.HTTPStatus
        if isinstance(status_code, IntEnum):
            status_code = int(status_code)
        self.status_code = status_code
        if self.response_model:
            assert is_body_allowed_for_status_code(status_code), (
                f"Status code {status_code} must not have a response body"
            )
            response_name = "Response_" + self.unique_id
            self.response_field = create_model_field(
                name=response_name,
                type_=self.response_model,
                mode="serialization",
            )
        else:
            self.response_field = None  # type: ignore
        self.dependencies = list(dependencies or [])
        self.description = description or inspect.cleandoc(self.endpoint.__doc__ or "")
        # if a "form feed" character (page break) is found in the description text,
        # truncate description text to the content preceding the first "form feed"
        self.description = self.description.split("\f")[0].strip()
        response_fields = {}
        for additional_status_code, response in self.responses.items():
            assert isinstance(response, dict), "An additional response must be a dict"
            model = response.get("model")
            if model:
                assert is_body_allowed_for_status_code(additional_status_code), (
                    f"Status code {additional_status_code} must not have a response body"
                )
                response_name = f"Response_{additional_status_code}_{self.unique_id}"
                response_field = create_model_field(
                    name=response_name, type_=model, mode="serialization"
                )
                response_fields[additional_status_code] = response_field
        if response_fields:
            self.response_fields: dict[int | str, ModelField] = response_fields
        else:
            self.response_fields = {}
    
        assert callable(endpoint), "An endpoint must be a callable"
>       self.dependant = get_dependant(
            path=self.path_format, call=self.endpoint, scope="function"
        )

C:\Users\lenovo\AppData\Roaming\Python\Python313\site-packages\fastapi\routing.py:665: 
_ _ _ _ _ _ _ _ _ _ _ _ _ _ _ _ _ _ _ _ _ _ _ _ _ _ _ _ _ _ _ _ _ _ _ _ _ _ _ _

    def get_dependant(
        *,
        path: str,
        call: Callable[..., Any],
        name: str | None = None,
        own_oauth_scopes: list[str] | None = None,
        parent_oauth_scopes: list[str] | None = None,
        use_cache: bool = True,
        scope: Literal["function", "request"] | None = None,
    ) -> Dependant:
        dependant = Dependant(
            call=call,
            name=name,
            path=path,
            use_cache=use_cache,
            scope=scope,
            own_oauth_scopes=own_oauth_scopes,
            parent_oauth_scopes=parent_oauth_scopes,
        )
        current_scopes = (parent_oauth_scopes or []) + (own_oauth_scopes or [])
        path_param_names = get_path_param_names(path)
        endpoint_signature = get_typed_signature(call)
        signature_params = endpoint_signature.parameters
        for param_name, param in signature_params.items():
            is_path_param = param_name in path_param_names
>           param_details = analyze_param(
                param_name=param_name,
                annotation=param.annotation,
                value=param.default,
                is_path_param=is_path_param,
            )

C:\Users\lenovo\AppData\Roaming\Python\Python313\site-packages\fastapi\dependencies\utils.py:279: 
_ _ _ _ _ _ _ _ _ _ _ _ _ _ _ _ _ _ _ _ _ _ _ _ _ _ _ _ _ _ _ _ _ _ _ _ _ _ _ _

    def analyze_param(
        *,
        param_name: str,
        annotation: Any,
        value: Any,
        is_path_param: bool,
    ) -> ParamDetails:
        field_info = None
        depends = None
        type_annotation: Any = Any
        use_annotation: Any = Any
        if is_typealiastype(annotation):
            # unpack in case PEP 695 type syntax is used
            annotation = annotation.__value__
        if annotation is not inspect.Signature.empty:
            use_annotation = annotation
            type_annotation = annotation
        # Extract Annotated info
        if get_origin(use_annotation) is Annotated:
            annotated_args = get_args(annotation)
            type_annotation = annotated_args[0]
            fastapi_annotations = [
                arg
                for arg in annotated_args[1:]
                if isinstance(arg, (FieldInfo, params.Depends))
            ]
            fastapi_specific_annotations = [
                arg
                for arg in fastapi_annotations
                if isinstance(
                    arg,
                    (
                        params.Param,
                        params.Body,
                        params.Depends,
                    ),
                )
            ]
            if fastapi_specific_annotations:
                fastapi_annotation: FieldInfo | params.Depends | None = (
                    fastapi_specific_annotations[-1]
                )
            else:
                fastapi_annotation = None
            # Set default for Annotated FieldInfo
            if isinstance(fastapi_annotation, FieldInfo):
                # Copy `field_info` because we mutate `field_info.default` below.
                field_info = copy_field_info(
                    field_info=fastapi_annotation,
                    annotation=use_annotation,
                )
                assert (
                    field_info.default == Undefined or field_info.default == RequiredParam
                ), (
                    f"`{field_info.__class__.__name__}` default value cannot be set in"
                    f" `Annotated` for {param_name!r}. Set the default value with `=` instead."
                )
                if value is not inspect.Signature.empty:
                    assert not is_path_param, "Path parameters cannot have default values"
                    field_info.default = value
                else:
                    field_info.default = RequiredParam
            # Get Annotated Depends
            elif isinstance(fastapi_annotation, params.Depends):
                depends = fastapi_annotation
        # Get Depends from default value
        if isinstance(value, params.Depends):
            assert depends is None, (
                "Cannot specify `Depends` in `Annotated` and default value"
                f" together for {param_name!r}"
            )
            assert field_info is None, (
                "Cannot specify a FastAPI annotation in `Annotated` and `Depends` as a"
                f" default value together for {param_name!r}"
            )
            depends = value
        # Get FieldInfo from default value
        elif isinstance(value, FieldInfo):
            assert field_info is None, (
                "Cannot specify FastAPI annotations in `Annotated` and default value"
                f" together for {param_name!r}"
            )
            field_info = value
            if isinstance(field_info, FieldInfo):
                field_info.annotation = type_annotation
    
        # Get Depends from type annotation
        if depends is not None and depends.dependency is None:
            # Copy `depends` before mutating it
            depends = copy(depends)
            depends = dataclasses.replace(depends, dependency=type_annotation)
    
        # Handle non-param type annotations like Request
        # Only apply special handling when there's no explicit Depends - if there's a Depends,
        # the dependency will be called and its return value used instead of the special injection
        if depends is None and lenient_issubclass(
            type_annotation,
            (
                Request,
                WebSocket,
                HTTPConnection,
                Response,
                StarletteBackgroundTasks,
                SecurityScopes,
            ),
        ):
            assert field_info is None, (
                f"Cannot specify FastAPI annotation for type {type_annotation!r}"
            )
        # Handle default assignations, neither field_info nor depends was not found in Annotated nor default value
        elif field_info is None and depends is None:
            default_value = value if value is not inspect.Signature.empty else RequiredParam
            if is_path_param:
                # We might check here that `default_value is RequiredParam`, but the fact is that the same
                # parameter might sometimes be a path parameter and sometimes not. See
                # `tests/test_infer_param_optionality.py` for an example.
                field_info = params.Path(annotation=use_annotation)
            elif is_uploadfile_or_nonable_uploadfile_annotation(
                type_annotation
            ) or is_uploadfile_sequence_annotation(type_annotation):
                field_info = params.File(annotation=use_annotation, default=default_value)
            elif not field_annotation_is_scalar(annotation=type_annotation):
                field_info = params.Body(annotation=use_annotation, default=default_value)
            else:
                field_info = params.Query(annotation=use_annotation, default=default_value)
    
        field = None
        # It's a field_info, not a dependency
        if field_info is not None:
            # Handle field_info.in_
            if is_path_param:
                assert isinstance(field_info, params.Path), (
                    f"Cannot use `{field_info.__class__.__name__}` for path param"
                    f" {param_name!r}"
                )
            elif (
                isinstance(field_info, params.Param)
                and getattr(field_info, "in_", None) is None
            ):
                field_info.in_ = params.ParamTypes.query
            use_annotation_from_field_info = use_annotation
            if isinstance(field_info, params.Form):
>               ensure_multipart_is_installed()

C:\Users\lenovo\AppData\Roaming\Python\Python313\site-packages\fastapi\dependencies\utils.py:502: 
_ _ _ _ _ _ _ _ _ _ _ _ _ _ _ _ _ _ _ _ _ _ _ _ _ _ _ _ _ _ _ _ _ _ _ _ _ _ _ _

    def ensure_multipart_is_installed() -> None:
        try:
            from python_multipart import __version__
    
            # Import an attribute that can be mocked/deleted in testing
            assert __version__ > "0.0.12"
        except (ImportError, AssertionError):
            try:
                # __version__ is available in both multiparts, and can be mocked
                from multipart import __version__  # type: ignore[no-redef,import-untyped]
    
                assert __version__
                try:
                    # parse_options_header is only available in the right multipart
                    from multipart.multipart import (  # type: ignore[import-untyped]
                        parse_options_header,
                    )
    
                    assert parse_options_header
                except ImportError:
                    logger.error(multipart_incorrect_install_error)
                    raise RuntimeError(multipart_incorrect_install_error) from None
            except ImportError:
                logger.error(multipart_not_installed_error)
>               raise RuntimeError(multipart_not_installed_error) from None
E               RuntimeError: Form data requires "python-multipart" to be installed. 
E               You can install "python-multipart" with: 
E               
E               pip install python-multipart

C:\Users\lenovo\AppData\Roaming\Python\Python313\site-packages\fastapi\dependencies\utils.py:108: RuntimeError
----------------------------- Captured log setup ------------------------------
ERROR    fastapi:utils.py:107 Form data requires "python-multipart" to be installed. 
You can install "python-multipart" with: 

pip install python-multipart
_____ ERROR at setup of TestSuggestions.test_returns_200_with_valid_user ______

    @pytest.fixture
    def client():
        """TestClient with mocked Supabase and mocked LangGraph pipeline."""
        mock_sb = _make_mock_supabase()
    
        # Mock nutrition_graph.invoke for /log-meal
        mock_graph_result = {
            "nutrition": {"calories": 350.0, "protein": 18.0, "carbs": 58.0, "fat": 8.0},
            "recommendation": "Try dal and roti for dinner!",
        }
        mock_graph = MagicMock()
        mock_graph.invoke.return_value = mock_graph_result
    
>       with patch("main.get_supabase_client", return_value=mock_sb):
             ^^^^^^^^^^^^^^^^^^^^^^^^^^^^^^^^^^^^^^^^^^^^^^^^^^^^^^^

tests\test_routes.py:95: 
_ _ _ _ _ _ _ _ _ _ _ _ _ _ _ _ _ _ _ _ _ _ _ _ _ _ _ _ _ _ _ _ _ _ _ _ _ _ _ _

self = <unittest.mock._patch object at 0x00000246C4CCEA50>

    def __enter__(self):
        """Perform the patch."""
        if self.is_started:
            raise RuntimeError("Patch is already started")
    
        new, spec, spec_set = self.new, self.spec, self.spec_set
        autospec, kwargs = self.autospec, self.kwargs
        new_callable = self.new_callable
>       self.target = self.getter()
                      ^^^^^^^^^^^^^

C:\Python313\Lib\unittest\mock.py:1479: 
_ _ _ _ _ _ _ _ _ _ _ _ _ _ _ _ _ _ _ _ _ _ _ _ _ _ _ _ _ _ _ _ _ _ _ _ _ _ _ _

name = 'main'

    def resolve_name(name):
        """
        Resolve a name to an object.
    
        It is expected that `name` will be a string in one of the following
        formats, where W is shorthand for a valid Python identifier and dot stands
        for a literal period in these pseudo-regexes:
    
        W(.W)*
        W(.W)*:(W(.W)*)?
    
        The first form is intended for backward compatibility only. It assumes that
        some part of the dotted name is a package, and the rest is an object
        somewhere within that package, possibly nested inside other objects.
        Because the place where the package stops and the object hierarchy starts
        can't be inferred by inspection, repeated attempts to import must be done
        with this form.
    
        In the second form, the caller makes the division point clear through the
        provision of a single colon: the dotted name to the left of the colon is a
        package to be imported, and the dotted name to the right is the object
        hierarchy within that package. Only one import is needed in this form. If
        it ends with the colon, then a module object is returned.
    
        The function will return an object (which might be a module), or raise one
        of the following exceptions:
    
        ValueError - if `name` isn't in a recognised format
        ImportError - if an import failed when it shouldn't have
        AttributeError - if a failure occurred when traversing the object hierarchy
                         within the imported package to get to the desired object.
        """
        global _NAME_PATTERN
        if _NAME_PATTERN is None:
            # Lazy import to speedup Python startup time
            import re
            dotted_words = r'(?!\d)(\w+)(\.(?!\d)(\w+))*'
            _NAME_PATTERN = re.compile(f'^(?P<pkg>{dotted_words})'
                                       f'(?P<cln>:(?P<obj>{dotted_words})?)?$',
                                       re.UNICODE)
    
        m = _NAME_PATTERN.match(name)
        if not m:
            raise ValueError(f'invalid format: {name!r}')
        gd = m.groupdict()
        if gd.get('cln'):
            # there is a colon - a one-step import is all that's needed
            mod = importlib.import_module(gd['pkg'])
            parts = gd.get('obj')
            parts = parts.split('.') if parts else []
        else:
            # no colon - have to iterate to find the package boundary
            parts = name.split('.')
            modname = parts.pop(0)
            # first part *must* be a module/package.
>           mod = importlib.import_module(modname)
                  ^^^^^^^^^^^^^^^^^^^^^^^^^^^^^^^^

C:\Python313\Lib\pkgutil.py:513: 
_ _ _ _ _ _ _ _ _ _ _ _ _ _ _ _ _ _ _ _ _ _ _ _ _ _ _ _ _ _ _ _ _ _ _ _ _ _ _ _

name = 'main', package = None

    def import_module(name, package=None):
        """Import a module.
    
        The 'package' argument is required when performing a relative import. It
        specifies the package to use as the anchor point from which to resolve the
        relative import to an absolute import.
    
        """
        level = 0
        if name.startswith('.'):
            if not package:
                raise TypeError("the 'package' argument is required to perform a "
                                f"relative import for {name!r}")
            for character in name:
                if character != '.':
                    break
                level += 1
>       return _bootstrap._gcd_import(name[level:], package, level)
               ^^^^^^^^^^^^^^^^^^^^^^^^^^^^^^^^^^^^^^^^^^^^^^^^^^^^

C:\Python313\Lib\importlib\__init__.py:88: 
_ _ _ _ _ _ _ _ _ _ _ _ _ _ _ _ _ _ _ _ _ _ _ _ _ _ _ _ _ _ _ _ _ _ _ _ _ _ _ _

name = 'main', package = None, level = 0

>   ???

<frozen importlib._bootstrap>:1387: 
_ _ _ _ _ _ _ _ _ _ _ _ _ _ _ _ _ _ _ _ _ _ _ _ _ _ _ _ _ _ _ _ _ _ _ _ _ _ _ _

name = 'main', import_ = <function _gcd_import at 0x00000246FDE604A0>

>   ???

<frozen importlib._bootstrap>:1360: 
_ _ _ _ _ _ _ _ _ _ _ _ _ _ _ _ _ _ _ _ _ _ _ _ _ _ _ _ _ _ _ _ _ _ _ _ _ _ _ _

name = 'main', import_ = <function _gcd_import at 0x00000246FDE604A0>

>   ???

<frozen importlib._bootstrap>:1331: 
_ _ _ _ _ _ _ _ _ _ _ _ _ _ _ _ _ _ _ _ _ _ _ _ _ _ _ _ _ _ _ _ _ _ _ _ _ _ _ _

spec = ModuleSpec(name='main', loader=<_frozen_importlib_external.SourceFileLoader object at 0x00000246C4CD6DB0>, origin='E:\\My Projects\\Nutrition app\\nutrition-tracker\\backend\\main.py')

>   ???

<frozen importlib._bootstrap>:935: 
_ _ _ _ _ _ _ _ _ _ _ _ _ _ _ _ _ _ _ _ _ _ _ _ _ _ _ _ _ _ _ _ _ _ _ _ _ _ _ _

self = <_frozen_importlib_external.SourceFileLoader object at 0x00000246C4CD6DB0>
module = <module 'main' from 'E:\\My Projects\\Nutrition app\\nutrition-tracker\\backend\\main.py'>

>   ???

<frozen importlib._bootstrap_external>:1026: 
_ _ _ _ _ _ _ _ _ _ _ _ _ _ _ _ _ _ _ _ _ _ _ _ _ _ _ _ _ _ _ _ _ _ _ _ _ _ _ _

f = <built-in function exec>
args = (<code object <module> at 0x00000246BF543F50, file "E:\My Projects\Nutrition app\nutrition-tracker\backend\main.py", l...RSMiddleware'>, 'FastAPI': <class 'fastapi.applications.FastAPI'>, 'File': <function File at 0x00000246837B4AE0>, ...})
kwds = {}

>   ???

<frozen importlib._bootstrap>:488: 
_ _ _ _ _ _ _ _ _ _ _ _ _ _ _ _ _ _ _ _ _ _ _ _ _ _ _ _ _ _ _ _ _ _ _ _ _ _ _ _

    """
    Main entry point for the Nutrition Tracker API (FastAPI).
    
    Routes defined here:
      POST /log-meal          û Accepts text/image input, runs nutrition_graph, returns nutrition+recommendation
      POST /log-exercise      û Logs an exercise session and returns kcal burned via MET-based formula
      GET  /daily-summary     û Returns today's daily_logs row joined with daily_goals for a user
      GET  /leaderboard       û Returns all six users ranked by today's calorie intake (desc)
      POST /calculate-goals   û Computes macro/calorie goals via MifflinûSt Jeor and upserts to daily_goals
      GET  /suggestions       û Returns the latest recommendation stored in daily_logs for a user
    
    Supabase project reference: hyejucwqghkujckoshbr
    """
    
    import os
    import io
    import math
    import tempfile
    from datetime import date
    from typing import Optional
    
    from fastapi import FastAPI, HTTPException, UploadFile, File, Form, Query
    from fastapi.middleware.cors import CORSMiddleware
    from pydantic import BaseModel
    from dotenv import load_dotenv
    
    # \u2500\u2500 Load environment variables \u2500\u2500\u2500\u2500\u2500\u2500\u2500\u2500\u2500\u2500\u2500\u2500\u2500\u2500\u2500\u2500\u2500\u2500\u2500\u2500\u2500\u2500\u2500\u2500\u2500\u2500\u2500\u2500\u2500\u2500\u2500\u2500\u2500\u2500\u2500\u2500\u2500\u2500\u2500\u2500\u2500\u2500\u2500\u2500\u2500\u2500\u2500\u2500\u2500
    _dotenv_path = os.path.join(os.path.dirname(__file__), ".env")
    load_dotenv(dotenv_path=_dotenv_path)
    
    # \u2500\u2500 Supabase client \u2500\u2500\u2500\u2500\u2500\u2500\u2500\u2500\u2500\u2500\u2500\u2500\u2500\u2500\u2500\u2500\u2500\u2500\u2500\u2500\u2500\u2500\u2500\u2500\u2500\u2500\u2500\u2500\u2500\u2500\u2500\u2500\u2500\u2500\u2500\u2500\u2500\u2500\u2500\u2500\u2500\u2500\u2500\u2500\u2500\u2500\u2500\u2500\u2500\u2500\u2500\u2500\u2500\u2500\u2500\u2500\u2500\u2500\u2500\u2500
    from database.supabase_client import get_supabase_client
    
    # \u2500\u2500 LangGraph nutrition pipeline \u2500\u2500\u2500\u2500\u2500\u2500\u2500\u2500\u2500\u2500\u2500\u2500\u2500\u2500\u2500\u2500\u2500\u2500\u2500\u2500\u2500\u2500\u2500\u2500\u2500\u2500\u2500\u2500\u2500\u2500\u2500\u2500\u2500\u2500\u2500\u2500\u2500\u2500\u2500\u2500\u2500\u2500\u2500\u2500\u2500\u2500\u2500
    from agents.graph import nutrition_graph
    from agents.state import default_nutrition_state
    
    # \u2500\u2500 FastAPI app \u2500\u2500\u2500\u2500\u2500\u2500\u2500\u2500\u2500\u2500\u2500\u2500\u2500\u2500\u2500\u2500\u2500\u2500\u2500\u2500\u2500\u2500\u2500\u2500\u2500\u2500\u2500\u2500\u2500\u2500\u2500\u2500\u2500\u2500\u2500\u2500\u2500\u2500\u2500\u2500\u2500\u2500\u2500\u2500\u2500\u2500\u2500\u2500\u2500\u2500\u2500\u2500\u2500\u2500\u2500\u2500\u2500\u2500\u2500\u2500\u2500\u2500\u2500\u2500
    app = FastAPI(
        title="Nutrition Tracker API",
        description=(
            "Backend API for the AI-powered Nutrition Tracker. "
            "Handles meal logging via LangGraph, exercise tracking, "
            "daily summaries, leaderboards, goal calculation, and suggestion retrieval. "
            "Supabase project: hyejucwqghkujckoshbr"
        ),
        version="1.0.0",
    )
    
    # \u2500\u2500 CORS (local prototype \u2014 allow everything) \u2500\u2500\u2500\u2500\u2500\u2500\u2500\u2500\u2500\u2500\u2500\u2500\u2500\u2500\u2500\u2500\u2500\u2500\u2500\u2500\u2500\u2500\u2500\u2500\u2500\u2500\u2500\u2500\u2500\u2500\u2500\u2500\u2500\u2500
    app.add_middleware(
        CORSMiddleware,
        allow_origins=["*"],
        allow_credentials=True,
        allow_methods=["*"],
        allow_headers=["*"],
    )
    
    # \u2500\u2500 Global: preloaded Keras food-classifier model \u2500\u2500\u2500\u2500\u2500\u2500\u2500\u2500\u2500\u2500\u2500\u2500\u2500\u2500\u2500\u2500\u2500\u2500\u2500\u2500\u2500\u2500\u2500\u2500\u2500\u2500\u2500\u2500\u2500\u2500
    _food_classifier = None   # set during startup; None when model file is absent
    
    
    @app.on_event("startup")
    async def startup_event():
        """
        Runs once when the server boots.
        1. Ensures .env is loaded (redundant but defensive).
        2. Preloads the Keras food-classifier so the first request doesn't pay the
           cold-start penalty.  If the model file is missing, a warning is printed
           and the server continues ù routes that don't use the classifier still work.
        """
        global _food_classifier
    
        load_dotenv(dotenv_path=_dotenv_path)
    
        model_path = os.path.join(os.path.dirname(__file__), "models", "food_classifier.keras")
        if os.path.exists(model_path):
            try:
                import tensorflow as tf  # imported lazily so the app starts without TF if unneeded
                _food_classifier = tf.keras.models.load_model(model_path)
                print(f"[startup] Food classifier loaded from '{model_path}'.")
            except Exception as exc:
                print(f"[startup] WARNING û could not load food classifier: {exc}")
        else:
            print(
                f"[startup] WARNING û model file not found at '{model_path}'. "
                "Image-based food classification will be unavailable."
            )
    
    
    # \u2550\u2550\u2550\u2550\u2550\u2550\u2550\u2550\u2550\u2550\u2550\u2550\u2550\u2550\u2550\u2550\u2550\u2550\u2550\u2550\u2550\u2550\u2550\u2550\u2550\u2550\u2550\u2550\u2550\u2550\u2550\u2550\u2550\u2550\u2550\u2550\u2550\u2550\u2550\u2550\u2550\u2550\u2550\u2550\u2550\u2550\u2550\u2550\u2550\u2550\u2550\u2550\u2550\u2550\u2550\u2550\u2550\u2550\u2550\u2550\u2550\u2550\u2550\u2550\u2550\u2550\u2550\u2550\u2550\u2550\u2550\u2550\u2550\u2550\u2550\u2550\u2550\u2550
    # Route 1 û POST /log-meal
    # \u2550\u2550\u2550\u2550\u2550\u2550\u2550\u2550\u2550\u2550\u2550\u2550\u2550\u2550\u2550\u2550\u2550\u2550\u2550\u2550\u2550\u2550\u2550\u2550\u2550\u2550\u2550\u2550\u2550\u2550\u2550\u2550\u2550\u2550\u2550\u2550\u2550\u2550\u2550\u2550\u2550\u2550\u2550\u2550\u2550\u2550\u2550\u2550\u2550\u2550\u2550\u2550\u2550\u2550\u2550\u2550\u2550\u2550\u2550\u2550\u2550\u2550\u2550\u2550\u2550\u2550\u2550\u2550\u2550\u2550\u2550\u2550\u2550\u2550\u2550\u2550\u2550\u2550
    
>   @app.post("/log-meal", summary="Log a meal via text and/or image")
     ^^^^^^^^^^^^^^^^^^^^^^^^^^^^^^^^^^^^^^^^^^^^^^^^^^^^^^^^^^^^^^^^^

main.py:95: 
_ _ _ _ _ _ _ _ _ _ _ _ _ _ _ _ _ _ _ _ _ _ _ _ _ _ _ _ _ _ _ _ _ _ _ _ _ _ _ _

func = <function log_meal at 0x00000246C4C3F100>

    def decorator(func: DecoratedCallable) -> DecoratedCallable:
>       self.add_api_route(
            path,
            func,
            response_model=response_model,
            status_code=status_code,
            tags=tags,
            dependencies=dependencies,
            summary=summary,
            description=description,
            response_description=response_description,
            responses=responses,
            deprecated=deprecated,
            methods=methods,
            operation_id=operation_id,
            response_model_include=response_model_include,
            response_model_exclude=response_model_exclude,
            response_model_by_alias=response_model_by_alias,
            response_model_exclude_unset=response_model_exclude_unset,
            response_model_exclude_defaults=response_model_exclude_defaults,
            response_model_exclude_none=response_model_exclude_none,
            include_in_schema=include_in_schema,
            response_class=response_class,
            name=name,
            callbacks=callbacks,
            openapi_extra=openapi_extra,
            generate_unique_id_function=generate_unique_id_function,
        )

C:\Users\lenovo\AppData\Roaming\Python\Python313\site-packages\fastapi\routing.py:1125: 
_ _ _ _ _ _ _ _ _ _ _ _ _ _ _ _ _ _ _ _ _ _ _ _ _ _ _ _ _ _ _ _ _ _ _ _ _ _ _ _

self = <fastapi.routing.APIRouter object at 0x00000246C49C9130>
path = '/log-meal', endpoint = <function log_meal at 0x00000246C4C3F100>

    def add_api_route(
        self,
        path: str,
        endpoint: Callable[..., Any],
        *,
        response_model: Any = Default(None),
        status_code: int | None = None,
        tags: list[str | Enum] | None = None,
        dependencies: Sequence[params.Depends] | None = None,
        summary: str | None = None,
        description: str | None = None,
        response_description: str = "Successful Response",
        responses: dict[int | str, dict[str, Any]] | None = None,
        deprecated: bool | None = None,
        methods: set[str] | list[str] | None = None,
        operation_id: str | None = None,
        response_model_include: IncEx | None = None,
        response_model_exclude: IncEx | None = None,
        response_model_by_alias: bool = True,
        response_model_exclude_unset: bool = False,
        response_model_exclude_defaults: bool = False,
        response_model_exclude_none: bool = False,
        include_in_schema: bool = True,
        response_class: type[Response] | DefaultPlaceholder = Default(JSONResponse),
        name: str | None = None,
        route_class_override: type[APIRoute] | None = None,
        callbacks: list[BaseRoute] | None = None,
        openapi_extra: dict[str, Any] | None = None,
        generate_unique_id_function: Callable[[APIRoute], str]
        | DefaultPlaceholder = Default(generate_unique_id),
    ) -> None:
        route_class = route_class_override or self.route_class
        responses = responses or {}
        combined_responses = {**self.responses, **responses}
        current_response_class = get_value_or_default(
            response_class, self.default_response_class
        )
        current_tags = self.tags.copy()
        if tags:
            current_tags.extend(tags)
        current_dependencies = self.dependencies.copy()
        if dependencies:
            current_dependencies.extend(dependencies)
        current_callbacks = self.callbacks.copy()
        if callbacks:
            current_callbacks.extend(callbacks)
        current_generate_unique_id = get_value_or_default(
            generate_unique_id_function, self.generate_unique_id_function
        )
>       route = route_class(
            self.prefix + path,
            endpoint=endpoint,
            response_model=response_model,
            status_code=status_code,
            tags=current_tags,
            dependencies=current_dependencies,
            summary=summary,
            description=description,
            response_description=response_description,
            responses=combined_responses,
            deprecated=deprecated or self.deprecated,
            methods=methods,
            operation_id=operation_id,
            response_model_include=response_model_include,
            response_model_exclude=response_model_exclude,
            response_model_by_alias=response_model_by_alias,
            response_model_exclude_unset=response_model_exclude_unset,
            response_model_exclude_defaults=response_model_exclude_defaults,
            response_model_exclude_none=response_model_exclude_none,
            include_in_schema=include_in_schema and self.include_in_schema,
            response_class=current_response_class,
            name=name,
            dependency_overrides_provider=self.dependency_overrides_provider,
            callbacks=current_callbacks,
            openapi_extra=openapi_extra,
            generate_unique_id_function=current_generate_unique_id,
        )

C:\Users\lenovo\AppData\Roaming\Python\Python313\site-packages\fastapi\routing.py:1064: 
_ _ _ _ _ _ _ _ _ _ _ _ _ _ _ _ _ _ _ _ _ _ _ _ _ _ _ _ _ _ _ _ _ _ _ _ _ _ _ _

self = APIRoute(path='/log-meal', name='log_meal', methods=['POST'])
path = '/log-meal', endpoint = <function log_meal at 0x00000246C4C3F100>

    def __init__(
        self,
        path: str,
        endpoint: Callable[..., Any],
        *,
        response_model: Any = Default(None),
        status_code: int | None = None,
        tags: list[str | Enum] | None = None,
        dependencies: Sequence[params.Depends] | None = None,
        summary: str | None = None,
        description: str | None = None,
        response_description: str = "Successful Response",
        responses: dict[int | str, dict[str, Any]] | None = None,
        deprecated: bool | None = None,
        name: str | None = None,
        methods: set[str] | list[str] | None = None,
        operation_id: str | None = None,
        response_model_include: IncEx | None = None,
        response_model_exclude: IncEx | None = None,
        response_model_by_alias: bool = True,
        response_model_exclude_unset: bool = False,
        response_model_exclude_defaults: bool = False,
        response_model_exclude_none: bool = False,
        include_in_schema: bool = True,
        response_class: type[Response] | DefaultPlaceholder = Default(JSONResponse),
        dependency_overrides_provider: Any | None = None,
        callbacks: list[BaseRoute] | None = None,
        openapi_extra: dict[str, Any] | None = None,
        generate_unique_id_function: Callable[["APIRoute"], str]
        | DefaultPlaceholder = Default(generate_unique_id),
    ) -> None:
        self.path = path
        self.endpoint = endpoint
        if isinstance(response_model, DefaultPlaceholder):
            return_annotation = get_typed_return_annotation(endpoint)
            if lenient_issubclass(return_annotation, Response):
                response_model = None
            else:
                response_model = return_annotation
        self.response_model = response_model
        self.summary = summary
        self.response_description = response_description
        self.deprecated = deprecated
        self.operation_id = operation_id
        self.response_model_include = response_model_include
        self.response_model_exclude = response_model_exclude
        self.response_model_by_alias = response_model_by_alias
        self.response_model_exclude_unset = response_model_exclude_unset
        self.response_model_exclude_defaults = response_model_exclude_defaults
        self.response_model_exclude_none = response_model_exclude_none
        self.include_in_schema = include_in_schema
        self.response_class = response_class
        self.dependency_overrides_provider = dependency_overrides_provider
        self.callbacks = callbacks
        self.openapi_extra = openapi_extra
        self.generate_unique_id_function = generate_unique_id_function
        self.tags = tags or []
        self.responses = responses or {}
        self.name = get_name(endpoint) if name is None else name
        self.path_regex, self.path_format, self.param_convertors = compile_path(path)
        if methods is None:
            methods = ["GET"]
        self.methods: set[str] = {method.upper() for method in methods}
        if isinstance(generate_unique_id_function, DefaultPlaceholder):
            current_generate_unique_id: Callable[[APIRoute], str] = (
                generate_unique_id_function.value
            )
        else:
            current_generate_unique_id = generate_unique_id_function
        self.unique_id = self.operation_id or current_generate_unique_id(self)
        # normalize enums e.g. http.HTTPStatus
        if isinstance(status_code, IntEnum):
            status_code = int(status_code)
        self.status_code = status_code
        if self.response_model:
            assert is_body_allowed_for_status_code(status_code), (
                f"Status code {status_code} must not have a response body"
            )
            response_name = "Response_" + self.unique_id
            self.response_field = create_model_field(
                name=response_name,
                type_=self.response_model,
                mode="serialization",
            )
        else:
            self.response_field = None  # type: ignore
        self.dependencies = list(dependencies or [])
        self.description = description or inspect.cleandoc(self.endpoint.__doc__ or "")
        # if a "form feed" character (page break) is found in the description text,
        # truncate description text to the content preceding the first "form feed"
        self.description = self.description.split("\f")[0].strip()
        response_fields = {}
        for additional_status_code, response in self.responses.items():
            assert isinstance(response, dict), "An additional response must be a dict"
            model = response.get("model")
            if model:
                assert is_body_allowed_for_status_code(additional_status_code), (
                    f"Status code {additional_status_code} must not have a response body"
                )
                response_name = f"Response_{additional_status_code}_{self.unique_id}"
                response_field = create_model_field(
                    name=response_name, type_=model, mode="serialization"
                )
                response_fields[additional_status_code] = response_field
        if response_fields:
            self.response_fields: dict[int | str, ModelField] = response_fields
        else:
            self.response_fields = {}
    
        assert callable(endpoint), "An endpoint must be a callable"
>       self.dependant = get_dependant(
            path=self.path_format, call=self.endpoint, scope="function"
        )

C:\Users\lenovo\AppData\Roaming\Python\Python313\site-packages\fastapi\routing.py:665: 
_ _ _ _ _ _ _ _ _ _ _ _ _ _ _ _ _ _ _ _ _ _ _ _ _ _ _ _ _ _ _ _ _ _ _ _ _ _ _ _

    def get_dependant(
        *,
        path: str,
        call: Callable[..., Any],
        name: str | None = None,
        own_oauth_scopes: list[str] | None = None,
        parent_oauth_scopes: list[str] | None = None,
        use_cache: bool = True,
        scope: Literal["function", "request"] | None = None,
    ) -> Dependant:
        dependant = Dependant(
            call=call,
            name=name,
            path=path,
            use_cache=use_cache,
            scope=scope,
            own_oauth_scopes=own_oauth_scopes,
            parent_oauth_scopes=parent_oauth_scopes,
        )
        current_scopes = (parent_oauth_scopes or []) + (own_oauth_scopes or [])
        path_param_names = get_path_param_names(path)
        endpoint_signature = get_typed_signature(call)
        signature_params = endpoint_signature.parameters
        for param_name, param in signature_params.items():
            is_path_param = param_name in path_param_names
>           param_details = analyze_param(
                param_name=param_name,
                annotation=param.annotation,
                value=param.default,
                is_path_param=is_path_param,
            )

C:\Users\lenovo\AppData\Roaming\Python\Python313\site-packages\fastapi\dependencies\utils.py:279: 
_ _ _ _ _ _ _ _ _ _ _ _ _ _ _ _ _ _ _ _ _ _ _ _ _ _ _ _ _ _ _ _ _ _ _ _ _ _ _ _

    def analyze_param(
        *,
        param_name: str,
        annotation: Any,
        value: Any,
        is_path_param: bool,
    ) -> ParamDetails:
        field_info = None
        depends = None
        type_annotation: Any = Any
        use_annotation: Any = Any
        if is_typealiastype(annotation):
            # unpack in case PEP 695 type syntax is used
            annotation = annotation.__value__
        if annotation is not inspect.Signature.empty:
            use_annotation = annotation
            type_annotation = annotation
        # Extract Annotated info
        if get_origin(use_annotation) is Annotated:
            annotated_args = get_args(annotation)
            type_annotation = annotated_args[0]
            fastapi_annotations = [
                arg
                for arg in annotated_args[1:]
                if isinstance(arg, (FieldInfo, params.Depends))
            ]
            fastapi_specific_annotations = [
                arg
                for arg in fastapi_annotations
                if isinstance(
                    arg,
                    (
                        params.Param,
                        params.Body,
                        params.Depends,
                    ),
                )
            ]
            if fastapi_specific_annotations:
                fastapi_annotation: FieldInfo | params.Depends | None = (
                    fastapi_specific_annotations[-1]
                )
            else:
                fastapi_annotation = None
            # Set default for Annotated FieldInfo
            if isinstance(fastapi_annotation, FieldInfo):
                # Copy `field_info` because we mutate `field_info.default` below.
                field_info = copy_field_info(
                    field_info=fastapi_annotation,
                    annotation=use_annotation,
                )
                assert (
                    field_info.default == Undefined or field_info.default == RequiredParam
                ), (
                    f"`{field_info.__class__.__name__}` default value cannot be set in"
                    f" `Annotated` for {param_name!r}. Set the default value with `=` instead."
                )
                if value is not inspect.Signature.empty:
                    assert not is_path_param, "Path parameters cannot have default values"
                    field_info.default = value
                else:
                    field_info.default = RequiredParam
            # Get Annotated Depends
            elif isinstance(fastapi_annotation, params.Depends):
                depends = fastapi_annotation
        # Get Depends from default value
        if isinstance(value, params.Depends):
            assert depends is None, (
                "Cannot specify `Depends` in `Annotated` and default value"
                f" together for {param_name!r}"
            )
            assert field_info is None, (
                "Cannot specify a FastAPI annotation in `Annotated` and `Depends` as a"
                f" default value together for {param_name!r}"
            )
            depends = value
        # Get FieldInfo from default value
        elif isinstance(value, FieldInfo):
            assert field_info is None, (
                "Cannot specify FastAPI annotations in `Annotated` and default value"
                f" together for {param_name!r}"
            )
            field_info = value
            if isinstance(field_info, FieldInfo):
                field_info.annotation = type_annotation
    
        # Get Depends from type annotation
        if depends is not None and depends.dependency is None:
            # Copy `depends` before mutating it
            depends = copy(depends)
            depends = dataclasses.replace(depends, dependency=type_annotation)
    
        # Handle non-param type annotations like Request
        # Only apply special handling when there's no explicit Depends - if there's a Depends,
        # the dependency will be called and its return value used instead of the special injection
        if depends is None and lenient_issubclass(
            type_annotation,
            (
                Request,
                WebSocket,
                HTTPConnection,
                Response,
                StarletteBackgroundTasks,
                SecurityScopes,
            ),
        ):
            assert field_info is None, (
                f"Cannot specify FastAPI annotation for type {type_annotation!r}"
            )
        # Handle default assignations, neither field_info nor depends was not found in Annotated nor default value
        elif field_info is None and depends is None:
            default_value = value if value is not inspect.Signature.empty else RequiredParam
            if is_path_param:
                # We might check here that `default_value is RequiredParam`, but the fact is that the same
                # parameter might sometimes be a path parameter and sometimes not. See
                # `tests/test_infer_param_optionality.py` for an example.
                field_info = params.Path(annotation=use_annotation)
            elif is_uploadfile_or_nonable_uploadfile_annotation(
                type_annotation
            ) or is_uploadfile_sequence_annotation(type_annotation):
                field_info = params.File(annotation=use_annotation, default=default_value)
            elif not field_annotation_is_scalar(annotation=type_annotation):
                field_info = params.Body(annotation=use_annotation, default=default_value)
            else:
                field_info = params.Query(annotation=use_annotation, default=default_value)
    
        field = None
        # It's a field_info, not a dependency
        if field_info is not None:
            # Handle field_info.in_
            if is_path_param:
                assert isinstance(field_info, params.Path), (
                    f"Cannot use `{field_info.__class__.__name__}` for path param"
                    f" {param_name!r}"
                )
            elif (
                isinstance(field_info, params.Param)
                and getattr(field_info, "in_", None) is None
            ):
                field_info.in_ = params.ParamTypes.query
            use_annotation_from_field_info = use_annotation
            if isinstance(field_info, params.Form):
>               ensure_multipart_is_installed()

C:\Users\lenovo\AppData\Roaming\Python\Python313\site-packages\fastapi\dependencies\utils.py:502: 
_ _ _ _ _ _ _ _ _ _ _ _ _ _ _ _ _ _ _ _ _ _ _ _ _ _ _ _ _ _ _ _ _ _ _ _ _ _ _ _

    def ensure_multipart_is_installed() -> None:
        try:
            from python_multipart import __version__
    
            # Import an attribute that can be mocked/deleted in testing
            assert __version__ > "0.0.12"
        except (ImportError, AssertionError):
            try:
                # __version__ is available in both multiparts, and can be mocked
                from multipart import __version__  # type: ignore[no-redef,import-untyped]
    
                assert __version__
                try:
                    # parse_options_header is only available in the right multipart
                    from multipart.multipart import (  # type: ignore[import-untyped]
                        parse_options_header,
                    )
    
                    assert parse_options_header
                except ImportError:
                    logger.error(multipart_incorrect_install_error)
                    raise RuntimeError(multipart_incorrect_install_error) from None
            except ImportError:
                logger.error(multipart_not_installed_error)
>               raise RuntimeError(multipart_not_installed_error) from None
E               RuntimeError: Form data requires "python-multipart" to be installed. 
E               You can install "python-multipart" with: 
E               
E               pip install python-multipart

C:\Users\lenovo\AppData\Roaming\Python\Python313\site-packages\fastapi\dependencies\utils.py:108: RuntimeError
----------------------------- Captured log setup ------------------------------
ERROR    fastapi:utils.py:107 Form data requires "python-multipart" to be installed. 
You can install "python-multipart" with: 

pip install python-multipart
______ ERROR at setup of TestSuggestions.test_response_has_expected_keys ______

    @pytest.fixture
    def client():
        """TestClient with mocked Supabase and mocked LangGraph pipeline."""
        mock_sb = _make_mock_supabase()
    
        # Mock nutrition_graph.invoke for /log-meal
        mock_graph_result = {
            "nutrition": {"calories": 350.0, "protein": 18.0, "carbs": 58.0, "fat": 8.0},
            "recommendation": "Try dal and roti for dinner!",
        }
        mock_graph = MagicMock()
        mock_graph.invoke.return_value = mock_graph_result
    
>       with patch("main.get_supabase_client", return_value=mock_sb):
             ^^^^^^^^^^^^^^^^^^^^^^^^^^^^^^^^^^^^^^^^^^^^^^^^^^^^^^^

tests\test_routes.py:95: 
_ _ _ _ _ _ _ _ _ _ _ _ _ _ _ _ _ _ _ _ _ _ _ _ _ _ _ _ _ _ _ _ _ _ _ _ _ _ _ _

self = <unittest.mock._patch object at 0x00000246C373A270>

    def __enter__(self):
        """Perform the patch."""
        if self.is_started:
            raise RuntimeError("Patch is already started")
    
        new, spec, spec_set = self.new, self.spec, self.spec_set
        autospec, kwargs = self.autospec, self.kwargs
        new_callable = self.new_callable
>       self.target = self.getter()
                      ^^^^^^^^^^^^^

C:\Python313\Lib\unittest\mock.py:1479: 
_ _ _ _ _ _ _ _ _ _ _ _ _ _ _ _ _ _ _ _ _ _ _ _ _ _ _ _ _ _ _ _ _ _ _ _ _ _ _ _

name = 'main'

    def resolve_name(name):
        """
        Resolve a name to an object.
    
        It is expected that `name` will be a string in one of the following
        formats, where W is shorthand for a valid Python identifier and dot stands
        for a literal period in these pseudo-regexes:
    
        W(.W)*
        W(.W)*:(W(.W)*)?
    
        The first form is intended for backward compatibility only. It assumes that
        some part of the dotted name is a package, and the rest is an object
        somewhere within that package, possibly nested inside other objects.
        Because the place where the package stops and the object hierarchy starts
        can't be inferred by inspection, repeated attempts to import must be done
        with this form.
    
        In the second form, the caller makes the division point clear through the
        provision of a single colon: the dotted name to the left of the colon is a
        package to be imported, and the dotted name to the right is the object
        hierarchy within that package. Only one import is needed in this form. If
        it ends with the colon, then a module object is returned.
    
        The function will return an object (which might be a module), or raise one
        of the following exceptions:
    
        ValueError - if `name` isn't in a recognised format
        ImportError - if an import failed when it shouldn't have
        AttributeError - if a failure occurred when traversing the object hierarchy
                         within the imported package to get to the desired object.
        """
        global _NAME_PATTERN
        if _NAME_PATTERN is None:
            # Lazy import to speedup Python startup time
            import re
            dotted_words = r'(?!\d)(\w+)(\.(?!\d)(\w+))*'
            _NAME_PATTERN = re.compile(f'^(?P<pkg>{dotted_words})'
                                       f'(?P<cln>:(?P<obj>{dotted_words})?)?$',
                                       re.UNICODE)
    
        m = _NAME_PATTERN.match(name)
        if not m:
            raise ValueError(f'invalid format: {name!r}')
        gd = m.groupdict()
        if gd.get('cln'):
            # there is a colon - a one-step import is all that's needed
            mod = importlib.import_module(gd['pkg'])
            parts = gd.get('obj')
            parts = parts.split('.') if parts else []
        else:
            # no colon - have to iterate to find the package boundary
            parts = name.split('.')
            modname = parts.pop(0)
            # first part *must* be a module/package.
>           mod = importlib.import_module(modname)
                  ^^^^^^^^^^^^^^^^^^^^^^^^^^^^^^^^

C:\Python313\Lib\pkgutil.py:513: 
_ _ _ _ _ _ _ _ _ _ _ _ _ _ _ _ _ _ _ _ _ _ _ _ _ _ _ _ _ _ _ _ _ _ _ _ _ _ _ _

name = 'main', package = None

    def import_module(name, package=None):
        """Import a module.
    
        The 'package' argument is required when performing a relative import. It
        specifies the package to use as the anchor point from which to resolve the
        relative import to an absolute import.
    
        """
        level = 0
        if name.startswith('.'):
            if not package:
                raise TypeError("the 'package' argument is required to perform a "
                                f"relative import for {name!r}")
            for character in name:
                if character != '.':
                    break
                level += 1
>       return _bootstrap._gcd_import(name[level:], package, level)
               ^^^^^^^^^^^^^^^^^^^^^^^^^^^^^^^^^^^^^^^^^^^^^^^^^^^^

C:\Python313\Lib\importlib\__init__.py:88: 
_ _ _ _ _ _ _ _ _ _ _ _ _ _ _ _ _ _ _ _ _ _ _ _ _ _ _ _ _ _ _ _ _ _ _ _ _ _ _ _

name = 'main', package = None, level = 0

>   ???

<frozen importlib._bootstrap>:1387: 
_ _ _ _ _ _ _ _ _ _ _ _ _ _ _ _ _ _ _ _ _ _ _ _ _ _ _ _ _ _ _ _ _ _ _ _ _ _ _ _

name = 'main', import_ = <function _gcd_import at 0x00000246FDE604A0>

>   ???

<frozen importlib._bootstrap>:1360: 
_ _ _ _ _ _ _ _ _ _ _ _ _ _ _ _ _ _ _ _ _ _ _ _ _ _ _ _ _ _ _ _ _ _ _ _ _ _ _ _

name = 'main', import_ = <function _gcd_import at 0x00000246FDE604A0>

>   ???

<frozen importlib._bootstrap>:1331: 
_ _ _ _ _ _ _ _ _ _ _ _ _ _ _ _ _ _ _ _ _ _ _ _ _ _ _ _ _ _ _ _ _ _ _ _ _ _ _ _

spec = ModuleSpec(name='main', loader=<_frozen_importlib_external.SourceFileLoader object at 0x00000246C49F35F0>, origin='E:\\My Projects\\Nutrition app\\nutrition-tracker\\backend\\main.py')

>   ???

<frozen importlib._bootstrap>:935: 
_ _ _ _ _ _ _ _ _ _ _ _ _ _ _ _ _ _ _ _ _ _ _ _ _ _ _ _ _ _ _ _ _ _ _ _ _ _ _ _

self = <_frozen_importlib_external.SourceFileLoader object at 0x00000246C49F35F0>
module = <module 'main' from 'E:\\My Projects\\Nutrition app\\nutrition-tracker\\backend\\main.py'>

>   ???

<frozen importlib._bootstrap_external>:1026: 
_ _ _ _ _ _ _ _ _ _ _ _ _ _ _ _ _ _ _ _ _ _ _ _ _ _ _ _ _ _ _ _ _ _ _ _ _ _ _ _

f = <built-in function exec>
args = (<code object <module> at 0x00000246BF53E8B0, file "E:\My Projects\Nutrition app\nutrition-tracker\backend\main.py", l...RSMiddleware'>, 'FastAPI': <class 'fastapi.applications.FastAPI'>, 'File': <function File at 0x00000246837B4AE0>, ...})
kwds = {}

>   ???

<frozen importlib._bootstrap>:488: 
_ _ _ _ _ _ _ _ _ _ _ _ _ _ _ _ _ _ _ _ _ _ _ _ _ _ _ _ _ _ _ _ _ _ _ _ _ _ _ _

    """
    Main entry point for the Nutrition Tracker API (FastAPI).
    
    Routes defined here:
      POST /log-meal          û Accepts text/image input, runs nutrition_graph, returns nutrition+recommendation
      POST /log-exercise      û Logs an exercise session and returns kcal burned via MET-based formula
      GET  /daily-summary     û Returns today's daily_logs row joined with daily_goals for a user
      GET  /leaderboard       û Returns all six users ranked by today's calorie intake (desc)
      POST /calculate-goals   û Computes macro/calorie goals via MifflinûSt Jeor and upserts to daily_goals
      GET  /suggestions       û Returns the latest recommendation stored in daily_logs for a user
    
    Supabase project reference: hyejucwqghkujckoshbr
    """
    
    import os
    import io
    import math
    import tempfile
    from datetime import date
    from typing import Optional
    
    from fastapi import FastAPI, HTTPException, UploadFile, File, Form, Query
    from fastapi.middleware.cors import CORSMiddleware
    from pydantic import BaseModel
    from dotenv import load_dotenv
    
    # \u2500\u2500 Load environment variables \u2500\u2500\u2500\u2500\u2500\u2500\u2500\u2500\u2500\u2500\u2500\u2500\u2500\u2500\u2500\u2500\u2500\u2500\u2500\u2500\u2500\u2500\u2500\u2500\u2500\u2500\u2500\u2500\u2500\u2500\u2500\u2500\u2500\u2500\u2500\u2500\u2500\u2500\u2500\u2500\u2500\u2500\u2500\u2500\u2500\u2500\u2500\u2500\u2500
    _dotenv_path = os.path.join(os.path.dirname(__file__), ".env")
    load_dotenv(dotenv_path=_dotenv_path)
    
    # \u2500\u2500 Supabase client \u2500\u2500\u2500\u2500\u2500\u2500\u2500\u2500\u2500\u2500\u2500\u2500\u2500\u2500\u2500\u2500\u2500\u2500\u2500\u2500\u2500\u2500\u2500\u2500\u2500\u2500\u2500\u2500\u2500\u2500\u2500\u2500\u2500\u2500\u2500\u2500\u2500\u2500\u2500\u2500\u2500\u2500\u2500\u2500\u2500\u2500\u2500\u2500\u2500\u2500\u2500\u2500\u2500\u2500\u2500\u2500\u2500\u2500\u2500\u2500
    from database.supabase_client import get_supabase_client
    
    # \u2500\u2500 LangGraph nutrition pipeline \u2500\u2500\u2500\u2500\u2500\u2500\u2500\u2500\u2500\u2500\u2500\u2500\u2500\u2500\u2500\u2500\u2500\u2500\u2500\u2500\u2500\u2500\u2500\u2500\u2500\u2500\u2500\u2500\u2500\u2500\u2500\u2500\u2500\u2500\u2500\u2500\u2500\u2500\u2500\u2500\u2500\u2500\u2500\u2500\u2500\u2500\u2500
    from agents.graph import nutrition_graph
    from agents.state import default_nutrition_state
    
    # \u2500\u2500 FastAPI app \u2500\u2500\u2500\u2500\u2500\u2500\u2500\u2500\u2500\u2500\u2500\u2500\u2500\u2500\u2500\u2500\u2500\u2500\u2500\u2500\u2500\u2500\u2500\u2500\u2500\u2500\u2500\u2500\u2500\u2500\u2500\u2500\u2500\u2500\u2500\u2500\u2500\u2500\u2500\u2500\u2500\u2500\u2500\u2500\u2500\u2500\u2500\u2500\u2500\u2500\u2500\u2500\u2500\u2500\u2500\u2500\u2500\u2500\u2500\u2500\u2500\u2500\u2500\u2500
    app = FastAPI(
        title="Nutrition Tracker API",
        description=(
            "Backend API for the AI-powered Nutrition Tracker. "
            "Handles meal logging via LangGraph, exercise tracking, "
            "daily summaries, leaderboards, goal calculation, and suggestion retrieval. "
            "Supabase project: hyejucwqghkujckoshbr"
        ),
        version="1.0.0",
    )
    
    # \u2500\u2500 CORS (local prototype \u2014 allow everything) \u2500\u2500\u2500\u2500\u2500\u2500\u2500\u2500\u2500\u2500\u2500\u2500\u2500\u2500\u2500\u2500\u2500\u2500\u2500\u2500\u2500\u2500\u2500\u2500\u2500\u2500\u2500\u2500\u2500\u2500\u2500\u2500\u2500\u2500
    app.add_middleware(
        CORSMiddleware,
        allow_origins=["*"],
        allow_credentials=True,
        allow_methods=["*"],
        allow_headers=["*"],
    )
    
    # \u2500\u2500 Global: preloaded Keras food-classifier model \u2500\u2500\u2500\u2500\u2500\u2500\u2500\u2500\u2500\u2500\u2500\u2500\u2500\u2500\u2500\u2500\u2500\u2500\u2500\u2500\u2500\u2500\u2500\u2500\u2500\u2500\u2500\u2500\u2500\u2500
    _food_classifier = None   # set during startup; None when model file is absent
    
    
    @app.on_event("startup")
    async def startup_event():
        """
        Runs once when the server boots.
        1. Ensures .env is loaded (redundant but defensive).
        2. Preloads the Keras food-classifier so the first request doesn't pay the
           cold-start penalty.  If the model file is missing, a warning is printed
           and the server continues ù routes that don't use the classifier still work.
        """
        global _food_classifier
    
        load_dotenv(dotenv_path=_dotenv_path)
    
        model_path = os.path.join(os.path.dirname(__file__), "models", "food_classifier.keras")
        if os.path.exists(model_path):
            try:
                import tensorflow as tf  # imported lazily so the app starts without TF if unneeded
                _food_classifier = tf.keras.models.load_model(model_path)
                print(f"[startup] Food classifier loaded from '{model_path}'.")
            except Exception as exc:
                print(f"[startup] WARNING û could not load food classifier: {exc}")
        else:
            print(
                f"[startup] WARNING û model file not found at '{model_path}'. "
                "Image-based food classification will be unavailable."
            )
    
    
    # \u2550\u2550\u2550\u2550\u2550\u2550\u2550\u2550\u2550\u2550\u2550\u2550\u2550\u2550\u2550\u2550\u2550\u2550\u2550\u2550\u2550\u2550\u2550\u2550\u2550\u2550\u2550\u2550\u2550\u2550\u2550\u2550\u2550\u2550\u2550\u2550\u2550\u2550\u2550\u2550\u2550\u2550\u2550\u2550\u2550\u2550\u2550\u2550\u2550\u2550\u2550\u2550\u2550\u2550\u2550\u2550\u2550\u2550\u2550\u2550\u2550\u2550\u2550\u2550\u2550\u2550\u2550\u2550\u2550\u2550\u2550\u2550\u2550\u2550\u2550\u2550\u2550\u2550
    # Route 1 û POST /log-meal
    # \u2550\u2550\u2550\u2550\u2550\u2550\u2550\u2550\u2550\u2550\u2550\u2550\u2550\u2550\u2550\u2550\u2550\u2550\u2550\u2550\u2550\u2550\u2550\u2550\u2550\u2550\u2550\u2550\u2550\u2550\u2550\u2550\u2550\u2550\u2550\u2550\u2550\u2550\u2550\u2550\u2550\u2550\u2550\u2550\u2550\u2550\u2550\u2550\u2550\u2550\u2550\u2550\u2550\u2550\u2550\u2550\u2550\u2550\u2550\u2550\u2550\u2550\u2550\u2550\u2550\u2550\u2550\u2550\u2550\u2550\u2550\u2550\u2550\u2550\u2550\u2550\u2550\u2550
    
>   @app.post("/log-meal", summary="Log a meal via text and/or image")
     ^^^^^^^^^^^^^^^^^^^^^^^^^^^^^^^^^^^^^^^^^^^^^^^^^^^^^^^^^^^^^^^^^

main.py:95: 
_ _ _ _ _ _ _ _ _ _ _ _ _ _ _ _ _ _ _ _ _ _ _ _ _ _ _ _ _ _ _ _ _ _ _ _ _ _ _ _

func = <function log_meal at 0x00000246C36BA660>

    def decorator(func: DecoratedCallable) -> DecoratedCallable:
>       self.add_api_route(
            path,
            func,
            response_model=response_model,
            status_code=status_code,
            tags=tags,
            dependencies=dependencies,
            summary=summary,
            description=description,
            response_description=response_description,
            responses=responses,
            deprecated=deprecated,
            methods=methods,
            operation_id=operation_id,
            response_model_include=response_model_include,
            response_model_exclude=response_model_exclude,
            response_model_by_alias=response_model_by_alias,
            response_model_exclude_unset=response_model_exclude_unset,
            response_model_exclude_defaults=response_model_exclude_defaults,
            response_model_exclude_none=response_model_exclude_none,
            include_in_schema=include_in_schema,
            response_class=response_class,
            name=name,
            callbacks=callbacks,
            openapi_extra=openapi_extra,
            generate_unique_id_function=generate_unique_id_function,
        )

C:\Users\lenovo\AppData\Roaming\Python\Python313\site-packages\fastapi\routing.py:1125: 
_ _ _ _ _ _ _ _ _ _ _ _ _ _ _ _ _ _ _ _ _ _ _ _ _ _ _ _ _ _ _ _ _ _ _ _ _ _ _ _

self = <fastapi.routing.APIRouter object at 0x00000246C4B33A70>
path = '/log-meal', endpoint = <function log_meal at 0x00000246C36BA660>

    def add_api_route(
        self,
        path: str,
        endpoint: Callable[..., Any],
        *,
        response_model: Any = Default(None),
        status_code: int | None = None,
        tags: list[str | Enum] | None = None,
        dependencies: Sequence[params.Depends] | None = None,
        summary: str | None = None,
        description: str | None = None,
        response_description: str = "Successful Response",
        responses: dict[int | str, dict[str, Any]] | None = None,
        deprecated: bool | None = None,
        methods: set[str] | list[str] | None = None,
        operation_id: str | None = None,
        response_model_include: IncEx | None = None,
        response_model_exclude: IncEx | None = None,
        response_model_by_alias: bool = True,
        response_model_exclude_unset: bool = False,
        response_model_exclude_defaults: bool = False,
        response_model_exclude_none: bool = False,
        include_in_schema: bool = True,
        response_class: type[Response] | DefaultPlaceholder = Default(JSONResponse),
        name: str | None = None,
        route_class_override: type[APIRoute] | None = None,
        callbacks: list[BaseRoute] | None = None,
        openapi_extra: dict[str, Any] | None = None,
        generate_unique_id_function: Callable[[APIRoute], str]
        | DefaultPlaceholder = Default(generate_unique_id),
    ) -> None:
        route_class = route_class_override or self.route_class
        responses = responses or {}
        combined_responses = {**self.responses, **responses}
        current_response_class = get_value_or_default(
            response_class, self.default_response_class
        )
        current_tags = self.tags.copy()
        if tags:
            current_tags.extend(tags)
        current_dependencies = self.dependencies.copy()
        if dependencies:
            current_dependencies.extend(dependencies)
        current_callbacks = self.callbacks.copy()
        if callbacks:
            current_callbacks.extend(callbacks)
        current_generate_unique_id = get_value_or_default(
            generate_unique_id_function, self.generate_unique_id_function
        )
>       route = route_class(
            self.prefix + path,
            endpoint=endpoint,
            response_model=response_model,
            status_code=status_code,
            tags=current_tags,
            dependencies=current_dependencies,
            summary=summary,
            description=description,
            response_description=response_description,
            responses=combined_responses,
            deprecated=deprecated or self.deprecated,
            methods=methods,
            operation_id=operation_id,
            response_model_include=response_model_include,
            response_model_exclude=response_model_exclude,
            response_model_by_alias=response_model_by_alias,
            response_model_exclude_unset=response_model_exclude_unset,
            response_model_exclude_defaults=response_model_exclude_defaults,
            response_model_exclude_none=response_model_exclude_none,
            include_in_schema=include_in_schema and self.include_in_schema,
            response_class=current_response_class,
            name=name,
            dependency_overrides_provider=self.dependency_overrides_provider,
            callbacks=current_callbacks,
            openapi_extra=openapi_extra,
            generate_unique_id_function=current_generate_unique_id,
        )

C:\Users\lenovo\AppData\Roaming\Python\Python313\site-packages\fastapi\routing.py:1064: 
_ _ _ _ _ _ _ _ _ _ _ _ _ _ _ _ _ _ _ _ _ _ _ _ _ _ _ _ _ _ _ _ _ _ _ _ _ _ _ _

self = APIRoute(path='/log-meal', name='log_meal', methods=['POST'])
path = '/log-meal', endpoint = <function log_meal at 0x00000246C36BA660>

    def __init__(
        self,
        path: str,
        endpoint: Callable[..., Any],
        *,
        response_model: Any = Default(None),
        status_code: int | None = None,
        tags: list[str | Enum] | None = None,
        dependencies: Sequence[params.Depends] | None = None,
        summary: str | None = None,
        description: str | None = None,
        response_description: str = "Successful Response",
        responses: dict[int | str, dict[str, Any]] | None = None,
        deprecated: bool | None = None,
        name: str | None = None,
        methods: set[str] | list[str] | None = None,
        operation_id: str | None = None,
        response_model_include: IncEx | None = None,
        response_model_exclude: IncEx | None = None,
        response_model_by_alias: bool = True,
        response_model_exclude_unset: bool = False,
        response_model_exclude_defaults: bool = False,
        response_model_exclude_none: bool = False,
        include_in_schema: bool = True,
        response_class: type[Response] | DefaultPlaceholder = Default(JSONResponse),
        dependency_overrides_provider: Any | None = None,
        callbacks: list[BaseRoute] | None = None,
        openapi_extra: dict[str, Any] | None = None,
        generate_unique_id_function: Callable[["APIRoute"], str]
        | DefaultPlaceholder = Default(generate_unique_id),
    ) -> None:
        self.path = path
        self.endpoint = endpoint
        if isinstance(response_model, DefaultPlaceholder):
            return_annotation = get_typed_return_annotation(endpoint)
            if lenient_issubclass(return_annotation, Response):
                response_model = None
            else:
                response_model = return_annotation
        self.response_model = response_model
        self.summary = summary
        self.response_description = response_description
        self.deprecated = deprecated
        self.operation_id = operation_id
        self.response_model_include = response_model_include
        self.response_model_exclude = response_model_exclude
        self.response_model_by_alias = response_model_by_alias
        self.response_model_exclude_unset = response_model_exclude_unset
        self.response_model_exclude_defaults = response_model_exclude_defaults
        self.response_model_exclude_none = response_model_exclude_none
        self.include_in_schema = include_in_schema
        self.response_class = response_class
        self.dependency_overrides_provider = dependency_overrides_provider
        self.callbacks = callbacks
        self.openapi_extra = openapi_extra
        self.generate_unique_id_function = generate_unique_id_function
        self.tags = tags or []
        self.responses = responses or {}
        self.name = get_name(endpoint) if name is None else name
        self.path_regex, self.path_format, self.param_convertors = compile_path(path)
        if methods is None:
            methods = ["GET"]
        self.methods: set[str] = {method.upper() for method in methods}
        if isinstance(generate_unique_id_function, DefaultPlaceholder):
            current_generate_unique_id: Callable[[APIRoute], str] = (
                generate_unique_id_function.value
            )
        else:
            current_generate_unique_id = generate_unique_id_function
        self.unique_id = self.operation_id or current_generate_unique_id(self)
        # normalize enums e.g. http.HTTPStatus
        if isinstance(status_code, IntEnum):
            status_code = int(status_code)
        self.status_code = status_code
        if self.response_model:
            assert is_body_allowed_for_status_code(status_code), (
                f"Status code {status_code} must not have a response body"
            )
            response_name = "Response_" + self.unique_id
            self.response_field = create_model_field(
                name=response_name,
                type_=self.response_model,
                mode="serialization",
            )
        else:
            self.response_field = None  # type: ignore
        self.dependencies = list(dependencies or [])
        self.description = description or inspect.cleandoc(self.endpoint.__doc__ or "")
        # if a "form feed" character (page break) is found in the description text,
        # truncate description text to the content preceding the first "form feed"
        self.description = self.description.split("\f")[0].strip()
        response_fields = {}
        for additional_status_code, response in self.responses.items():
            assert isinstance(response, dict), "An additional response must be a dict"
            model = response.get("model")
            if model:
                assert is_body_allowed_for_status_code(additional_status_code), (
                    f"Status code {additional_status_code} must not have a response body"
                )
                response_name = f"Response_{additional_status_code}_{self.unique_id}"
                response_field = create_model_field(
                    name=response_name, type_=model, mode="serialization"
                )
                response_fields[additional_status_code] = response_field
        if response_fields:
            self.response_fields: dict[int | str, ModelField] = response_fields
        else:
            self.response_fields = {}
    
        assert callable(endpoint), "An endpoint must be a callable"
>       self.dependant = get_dependant(
            path=self.path_format, call=self.endpoint, scope="function"
        )

C:\Users\lenovo\AppData\Roaming\Python\Python313\site-packages\fastapi\routing.py:665: 
_ _ _ _ _ _ _ _ _ _ _ _ _ _ _ _ _ _ _ _ _ _ _ _ _ _ _ _ _ _ _ _ _ _ _ _ _ _ _ _

    def get_dependant(
        *,
        path: str,
        call: Callable[..., Any],
        name: str | None = None,
        own_oauth_scopes: list[str] | None = None,
        parent_oauth_scopes: list[str] | None = None,
        use_cache: bool = True,
        scope: Literal["function", "request"] | None = None,
    ) -> Dependant:
        dependant = Dependant(
            call=call,
            name=name,
            path=path,
            use_cache=use_cache,
            scope=scope,
            own_oauth_scopes=own_oauth_scopes,
            parent_oauth_scopes=parent_oauth_scopes,
        )
        current_scopes = (parent_oauth_scopes or []) + (own_oauth_scopes or [])
        path_param_names = get_path_param_names(path)
        endpoint_signature = get_typed_signature(call)
        signature_params = endpoint_signature.parameters
        for param_name, param in signature_params.items():
            is_path_param = param_name in path_param_names
>           param_details = analyze_param(
                param_name=param_name,
                annotation=param.annotation,
                value=param.default,
                is_path_param=is_path_param,
            )

C:\Users\lenovo\AppData\Roaming\Python\Python313\site-packages\fastapi\dependencies\utils.py:279: 
_ _ _ _ _ _ _ _ _ _ _ _ _ _ _ _ _ _ _ _ _ _ _ _ _ _ _ _ _ _ _ _ _ _ _ _ _ _ _ _

    def analyze_param(
        *,
        param_name: str,
        annotation: Any,
        value: Any,
        is_path_param: bool,
    ) -> ParamDetails:
        field_info = None
        depends = None
        type_annotation: Any = Any
        use_annotation: Any = Any
        if is_typealiastype(annotation):
            # unpack in case PEP 695 type syntax is used
            annotation = annotation.__value__
        if annotation is not inspect.Signature.empty:
            use_annotation = annotation
            type_annotation = annotation
        # Extract Annotated info
        if get_origin(use_annotation) is Annotated:
            annotated_args = get_args(annotation)
            type_annotation = annotated_args[0]
            fastapi_annotations = [
                arg
                for arg in annotated_args[1:]
                if isinstance(arg, (FieldInfo, params.Depends))
            ]
            fastapi_specific_annotations = [
                arg
                for arg in fastapi_annotations
                if isinstance(
                    arg,
                    (
                        params.Param,
                        params.Body,
                        params.Depends,
                    ),
                )
            ]
            if fastapi_specific_annotations:
                fastapi_annotation: FieldInfo | params.Depends | None = (
                    fastapi_specific_annotations[-1]
                )
            else:
                fastapi_annotation = None
            # Set default for Annotated FieldInfo
            if isinstance(fastapi_annotation, FieldInfo):
                # Copy `field_info` because we mutate `field_info.default` below.
                field_info = copy_field_info(
                    field_info=fastapi_annotation,
                    annotation=use_annotation,
                )
                assert (
                    field_info.default == Undefined or field_info.default == RequiredParam
                ), (
                    f"`{field_info.__class__.__name__}` default value cannot be set in"
                    f" `Annotated` for {param_name!r}. Set the default value with `=` instead."
                )
                if value is not inspect.Signature.empty:
                    assert not is_path_param, "Path parameters cannot have default values"
                    field_info.default = value
                else:
                    field_info.default = RequiredParam
            # Get Annotated Depends
            elif isinstance(fastapi_annotation, params.Depends):
                depends = fastapi_annotation
        # Get Depends from default value
        if isinstance(value, params.Depends):
            assert depends is None, (
                "Cannot specify `Depends` in `Annotated` and default value"
                f" together for {param_name!r}"
            )
            assert field_info is None, (
                "Cannot specify a FastAPI annotation in `Annotated` and `Depends` as a"
                f" default value together for {param_name!r}"
            )
            depends = value
        # Get FieldInfo from default value
        elif isinstance(value, FieldInfo):
            assert field_info is None, (
                "Cannot specify FastAPI annotations in `Annotated` and default value"
                f" together for {param_name!r}"
            )
            field_info = value
            if isinstance(field_info, FieldInfo):
                field_info.annotation = type_annotation
    
        # Get Depends from type annotation
        if depends is not None and depends.dependency is None:
            # Copy `depends` before mutating it
            depends = copy(depends)
            depends = dataclasses.replace(depends, dependency=type_annotation)
    
        # Handle non-param type annotations like Request
        # Only apply special handling when there's no explicit Depends - if there's a Depends,
        # the dependency will be called and its return value used instead of the special injection
        if depends is None and lenient_issubclass(
            type_annotation,
            (
                Request,
                WebSocket,
                HTTPConnection,
                Response,
                StarletteBackgroundTasks,
                SecurityScopes,
            ),
        ):
            assert field_info is None, (
                f"Cannot specify FastAPI annotation for type {type_annotation!r}"
            )
        # Handle default assignations, neither field_info nor depends was not found in Annotated nor default value
        elif field_info is None and depends is None:
            default_value = value if value is not inspect.Signature.empty else RequiredParam
            if is_path_param:
                # We might check here that `default_value is RequiredParam`, but the fact is that the same
                # parameter might sometimes be a path parameter and sometimes not. See
                # `tests/test_infer_param_optionality.py` for an example.
                field_info = params.Path(annotation=use_annotation)
            elif is_uploadfile_or_nonable_uploadfile_annotation(
                type_annotation
            ) or is_uploadfile_sequence_annotation(type_annotation):
                field_info = params.File(annotation=use_annotation, default=default_value)
            elif not field_annotation_is_scalar(annotation=type_annotation):
                field_info = params.Body(annotation=use_annotation, default=default_value)
            else:
                field_info = params.Query(annotation=use_annotation, default=default_value)
    
        field = None
        # It's a field_info, not a dependency
        if field_info is not None:
            # Handle field_info.in_
            if is_path_param:
                assert isinstance(field_info, params.Path), (
                    f"Cannot use `{field_info.__class__.__name__}` for path param"
                    f" {param_name!r}"
                )
            elif (
                isinstance(field_info, params.Param)
                and getattr(field_info, "in_", None) is None
            ):
                field_info.in_ = params.ParamTypes.query
            use_annotation_from_field_info = use_annotation
            if isinstance(field_info, params.Form):
>               ensure_multipart_is_installed()

C:\Users\lenovo\AppData\Roaming\Python\Python313\site-packages\fastapi\dependencies\utils.py:502: 
_ _ _ _ _ _ _ _ _ _ _ _ _ _ _ _ _ _ _ _ _ _ _ _ _ _ _ _ _ _ _ _ _ _ _ _ _ _ _ _

    def ensure_multipart_is_installed() -> None:
        try:
            from python_multipart import __version__
    
            # Import an attribute that can be mocked/deleted in testing
            assert __version__ > "0.0.12"
        except (ImportError, AssertionError):
            try:
                # __version__ is available in both multiparts, and can be mocked
                from multipart import __version__  # type: ignore[no-redef,import-untyped]
    
                assert __version__
                try:
                    # parse_options_header is only available in the right multipart
                    from multipart.multipart import (  # type: ignore[import-untyped]
                        parse_options_header,
                    )
    
                    assert parse_options_header
                except ImportError:
                    logger.error(multipart_incorrect_install_error)
                    raise RuntimeError(multipart_incorrect_install_error) from None
            except ImportError:
                logger.error(multipart_not_installed_error)
>               raise RuntimeError(multipart_not_installed_error) from None
E               RuntimeError: Form data requires "python-multipart" to be installed. 
E               You can install "python-multipart" with: 
E               
E               pip install python-multipart

C:\Users\lenovo\AppData\Roaming\Python\Python313\site-packages\fastapi\dependencies\utils.py:108: RuntimeError
----------------------------- Captured log setup ------------------------------
ERROR    fastapi:utils.py:107 Form data requires "python-multipart" to be installed. 
You can install "python-multipart" with: 

pip install python-multipart
_____ ERROR at setup of TestSuggestions.test_missing_user_id_returns_422 ______

    @pytest.fixture
    def client():
        """TestClient with mocked Supabase and mocked LangGraph pipeline."""
        mock_sb = _make_mock_supabase()
    
        # Mock nutrition_graph.invoke for /log-meal
        mock_graph_result = {
            "nutrition": {"calories": 350.0, "protein": 18.0, "carbs": 58.0, "fat": 8.0},
            "recommendation": "Try dal and roti for dinner!",
        }
        mock_graph = MagicMock()
        mock_graph.invoke.return_value = mock_graph_result
    
>       with patch("main.get_supabase_client", return_value=mock_sb):
             ^^^^^^^^^^^^^^^^^^^^^^^^^^^^^^^^^^^^^^^^^^^^^^^^^^^^^^^

tests\test_routes.py:95: 
_ _ _ _ _ _ _ _ _ _ _ _ _ _ _ _ _ _ _ _ _ _ _ _ _ _ _ _ _ _ _ _ _ _ _ _ _ _ _ _

self = <unittest.mock._patch object at 0x00000246C37389F0>

    def __enter__(self):
        """Perform the patch."""
        if self.is_started:
            raise RuntimeError("Patch is already started")
    
        new, spec, spec_set = self.new, self.spec, self.spec_set
        autospec, kwargs = self.autospec, self.kwargs
        new_callable = self.new_callable
>       self.target = self.getter()
                      ^^^^^^^^^^^^^

C:\Python313\Lib\unittest\mock.py:1479: 
_ _ _ _ _ _ _ _ _ _ _ _ _ _ _ _ _ _ _ _ _ _ _ _ _ _ _ _ _ _ _ _ _ _ _ _ _ _ _ _

name = 'main'

    def resolve_name(name):
        """
        Resolve a name to an object.
    
        It is expected that `name` will be a string in one of the following
        formats, where W is shorthand for a valid Python identifier and dot stands
        for a literal period in these pseudo-regexes:
    
        W(.W)*
        W(.W)*:(W(.W)*)?
    
        The first form is intended for backward compatibility only. It assumes that
        some part of the dotted name is a package, and the rest is an object
        somewhere within that package, possibly nested inside other objects.
        Because the place where the package stops and the object hierarchy starts
        can't be inferred by inspection, repeated attempts to import must be done
        with this form.
    
        In the second form, the caller makes the division point clear through the
        provision of a single colon: the dotted name to the left of the colon is a
        package to be imported, and the dotted name to the right is the object
        hierarchy within that package. Only one import is needed in this form. If
        it ends with the colon, then a module object is returned.
    
        The function will return an object (which might be a module), or raise one
        of the following exceptions:
    
        ValueError - if `name` isn't in a recognised format
        ImportError - if an import failed when it shouldn't have
        AttributeError - if a failure occurred when traversing the object hierarchy
                         within the imported package to get to the desired object.
        """
        global _NAME_PATTERN
        if _NAME_PATTERN is None:
            # Lazy import to speedup Python startup time
            import re
            dotted_words = r'(?!\d)(\w+)(\.(?!\d)(\w+))*'
            _NAME_PATTERN = re.compile(f'^(?P<pkg>{dotted_words})'
                                       f'(?P<cln>:(?P<obj>{dotted_words})?)?$',
                                       re.UNICODE)
    
        m = _NAME_PATTERN.match(name)
        if not m:
            raise ValueError(f'invalid format: {name!r}')
        gd = m.groupdict()
        if gd.get('cln'):
            # there is a colon - a one-step import is all that's needed
            mod = importlib.import_module(gd['pkg'])
            parts = gd.get('obj')
            parts = parts.split('.') if parts else []
        else:
            # no colon - have to iterate to find the package boundary
            parts = name.split('.')
            modname = parts.pop(0)
            # first part *must* be a module/package.
>           mod = importlib.import_module(modname)
                  ^^^^^^^^^^^^^^^^^^^^^^^^^^^^^^^^

C:\Python313\Lib\pkgutil.py:513: 
_ _ _ _ _ _ _ _ _ _ _ _ _ _ _ _ _ _ _ _ _ _ _ _ _ _ _ _ _ _ _ _ _ _ _ _ _ _ _ _

name = 'main', package = None

    def import_module(name, package=None):
        """Import a module.
    
        The 'package' argument is required when performing a relative import. It
        specifies the package to use as the anchor point from which to resolve the
        relative import to an absolute import.
    
        """
        level = 0
        if name.startswith('.'):
            if not package:
                raise TypeError("the 'package' argument is required to perform a "
                                f"relative import for {name!r}")
            for character in name:
                if character != '.':
                    break
                level += 1
>       return _bootstrap._gcd_import(name[level:], package, level)
               ^^^^^^^^^^^^^^^^^^^^^^^^^^^^^^^^^^^^^^^^^^^^^^^^^^^^

C:\Python313\Lib\importlib\__init__.py:88: 
_ _ _ _ _ _ _ _ _ _ _ _ _ _ _ _ _ _ _ _ _ _ _ _ _ _ _ _ _ _ _ _ _ _ _ _ _ _ _ _

name = 'main', package = None, level = 0

>   ???

<frozen importlib._bootstrap>:1387: 
_ _ _ _ _ _ _ _ _ _ _ _ _ _ _ _ _ _ _ _ _ _ _ _ _ _ _ _ _ _ _ _ _ _ _ _ _ _ _ _

name = 'main', import_ = <function _gcd_import at 0x00000246FDE604A0>

>   ???

<frozen importlib._bootstrap>:1360: 
_ _ _ _ _ _ _ _ _ _ _ _ _ _ _ _ _ _ _ _ _ _ _ _ _ _ _ _ _ _ _ _ _ _ _ _ _ _ _ _

name = 'main', import_ = <function _gcd_import at 0x00000246FDE604A0>

>   ???

<frozen importlib._bootstrap>:1331: 
_ _ _ _ _ _ _ _ _ _ _ _ _ _ _ _ _ _ _ _ _ _ _ _ _ _ _ _ _ _ _ _ _ _ _ _ _ _ _ _

spec = ModuleSpec(name='main', loader=<_frozen_importlib_external.SourceFileLoader object at 0x00000246C4B38590>, origin='E:\\My Projects\\Nutrition app\\nutrition-tracker\\backend\\main.py')

>   ???

<frozen importlib._bootstrap>:935: 
_ _ _ _ _ _ _ _ _ _ _ _ _ _ _ _ _ _ _ _ _ _ _ _ _ _ _ _ _ _ _ _ _ _ _ _ _ _ _ _

self = <_frozen_importlib_external.SourceFileLoader object at 0x00000246C4B38590>
module = <module 'main' from 'E:\\My Projects\\Nutrition app\\nutrition-tracker\\backend\\main.py'>

>   ???

<frozen importlib._bootstrap_external>:1026: 
_ _ _ _ _ _ _ _ _ _ _ _ _ _ _ _ _ _ _ _ _ _ _ _ _ _ _ _ _ _ _ _ _ _ _ _ _ _ _ _

f = <built-in function exec>
args = (<code object <module> at 0x00000246BF53FBF0, file "E:\My Projects\Nutrition app\nutrition-tracker\backend\main.py", l...RSMiddleware'>, 'FastAPI': <class 'fastapi.applications.FastAPI'>, 'File': <function File at 0x00000246837B4AE0>, ...})
kwds = {}

>   ???

<frozen importlib._bootstrap>:488: 
_ _ _ _ _ _ _ _ _ _ _ _ _ _ _ _ _ _ _ _ _ _ _ _ _ _ _ _ _ _ _ _ _ _ _ _ _ _ _ _

    """
    Main entry point for the Nutrition Tracker API (FastAPI).
    
    Routes defined here:
      POST /log-meal          û Accepts text/image input, runs nutrition_graph, returns nutrition+recommendation
      POST /log-exercise      û Logs an exercise session and returns kcal burned via MET-based formula
      GET  /daily-summary     û Returns today's daily_logs row joined with daily_goals for a user
      GET  /leaderboard       û Returns all six users ranked by today's calorie intake (desc)
      POST /calculate-goals   û Computes macro/calorie goals via MifflinûSt Jeor and upserts to daily_goals
      GET  /suggestions       û Returns the latest recommendation stored in daily_logs for a user
    
    Supabase project reference: hyejucwqghkujckoshbr
    """
    
    import os
    import io
    import math
    import tempfile
    from datetime import date
    from typing import Optional
    
    from fastapi import FastAPI, HTTPException, UploadFile, File, Form, Query
    from fastapi.middleware.cors import CORSMiddleware
    from pydantic import BaseModel
    from dotenv import load_dotenv
    
    # \u2500\u2500 Load environment variables \u2500\u2500\u2500\u2500\u2500\u2500\u2500\u2500\u2500\u2500\u2500\u2500\u2500\u2500\u2500\u2500\u2500\u2500\u2500\u2500\u2500\u2500\u2500\u2500\u2500\u2500\u2500\u2500\u2500\u2500\u2500\u2500\u2500\u2500\u2500\u2500\u2500\u2500\u2500\u2500\u2500\u2500\u2500\u2500\u2500\u2500\u2500\u2500\u2500
    _dotenv_path = os.path.join(os.path.dirname(__file__), ".env")
    load_dotenv(dotenv_path=_dotenv_path)
    
    # \u2500\u2500 Supabase client \u2500\u2500\u2500\u2500\u2500\u2500\u2500\u2500\u2500\u2500\u2500\u2500\u2500\u2500\u2500\u2500\u2500\u2500\u2500\u2500\u2500\u2500\u2500\u2500\u2500\u2500\u2500\u2500\u2500\u2500\u2500\u2500\u2500\u2500\u2500\u2500\u2500\u2500\u2500\u2500\u2500\u2500\u2500\u2500\u2500\u2500\u2500\u2500\u2500\u2500\u2500\u2500\u2500\u2500\u2500\u2500\u2500\u2500\u2500\u2500
    from database.supabase_client import get_supabase_client
    
    # \u2500\u2500 LangGraph nutrition pipeline \u2500\u2500\u2500\u2500\u2500\u2500\u2500\u2500\u2500\u2500\u2500\u2500\u2500\u2500\u2500\u2500\u2500\u2500\u2500\u2500\u2500\u2500\u2500\u2500\u2500\u2500\u2500\u2500\u2500\u2500\u2500\u2500\u2500\u2500\u2500\u2500\u2500\u2500\u2500\u2500\u2500\u2500\u2500\u2500\u2500\u2500\u2500
    from agents.graph import nutrition_graph
    from agents.state import default_nutrition_state
    
    # \u2500\u2500 FastAPI app \u2500\u2500\u2500\u2500\u2500\u2500\u2500\u2500\u2500\u2500\u2500\u2500\u2500\u2500\u2500\u2500\u2500\u2500\u2500\u2500\u2500\u2500\u2500\u2500\u2500\u2500\u2500\u2500\u2500\u2500\u2500\u2500\u2500\u2500\u2500\u2500\u2500\u2500\u2500\u2500\u2500\u2500\u2500\u2500\u2500\u2500\u2500\u2500\u2500\u2500\u2500\u2500\u2500\u2500\u2500\u2500\u2500\u2500\u2500\u2500\u2500\u2500\u2500\u2500
    app = FastAPI(
        title="Nutrition Tracker API",
        description=(
            "Backend API for the AI-powered Nutrition Tracker. "
            "Handles meal logging via LangGraph, exercise tracking, "
            "daily summaries, leaderboards, goal calculation, and suggestion retrieval. "
            "Supabase project: hyejucwqghkujckoshbr"
        ),
        version="1.0.0",
    )
    
    # \u2500\u2500 CORS (local prototype \u2014 allow everything) \u2500\u2500\u2500\u2500\u2500\u2500\u2500\u2500\u2500\u2500\u2500\u2500\u2500\u2500\u2500\u2500\u2500\u2500\u2500\u2500\u2500\u2500\u2500\u2500\u2500\u2500\u2500\u2500\u2500\u2500\u2500\u2500\u2500\u2500
    app.add_middleware(
        CORSMiddleware,
        allow_origins=["*"],
        allow_credentials=True,
        allow_methods=["*"],
        allow_headers=["*"],
    )
    
    # \u2500\u2500 Global: preloaded Keras food-classifier model \u2500\u2500\u2500\u2500\u2500\u2500\u2500\u2500\u2500\u2500\u2500\u2500\u2500\u2500\u2500\u2500\u2500\u2500\u2500\u2500\u2500\u2500\u2500\u2500\u2500\u2500\u2500\u2500\u2500\u2500
    _food_classifier = None   # set during startup; None when model file is absent
    
    
    @app.on_event("startup")
    async def startup_event():
        """
        Runs once when the server boots.
        1. Ensures .env is loaded (redundant but defensive).
        2. Preloads the Keras food-classifier so the first request doesn't pay the
           cold-start penalty.  If the model file is missing, a warning is printed
           and the server continues ù routes that don't use the classifier still work.
        """
        global _food_classifier
    
        load_dotenv(dotenv_path=_dotenv_path)
    
        model_path = os.path.join(os.path.dirname(__file__), "models", "food_classifier.keras")
        if os.path.exists(model_path):
            try:
                import tensorflow as tf  # imported lazily so the app starts without TF if unneeded
                _food_classifier = tf.keras.models.load_model(model_path)
                print(f"[startup] Food classifier loaded from '{model_path}'.")
            except Exception as exc:
                print(f"[startup] WARNING û could not load food classifier: {exc}")
        else:
            print(
                f"[startup] WARNING û model file not found at '{model_path}'. "
                "Image-based food classification will be unavailable."
            )
    
    
    # \u2550\u2550\u2550\u2550\u2550\u2550\u2550\u2550\u2550\u2550\u2550\u2550\u2550\u2550\u2550\u2550\u2550\u2550\u2550\u2550\u2550\u2550\u2550\u2550\u2550\u2550\u2550\u2550\u2550\u2550\u2550\u2550\u2550\u2550\u2550\u2550\u2550\u2550\u2550\u2550\u2550\u2550\u2550\u2550\u2550\u2550\u2550\u2550\u2550\u2550\u2550\u2550\u2550\u2550\u2550\u2550\u2550\u2550\u2550\u2550\u2550\u2550\u2550\u2550\u2550\u2550\u2550\u2550\u2550\u2550\u2550\u2550\u2550\u2550\u2550\u2550\u2550\u2550
    # Route 1 û POST /log-meal
    # \u2550\u2550\u2550\u2550\u2550\u2550\u2550\u2550\u2550\u2550\u2550\u2550\u2550\u2550\u2550\u2550\u2550\u2550\u2550\u2550\u2550\u2550\u2550\u2550\u2550\u2550\u2550\u2550\u2550\u2550\u2550\u2550\u2550\u2550\u2550\u2550\u2550\u2550\u2550\u2550\u2550\u2550\u2550\u2550\u2550\u2550\u2550\u2550\u2550\u2550\u2550\u2550\u2550\u2550\u2550\u2550\u2550\u2550\u2550\u2550\u2550\u2550\u2550\u2550\u2550\u2550\u2550\u2550\u2550\u2550\u2550\u2550\u2550\u2550\u2550\u2550\u2550\u2550
    
>   @app.post("/log-meal", summary="Log a meal via text and/or image")
     ^^^^^^^^^^^^^^^^^^^^^^^^^^^^^^^^^^^^^^^^^^^^^^^^^^^^^^^^^^^^^^^^^

main.py:95: 
_ _ _ _ _ _ _ _ _ _ _ _ _ _ _ _ _ _ _ _ _ _ _ _ _ _ _ _ _ _ _ _ _ _ _ _ _ _ _ _

func = <function log_meal at 0x00000246C36B9E40>

    def decorator(func: DecoratedCallable) -> DecoratedCallable:
>       self.add_api_route(
            path,
            func,
            response_model=response_model,
            status_code=status_code,
            tags=tags,
            dependencies=dependencies,
            summary=summary,
            description=description,
            response_description=response_description,
            responses=responses,
            deprecated=deprecated,
            methods=methods,
            operation_id=operation_id,
            response_model_include=response_model_include,
            response_model_exclude=response_model_exclude,
            response_model_by_alias=response_model_by_alias,
            response_model_exclude_unset=response_model_exclude_unset,
            response_model_exclude_defaults=response_model_exclude_defaults,
            response_model_exclude_none=response_model_exclude_none,
            include_in_schema=include_in_schema,
            response_class=response_class,
            name=name,
            callbacks=callbacks,
            openapi_extra=openapi_extra,
            generate_unique_id_function=generate_unique_id_function,
        )

C:\Users\lenovo\AppData\Roaming\Python\Python313\site-packages\fastapi\routing.py:1125: 
_ _ _ _ _ _ _ _ _ _ _ _ _ _ _ _ _ _ _ _ _ _ _ _ _ _ _ _ _ _ _ _ _ _ _ _ _ _ _ _

self = <fastapi.routing.APIRouter object at 0x00000246C4AD8F50>
path = '/log-meal', endpoint = <function log_meal at 0x00000246C36B9E40>

    def add_api_route(
        self,
        path: str,
        endpoint: Callable[..., Any],
        *,
        response_model: Any = Default(None),
        status_code: int | None = None,
        tags: list[str | Enum] | None = None,
        dependencies: Sequence[params.Depends] | None = None,
        summary: str | None = None,
        description: str | None = None,
        response_description: str = "Successful Response",
        responses: dict[int | str, dict[str, Any]] | None = None,
        deprecated: bool | None = None,
        methods: set[str] | list[str] | None = None,
        operation_id: str | None = None,
        response_model_include: IncEx | None = None,
        response_model_exclude: IncEx | None = None,
        response_model_by_alias: bool = True,
        response_model_exclude_unset: bool = False,
        response_model_exclude_defaults: bool = False,
        response_model_exclude_none: bool = False,
        include_in_schema: bool = True,
        response_class: type[Response] | DefaultPlaceholder = Default(JSONResponse),
        name: str | None = None,
        route_class_override: type[APIRoute] | None = None,
        callbacks: list[BaseRoute] | None = None,
        openapi_extra: dict[str, Any] | None = None,
        generate_unique_id_function: Callable[[APIRoute], str]
        | DefaultPlaceholder = Default(generate_unique_id),
    ) -> None:
        route_class = route_class_override or self.route_class
        responses = responses or {}
        combined_responses = {**self.responses, **responses}
        current_response_class = get_value_or_default(
            response_class, self.default_response_class
        )
        current_tags = self.tags.copy()
        if tags:
            current_tags.extend(tags)
        current_dependencies = self.dependencies.copy()
        if dependencies:
            current_dependencies.extend(dependencies)
        current_callbacks = self.callbacks.copy()
        if callbacks:
            current_callbacks.extend(callbacks)
        current_generate_unique_id = get_value_or_default(
            generate_unique_id_function, self.generate_unique_id_function
        )
>       route = route_class(
            self.prefix + path,
            endpoint=endpoint,
            response_model=response_model,
            status_code=status_code,
            tags=current_tags,
            dependencies=current_dependencies,
            summary=summary,
            description=description,
            response_description=response_description,
            responses=combined_responses,
            deprecated=deprecated or self.deprecated,
            methods=methods,
            operation_id=operation_id,
            response_model_include=response_model_include,
            response_model_exclude=response_model_exclude,
            response_model_by_alias=response_model_by_alias,
            response_model_exclude_unset=response_model_exclude_unset,
            response_model_exclude_defaults=response_model_exclude_defaults,
            response_model_exclude_none=response_model_exclude_none,
            include_in_schema=include_in_schema and self.include_in_schema,
            response_class=current_response_class,
            name=name,
            dependency_overrides_provider=self.dependency_overrides_provider,
            callbacks=current_callbacks,
            openapi_extra=openapi_extra,
            generate_unique_id_function=current_generate_unique_id,
        )

C:\Users\lenovo\AppData\Roaming\Python\Python313\site-packages\fastapi\routing.py:1064: 
_ _ _ _ _ _ _ _ _ _ _ _ _ _ _ _ _ _ _ _ _ _ _ _ _ _ _ _ _ _ _ _ _ _ _ _ _ _ _ _

self = APIRoute(path='/log-meal', name='log_meal', methods=['POST'])
path = '/log-meal', endpoint = <function log_meal at 0x00000246C36B9E40>

    def __init__(
        self,
        path: str,
        endpoint: Callable[..., Any],
        *,
        response_model: Any = Default(None),
        status_code: int | None = None,
        tags: list[str | Enum] | None = None,
        dependencies: Sequence[params.Depends] | None = None,
        summary: str | None = None,
        description: str | None = None,
        response_description: str = "Successful Response",
        responses: dict[int | str, dict[str, Any]] | None = None,
        deprecated: bool | None = None,
        name: str | None = None,
        methods: set[str] | list[str] | None = None,
        operation_id: str | None = None,
        response_model_include: IncEx | None = None,
        response_model_exclude: IncEx | None = None,
        response_model_by_alias: bool = True,
        response_model_exclude_unset: bool = False,
        response_model_exclude_defaults: bool = False,
        response_model_exclude_none: bool = False,
        include_in_schema: bool = True,
        response_class: type[Response] | DefaultPlaceholder = Default(JSONResponse),
        dependency_overrides_provider: Any | None = None,
        callbacks: list[BaseRoute] | None = None,
        openapi_extra: dict[str, Any] | None = None,
        generate_unique_id_function: Callable[["APIRoute"], str]
        | DefaultPlaceholder = Default(generate_unique_id),
    ) -> None:
        self.path = path
        self.endpoint = endpoint
        if isinstance(response_model, DefaultPlaceholder):
            return_annotation = get_typed_return_annotation(endpoint)
            if lenient_issubclass(return_annotation, Response):
                response_model = None
            else:
                response_model = return_annotation
        self.response_model = response_model
        self.summary = summary
        self.response_description = response_description
        self.deprecated = deprecated
        self.operation_id = operation_id
        self.response_model_include = response_model_include
        self.response_model_exclude = response_model_exclude
        self.response_model_by_alias = response_model_by_alias
        self.response_model_exclude_unset = response_model_exclude_unset
        self.response_model_exclude_defaults = response_model_exclude_defaults
        self.response_model_exclude_none = response_model_exclude_none
        self.include_in_schema = include_in_schema
        self.response_class = response_class
        self.dependency_overrides_provider = dependency_overrides_provider
        self.callbacks = callbacks
        self.openapi_extra = openapi_extra
        self.generate_unique_id_function = generate_unique_id_function
        self.tags = tags or []
        self.responses = responses or {}
        self.name = get_name(endpoint) if name is None else name
        self.path_regex, self.path_format, self.param_convertors = compile_path(path)
        if methods is None:
            methods = ["GET"]
        self.methods: set[str] = {method.upper() for method in methods}
        if isinstance(generate_unique_id_function, DefaultPlaceholder):
            current_generate_unique_id: Callable[[APIRoute], str] = (
                generate_unique_id_function.value
            )
        else:
            current_generate_unique_id = generate_unique_id_function
        self.unique_id = self.operation_id or current_generate_unique_id(self)
        # normalize enums e.g. http.HTTPStatus
        if isinstance(status_code, IntEnum):
            status_code = int(status_code)
        self.status_code = status_code
        if self.response_model:
            assert is_body_allowed_for_status_code(status_code), (
                f"Status code {status_code} must not have a response body"
            )
            response_name = "Response_" + self.unique_id
            self.response_field = create_model_field(
                name=response_name,
                type_=self.response_model,
                mode="serialization",
            )
        else:
            self.response_field = None  # type: ignore
        self.dependencies = list(dependencies or [])
        self.description = description or inspect.cleandoc(self.endpoint.__doc__ or "")
        # if a "form feed" character (page break) is found in the description text,
        # truncate description text to the content preceding the first "form feed"
        self.description = self.description.split("\f")[0].strip()
        response_fields = {}
        for additional_status_code, response in self.responses.items():
            assert isinstance(response, dict), "An additional response must be a dict"
            model = response.get("model")
            if model:
                assert is_body_allowed_for_status_code(additional_status_code), (
                    f"Status code {additional_status_code} must not have a response body"
                )
                response_name = f"Response_{additional_status_code}_{self.unique_id}"
                response_field = create_model_field(
                    name=response_name, type_=model, mode="serialization"
                )
                response_fields[additional_status_code] = response_field
        if response_fields:
            self.response_fields: dict[int | str, ModelField] = response_fields
        else:
            self.response_fields = {}
    
        assert callable(endpoint), "An endpoint must be a callable"
>       self.dependant = get_dependant(
            path=self.path_format, call=self.endpoint, scope="function"
        )

C:\Users\lenovo\AppData\Roaming\Python\Python313\site-packages\fastapi\routing.py:665: 
_ _ _ _ _ _ _ _ _ _ _ _ _ _ _ _ _ _ _ _ _ _ _ _ _ _ _ _ _ _ _ _ _ _ _ _ _ _ _ _

    def get_dependant(
        *,
        path: str,
        call: Callable[..., Any],
        name: str | None = None,
        own_oauth_scopes: list[str] | None = None,
        parent_oauth_scopes: list[str] | None = None,
        use_cache: bool = True,
        scope: Literal["function", "request"] | None = None,
    ) -> Dependant:
        dependant = Dependant(
            call=call,
            name=name,
            path=path,
            use_cache=use_cache,
            scope=scope,
            own_oauth_scopes=own_oauth_scopes,
            parent_oauth_scopes=parent_oauth_scopes,
        )
        current_scopes = (parent_oauth_scopes or []) + (own_oauth_scopes or [])
        path_param_names = get_path_param_names(path)
        endpoint_signature = get_typed_signature(call)
        signature_params = endpoint_signature.parameters
        for param_name, param in signature_params.items():
            is_path_param = param_name in path_param_names
>           param_details = analyze_param(
                param_name=param_name,
                annotation=param.annotation,
                value=param.default,
                is_path_param=is_path_param,
            )

C:\Users\lenovo\AppData\Roaming\Python\Python313\site-packages\fastapi\dependencies\utils.py:279: 
_ _ _ _ _ _ _ _ _ _ _ _ _ _ _ _ _ _ _ _ _ _ _ _ _ _ _ _ _ _ _ _ _ _ _ _ _ _ _ _

    def analyze_param(
        *,
        param_name: str,
        annotation: Any,
        value: Any,
        is_path_param: bool,
    ) -> ParamDetails:
        field_info = None
        depends = None
        type_annotation: Any = Any
        use_annotation: Any = Any
        if is_typealiastype(annotation):
            # unpack in case PEP 695 type syntax is used
            annotation = annotation.__value__
        if annotation is not inspect.Signature.empty:
            use_annotation = annotation
            type_annotation = annotation
        # Extract Annotated info
        if get_origin(use_annotation) is Annotated:
            annotated_args = get_args(annotation)
            type_annotation = annotated_args[0]
            fastapi_annotations = [
                arg
                for arg in annotated_args[1:]
                if isinstance(arg, (FieldInfo, params.Depends))
            ]
            fastapi_specific_annotations = [
                arg
                for arg in fastapi_annotations
                if isinstance(
                    arg,
                    (
                        params.Param,
                        params.Body,
                        params.Depends,
                    ),
                )
            ]
            if fastapi_specific_annotations:
                fastapi_annotation: FieldInfo | params.Depends | None = (
                    fastapi_specific_annotations[-1]
                )
            else:
                fastapi_annotation = None
            # Set default for Annotated FieldInfo
            if isinstance(fastapi_annotation, FieldInfo):
                # Copy `field_info` because we mutate `field_info.default` below.
                field_info = copy_field_info(
                    field_info=fastapi_annotation,
                    annotation=use_annotation,
                )
                assert (
                    field_info.default == Undefined or field_info.default == RequiredParam
                ), (
                    f"`{field_info.__class__.__name__}` default value cannot be set in"
                    f" `Annotated` for {param_name!r}. Set the default value with `=` instead."
                )
                if value is not inspect.Signature.empty:
                    assert not is_path_param, "Path parameters cannot have default values"
                    field_info.default = value
                else:
                    field_info.default = RequiredParam
            # Get Annotated Depends
            elif isinstance(fastapi_annotation, params.Depends):
                depends = fastapi_annotation
        # Get Depends from default value
        if isinstance(value, params.Depends):
            assert depends is None, (
                "Cannot specify `Depends` in `Annotated` and default value"
                f" together for {param_name!r}"
            )
            assert field_info is None, (
                "Cannot specify a FastAPI annotation in `Annotated` and `Depends` as a"
                f" default value together for {param_name!r}"
            )
            depends = value
        # Get FieldInfo from default value
        elif isinstance(value, FieldInfo):
            assert field_info is None, (
                "Cannot specify FastAPI annotations in `Annotated` and default value"
                f" together for {param_name!r}"
            )
            field_info = value
            if isinstance(field_info, FieldInfo):
                field_info.annotation = type_annotation
    
        # Get Depends from type annotation
        if depends is not None and depends.dependency is None:
            # Copy `depends` before mutating it
            depends = copy(depends)
            depends = dataclasses.replace(depends, dependency=type_annotation)
    
        # Handle non-param type annotations like Request
        # Only apply special handling when there's no explicit Depends - if there's a Depends,
        # the dependency will be called and its return value used instead of the special injection
        if depends is None and lenient_issubclass(
            type_annotation,
            (
                Request,
                WebSocket,
                HTTPConnection,
                Response,
                StarletteBackgroundTasks,
                SecurityScopes,
            ),
        ):
            assert field_info is None, (
                f"Cannot specify FastAPI annotation for type {type_annotation!r}"
            )
        # Handle default assignations, neither field_info nor depends was not found in Annotated nor default value
        elif field_info is None and depends is None:
            default_value = value if value is not inspect.Signature.empty else RequiredParam
            if is_path_param:
                # We might check here that `default_value is RequiredParam`, but the fact is that the same
                # parameter might sometimes be a path parameter and sometimes not. See
                # `tests/test_infer_param_optionality.py` for an example.
                field_info = params.Path(annotation=use_annotation)
            elif is_uploadfile_or_nonable_uploadfile_annotation(
                type_annotation
            ) or is_uploadfile_sequence_annotation(type_annotation):
                field_info = params.File(annotation=use_annotation, default=default_value)
            elif not field_annotation_is_scalar(annotation=type_annotation):
                field_info = params.Body(annotation=use_annotation, default=default_value)
            else:
                field_info = params.Query(annotation=use_annotation, default=default_value)
    
        field = None
        # It's a field_info, not a dependency
        if field_info is not None:
            # Handle field_info.in_
            if is_path_param:
                assert isinstance(field_info, params.Path), (
                    f"Cannot use `{field_info.__class__.__name__}` for path param"
                    f" {param_name!r}"
                )
            elif (
                isinstance(field_info, params.Param)
                and getattr(field_info, "in_", None) is None
            ):
                field_info.in_ = params.ParamTypes.query
            use_annotation_from_field_info = use_annotation
            if isinstance(field_info, params.Form):
>               ensure_multipart_is_installed()

C:\Users\lenovo\AppData\Roaming\Python\Python313\site-packages\fastapi\dependencies\utils.py:502: 
_ _ _ _ _ _ _ _ _ _ _ _ _ _ _ _ _ _ _ _ _ _ _ _ _ _ _ _ _ _ _ _ _ _ _ _ _ _ _ _

    def ensure_multipart_is_installed() -> None:
        try:
            from python_multipart import __version__
    
            # Import an attribute that can be mocked/deleted in testing
            assert __version__ > "0.0.12"
        except (ImportError, AssertionError):
            try:
                # __version__ is available in both multiparts, and can be mocked
                from multipart import __version__  # type: ignore[no-redef,import-untyped]
    
                assert __version__
                try:
                    # parse_options_header is only available in the right multipart
                    from multipart.multipart import (  # type: ignore[import-untyped]
                        parse_options_header,
                    )
    
                    assert parse_options_header
                except ImportError:
                    logger.error(multipart_incorrect_install_error)
                    raise RuntimeError(multipart_incorrect_install_error) from None
            except ImportError:
                logger.error(multipart_not_installed_error)
>               raise RuntimeError(multipart_not_installed_error) from None
E               RuntimeError: Form data requires "python-multipart" to be installed. 
E               You can install "python-multipart" with: 
E               
E               pip install python-multipart

C:\Users\lenovo\AppData\Roaming\Python\Python313\site-packages\fastapi\dependencies\utils.py:108: RuntimeError
----------------------------- Captured log setup ------------------------------
ERROR    fastapi:utils.py:107 Form data requires "python-multipart" to be installed. 
You can install "python-multipart" with: 

pip install python-multipart
================================== FAILURES ===================================
________________ TestFoodParser.test_parses_two_eggs_and_rice _________________

self = <tests.test_nodes.TestFoodParser object at 0x000002468389DA90>
monkeypatch = <_pytest.monkeypatch.MonkeyPatch object at 0x00000246838CDF30>

    def test_parses_two_eggs_and_rice(self, monkeypatch):
        """food_parser should extract at least 2 food items for '2 eggs and rice'."""
        from agents.nodes import food_parser as fp_module
    
        # Mock ChatGroq response
        mock_response = MagicMock()
        mock_response.content = '{"foods": ["egg", "rice"], "quantities": [100.0, 200.0]}'
    
        mock_llm = MagicMock()
        mock_llm.invoke.return_value = mock_response
    
        mock_chat_groq_cls = MagicMock(return_value=mock_llm)
    
        with patch.dict("sys.modules", {"langchain_groq": MagicMock(ChatGroq=mock_chat_groq_cls)}):
            with patch("langchain_core.messages.HumanMessage", MagicMock()):
                with patch("langchain_core.messages.SystemMessage", MagicMock()):
                    # Re-import with mock
                    import importlib
>                   importlib.reload(fp_module)

tests\test_nodes.py:98: 
_ _ _ _ _ _ _ _ _ _ _ _ _ _ _ _ _ _ _ _ _ _ _ _ _ _ _ _ _ _ _ _ _ _ _ _ _ _ _ _

module = <function food_parser at 0x0000024683D647C0>

    def reload(module):
        """Reload the module and return it.
    
        The module must have been successfully imported before.
    
        """
        try:
            name = module.__spec__.name
        except AttributeError:
            try:
                name = module.__name__
            except AttributeError:
                raise TypeError("reload() argument must be a module") from None
    
        if sys.modules.get(name) is not module:
>           raise ImportError(f"module {name} not in sys.modules", name=name)
E           ImportError: module food_parser not in sys.modules

C:\Python313\Lib\importlib\__init__.py:109: ImportError
_____________ TestFoodParser.test_quantities_same_length_as_foods _____________

self = <tests.test_nodes.TestFoodParser object at 0x000002468389DD10>
monkeypatch = <_pytest.monkeypatch.MonkeyPatch object at 0x000002469A084D60>

    def test_quantities_same_length_as_foods(self, monkeypatch):
        """detected_quantities must always have the same length as detected_foods."""
        from agents.nodes import food_parser as fp_module
    
        mock_response = MagicMock()
        mock_response.content = '{"foods": ["dal", "roti", "sabzi"], "quantities": [150.0, 80.0, 100.0]}'
    
        mock_llm = MagicMock()
        mock_llm.invoke.return_value = mock_response
        mock_chat_groq_cls = MagicMock(return_value=mock_llm)
    
        with patch.dict("sys.modules", {"langchain_groq": MagicMock(ChatGroq=mock_chat_groq_cls)}):
            with patch("langchain_core.messages.HumanMessage", MagicMock()):
                with patch("langchain_core.messages.SystemMessage", MagicMock()):
                    import importlib
>                   importlib.reload(fp_module)

tests\test_nodes.py:123: 
_ _ _ _ _ _ _ _ _ _ _ _ _ _ _ _ _ _ _ _ _ _ _ _ _ _ _ _ _ _ _ _ _ _ _ _ _ _ _ _

module = <function food_parser at 0x0000024683D647C0>

    def reload(module):
        """Reload the module and return it.
    
        The module must have been successfully imported before.
    
        """
        try:
            name = module.__spec__.name
        except AttributeError:
            try:
                name = module.__name__
            except AttributeError:
                raise TypeError("reload() argument must be a module") from None
    
        if sys.modules.get(name) is not module:
>           raise ImportError(f"module {name} not in sys.modules", name=name)
E           ImportError: module food_parser not in sys.modules

C:\Python313\Lib\importlib\__init__.py:109: ImportError
___________ TestFoodParser.test_confidence_scores_all_one_for_text ____________

self = <tests.test_nodes.TestFoodParser object at 0x00000246838CE650>
monkeypatch = <_pytest.monkeypatch.MonkeyPatch object at 0x000002469A11F650>

    def test_confidence_scores_all_one_for_text(self, monkeypatch):
        """Text-derived foods should always get confidence_scores of 1.0."""
        from agents.nodes import food_parser as fp_module
    
        mock_response = MagicMock()
        mock_response.content = '{"foods": ["banana"], "quantities": [120.0]}'
    
        mock_llm = MagicMock()
        mock_llm.invoke.return_value = mock_response
        mock_chat_groq_cls = MagicMock(return_value=mock_llm)
    
        with patch.dict("sys.modules", {"langchain_groq": MagicMock(ChatGroq=mock_chat_groq_cls)}):
            with patch("langchain_core.messages.HumanMessage", MagicMock()):
                with patch("langchain_core.messages.SystemMessage", MagicMock()):
                    import importlib
>                   importlib.reload(fp_module)

tests\test_nodes.py:155: 
_ _ _ _ _ _ _ _ _ _ _ _ _ _ _ _ _ _ _ _ _ _ _ _ _ _ _ _ _ _ _ _ _ _ _ _ _ _ _ _

module = <function food_parser at 0x0000024683D647C0>

    def reload(module):
        """Reload the module and return it.
    
        The module must have been successfully imported before.
    
        """
        try:
            name = module.__spec__.name
        except AttributeError:
            try:
                name = module.__name__
            except AttributeError:
                raise TypeError("reload() argument must be a module") from None
    
        if sys.modules.get(name) is not module:
>           raise ImportError(f"module {name} not in sys.modules", name=name)
E           ImportError: module food_parser not in sys.modules

C:\Python313\Lib\importlib\__init__.py:109: ImportError
______________ TestNutritionLookup.test_fallback_when_all_zeros _______________

self = <tests.test_nodes.TestNutritionLookup object at 0x00000246838CE780>
monkeypatch = <_pytest.monkeypatch.MonkeyPatch object at 0x000002469A045A50>

    def test_fallback_when_all_zeros(self, monkeypatch):
        """Should fall back to hardcoded values when all results have zero nutrients."""
        monkeypatch.setenv("USDA_API_KEY", "test-key")
    
        # Return a response with zero nutrition for every result
        mock_resp = MagicMock()
        mock_resp.raise_for_status = MagicMock()
        mock_resp.json.return_value = {
            "foods": [
                {
                    "fdcId": 99999,
                    "description": "Mystery Brand Candy",
                    "dataType": "Branded",
                    "foodNutrients": [
                        {"nutrientId": 1008, "value": 0.0},
                        {"nutrientId": 1003, "value": 0.0},
                        {"nutrientId": 1005, "value": 0.0},
                        {"nutrientId": 1004, "value": 0.0},
                    ],
                }
            ]
        }
    
        with patch("httpx.get", return_value=mock_resp):
            from agents.nodes import nutrition_lookup as nl_module
            import importlib
>           importlib.reload(nl_module)

tests\test_nodes.py:255: 
_ _ _ _ _ _ _ _ _ _ _ _ _ _ _ _ _ _ _ _ _ _ _ _ _ _ _ _ _ _ _ _ _ _ _ _ _ _ _ _

module = <function nutrition_lookup at 0x000002469A07F600>

    def reload(module):
        """Reload the module and return it.
    
        The module must have been successfully imported before.
    
        """
        try:
            name = module.__spec__.name
        except AttributeError:
            try:
                name = module.__name__
            except AttributeError:
                raise TypeError("reload() argument must be a module") from None
    
        if sys.modules.get(name) is not module:
>           raise ImportError(f"module {name} not in sys.modules", name=name)
E           ImportError: module nutrition_lookup not in sys.modules

C:\Python313\Lib\importlib\__init__.py:109: ImportError
____________ TestRecommender.test_returns_non_empty_recommendation ____________

self = <tests.test_nodes.TestRecommender object at 0x000002468389E210>
sample_state = {'calories_burned': 0.0, 'confidence_scores': [1.0, 1.0], 'daily_goal': {'calorie_goal': 2000.0, 'carb_goal': 250.0, '...': 192.0, 'fat': 62.0, 'protein': 62.0}, 'recommendation': 'Try adding dal and roti for a balanced dinner.', ...}, ...}
monkeypatch = <_pytest.monkeypatch.MonkeyPatch object at 0x000002469A1B6CF0>

    def test_returns_non_empty_recommendation(self, sample_state, monkeypatch):
        """recommender should populate state['recommendation'] with a non-empty string."""
        mock_response = MagicMock()
        mock_response.content = (
            "Hey! You still need around 1650 kcal today. "
            "Try some dal tadka with 3 rotis ù it'll give you protein and carbs. "
            "A glass of lassi adds calcium and fat. "
            "Finish with a banana for quick energy. You got this!"
        )
        mock_llm = MagicMock()
        mock_llm.invoke.return_value = mock_response
        mock_chat_groq_cls = MagicMock(return_value=mock_llm)
    
        with patch.dict("sys.modules", {"langchain_groq": MagicMock(ChatGroq=mock_chat_groq_cls)}):
            with patch("langchain_core.messages.HumanMessage", MagicMock()):
                with patch("langchain_core.messages.SystemMessage", MagicMock()):
                    from agents.nodes import recommender as rec_module
                    import importlib
>                   importlib.reload(rec_module)

tests\test_nodes.py:413: 
_ _ _ _ _ _ _ _ _ _ _ _ _ _ _ _ _ _ _ _ _ _ _ _ _ _ _ _ _ _ _ _ _ _ _ _ _ _ _ _

module = <function recommender at 0x0000024683D642C0>

    def reload(module):
        """Reload the module and return it.
    
        The module must have been successfully imported before.
    
        """
        try:
            name = module.__spec__.name
        except AttributeError:
            try:
                name = module.__name__
            except AttributeError:
                raise TypeError("reload() argument must be a module") from None
    
        if sys.modules.get(name) is not module:
>           raise ImportError(f"module {name} not in sys.modules", name=name)
E           ImportError: module recommender not in sys.modules

C:\Python313\Lib\importlib\__init__.py:109: ImportError
________________ TestRecommender.test_dashboard_data_populated ________________

self = <tests.test_nodes.TestRecommender object at 0x000002468389E350>
sample_state = {'calories_burned': 0.0, 'confidence_scores': [1.0, 1.0], 'daily_goal': {'calorie_goal': 2000.0, 'carb_goal': 250.0, '...': 192.0, 'fat': 62.0, 'protein': 62.0}, 'recommendation': 'Try adding dal and roti for a balanced dinner.', ...}, ...}
monkeypatch = <_pytest.monkeypatch.MonkeyPatch object at 0x000002469A08A4E0>

    def test_dashboard_data_populated(self, sample_state, monkeypatch):
        """recommender should assemble state['dashboard_data'] with all keys."""
        mock_response = MagicMock()
        mock_response.content = "Eat more dal and rice!"
        mock_llm = MagicMock()
        mock_llm.invoke.return_value = mock_response
        mock_chat_groq_cls = MagicMock(return_value=mock_llm)
    
        with patch.dict("sys.modules", {"langchain_groq": MagicMock(ChatGroq=mock_chat_groq_cls)}):
            with patch("langchain_core.messages.HumanMessage", MagicMock()):
                with patch("langchain_core.messages.SystemMessage", MagicMock()):
                    from agents.nodes import recommender as rec_module
                    import importlib
>                   importlib.reload(rec_module)

tests\test_nodes.py:436: 
_ _ _ _ _ _ _ _ _ _ _ _ _ _ _ _ _ _ _ _ _ _ _ _ _ _ _ _ _ _ _ _ _ _ _ _ _ _ _ _

module = <function recommender at 0x0000024683D642C0>

    def reload(module):
        """Reload the module and return it.
    
        The module must have been successfully imported before.
    
        """
        try:
            name = module.__spec__.name
        except AttributeError:
            try:
                name = module.__name__
            except AttributeError:
                raise TypeError("reload() argument must be a module") from None
    
        if sys.modules.get(name) is not module:
>           raise ImportError(f"module {name} not in sys.modules", name=name)
E           ImportError: module recommender not in sys.modules

C:\Python313\Lib\importlib\__init__.py:109: ImportError
_______________ TestRecommender.test_llm_error_sets_state_error _______________

self = <tests.test_nodes.TestRecommender object at 0x00000246838CE9E0>
sample_state = {'calories_burned': 0.0, 'confidence_scores': [1.0, 1.0], 'daily_goal': {'calorie_goal': 2000.0, 'carb_goal': 250.0, '...': 192.0, 'fat': 62.0, 'protein': 62.0}, 'recommendation': 'Try adding dal and roti for a balanced dinner.', ...}, ...}

    def test_llm_error_sets_state_error(self, sample_state):
        """recommender should set state['error'] when LLM call fails."""
        mock_llm = MagicMock()
        mock_llm.invoke.side_effect = Exception("Groq API quota exceeded")
        mock_chat_groq_cls = MagicMock(return_value=mock_llm)
    
        with patch.dict("sys.modules", {"langchain_groq": MagicMock(ChatGroq=mock_chat_groq_cls)}):
            with patch("langchain_core.messages.HumanMessage", MagicMock()):
                with patch("langchain_core.messages.SystemMessage", MagicMock()):
                    from agents.nodes import recommender as rec_module
                    import importlib
>                   importlib.reload(rec_module)

tests\test_nodes.py:458: 
_ _ _ _ _ _ _ _ _ _ _ _ _ _ _ _ _ _ _ _ _ _ _ _ _ _ _ _ _ _ _ _ _ _ _ _ _ _ _ _

module = <function recommender at 0x0000024683D642C0>

    def reload(module):
        """Reload the module and return it.
    
        The module must have been successfully imported before.
    
        """
        try:
            name = module.__spec__.name
        except AttributeError:
            try:
                name = module.__name__
            except AttributeError:
                raise TypeError("reload() argument must be a module") from None
    
        if sys.modules.get(name) is not module:
>           raise ImportError(f"module {name} not in sys.modules", name=name)
E           ImportError: module recommender not in sys.modules

C:\Python313\Lib\importlib\__init__.py:109: ImportError
______________ TestSttNode.test_dict_result_extracted_correctly _______________

self = <tests.test_nodes.TestSttNode object at 0x00000246838CEB10>
tmp_path = WindowsPath('C:/Users/lenovo/AppData/Local/Temp/pytest-of-lenovo/pytest-2/test_dict_result_extracted_cor0')

    def test_dict_result_extracted_correctly(self, tmp_path):
        """stt_node should handle dict result from HF pipeline."""
        # Create a dummy audio file so path check passes
        audio_file = tmp_path / "test_audio.wav"
        audio_file.write_bytes(b"\x00" * 100)
    
        mock_pipeline_instance = MagicMock()
        mock_pipeline_instance.return_value = {"text": "I ate 2 eggs and toast"}
    
        mock_hf_pipeline = MagicMock(return_value=mock_pipeline_instance)
    
        with patch.dict("sys.modules", {
            "transformers": MagicMock(pipeline=mock_hf_pipeline)
        }):
            from agents.nodes import stt_node as stt_module
            import importlib
>           importlib.reload(stt_module)

tests\test_nodes.py:511: 
_ _ _ _ _ _ _ _ _ _ _ _ _ _ _ _ _ _ _ _ _ _ _ _ _ _ _ _ _ _ _ _ _ _ _ _ _ _ _ _

module = <function stt_node at 0x0000024683D64360>

    def reload(module):
        """Reload the module and return it.
    
        The module must have been successfully imported before.
    
        """
        try:
            name = module.__spec__.name
        except AttributeError:
            try:
                name = module.__name__
            except AttributeError:
                raise TypeError("reload() argument must be a module") from None
    
        if sys.modules.get(name) is not module:
>           raise ImportError(f"module {name} not in sys.modules", name=name)
E           ImportError: module stt_node not in sys.modules

C:\Python313\Lib\importlib\__init__.py:109: ImportError
________________ TestSttNode.test_list_result_joined_correctly ________________

self = <tests.test_nodes.TestSttNode object at 0x00000246838CEC40>
tmp_path = WindowsPath('C:/Users/lenovo/AppData/Local/Temp/pytest-of-lenovo/pytest-2/test_list_result_joined_correc0')

    def test_list_result_joined_correctly(self, tmp_path):
        """stt_node should handle list-of-segment-dicts from HF pipeline."""
        audio_file = tmp_path / "test_audio2.wav"
        audio_file.write_bytes(b"\x00" * 100)
    
        mock_pipeline_instance = MagicMock()
        mock_pipeline_instance.return_value = [
            {"text": "I had"},
            {"text": "dal rice"},
        ]
    
        mock_hf_pipeline = MagicMock(return_value=mock_pipeline_instance)
    
        with patch.dict("sys.modules", {
            "transformers": MagicMock(pipeline=mock_hf_pipeline)
        }):
            from agents.nodes import stt_node as stt_module
            import importlib
>           importlib.reload(stt_module)

tests\test_nodes.py:541: 
_ _ _ _ _ _ _ _ _ _ _ _ _ _ _ _ _ _ _ _ _ _ _ _ _ _ _ _ _ _ _ _ _ _ _ _ _ _ _ _

module = <function stt_node at 0x0000024683D64360>

    def reload(module):
        """Reload the module and return it.
    
        The module must have been successfully imported before.
    
        """
        try:
            name = module.__spec__.name
        except AttributeError:
            try:
                name = module.__name__
            except AttributeError:
                raise TypeError("reload() argument must be a module") from None
    
        if sys.modules.get(name) is not module:
>           raise ImportError(f"module {name} not in sys.modules", name=name)
E           ImportError: module stt_node not in sys.modules

C:\Python313\Lib\importlib\__init__.py:109: ImportError
______ TestImageDetector.test_model_unavailable_returns_unknown_fallback ______

self = <tests.test_nodes.TestImageDetector object at 0x00000246838CED70>
tmp_path = WindowsPath('C:/Users/lenovo/AppData/Local/Temp/pytest-of-lenovo/pytest-2/test_model_unavailable_returns0')

    def test_model_unavailable_returns_unknown_fallback(self, tmp_path):
        """When model is None, image_detector should return 'unknown' gracefully."""
        import numpy as np
    
        # Create a dummy image file
        image_file = tmp_path / "test_food.jpg"
        try:
            from PIL import Image as PILImage
            img = PILImage.fromarray((np.random.rand(224, 224, 3) * 255).astype("uint8"))
            img.save(str(image_file))
        except Exception:
            # If PIL not installed, write raw bytes
            image_file.write_bytes(b"\xff\xd8\xff" + b"\x00" * 100)
    
        from agents.nodes import image_detector as id_module
        import importlib
    
        # Force model to None
        id_module._keras_model = None
        id_module._model_load_attempted = True
    
>       importlib.reload(id_module)

tests\test_nodes.py:600: 
_ _ _ _ _ _ _ _ _ _ _ _ _ _ _ _ _ _ _ _ _ _ _ _ _ _ _ _ _ _ _ _ _ _ _ _ _ _ _ _

module = <function image_detector at 0x0000024683D64CC0>

    def reload(module):
        """Reload the module and return it.
    
        The module must have been successfully imported before.
    
        """
        try:
            name = module.__spec__.name
        except AttributeError:
            try:
                name = module.__name__
            except AttributeError:
                raise TypeError("reload() argument must be a module") from None
    
        if sys.modules.get(name) is not module:
>           raise ImportError(f"module {name} not in sys.modules", name=name)
E           ImportError: module image_detector not in sys.modules

C:\Python313\Lib\importlib\__init__.py:109: ImportError
=========================== short test summary info ===========================
FAILED tests\test_nodes.py::TestFoodParser::test_parses_two_eggs_and_rice - I...
FAILED tests\test_nodes.py::TestFoodParser::test_quantities_same_length_as_foods
FAILED tests\test_nodes.py::TestFoodParser::test_confidence_scores_all_one_for_text
FAILED tests\test_nodes.py::TestNutritionLookup::test_fallback_when_all_zeros
FAILED tests\test_nodes.py::TestRecommender::test_returns_non_empty_recommendation
FAILED tests\test_nodes.py::TestRecommender::test_dashboard_data_populated - ...
FAILED tests\test_nodes.py::TestRecommender::test_llm_error_sets_state_error
FAILED tests\test_nodes.py::TestSttNode::test_dict_result_extracted_correctly
FAILED tests\test_nodes.py::TestSttNode::test_list_result_joined_correctly - ...
FAILED tests\test_nodes.py::TestImageDetector::test_model_unavailable_returns_unknown_fallback
ERROR tests\test_routes.py::TestLogMeal::test_log_meal_text_returns_200 - Run...
ERROR tests\test_routes.py::TestLogMeal::test_log_meal_nutrition_structure - ...
ERROR tests\test_routes.py::TestLogMeal::test_log_meal_missing_user_id_fails
ERROR tests\test_routes.py::TestLogExercise::test_running_30_minutes_returns_positive_calories
ERROR tests\test_routes.py::TestLogExercise::test_walking_returns_less_than_running
ERROR tests\test_routes.py::TestLogExercise::test_unknown_exercise_returns_400
ERROR tests\test_routes.py::TestLogExercise::test_yoga_returns_200 - RuntimeE...
ERROR tests\test_routes.py::TestCalculateGoals::test_valid_inputs_return_200
ERROR tests\test_routes.py::TestCalculateGoals::test_calorie_goal_greater_than_1000
ERROR tests\test_routes.py::TestCalculateGoals::test_response_has_all_macro_keys
ERROR tests\test_routes.py::TestCalculateGoals::test_missing_required_field_returns_422
ERROR tests\test_routes.py::TestLeaderboard::test_leaderboard_returns_200 - R...
ERROR tests\test_routes.py::TestLeaderboard::test_leaderboard_returns_list - ...
ERROR tests\test_routes.py::TestLeaderboard::test_leaderboard_entries_have_required_fields
ERROR tests\test_routes.py::TestLeaderboard::test_leaderboard_sorted_descending
ERROR tests\test_routes.py::TestDailySummary::test_returns_200_with_valid_user
ERROR tests\test_routes.py::TestDailySummary::test_response_has_date_and_log_keys
ERROR tests\test_routes.py::TestDailySummary::test_missing_user_id_returns_422
ERROR tests\test_routes.py::TestSuggestions::test_returns_200_with_valid_user
ERROR tests\test_routes.py::TestSuggestions::test_response_has_expected_keys
ERROR tests\test_routes.py::TestSuggestions::test_missing_user_id_returns_422
================== 10 failed, 17 passed, 21 errors in 10.28s ==================
